<html>
<body>
<pre>
<h1>礦ision Build Log</h1>
<h2>Tool Versions:</h2>
IDE-Version: μVision V5.38.0.0
Copyright (C) 2022 ARM Ltd and ARM Germany GmbH. All rights reserved.
License Information: 1 sangjian, 1, LIC=EXJT4-FG152-UH18H-WTNZH-TR57V-EUX1Y
 
Tool Versions:
Toolchain:       MDK-ARM Plus  Version: 5.14.0.0
Toolchain Path:  C:\Keil_v5\ARM\ARMCC\Bin
C Compiler:      Armcc.exe V5.05 update 1 (build 106)
Assembler:       Armasm.exe V5.05 update 1 (build 106)
Linker/Locator:  ArmLink.exe V5.05 update 1 (build 106)
Library Manager: ArmAr.exe V5.05 update 1 (build 106)
Hex Converter:   FromElf.exe V5.05 update 1 (build 106)
CPU DLL:         SARMCM3.DLL V5.14.0.0
Dialog DLL:      DCM.DLL V1.13.1.0
Target DLL:      Segger\JL2CM3.dll V2.99.13.0
Dialog DLL:      TCM.DLL V1.14.4.0
 
<h2>Project:</h2>
F:\上海科安迅光电\智能电表\软件代码\单相4P带屏\4G\20260118\N32G457REL7\MDK-ARM\bmHttpServer.uvprojx
Project File Date:  01/01/2026

<h2>Output:</h2>
*** Using Compiler 'V5.05 update 1 (build 106)', folder: 'C:\Keil_v5\ARM\ARMCC\Bin'
Rebuild target 'N32G45x'
assembling startup_n32g45x.s...
compiling n32g45x_bkp.c...
compiling misc.c...
compiling system_n32g45x.c...
compiling n32g45x_pwr.c...
compiling n32g45x_flash.c...
compiling n32g45x_rcc.c...
compiling n32g45x_adc.c...
compiling n32g45x_gpio.c...
compiling n32g45x_usart.c...
compiling n32g45x_rtc.c...
compiling n32g45x_tim.c...
compiling n32g45x_exti.c...
compiling log.c...
compiling main.c...
compiling n32g45x_it.c...
compiling V_Timer.c...
compiling RTC.c...
compiling usart.c...
compiling typechange.c...
compiling bsp.c...
compiling TFT.c...
compiling delay.c...
compiling Relay.c...
compiling BL0942.c...
compiling Key.c...
compiling RS485.c...
compiling MQTT.c...
..\USR\MQTT.c(45): warning:  #177-D: variable "send1" was declared but never referenced
      char send1[50];
..\USR\MQTT.c(46): warning:  #177-D: variable "send2" was declared but never referenced
      char send2[100];
..\USR\MQTT.c: 2 warnings, 0 errors
compiling CircularQueue.c...
compiling protection.c...
compiling EPROM.c...
compiling LCD_Display.c...
compiling Modbus.c...
compiling Nbiot.c...
..\USR\Nbiot.c(643): warning:  #167-D: argument of type "u8 *" is incompatible with parameter of type "char *restrict"
          sprintf(stringlen, "%d.%d.%d.%d\",", 49, 234, 184, 198);
..\USR\Nbiot.c(644): warning:  #167-D: argument of type "u8 *" is incompatible with parameter of type "const char *"
          Uart4Send(stringlen, strlen(stringlen));
..\USR\Nbiot.c(645): warning:  #167-D: argument of type "u8 *" is incompatible with parameter of type "char *restrict"
          sprintf(stringlen, "%d", 11080);
..\USR\Nbiot.c(646): warning:  #167-D: argument of type "u8 *" is incompatible with parameter of type "const char *"
          Uart4Send(stringlen, strlen(stringlen));
..\USR\Nbiot.c(674): warning:  #167-D: argument of type "u8 *" is incompatible with parameter of type "char *restrict"
          sprintf(stringlen, "%s", g_Equipment_number);
..\USR\Nbiot.c(675): warning:  #167-D: argument of type "u8 *" is incompatible with parameter of type "const char *"
          Uart4Send(stringlen, strlen(stringlen));
..\USR\Nbiot.c(701): warning:  #167-D: argument of type "u8 *" is incompatible with parameter of type "char *restrict"
          sprintf(stringlen, "%s", g_Equipment_number);
..\USR\Nbiot.c(702): warning:  #167-D: argument of type "u8 *" is incompatible with parameter of type "const char *"
          Uart4Send(stringlen, strlen(stringlen));
..\USR\Nbiot.c(891): warning:  #167-D: argument of type "char *" is incompatible with parameter of type "u8 *"
          Uart4Send(stringlen, strlen(stringlen));
..\USR\Nbiot.c(1047): warning:  #1-D: last line of file ends without a newline
  }
..\USR\Nbiot.c: 10 warnings, 0 errors
linking...
Program Size: Code=36962 RO-data=11102 RW-data=740 ZI-data=26220  
FromELF: creating hex file...
After Build - User command #1: fromelf --bin --output=.\bin\bmHttpServer.bin .\Objects\bmHttpServer.axf
".\Objects\bmHttpServer.axf" - 0 Error(s), 12 Warning(s).

<h2>Software Packages used:</h2>

Package Vendor: Nationstech
                http://www.keil.com/pack/Nationstech.N32G45x_DFP.1.0.1.pack
                Nationstech.N32G45x_DFP.1.0.1
                Nationstech N32G45x Series Device Support, Drivers and Examples

<h2>Collection of Component include folders:</h2>
  C:/Keil_v5/ARM/Pack/Nationstech/N32G45x_DFP/1.0.1/firmware/CMSIS/device

<h2>Collection of Component Files used:</h2>
Build Time Elapsed:  00:00:06
</pre>
</body>
</html>
