<html>
<body>
<pre>
<h1>礦ision Build Log</h1>
<h2>Tool Versions:</h2>
IDE-Version: μVision V5.14.0.0
Copyright (C) 2015 ARM Ltd and ARM Germany GmbH. All rights reserved.
License Information: 1 sangjian, 1, LIC=LJWP0-B89I9-RFAIZ-JP95E-UCXLN-DTJA4
 
Tool Versions:
Toolchain:       MDK-ARM Professional  Version: 5.14.0.0
Toolchain Path:  C:\Keil_v5\ARM\ARMCC\Bin
C Compiler:      Armcc.exe V5.05 update 1 (build 106)
Assembler:       Armasm.exe V5.05 update 1 (build 106)
Linker/Locator:  ArmLink.exe V5.05 update 1 (build 106)
Library Manager: ArmAr.exe V5.05 update 1 (build 106)
Hex Converter:   FromElf.exe V5.05 update 1 (build 106)
CPU DLL:         SARMCM3.DLL V5.14.0.0
Dialog DLL:      DARMCM1.DLL V1.12.0.0
Target DLL:      Segger\JL2CM3.dll V2.99.15.0
Dialog DLL:      TARMCM1.DLL V1.9.0.0
 
<h2>Project:</h2>
F:\DIY\单相电表\代码\不带屏幕\N32WB03x_SDK_V1.3.3\projects\n32wb03x_EVAL\peripheral\USART\Printf\MDK-ARM\Printf.uvprojx
Project File Date:  03/14/2024

<h2>Output:</h2>
Build target 'N32WB03X'
compiling main.c...
linking...
Program Size: Code=11520 RO-data=936 RW-data=8 ZI-data=2120  
FromELF: creating hex file...
After Build - User command #1: fromelf --bin --output=.\bin\Printf.bin .\Objects\Printf.axf
".\Objects\Printf.axf" - 0 Error(s), 0 Warning(s).

<h2>Collection of Component include folders:</h2>
  F:\DIY\单相电表\代码\不带屏幕\N32WB03x_SDK_V1.3.3\projects\n32wb03x_EVAL\peripheral\USART\Printf\MDK-ARM\RTE
  C:\Keil_v5\ARM\PACK\Nationstech\N32WB03X_DFP\1.1.0

<h2>Collection of Component Files used:</h2>
</pre>
</body>
</html>
