*** Using Compiler 'V5.05 update 1 (build 106)', folder: 'C:\Keil_v5\ARM\ARMCC\Bin'
Rebuild target 'N32G45x'
assembling startup_n32g45x.s...
compiling misc.c...
compiling n32g45x_bkp.c...
compiling system_n32g45x.c...
compiling n32g45x_rcc.c...
compiling n32g45x_usart.c...
compiling n32g45x_rtc.c...
compiling n32g45x_pwr.c...
compiling n32g45x_flash.c...
compiling n32g45x_gpio.c...
compiling n32g45x_adc.c...
compiling n32g45x_tim.c...
compiling n32g45x_exti.c...
compiling main.c...
compiling log.c...
compiling bsp.c...
compiling n32g45x_it.c...
compiling V_Timer.c...
compiling typechange.c...
compiling RTC.c...
compiling usart.c...
compiling TFT.c...
compiling delay.c...
compiling RS485.c...
compiling MQTT.c...
compiling Relay.c...
compiling protection.c...
compiling CircularQueue.c...
compiling Key.c...
compiling BL0942.c...
compiling Nbiot.c...
compiling EPROM.c...
compiling Modbus.c...
compiling LCD_Display.c...
linking...
Program Size: Code=37094 RO-data=11102 RW-data=740 ZI-data=26212  
FromELF: creating hex file...
After Build - User command #1: fromelf --bin --output=.\bin\bmHttpServer.bin .\Objects\bmHttpServer.axf
".\Objects\bmHttpServer.axf" - 0 Error(s), 0 Warning(s).
Build Time Elapsed:  00:00:11
