<html>
<body>
<pre>
<h1>礦ision Build Log</h1>
<h2>Tool Versions:</h2>
IDE-Version: μVision V5.38.0.0
Copyright (C) 2022 ARM Ltd and ARM Germany GmbH. All rights reserved.
License Information: 1 sangjian, 1, LIC=EXJT4-FG152-UH18H-WTNZH-TR57V-EUX1Y
 
Tool Versions:
Toolchain:       MDK-ARM Plus  Version: 5.14.0.0
Toolchain Path:  C:\Keil_v5\ARM\ARMCC\Bin
C Compiler:      Armcc.exe V5.05 update 1 (build 106)
Assembler:       Armasm.exe V5.05 update 1 (build 106)
Linker/Locator:  ArmLink.exe V5.05 update 1 (build 106)
Library Manager: ArmAr.exe V5.05 update 1 (build 106)
Hex Converter:   FromElf.exe V5.05 update 1 (build 106)
CPU DLL:         SARMCM3.DLL V5.14.0.0
Dialog DLL:      DARMCM1.DLL V1.12.0.0
Target DLL:      Segger\JL2CM3.dll V2.99.13.0
Dialog DLL:      TARMCM1.DLL V1.9.0.0
 
<h2>Project:</h2>
F:\上海科安迅光电\智能电表\软件代码\单相2P带屏幕\20251117\N32WB03\N32WB03x_SDK_V1.3.3\projects\n32wb03x_EVAL\peripheral\GPIO\LedBlink\MDK-ARM\LedBlink.uvprojx
Project File Date:  11/14/2025

<h2>Output:</h2>
*** Using Compiler 'V5.05 update 1 (build 106)', folder: 'C:\Keil_v5\ARM\ARMCC\Bin'
Rebuild target 'N32WB03X'
assembling startup_n32wb03x.s...
compiling n32wb03x_rcc.c...
compiling n32wb03x_exti.c...
compiling n32wb03x_lpuart.c...
compiling n32wb03x_gpio.c...
compiling n32wb03x_usart.c...
compiling misc.c...
compiling system_n32wb03x.c...
compiling n32wb03x_qflash.c...
compiling n32wb03x_it.c...
compiling n32wb03x_rtc.c...
compiling n32wb03x_tim.c...
compiling main.c...
compiling TImer.c...
compiling BSP.c...
compiling Usart.c...
compiling V_Timer.c...
compiling CircularQueue.c...
compiling BL0942.c...
compiling Relay.c...
compiling typechange.c...
compiling Nbiot.c...
compiling Modbus.c...
compiling RTC.c...
compiling MQTT.c...
compiling Display.c...
compiling Flash.c...
compiling protection.c...
compiling oled.c...
linking...
Program Size: Code=31224 RO-data=2728 RW-data=3192 ZI-data=16656  
FromELF: creating hex file...
After Build - User command #1: fromelf --bin --output=.\bin\LedBlink.bin .\Objects\LedBlink.axf
".\Objects\LedBlink.axf" - 0 Error(s), 0 Warning(s).

<h2>Software Packages used:</h2>

Package Vendor: Nationstech
                http://www.keil.com/pack/Nationstech.N32WB03X_DFP.1.1.0.pack
                Nationstech.N32WB03X_DFP.1.1.0
                Nationstech N32WB03x Series Device Support, Drivers and Examples

<h2>Collection of Component include folders:</h2>
  C:/Keil_v5/ARM/Pack/Nationstech/N32WB03X_DFP/1.1.0/firmware/CMSIS/device

<h2>Collection of Component Files used:</h2>
Build Time Elapsed:  00:00:02
</pre>
</body>
</html>
