<html>
<body>
<pre>
<h1>礦ision Build Log</h1>
<h2>Tool Versions:</h2>
IDE-Version: μVision V5.14.0.0
Copyright (C) 2015 ARM Ltd and ARM Germany GmbH. All rights reserved.
License Information: 1 sangjian, 1, LIC=LJWP0-B89I9-RFAIZ-JP95E-UCXLN-DTJA4
 
Tool Versions:
Toolchain:       MDK-ARM Professional  Version: 5.14.0.0
Toolchain Path:  C:\Keil_v5\ARM\ARMCC\Bin
C Compiler:      Armcc.exe V5.05 update 1 (build 106)
Assembler:       Armasm.exe V5.05 update 1 (build 106)
Linker/Locator:  ArmLink.exe V5.05 update 1 (build 106)
Library Manager: ArmAr.exe V5.05 update 1 (build 106)
Hex Converter:   FromElf.exe V5.05 update 1 (build 106)
CPU DLL:         SARMCM3.DLL V5.14.0.0
Dialog DLL:      DARMCM1.DLL V1.12.0.0
Target DLL:      CMSIS_AGDI.dll V1.21.0.0
Dialog DLL:      TARMCM1.DLL V1.9.0.0
 
<h2>Project:</h2>
F:\上海科安迅光电\智能电表\软件代码\单相2P不带屏幕\20250516\N32WB03\N32WB03x_SDK_V1.3.3\projects\n32wb03x_EVAL\peripheral\Cortex-M0\SysTick\MDK-ARM\CM0_SysTick_Proj.uvprojx
Project File Date:  03/14/2024

<h2>Output:</h2>
Rebuild target 'N32WB03X'
assembling startup_n32wb03x.s...
compiling system_n32wb03x.c...
compiling misc.c...
compiling n32wb03x_gpio.c...
compiling n32wb03x_rcc.c...
compiling n32wb03x_usart.c...
compiling main.c...
compiling n32wb03x_it.c...
compiling log.c...
linking...
Program Size: Code=6684 RO-data=556 RW-data=16 ZI-data=2104  
FromELF: creating hex file...
After Build - User command #1: fromelf --bin --output=.\bin\CM0_ProcessStack_Proj.bin .\Objects\CM0_ProcessStack_Proj.axf
".\Objects\CM0_ProcessStack_Proj.axf" - 0 Error(s), 0 Warning(s).

<h2>Collection of Component include folders:</h2>
  F:\上海科安迅光电\智能电表\软件代码\单相2P不带屏幕\20250516\N32WB03\N32WB03x_SDK_V1.3.3\projects\n32wb03x_EVAL\peripheral\Cortex-M0\SysTick\MDK-ARM\RTE
  C:\Keil_v5\ARM\PACK\Nationstech\N32WB03X_DFP\1.1.0

<h2>Collection of Component Files used:</h2>
</pre>
</body>
</html>
