*** Using Compiler 'V5.05 update 1 (build 106)', folder: 'C:\Keil_v5\ARM\ARMCC\Bin'
Rebuild target 'N32G45x'
assembling startup_n32g45x.s...
compiling misc.c...
compiling n32g45x_bkp.c...
compiling n32g45x_pwr.c...
compiling system_n32g45x.c...
compiling n32g45x_flash.c...
compiling n32g45x_usart.c...
compiling n32g45x_gpio.c...
compiling n32g45x_rtc.c...
compiling n32g45x_rcc.c...
compiling n32g45x_adc.c...
compiling n32g45x_tim.c...
compiling n32g45x_exti.c...
compiling log.c...
compiling main.c...
compiling n32g45x_it.c...
compiling V_Timer.c...
compiling RTC.c...
compiling typechange.c...
compiling bsp.c...
compiling usart.c...
compiling TFT.c...
compiling delay.c...
compiling CircularQueue.c...
compiling Relay.c...
compiling Modbus.c...
compiling Key.c...
compiling BL0942.c...
compiling MQTT.c...
compiling protection.c...
compiling RS485.c...
compiling EPROM.c...
compiling LCD_Display.c...
compiling Nbiot.c...
linking...
Program Size: Code=37374 RO-data=11102 RW-data=744 ZI-data=26224  
FromELF: creating hex file...
After Build - User command #1: fromelf --bin --output=.\bin\bmHttpServer.bin .\Objects\bmHttpServer.axf
".\Objects\bmHttpServer.axf" - 0 Error(s), 0 Warning(s).
Build Time Elapsed:  00:00:07
