Component: ARM Compiler 5.05 update 1 (build 106) Tool: armlink [4d0efa]

==============================================================================

Section Cross References

    startup_n32wb03x.o(RESET) refers to startup_n32wb03x.o(STACK) for __initial_sp
    startup_n32wb03x.o(RESET) refers to startup_n32wb03x.o(.text) for Reset_Handler
    startup_n32wb03x.o(RESET) refers to n32wb03x_it.o(.text) for NMI_Handler
    startup_n32wb03x.o(.text) refers to system_n32wb03x.o(.text) for SystemInit
    startup_n32wb03x.o(.text) refers to entry.o(.ARM.Collect$$$$00000000) for __main
    system_n32wb03x.o(.text) refers to memcpya.o(.text) for __aeabi_memcpy
    system_n32wb03x.o(.text) refers to system_n32wb03x.o(.emb_text) for system_delay_cycles
    system_n32wb03x.o(.text) refers to system_n32wb03x.o(.constdata) for TRIM_READ_CMD_CODE
    system_n32wb03x.o(.text) refers to system_n32wb03x.o(.bss) for trim_stored
    system_n32wb03x.o(.text) refers to system_n32wb03x.o(.data) for SystemCoreClock
    misc.o(.text) refers to log.o(.text) for assert_failed
    misc.o(.text) refers to misc.o(.conststring) for .conststring
    n32wb03x_gpio.o(.text) refers to log.o(.text) for assert_failed
    n32wb03x_gpio.o(.text) refers to n32wb03x_rcc.o(.text) for RCC_EnableAPB2PeriphReset
    n32wb03x_gpio.o(.text) refers to n32wb03x_gpio.o(.conststring) for .conststring
    n32wb03x_gpio.o(.text) refers to n32wb03x_gpio.o(i.__ARM_common_switch8) for __ARM_common_switch8
    n32wb03x_lpuart.o(.text) refers to log.o(.text) for assert_failed
    n32wb03x_lpuart.o(.text) refers to n32wb03x_rcc.o(.text) for RCC_GetLpuartClkSrc
    n32wb03x_lpuart.o(.text) refers to uidiv.o(.text) for __aeabi_uidivmod
    n32wb03x_lpuart.o(.text) refers to n32wb03x_lpuart.o(.conststring) for .conststring
    n32wb03x_rcc.o(.text) refers to log.o(.text) for assert_failed
    n32wb03x_rcc.o(.text) refers to n32wb03x_rcc.o(.conststring) for .conststring
    n32wb03x_rcc.o(.text) refers to n32wb03x_rcc.o(.constdata) for s_AhbPresTable
    n32wb03x_usart.o(.text) refers to log.o(.text) for assert_failed
    n32wb03x_usart.o(.text) refers to n32wb03x_rcc.o(.text) for RCC_EnableAPB2PeriphReset
    n32wb03x_usart.o(.text) refers to uidiv.o(.text) for __aeabi_uidivmod
    n32wb03x_usart.o(.text) refers to n32wb03x_usart.o(.conststring) for .conststring
    main.o(.text) refers to n32wb03x_rcc.o(.text) for RCC_EnableAPB2PeriphClk
    main.o(.text) refers to n32wb03x_gpio.o(.text) for GPIO_InitStruct
    main.o(.text) refers to misc.o(.text) for NVIC_Init
    main.o(.text) refers to log.o(.text) for log_init
    main.o(.text) refers to printf8.o(i.__0printf$8) for __2printf
    main.o(.text) refers to n32wb03x_usart.o(.text) for USART_DeInit
    main.o(.text) refers to n32wb03x_lpuart.o(.text) for LPUART_DeInit
    main.o(.text) refers to main.o(.bss) for USART_InitStructure
    main.o(.text) refers to main.o(.data) for TxBuffer1
    n32wb03x_it.o(.text) refers to n32wb03x_lpuart.o(.text) for LPUART_GetIntStatus
    n32wb03x_it.o(.text) refers to n32wb03x_usart.o(.text) for USART_GetIntStatus
    n32wb03x_it.o(.text) refers to main.o(.data) for RxCounter1
    n32wb03x_it.o(.text) refers to main.o(.bss) for RxBuffer1
    log.o(.text) refers to n32wb03x_rcc.o(.text) for RCC_EnableAHBPeriphClk
    log.o(.text) refers to n32wb03x_gpio.o(.text) for GPIO_DeInit
    log.o(.text) refers to n32wb03x_usart.o(.text) for USART_Init
    log.o(.text) refers to printf8.o(i.__0printf$8) for __2printf
    log.o(.text) refers to system_n32wb03x.o(.text) for system_delay_n_10us
    log.o(.text) refers to log.o(.data) for is_lr_sent
    entry.o(.ARM.Collect$$$$00000000) refers (Special) to entry10a.o(.ARM.Collect$$$$0000000D) for __rt_final_cpp
    entry.o(.ARM.Collect$$$$00000000) refers (Special) to entry11a.o(.ARM.Collect$$$$0000000F) for __rt_final_exit
    entry.o(.ARM.Collect$$$$00000000) refers (Special) to entry7b.o(.ARM.Collect$$$$00000008) for _main_clock
    entry.o(.ARM.Collect$$$$00000000) refers (Special) to entry8b.o(.ARM.Collect$$$$0000000A) for _main_cpp_init
    entry.o(.ARM.Collect$$$$00000000) refers (Special) to entry9a.o(.ARM.Collect$$$$0000000B) for _main_init
    entry.o(.ARM.Collect$$$$00000000) refers (Special) to entry5.o(.ARM.Collect$$$$00000004) for _main_scatterload
    entry.o(.ARM.Collect$$$$00000000) refers (Special) to entry2.o(.ARM.Collect$$$$00000001) for _main_stk
    printfb.o(i.__0fprintf$bare) refers to printfb.o(i._printf_core) for _printf_core
    printfb.o(i.__0fprintf$bare) refers to log.o(.text) for fputc
    printfb.o(i.__0printf$bare) refers to printfb.o(i._printf_core) for _printf_core
    printfb.o(i.__0printf$bare) refers to log.o(.text) for fputc
    printfb.o(i.__0printf$bare) refers to stdout.o(.data) for __stdout
    printfb.o(i.__0snprintf$bare) refers to printfb.o(i._printf_core) for _printf_core
    printfb.o(i.__0snprintf$bare) refers to printfb.o(i._snputc) for _snputc
    printfb.o(i.__0sprintf$bare) refers to printfb.o(i._printf_core) for _printf_core
    printfb.o(i.__0sprintf$bare) refers to printfb.o(i._sputc) for _sputc
    printfb.o(i.__0vfprintf$bare) refers to printfb.o(i._printf_core) for _printf_core
    printfb.o(i.__0vfprintf$bare) refers to log.o(.text) for fputc
    printfb.o(i.__0vprintf$bare) refers to printfb.o(i._printf_core) for _printf_core
    printfb.o(i.__0vprintf$bare) refers to log.o(.text) for fputc
    printfb.o(i.__0vprintf$bare) refers to stdout.o(.data) for __stdout
    printfb.o(i.__0vsnprintf$bare) refers to printfb.o(i._printf_core) for _printf_core
    printfb.o(i.__0vsnprintf$bare) refers to printfb.o(i._snputc) for _snputc
    printfb.o(i.__0vsprintf$bare) refers to printfb.o(i._printf_core) for _printf_core
    printfb.o(i.__0vsprintf$bare) refers to printfb.o(i._sputc) for _sputc
    printf0.o(i.__0fprintf$0) refers to printf0.o(i._printf_core) for _printf_core
    printf0.o(i.__0fprintf$0) refers to log.o(.text) for fputc
    printf0.o(i.__0printf$0) refers to printf0.o(i._printf_core) for _printf_core
    printf0.o(i.__0printf$0) refers to log.o(.text) for fputc
    printf0.o(i.__0printf$0) refers to stdout.o(.data) for __stdout
    printf0.o(i.__0snprintf$0) refers to printf0.o(i._printf_core) for _printf_core
    printf0.o(i.__0snprintf$0) refers to printf0.o(i._snputc) for _snputc
    printf0.o(i.__0sprintf$0) refers to printf0.o(i._printf_core) for _printf_core
    printf0.o(i.__0sprintf$0) refers to printf0.o(i._sputc) for _sputc
    printf0.o(i.__0vfprintf$0) refers to printf0.o(i._printf_core) for _printf_core
    printf0.o(i.__0vfprintf$0) refers to log.o(.text) for fputc
    printf0.o(i.__0vprintf$0) refers to printf0.o(i._printf_core) for _printf_core
    printf0.o(i.__0vprintf$0) refers to log.o(.text) for fputc
    printf0.o(i.__0vprintf$0) refers to stdout.o(.data) for __stdout
    printf0.o(i.__0vsnprintf$0) refers to printf0.o(i._printf_core) for _printf_core
    printf0.o(i.__0vsnprintf$0) refers to printf0.o(i._snputc) for _snputc
    printf0.o(i.__0vsprintf$0) refers to printf0.o(i._printf_core) for _printf_core
    printf0.o(i.__0vsprintf$0) refers to printf0.o(i._sputc) for _sputc
    printf1.o(i.__0fprintf$1) refers to printf1.o(i._printf_core) for _printf_core
    printf1.o(i.__0fprintf$1) refers to log.o(.text) for fputc
    printf1.o(i.__0printf$1) refers to printf1.o(i._printf_core) for _printf_core
    printf1.o(i.__0printf$1) refers to log.o(.text) for fputc
    printf1.o(i.__0printf$1) refers to stdout.o(.data) for __stdout
    printf1.o(i.__0snprintf$1) refers to printf1.o(i._printf_core) for _printf_core
    printf1.o(i.__0snprintf$1) refers to printf1.o(i._snputc) for _snputc
    printf1.o(i.__0sprintf$1) refers to printf1.o(i._printf_core) for _printf_core
    printf1.o(i.__0sprintf$1) refers to printf1.o(i._sputc) for _sputc
    printf1.o(i.__0vfprintf$1) refers to printf1.o(i._printf_core) for _printf_core
    printf1.o(i.__0vfprintf$1) refers to log.o(.text) for fputc
    printf1.o(i.__0vprintf$1) refers to printf1.o(i._printf_core) for _printf_core
    printf1.o(i.__0vprintf$1) refers to log.o(.text) for fputc
    printf1.o(i.__0vprintf$1) refers to stdout.o(.data) for __stdout
    printf1.o(i.__0vsnprintf$1) refers to printf1.o(i._printf_core) for _printf_core
    printf1.o(i.__0vsnprintf$1) refers to printf1.o(i._snputc) for _snputc
    printf1.o(i.__0vsprintf$1) refers to printf1.o(i._printf_core) for _printf_core
    printf1.o(i.__0vsprintf$1) refers to printf1.o(i._sputc) for _sputc
    printf1.o(i._printf_core) refers to uidiv.o(.text) for __aeabi_uidivmod
    printf2.o(i.__0fprintf$2) refers to printf2.o(i._printf_core) for _printf_core
    printf2.o(i.__0fprintf$2) refers to log.o(.text) for fputc
    printf2.o(i.__0printf$2) refers to printf2.o(i._printf_core) for _printf_core
    printf2.o(i.__0printf$2) refers to log.o(.text) for fputc
    printf2.o(i.__0printf$2) refers to stdout.o(.data) for __stdout
    printf2.o(i.__0snprintf$2) refers to printf2.o(i._printf_core) for _printf_core
    printf2.o(i.__0snprintf$2) refers to printf2.o(i._snputc) for _snputc
    printf2.o(i.__0sprintf$2) refers to printf2.o(i._printf_core) for _printf_core
    printf2.o(i.__0sprintf$2) refers to printf2.o(i._sputc) for _sputc
    printf2.o(i.__0vfprintf$2) refers to printf2.o(i._printf_core) for _printf_core
    printf2.o(i.__0vfprintf$2) refers to log.o(.text) for fputc
    printf2.o(i.__0vprintf$2) refers to printf2.o(i._printf_core) for _printf_core
    printf2.o(i.__0vprintf$2) refers to log.o(.text) for fputc
    printf2.o(i.__0vprintf$2) refers to stdout.o(.data) for __stdout
    printf2.o(i.__0vsnprintf$2) refers to printf2.o(i._printf_core) for _printf_core
    printf2.o(i.__0vsnprintf$2) refers to printf2.o(i._snputc) for _snputc
    printf2.o(i.__0vsprintf$2) refers to printf2.o(i._printf_core) for _printf_core
    printf2.o(i.__0vsprintf$2) refers to printf2.o(i._sputc) for _sputc
    printf3.o(i.__0fprintf$3) refers to printf3.o(i._printf_core) for _printf_core
    printf3.o(i.__0fprintf$3) refers to log.o(.text) for fputc
    printf3.o(i.__0printf$3) refers to printf3.o(i._printf_core) for _printf_core
    printf3.o(i.__0printf$3) refers to log.o(.text) for fputc
    printf3.o(i.__0printf$3) refers to stdout.o(.data) for __stdout
    printf3.o(i.__0snprintf$3) refers to printf3.o(i._printf_core) for _printf_core
    printf3.o(i.__0snprintf$3) refers to printf3.o(i._snputc) for _snputc
    printf3.o(i.__0sprintf$3) refers to printf3.o(i._printf_core) for _printf_core
    printf3.o(i.__0sprintf$3) refers to printf3.o(i._sputc) for _sputc
    printf3.o(i.__0vfprintf$3) refers to printf3.o(i._printf_core) for _printf_core
    printf3.o(i.__0vfprintf$3) refers to log.o(.text) for fputc
    printf3.o(i.__0vprintf$3) refers to printf3.o(i._printf_core) for _printf_core
    printf3.o(i.__0vprintf$3) refers to log.o(.text) for fputc
    printf3.o(i.__0vprintf$3) refers to stdout.o(.data) for __stdout
    printf3.o(i.__0vsnprintf$3) refers to printf3.o(i._printf_core) for _printf_core
    printf3.o(i.__0vsnprintf$3) refers to printf3.o(i._snputc) for _snputc
    printf3.o(i.__0vsprintf$3) refers to printf3.o(i._printf_core) for _printf_core
    printf3.o(i.__0vsprintf$3) refers to printf3.o(i._sputc) for _sputc
    printf3.o(i._printf_core) refers to uidiv.o(.text) for __aeabi_uidivmod
    printf4.o(i.__0fprintf$4) refers to printf4.o(i._printf_core) for _printf_core
    printf4.o(i.__0fprintf$4) refers to log.o(.text) for fputc
    printf4.o(i.__0printf$4) refers to printf4.o(i._printf_core) for _printf_core
    printf4.o(i.__0printf$4) refers to log.o(.text) for fputc
    printf4.o(i.__0printf$4) refers to stdout.o(.data) for __stdout
    printf4.o(i.__0snprintf$4) refers to printf4.o(i._printf_core) for _printf_core
    printf4.o(i.__0snprintf$4) refers to printf4.o(i._snputc) for _snputc
    printf4.o(i.__0sprintf$4) refers to printf4.o(i._printf_core) for _printf_core
    printf4.o(i.__0sprintf$4) refers to printf4.o(i._sputc) for _sputc
    printf4.o(i.__0vfprintf$4) refers to printf4.o(i._printf_core) for _printf_core
    printf4.o(i.__0vfprintf$4) refers to log.o(.text) for fputc
    printf4.o(i.__0vprintf$4) refers to printf4.o(i._printf_core) for _printf_core
    printf4.o(i.__0vprintf$4) refers to log.o(.text) for fputc
    printf4.o(i.__0vprintf$4) refers to stdout.o(.data) for __stdout
    printf4.o(i.__0vsnprintf$4) refers to printf4.o(i._printf_core) for _printf_core
    printf4.o(i.__0vsnprintf$4) refers to printf4.o(i._snputc) for _snputc
    printf4.o(i.__0vsprintf$4) refers to printf4.o(i._printf_core) for _printf_core
    printf4.o(i.__0vsprintf$4) refers to printf4.o(i._sputc) for _sputc
    printf4.o(i._printf_core) refers to uldiv.o(.text) for __aeabi_uldivmod
    printf5.o(i.__0fprintf$5) refers to printf5.o(i._printf_core) for _printf_core
    printf5.o(i.__0fprintf$5) refers to log.o(.text) for fputc
    printf5.o(i.__0printf$5) refers to printf5.o(i._printf_core) for _printf_core
    printf5.o(i.__0printf$5) refers to log.o(.text) for fputc
    printf5.o(i.__0printf$5) refers to stdout.o(.data) for __stdout
    printf5.o(i.__0snprintf$5) refers to printf5.o(i._printf_core) for _printf_core
    printf5.o(i.__0snprintf$5) refers to printf5.o(i._snputc) for _snputc
    printf5.o(i.__0sprintf$5) refers to printf5.o(i._printf_core) for _printf_core
    printf5.o(i.__0sprintf$5) refers to printf5.o(i._sputc) for _sputc
    printf5.o(i.__0vfprintf$5) refers to printf5.o(i._printf_core) for _printf_core
    printf5.o(i.__0vfprintf$5) refers to log.o(.text) for fputc
    printf5.o(i.__0vprintf$5) refers to printf5.o(i._printf_core) for _printf_core
    printf5.o(i.__0vprintf$5) refers to log.o(.text) for fputc
    printf5.o(i.__0vprintf$5) refers to stdout.o(.data) for __stdout
    printf5.o(i.__0vsnprintf$5) refers to printf5.o(i._printf_core) for _printf_core
    printf5.o(i.__0vsnprintf$5) refers to printf5.o(i._snputc) for _snputc
    printf5.o(i.__0vsprintf$5) refers to printf5.o(i._printf_core) for _printf_core
    printf5.o(i.__0vsprintf$5) refers to printf5.o(i._sputc) for _sputc
    printf5.o(i._printf_core) refers to uldiv.o(.text) for __aeabi_uldivmod
    printf6.o(i.__0fprintf$6) refers to printf6.o(i._printf_core) for _printf_core
    printf6.o(i.__0fprintf$6) refers to log.o(.text) for fputc
    printf6.o(i.__0printf$6) refers to printf6.o(i._printf_core) for _printf_core
    printf6.o(i.__0printf$6) refers to log.o(.text) for fputc
    printf6.o(i.__0printf$6) refers to stdout.o(.data) for __stdout
    printf6.o(i.__0snprintf$6) refers to printf6.o(i._printf_core) for _printf_core
    printf6.o(i.__0snprintf$6) refers to printf6.o(i._snputc) for _snputc
    printf6.o(i.__0sprintf$6) refers to printf6.o(i._printf_core) for _printf_core
    printf6.o(i.__0sprintf$6) refers to printf6.o(i._sputc) for _sputc
    printf6.o(i.__0vfprintf$6) refers to printf6.o(i._printf_core) for _printf_core
    printf6.o(i.__0vfprintf$6) refers to log.o(.text) for fputc
    printf6.o(i.__0vprintf$6) refers to printf6.o(i._printf_core) for _printf_core
    printf6.o(i.__0vprintf$6) refers to log.o(.text) for fputc
    printf6.o(i.__0vprintf$6) refers to stdout.o(.data) for __stdout
    printf6.o(i.__0vsnprintf$6) refers to printf6.o(i._printf_core) for _printf_core
    printf6.o(i.__0vsnprintf$6) refers to printf6.o(i._snputc) for _snputc
    printf6.o(i.__0vsprintf$6) refers to printf6.o(i._printf_core) for _printf_core
    printf6.o(i.__0vsprintf$6) refers to printf6.o(i._sputc) for _sputc
    printf6.o(i._printf_core) refers to printf6.o(i._printf_pre_padding) for _printf_pre_padding
    printf6.o(i._printf_core) refers to printf6.o(i._printf_post_padding) for _printf_post_padding
    printf6.o(i._printf_core) refers to uidiv.o(.text) for __aeabi_uidivmod
    printf7.o(i.__0fprintf$7) refers to printf7.o(i._printf_core) for _printf_core
    printf7.o(i.__0fprintf$7) refers to log.o(.text) for fputc
    printf7.o(i.__0printf$7) refers to printf7.o(i._printf_core) for _printf_core
    printf7.o(i.__0printf$7) refers to log.o(.text) for fputc
    printf7.o(i.__0printf$7) refers to stdout.o(.data) for __stdout
    printf7.o(i.__0snprintf$7) refers to printf7.o(i._printf_core) for _printf_core
    printf7.o(i.__0snprintf$7) refers to printf7.o(i._snputc) for _snputc
    printf7.o(i.__0sprintf$7) refers to printf7.o(i._printf_core) for _printf_core
    printf7.o(i.__0sprintf$7) refers to printf7.o(i._sputc) for _sputc
    printf7.o(i.__0vfprintf$7) refers to printf7.o(i._printf_core) for _printf_core
    printf7.o(i.__0vfprintf$7) refers to log.o(.text) for fputc
    printf7.o(i.__0vprintf$7) refers to printf7.o(i._printf_core) for _printf_core
    printf7.o(i.__0vprintf$7) refers to log.o(.text) for fputc
    printf7.o(i.__0vprintf$7) refers to stdout.o(.data) for __stdout
    printf7.o(i.__0vsnprintf$7) refers to printf7.o(i._printf_core) for _printf_core
    printf7.o(i.__0vsnprintf$7) refers to printf7.o(i._snputc) for _snputc
    printf7.o(i.__0vsprintf$7) refers to printf7.o(i._printf_core) for _printf_core
    printf7.o(i.__0vsprintf$7) refers to printf7.o(i._sputc) for _sputc
    printf7.o(i._printf_core) refers to printf7.o(i._printf_pre_padding) for _printf_pre_padding
    printf7.o(i._printf_core) refers to printf7.o(i._printf_post_padding) for _printf_post_padding
    printf7.o(i._printf_core) refers to uldiv.o(.text) for __aeabi_uldivmod
    printf8.o(i.__0fprintf$8) refers to printf8.o(i._printf_core) for _printf_core
    printf8.o(i.__0fprintf$8) refers to log.o(.text) for fputc
    printf8.o(i.__0printf$8) refers to printf8.o(i._printf_core) for _printf_core
    printf8.o(i.__0printf$8) refers to log.o(.text) for fputc
    printf8.o(i.__0printf$8) refers to stdout.o(.data) for __stdout
    printf8.o(i.__0snprintf$8) refers to printf8.o(i._printf_core) for _printf_core
    printf8.o(i.__0snprintf$8) refers to printf8.o(i._snputc) for _snputc
    printf8.o(i.__0sprintf$8) refers to printf8.o(i._printf_core) for _printf_core
    printf8.o(i.__0sprintf$8) refers to printf8.o(i._sputc) for _sputc
    printf8.o(i.__0vfprintf$8) refers to printf8.o(i._printf_core) for _printf_core
    printf8.o(i.__0vfprintf$8) refers to log.o(.text) for fputc
    printf8.o(i.__0vprintf$8) refers to printf8.o(i._printf_core) for _printf_core
    printf8.o(i.__0vprintf$8) refers to log.o(.text) for fputc
    printf8.o(i.__0vprintf$8) refers to stdout.o(.data) for __stdout
    printf8.o(i.__0vsnprintf$8) refers to printf8.o(i._printf_core) for _printf_core
    printf8.o(i.__0vsnprintf$8) refers to printf8.o(i._snputc) for _snputc
    printf8.o(i.__0vsprintf$8) refers to printf8.o(i._printf_core) for _printf_core
    printf8.o(i.__0vsprintf$8) refers to printf8.o(i._sputc) for _sputc
    printf8.o(i._printf_core) refers to printf8.o(i._printf_pre_padding) for _printf_pre_padding
    printf8.o(i._printf_core) refers to printf8.o(i._printf_post_padding) for _printf_post_padding
    printf8.o(i._printf_core) refers to uldiv.o(.text) for __aeabi_uldivmod
    printfa.o(i.__0fprintf) refers (Special) to iusefp.o(.text) for __I$use$fp
    printfa.o(i.__0fprintf) refers to printfa.o(i._printf_core) for _printf_core
    printfa.o(i.__0fprintf) refers to log.o(.text) for fputc
    printfa.o(i.__0printf) refers (Special) to iusefp.o(.text) for __I$use$fp
    printfa.o(i.__0printf) refers to printfa.o(i._printf_core) for _printf_core
    printfa.o(i.__0printf) refers to log.o(.text) for fputc
    printfa.o(i.__0printf) refers to stdout.o(.data) for __stdout
    printfa.o(i.__0snprintf) refers (Special) to iusefp.o(.text) for __I$use$fp
    printfa.o(i.__0snprintf) refers to printfa.o(i._printf_core) for _printf_core
    printfa.o(i.__0snprintf) refers to printfa.o(i._snputc) for _snputc
    printfa.o(i.__0sprintf) refers (Special) to iusefp.o(.text) for __I$use$fp
    printfa.o(i.__0sprintf) refers to printfa.o(i._printf_core) for _printf_core
    printfa.o(i.__0sprintf) refers to printfa.o(i._sputc) for _sputc
    printfa.o(i.__0vfprintf) refers (Special) to iusefp.o(.text) for __I$use$fp
    printfa.o(i.__0vfprintf) refers to printfa.o(i._printf_core) for _printf_core
    printfa.o(i.__0vfprintf) refers to log.o(.text) for fputc
    printfa.o(i.__0vprintf) refers (Special) to iusefp.o(.text) for __I$use$fp
    printfa.o(i.__0vprintf) refers to printfa.o(i._printf_core) for _printf_core
    printfa.o(i.__0vprintf) refers to log.o(.text) for fputc
    printfa.o(i.__0vprintf) refers to stdout.o(.data) for __stdout
    printfa.o(i.__0vsnprintf) refers (Special) to iusefp.o(.text) for __I$use$fp
    printfa.o(i.__0vsnprintf) refers to printfa.o(i._printf_core) for _printf_core
    printfa.o(i.__0vsnprintf) refers to printfa.o(i._snputc) for _snputc
    printfa.o(i.__0vsprintf) refers (Special) to iusefp.o(.text) for __I$use$fp
    printfa.o(i.__0vsprintf) refers to printfa.o(i._printf_core) for _printf_core
    printfa.o(i.__0vsprintf) refers to printfa.o(i._sputc) for _sputc
    printfa.o(i._fp_digits) refers (Special) to iusefp.o(.text) for __I$use$fp
    printfa.o(i._fp_digits) refers to dmul.o(.text) for __aeabi_dmul
    printfa.o(i._fp_digits) refers to ddiv.o(.text) for __aeabi_ddiv
    printfa.o(i._fp_digits) refers to cdrcmple.o(.text) for __aeabi_cdrcmple
    printfa.o(i._fp_digits) refers to dadd.o(.text) for __aeabi_dadd
    printfa.o(i._fp_digits) refers to dfixul.o(.text) for __aeabi_d2ulz
    printfa.o(i._fp_digits) refers to uldiv.o(.text) for __aeabi_uldivmod
    printfa.o(i._printf_core) refers (Special) to iusefp.o(.text) for __I$use$fp
    printfa.o(i._printf_core) refers to printfa.o(i._printf_pre_padding) for _printf_pre_padding
    printfa.o(i._printf_core) refers to uldiv.o(.text) for __aeabi_uldivmod
    printfa.o(i._printf_core) refers to printfa.o(i._printf_post_padding) for _printf_post_padding
    printfa.o(i._printf_core) refers to printfa.o(i._fp_digits) for _fp_digits
    printfa.o(i._printf_core) refers to uidiv.o(.text) for __aeabi_uidivmod
    printfa.o(i._printf_post_padding) refers (Special) to iusefp.o(.text) for __I$use$fp
    printfa.o(i._printf_pre_padding) refers (Special) to iusefp.o(.text) for __I$use$fp
    printfa.o(i._snputc) refers (Special) to iusefp.o(.text) for __I$use$fp
    printfa.o(i._sputc) refers (Special) to iusefp.o(.text) for __I$use$fp
    entry2.o(.ARM.Collect$$$$00000001) refers to entry2.o(.ARM.Collect$$$$00002712) for __lit__00000000
    entry2.o(.ARM.Collect$$$$00002712) refers to startup_n32wb03x.o(STACK) for __initial_sp
    entry2.o(__vectab_stack_and_reset_area) refers to startup_n32wb03x.o(STACK) for __initial_sp
    entry2.o(__vectab_stack_and_reset_area) refers to entry.o(.ARM.Collect$$$$00000000) for __main
    entry5.o(.ARM.Collect$$$$00000004) refers to init.o(.text) for __scatterload
    entry9a.o(.ARM.Collect$$$$0000000B) refers to main.o(.text) for main
    entry9b.o(.ARM.Collect$$$$0000000C) refers to main.o(.text) for main
    uldiv.o(.text) refers to llushr.o(.text) for __aeabi_llsr
    uldiv.o(.text) refers to llshl.o(.text) for __aeabi_llsl
    dadd.o(.text) refers to llshl.o(.text) for __aeabi_llsl
    dadd.o(.text) refers to llsshr.o(.text) for __aeabi_lasr
    dadd.o(.text) refers to depilogue.o(.text) for _double_epilogue
    dmul.o(.text) refers to depilogue.o(.text) for _double_epilogue
    ddiv.o(.text) refers to depilogue.o(.text) for _double_round
    dfixul.o(.text) refers to llushr.o(.text) for __aeabi_llsr
    dfixul.o(.text) refers to llshl.o(.text) for __aeabi_llsl
    init.o(.text) refers to entry5.o(.ARM.Collect$$$$00000004) for __main_after_scatterload
    depilogue.o(.text) refers to depilogue.o(i.__ARM_clz) for __ARM_clz
    depilogue.o(.text) refers to llshl.o(.text) for __aeabi_llsl
    depilogue.o(.text) refers to llushr.o(.text) for __aeabi_llsr


==============================================================================

Removing Unused input sections from the image.

    Removing startup_n32wb03x.o(HEAP), (512 bytes).
    Removing misc.o(.emb_text), (8 bytes).
    Removing n32wb03x_gpio.o(.emb_text), (8 bytes).
    Removing n32wb03x_lpuart.o(.emb_text), (8 bytes).
    Removing n32wb03x_rcc.o(.emb_text), (8 bytes).
    Removing n32wb03x_usart.o(.emb_text), (8 bytes).
    Removing main.o(.emb_text), (8 bytes).
    Removing n32wb03x_it.o(.emb_text), (8 bytes).
    Removing log.o(.emb_text), (8 bytes).
    Removing dadd.o(.text), (356 bytes).
    Removing dmul.o(.text), (208 bytes).
    Removing ddiv.o(.text), (240 bytes).
    Removing dfixul.o(.text), (64 bytes).
    Removing cdrcmple.o(.text), (40 bytes).
    Removing depilogue.o(.text), (190 bytes).
    Removing depilogue.o(i.__ARM_clz), (46 bytes).

16 unused section(s) (total 1720 bytes) removed from the image.

==============================================================================

Image Symbol Table

    Local Symbols

    Symbol Name                              Value     Ov Type        Size  Object(Section)

    ../clib/microlib/division.c              0x00000000   Number         0  uidiv.o ABSOLUTE
    ../clib/microlib/division.c              0x00000000   Number         0  uldiv.o ABSOLUTE
    ../clib/microlib/init/entry.s            0x00000000   Number         0  entry9a.o ABSOLUTE
    ../clib/microlib/init/entry.s            0x00000000   Number         0  entry8b.o ABSOLUTE
    ../clib/microlib/init/entry.s            0x00000000   Number         0  entry8a.o ABSOLUTE
    ../clib/microlib/init/entry.s            0x00000000   Number         0  entry7b.o ABSOLUTE
    ../clib/microlib/init/entry.s            0x00000000   Number         0  entry7a.o ABSOLUTE
    ../clib/microlib/init/entry.s            0x00000000   Number         0  entry5.o ABSOLUTE
    ../clib/microlib/init/entry.s            0x00000000   Number         0  entry2.o ABSOLUTE
    ../clib/microlib/init/entry.s            0x00000000   Number         0  entry11b.o ABSOLUTE
    ../clib/microlib/init/entry.s            0x00000000   Number         0  entry11a.o ABSOLUTE
    ../clib/microlib/init/entry.s            0x00000000   Number         0  entry10b.o ABSOLUTE
    ../clib/microlib/init/entry.s            0x00000000   Number         0  entry10a.o ABSOLUTE
    ../clib/microlib/init/entry.s            0x00000000   Number         0  entry9b.o ABSOLUTE
    ../clib/microlib/init/entry.s            0x00000000   Number         0  entry.o ABSOLUTE
    ../clib/microlib/longlong.c              0x00000000   Number         0  llsshr.o ABSOLUTE
    ../clib/microlib/longlong.c              0x00000000   Number         0  llushr.o ABSOLUTE
    ../clib/microlib/longlong.c              0x00000000   Number         0  llshl.o ABSOLUTE
    ../clib/microlib/printf/printf.c         0x00000000   Number         0  printf1.o ABSOLUTE
    ../clib/microlib/printf/printf.c         0x00000000   Number         0  printf8.o ABSOLUTE
    ../clib/microlib/printf/printf.c         0x00000000   Number         0  printf7.o ABSOLUTE
    ../clib/microlib/printf/printf.c         0x00000000   Number         0  printf6.o ABSOLUTE
    ../clib/microlib/printf/printf.c         0x00000000   Number         0  printf5.o ABSOLUTE
    ../clib/microlib/printf/printf.c         0x00000000   Number         0  printf4.o ABSOLUTE
    ../clib/microlib/printf/printf.c         0x00000000   Number         0  printfa.o ABSOLUTE
    ../clib/microlib/printf/printf.c         0x00000000   Number         0  printf3.o ABSOLUTE
    ../clib/microlib/printf/printf.c         0x00000000   Number         0  printfb.o ABSOLUTE
    ../clib/microlib/printf/printf.c         0x00000000   Number         0  printf0.o ABSOLUTE
    ../clib/microlib/printf/printf.c         0x00000000   Number         0  printf2.o ABSOLUTE
    ../clib/microlib/printf/stubs.s          0x00000000   Number         0  stubs.o ABSOLUTE
    ../clib/microlib/stdio/streams.c         0x00000000   Number         0  stdout.o ABSOLUTE
    ../clib/microlib/string/memcpy.c         0x00000000   Number         0  memcpya.o ABSOLUTE
    ../clib/microlib/string/memcpy.c         0x00000000   Number         0  memcpyb.o ABSOLUTE
    ../clib/microlib/stubs.s                 0x00000000   Number         0  iusefp.o ABSOLUTE
    ../fplib/microlib/fpadd.c                0x00000000   Number         0  dadd.o ABSOLUTE
    ../fplib/microlib/fpdiv.c                0x00000000   Number         0  ddiv.o ABSOLUTE
    ../fplib/microlib/fpepilogue.c           0x00000000   Number         0  depilogue.o ABSOLUTE
    ../fplib/microlib/fpfix.c                0x00000000   Number         0  dfixul.o ABSOLUTE
    ../fplib/microlib/fpmul.c                0x00000000   Number         0  dmul.o ABSOLUTE
    ..\..\..\..\..\..\firmware\CMSIS\device\startup\startup_n32wb03x.s 0x00000000   Number         0  startup_n32wb03x.o ABSOLUTE
    ..\..\..\..\..\..\firmware\CMSIS\device\system_n32wb03x.c 0x00000000   Number         0  system_n32wb03x.o ABSOLUTE
    ..\..\..\..\..\..\firmware\n32wb03x_std_periph_driver\src\misc.c 0x00000000   Number         0  misc.o ABSOLUTE
    ..\..\..\..\..\..\firmware\n32wb03x_std_periph_driver\src\n32wb03x_gpio.c 0x00000000   Number         0  n32wb03x_gpio.o ABSOLUTE
    ..\..\..\..\..\..\firmware\n32wb03x_std_periph_driver\src\n32wb03x_lpuart.c 0x00000000   Number         0  n32wb03x_lpuart.o ABSOLUTE
    ..\..\..\..\..\..\firmware\n32wb03x_std_periph_driver\src\n32wb03x_rcc.c 0x00000000   Number         0  n32wb03x_rcc.o ABSOLUTE
    ..\..\..\..\..\..\firmware\n32wb03x_std_periph_driver\src\n32wb03x_usart.c 0x00000000   Number         0  n32wb03x_usart.o ABSOLUTE
    ..\..\..\..\bsp\src\log.c                0x00000000   Number         0  log.o ABSOLUTE
    ..\\..\\..\\..\\..\\..\\firmware\\CMSIS\\device\\system_n32wb03x.c 0x00000000   Number         0  system_n32wb03x.o ABSOLUTE
    ..\\..\\..\\..\\..\\..\\firmware\\n32wb03x_std_periph_driver\\src\\misc.c 0x00000000   Number         0  misc.o ABSOLUTE
    ..\\..\\..\\..\\..\\..\\firmware\\n32wb03x_std_periph_driver\\src\\n32wb03x_gpio.c 0x00000000   Number         0  n32wb03x_gpio.o ABSOLUTE
    ..\\..\\..\\..\\..\\..\\firmware\\n32wb03x_std_periph_driver\\src\\n32wb03x_lpuart.c 0x00000000   Number         0  n32wb03x_lpuart.o ABSOLUTE
    ..\\..\\..\\..\\..\\..\\firmware\\n32wb03x_std_periph_driver\\src\\n32wb03x_rcc.c 0x00000000   Number         0  n32wb03x_rcc.o ABSOLUTE
    ..\\..\\..\\..\\..\\..\\firmware\\n32wb03x_std_periph_driver\\src\\n32wb03x_usart.c 0x00000000   Number         0  n32wb03x_usart.o ABSOLUTE
    ..\\..\\..\\..\\bsp\\src\\log.c          0x00000000   Number         0  log.o ABSOLUTE
    ..\\src\\main.c                          0x00000000   Number         0  main.o ABSOLUTE
    ..\\src\\n32wb03x_it.c                   0x00000000   Number         0  n32wb03x_it.o ABSOLUTE
    ..\src\main.c                            0x00000000   Number         0  main.o ABSOLUTE
    ..\src\n32wb03x_it.c                     0x00000000   Number         0  n32wb03x_it.o ABSOLUTE
    cdrcmple.s                               0x00000000   Number         0  cdrcmple.o ABSOLUTE
    dc.s                                     0x00000000   Number         0  dc.o ABSOLUTE
    handlers.s                               0x00000000   Number         0  handlers.o ABSOLUTE
    init.s                                   0x00000000   Number         0  init.o ABSOLUTE
    RESET                                    0x01000000   Section      192  startup_n32wb03x.o(RESET)
    .ARM.Collect$$$$00000000                 0x010000c0   Section        0  entry.o(.ARM.Collect$$$$00000000)
    .ARM.Collect$$$$00000001                 0x010000c0   Section        4  entry2.o(.ARM.Collect$$$$00000001)
    .ARM.Collect$$$$00000004                 0x010000c4   Section        4  entry5.o(.ARM.Collect$$$$00000004)
    .ARM.Collect$$$$00000008                 0x010000c8   Section        0  entry7b.o(.ARM.Collect$$$$00000008)
    .ARM.Collect$$$$0000000A                 0x010000c8   Section        0  entry8b.o(.ARM.Collect$$$$0000000A)
    .ARM.Collect$$$$0000000B                 0x010000c8   Section        8  entry9a.o(.ARM.Collect$$$$0000000B)
    .ARM.Collect$$$$0000000D                 0x010000d0   Section        0  entry10a.o(.ARM.Collect$$$$0000000D)
    .ARM.Collect$$$$0000000F                 0x010000d0   Section        0  entry11a.o(.ARM.Collect$$$$0000000F)
    .ARM.Collect$$$$00002712                 0x010000d0   Section        4  entry2.o(.ARM.Collect$$$$00002712)
    __lit__00000000                          0x010000d0   Data           4  entry2.o(.ARM.Collect$$$$00002712)
    .emb_text                                0x010000d4   Section       14  system_n32wb03x.o(.emb_text)
    .text                                    0x010000e4   Section       28  startup_n32wb03x.o(.text)
    .text                                    0x01000100   Section        0  system_n32wb03x.o(.text)
    RCC_HsiCalib                             0x010001e3   Thumb Code   242  system_n32wb03x.o(.text)
    .text                                    0x010003c4   Section        0  misc.o(.text)
    NVIC_SetPriority                         0x01000469   Thumb Code   110  misc.o(.text)
    .text                                    0x0100058c   Section        0  n32wb03x_gpio.o(.text)
    .text                                    0x010012d0   Section        0  n32wb03x_lpuart.o(.text)
    .text                                    0x01001bb4   Section        0  n32wb03x_rcc.o(.text)
    .text                                    0x01002800   Section        0  n32wb03x_usart.o(.text)
    .text                                    0x010036b8   Section        0  main.o(.text)
    .text                                    0x01003960   Section        0  n32wb03x_it.o(.text)
    .text                                    0x01003aa0   Section        0  log.o(.text)
    .text                                    0x01003c94   Section        0  uidiv.o(.text)
    .text                                    0x01003cc0   Section        0  memcpya.o(.text)
    .text                                    0x01003ce4   Section        0  uldiv.o(.text)
    .text                                    0x01003d44   Section       36  init.o(.text)
    .text                                    0x01003d68   Section        0  llshl.o(.text)
    .text                                    0x01003d88   Section        0  llushr.o(.text)
    i.__0printf$8                            0x01003dac   Section        0  printf8.o(i.__0printf$8)
    i.__ARM_common_switch8                   0x01003dcc   Section        0  n32wb03x_gpio.o(i.__ARM_common_switch8)
    i.__scatterload_copy                     0x01003de8   Section       14  handlers.o(i.__scatterload_copy)
    i.__scatterload_null                     0x01003df6   Section        2  handlers.o(i.__scatterload_null)
    i.__scatterload_zeroinit                 0x01003df8   Section       14  handlers.o(i.__scatterload_zeroinit)
    i._printf_core                           0x01003e08   Section        0  printf8.o(i._printf_core)
    _printf_core                             0x01003e09   Thumb Code  1020  printf8.o(i._printf_core)
    i._printf_post_padding                   0x01004230   Section        0  printf8.o(i._printf_post_padding)
    _printf_post_padding                     0x01004231   Thumb Code    32  printf8.o(i._printf_post_padding)
    i._printf_pre_padding                    0x01004250   Section        0  printf8.o(i._printf_pre_padding)
    _printf_pre_padding                      0x01004251   Thumb Code    44  printf8.o(i._printf_pre_padding)
    .constdata                               0x0100427c   Section      320  system_n32wb03x.o(.constdata)
    .constdata                               0x010043bc   Section       12  n32wb03x_rcc.o(.constdata)
    s_ApbPresTable                           0x010043bc   Data           8  n32wb03x_rcc.o(.constdata)
    s_AhbPresTable                           0x010043c4   Data           4  n32wb03x_rcc.o(.constdata)
    .conststring                             0x010043c8   Section       65  misc.o(.conststring)
    .conststring                             0x0100440c   Section       74  n32wb03x_gpio.o(.conststring)
    .conststring                             0x01004458   Section      148  n32wb03x_lpuart.o(.conststring)
    .conststring                             0x010044ec   Section       73  n32wb03x_rcc.o(.conststring)
    .conststring                             0x01004538   Section      147  n32wb03x_usart.o(.conststring)
    .data                                    0x20000000   Section        4  system_n32wb03x.o(.data)
    .data                                    0x20000004   Section      132  main.o(.data)
    .data                                    0x20000088   Section        4  log.o(.data)
    is_lr_sent                               0x20000088   Data           4  log.o(.data)
    .data                                    0x2000008c   Section        4  stdout.o(.data)
    .bss                                     0x20000090   Section       52  system_n32wb03x.o(.bss)
    .bss                                     0x200000c4   Section      150  main.o(.bss)
    STACK                                    0x20000160   Section     2048  startup_n32wb03x.o(STACK)

    Global Symbols

    Symbol Name                              Value     Ov Type        Size  Object(Section)

    BuildAttributes$$THM_ISAv3M$S$PE$A:L22$X:L11$S22$IEEE1$IW$USESV6$~STKCKD$USESV7$~SHL$OSPACE$ROPI$EBA8$MICROLIB$REQ8$PRES8$EABIv2 0x00000000   Number         0  anon$$obj.o ABSOLUTE
    __ARM_use_no_argv                        0x00000000   Number         0  main.o ABSOLUTE
    _printf_a                                0x00000000   Number         0  stubs.o ABSOLUTE
    _printf_c                                0x00000000   Number         0  stubs.o ABSOLUTE
    _printf_charcount                        0x00000000   Number         0  stubs.o ABSOLUTE
    _printf_d                                0x00000000   Number         0  stubs.o ABSOLUTE
    _printf_e                                0x00000000   Number         0  stubs.o ABSOLUTE
    _printf_f                                0x00000000   Number         0  stubs.o ABSOLUTE
    _printf_flags                            0x00000000   Number         0  stubs.o ABSOLUTE
    _printf_fp_dec                           0x00000000   Number         0  stubs.o ABSOLUTE
    _printf_fp_hex                           0x00000000   Number         0  stubs.o ABSOLUTE
    _printf_g                                0x00000000   Number         0  stubs.o ABSOLUTE
    _printf_i                                0x00000000   Number         0  stubs.o ABSOLUTE
    _printf_int_dec                          0x00000000   Number         0  stubs.o ABSOLUTE
    _printf_l                                0x00000000   Number         0  stubs.o ABSOLUTE
    _printf_lc                               0x00000000   Number         0  stubs.o ABSOLUTE
    _printf_ll                               0x00000000   Number         0  stubs.o ABSOLUTE
    _printf_lld                              0x00000000   Number         0  stubs.o ABSOLUTE
    _printf_lli                              0x00000000   Number         0  stubs.o ABSOLUTE
    _printf_llo                              0x00000000   Number         0  stubs.o ABSOLUTE
    _printf_llu                              0x00000000   Number         0  stubs.o ABSOLUTE
    _printf_llx                              0x00000000   Number         0  stubs.o ABSOLUTE
    _printf_longlong_dec                     0x00000000   Number         0  stubs.o ABSOLUTE
    _printf_longlong_hex                     0x00000000   Number         0  stubs.o ABSOLUTE
    _printf_longlong_oct                     0x00000000   Number         0  stubs.o ABSOLUTE
    _printf_ls                               0x00000000   Number         0  stubs.o ABSOLUTE
    _printf_mbtowc                           0x00000000   Number         0  stubs.o ABSOLUTE
    _printf_n                                0x00000000   Number         0  stubs.o ABSOLUTE
    _printf_o                                0x00000000   Number         0  stubs.o ABSOLUTE
    _printf_p                                0x00000000   Number         0  stubs.o ABSOLUTE
    _printf_percent                          0x00000000   Number         0  stubs.o ABSOLUTE
    _printf_pre_padding                      0x00000000   Number         0  stubs.o ABSOLUTE
    _printf_return_value                     0x00000000   Number         0  stubs.o ABSOLUTE
    _printf_s                                0x00000000   Number         0  stubs.o ABSOLUTE
    _printf_sizespec                         0x00000000   Number         0  stubs.o ABSOLUTE
    _printf_str                              0x00000000   Number         0  stubs.o ABSOLUTE
    _printf_truncate_signed                  0x00000000   Number         0  stubs.o ABSOLUTE
    _printf_truncate_unsigned                0x00000000   Number         0  stubs.o ABSOLUTE
    _printf_u                                0x00000000   Number         0  stubs.o ABSOLUTE
    _printf_wc                               0x00000000   Number         0  stubs.o ABSOLUTE
    _printf_wctomb                           0x00000000   Number         0  stubs.o ABSOLUTE
    _printf_widthprec                        0x00000000   Number         0  stubs.o ABSOLUTE
    _printf_x                                0x00000000   Number         0  stubs.o ABSOLUTE
    __cpp_initialize__aeabi_                  - Undefined Weak Reference
    __cxa_finalize                            - Undefined Weak Reference
    __decompress                              - Undefined Weak Reference
    _clock_init                               - Undefined Weak Reference
    _microlib_exit                            - Undefined Weak Reference
    __Vectors_Size                           0x000000c0   Number         0  startup_n32wb03x.o ABSOLUTE
    __Vectors                                0x01000000   Data           4  startup_n32wb03x.o(RESET)
    __Vectors_End                            0x010000c0   Data           0  startup_n32wb03x.o(RESET)
    __main                                   0x010000c1   Thumb Code     0  entry.o(.ARM.Collect$$$$00000000)
    _main_stk                                0x010000c1   Thumb Code     0  entry2.o(.ARM.Collect$$$$00000001)
    _main_scatterload                        0x010000c5   Thumb Code     0  entry5.o(.ARM.Collect$$$$00000004)
    __main_after_scatterload                 0x010000c9   Thumb Code     0  entry5.o(.ARM.Collect$$$$00000004)
    _main_clock                              0x010000c9   Thumb Code     0  entry7b.o(.ARM.Collect$$$$00000008)
    _main_cpp_init                           0x010000c9   Thumb Code     0  entry8b.o(.ARM.Collect$$$$0000000A)
    _main_init                               0x010000c9   Thumb Code     0  entry9a.o(.ARM.Collect$$$$0000000B)
    __rt_final_cpp                           0x010000d1   Thumb Code     0  entry10a.o(.ARM.Collect$$$$0000000D)
    __rt_final_exit                          0x010000d1   Thumb Code     0  entry11a.o(.ARM.Collect$$$$0000000F)
    __asm___17_system_n32wb03x_c_f233b82c____REV16 0x010000d5   Thumb Code     4  system_n32wb03x.o(.emb_text)
    __asm___17_system_n32wb03x_c_f233b82c____REVSH 0x010000d9   Thumb Code     4  system_n32wb03x.o(.emb_text)
    system_delay_cycles                      0x010000dd   Thumb Code     6  system_n32wb03x.o(.emb_text)
    Reset_Handler                            0x010000e5   Thumb Code     8  startup_n32wb03x.o(.text)
    ADC_IRQHandler                           0x010000f7   Thumb Code     0  startup_n32wb03x.o(.text)
    BLE_CRYPT_IRQHandler                     0x010000f7   Thumb Code     0  startup_n32wb03x.o(.text)
    BLE_ERROR_IRQHandler                     0x010000f7   Thumb Code     0  startup_n32wb03x.o(.text)
    BLE_FIFO_IRQHandler                      0x010000f7   Thumb Code     0  startup_n32wb03x.o(.text)
    BLE_FINETGT_IRQHandler                   0x010000f7   Thumb Code     0  startup_n32wb03x.o(.text)
    BLE_HSLOT_IRQHandler                     0x010000f7   Thumb Code     0  startup_n32wb03x.o(.text)
    BLE_SLP_IRQHandler                       0x010000f7   Thumb Code     0  startup_n32wb03x.o(.text)
    BLE_SW_IRQHandler                        0x010000f7   Thumb Code     0  startup_n32wb03x.o(.text)
    BLE_TIMESTAMP_TGT1_IRQHandler            0x010000f7   Thumb Code     0  startup_n32wb03x.o(.text)
    BLE_TIMESTAMP_TGT2_IRQHandler            0x010000f7   Thumb Code     0  startup_n32wb03x.o(.text)
    DMA_Channel1_2_3_4_IRQHandler            0x010000f7   Thumb Code     0  startup_n32wb03x.o(.text)
    DMA_Channel5_IRQHandler                  0x010000f7   Thumb Code     0  startup_n32wb03x.o(.text)
    EXTI0_1_IRQHandler                       0x010000f7   Thumb Code     0  startup_n32wb03x.o(.text)
    EXTI2_3_IRQHandler                       0x010000f7   Thumb Code     0  startup_n32wb03x.o(.text)
    EXTI4_12_IRQHandler                      0x010000f7   Thumb Code     0  startup_n32wb03x.o(.text)
    FLASH_IRQHandler                         0x010000f7   Thumb Code     0  startup_n32wb03x.o(.text)
    I2C1_IRQHandler                          0x010000f7   Thumb Code     0  startup_n32wb03x.o(.text)
    IRC_IRQHandler                           0x010000f7   Thumb Code     0  startup_n32wb03x.o(.text)
    KEYSCAN_IRQHandler                       0x010000f7   Thumb Code     0  startup_n32wb03x.o(.text)
    RCC_IRQHandler                           0x010000f7   Thumb Code     0  startup_n32wb03x.o(.text)
    RESERVED_IRQHandler                      0x010000f7   Thumb Code     0  startup_n32wb03x.o(.text)
    RTC_IRQHandler                           0x010000f7   Thumb Code     0  startup_n32wb03x.o(.text)
    SPI1_IRQHandler                          0x010000f7   Thumb Code     0  startup_n32wb03x.o(.text)
    SPI2_IRQHandler                          0x010000f7   Thumb Code     0  startup_n32wb03x.o(.text)
    TIM1_BRK_UP_TRG_COM_IRQHandler           0x010000f7   Thumb Code     0  startup_n32wb03x.o(.text)
    TIM1_CC_IRQHandler                       0x010000f7   Thumb Code     0  startup_n32wb03x.o(.text)
    TIM3_IRQHandler                          0x010000f7   Thumb Code     0  startup_n32wb03x.o(.text)
    TIM6_IRQHandler                          0x010000f7   Thumb Code     0  startup_n32wb03x.o(.text)
    USART1_IRQHandler                        0x010000f7   Thumb Code     0  startup_n32wb03x.o(.text)
    WWDG_IRQHandler                          0x010000f7   Thumb Code     0  startup_n32wb03x.o(.text)
    SystemTrimValueRead                      0x01000101   Thumb Code    60  system_n32wb03x.o(.text)
    SystemTrimValueGet                       0x0100013d   Thumb Code    54  system_n32wb03x.o(.text)
    SystemGetUUID                            0x01000173   Thumb Code    56  system_n32wb03x.o(.text)
    SystemGetMacAddr                         0x010001ab   Thumb Code    56  system_n32wb03x.o(.text)
    SystemInit                               0x010002d5   Thumb Code   172  system_n32wb03x.o(.text)
    SystemCoreClockUpdate                    0x01000381   Thumb Code     8  system_n32wb03x.o(.text)
    system_delay_n_10us                      0x01000389   Thumb Code    16  system_n32wb03x.o(.text)
    NVIC_Init                                0x010003c5   Thumb Code   106  misc.o(.text)
    SysTick_CLKSourceConfig                  0x0100042f   Thumb Code    58  misc.o(.text)
    GPIO_DeInit                              0x0100058d   Thumb Code    82  n32wb03x_gpio.o(.text)
    GPIO_DeInitPin                           0x010005df   Thumb Code   210  n32wb03x_gpio.o(.text)
    GPIO_AFIOInitDefault                     0x010006b1   Thumb Code    20  n32wb03x_gpio.o(.text)
    GPIO_InitPeripheral                      0x010006c5   Thumb Code   566  n32wb03x_gpio.o(.text)
    GPIO_InitStruct                          0x010008fb   Thumb Code    24  n32wb03x_gpio.o(.text)
    GPIO_ReadInputDataBit                    0x01000913   Thumb Code   496  n32wb03x_gpio.o(.text)
    GPIO_ReadInputData                       0x01000b03   Thumb Code    36  n32wb03x_gpio.o(.text)
    GPIO_ReadOutputDataBit                   0x01000b27   Thumb Code   114  n32wb03x_gpio.o(.text)
    GPIO_ReadOutputData                      0x01000b99   Thumb Code    36  n32wb03x_gpio.o(.text)
    GPIO_SetBits                             0x01000bbd   Thumb Code    98  n32wb03x_gpio.o(.text)
    GPIO_ResetBits                           0x01000c1f   Thumb Code    98  n32wb03x_gpio.o(.text)
    GPIO_WriteBit                            0x01000c81   Thumb Code   130  n32wb03x_gpio.o(.text)
    GPIO_Write                               0x01000d03   Thumb Code    36  n32wb03x_gpio.o(.text)
    GPIO_TogglePin                           0x01000d27   Thumb Code   138  n32wb03x_gpio.o(.text)
    GPIO_ConfigPinLock                       0x01000db1   Thumb Code   116  n32wb03x_gpio.o(.text)
    GPIO_ConfigEXTILine                      0x01000e25   Thumb Code   744  n32wb03x_gpio.o(.text)
    GPIO_ConfigPinRemap                      0x0100110d   Thumb Code   214  n32wb03x_gpio.o(.text)
    AFIO_ConfigSPINSSMode                    0x010011e3   Thumb Code    86  n32wb03x_gpio.o(.text)
    LPUART_DeInit                            0x010012d1   Thumb Code    56  n32wb03x_lpuart.o(.text)
    LPUART_ConfigSamplingMethod              0x01001309   Thumb Code    68  n32wb03x_lpuart.o(.text)
    LPUART_Init                              0x0100134d   Thumb Code   454  n32wb03x_lpuart.o(.text)
    LPUART_StructInit                        0x01001513   Thumb Code    24  n32wb03x_lpuart.o(.text)
    LPUART_GetFlagStatus                     0x0100152b   Thumb Code   100  n32wb03x_lpuart.o(.text)
    LPUART_FlushRxFifo                       0x0100158f   Thumb Code    54  n32wb03x_lpuart.o(.text)
    LPUART_ConfigInt                         0x010015c5   Thumb Code   136  n32wb03x_lpuart.o(.text)
    LPUART_EnableDMA                         0x0100164d   Thumb Code   560  n32wb03x_lpuart.o(.text)
    LPUART_ConfigWakeUpMethod                0x0100187d   Thumb Code    82  n32wb03x_lpuart.o(.text)
    LPUART_EnableWakeUpStop                  0x010018cf   Thumb Code    72  n32wb03x_lpuart.o(.text)
    LPUART_EnableLoopBack                    0x01001917   Thumb Code    72  n32wb03x_lpuart.o(.text)
    LPUART_SendData                          0x0100195f   Thumb Code    48  n32wb03x_lpuart.o(.text)
    LPUART_ReceiveData                       0x0100198f   Thumb Code    28  n32wb03x_lpuart.o(.text)
    LPUART_ConfigWakeUpData                  0x010019ab   Thumb Code    30  n32wb03x_lpuart.o(.text)
    LPUART_ClrFlag                           0x010019c9   Thumb Code    54  n32wb03x_lpuart.o(.text)
    LPUART_GetIntStatus                      0x010019ff   Thumb Code   140  n32wb03x_lpuart.o(.text)
    LPUART_ClrIntPendingBit                  0x01001a8b   Thumb Code    98  n32wb03x_lpuart.o(.text)
    RCC_DeInit                               0x01001bb5   Thumb Code    76  n32wb03x_rcc.o(.text)
    RCC_ConfigHse                            0x01001c01   Thumb Code    72  n32wb03x_rcc.o(.text)
    RCC_GetFlagStatus                        0x01001c49   Thumb Code   108  n32wb03x_rcc.o(.text)
    RCC_WaitHseStable                        0x01001cb5   Thumb Code    60  n32wb03x_rcc.o(.text)
    RCC_ConfigHsi                            0x01001cf1   Thumb Code    60  n32wb03x_rcc.o(.text)
    RCC_WaitHsiStable                        0x01001d2d   Thumb Code    60  n32wb03x_rcc.o(.text)
    RCC_EnableHsi                            0x01001d69   Thumb Code    56  n32wb03x_rcc.o(.text)
    RCC_ConfigSysclk                         0x01001da1   Thumb Code    48  n32wb03x_rcc.o(.text)
    RCC_GetSysclkSrc                         0x01001dd1   Thumb Code    10  n32wb03x_rcc.o(.text)
    RCC_ConfigHclk                           0x01001ddb   Thumb Code    56  n32wb03x_rcc.o(.text)
    RCC_ConfigPclk1                          0x01001e13   Thumb Code    82  n32wb03x_rcc.o(.text)
    RCC_ConfigPclk2                          0x01001e65   Thumb Code    80  n32wb03x_rcc.o(.text)
    RCC_ConfigInt                            0x01001eb5   Thumb Code    90  n32wb03x_rcc.o(.text)
    RCC_ConfigTim1Clk                        0x01001f0f   Thumb Code    52  n32wb03x_rcc.o(.text)
    RCC_ConfigAdcClk                         0x01001f43   Thumb Code    52  n32wb03x_rcc.o(.text)
    RCC_ConfigLpuartClk                      0x01001f77   Thumb Code   418  n32wb03x_rcc.o(.text)
    RCC_GetLpuartClkSrc                      0x01002119   Thumb Code    12  n32wb03x_rcc.o(.text)
    RCC_EnableLpuartClk                      0x01002125   Thumb Code    60  n32wb03x_rcc.o(.text)
    RCC_ConfigLse                            0x01002161   Thumb Code    84  n32wb03x_rcc.o(.text)
    RCC_EnableLsi                            0x010021b5   Thumb Code    58  n32wb03x_rcc.o(.text)
    RCC_ConfigLSXSEL                         0x010021ef   Thumb Code    48  n32wb03x_rcc.o(.text)
    RCC_GetRTCClkSrc                         0x0100221f   Thumb Code    10  n32wb03x_rcc.o(.text)
    RCC_EnableRtcClk                         0x01002229   Thumb Code    60  n32wb03x_rcc.o(.text)
    RCC_EnableRTCReset                       0x01002265   Thumb Code    62  n32wb03x_rcc.o(.text)
    RCC_GetClocksFreqValue                   0x010022a3   Thumb Code   140  n32wb03x_rcc.o(.text)
    RCC_EnableAHBPeriphClk                   0x0100232f   Thumb Code    82  n32wb03x_rcc.o(.text)
    RCC_EnableAPB2PeriphClk                  0x01002381   Thumb Code    82  n32wb03x_rcc.o(.text)
    RCC_EnableAPB1PeriphClk                  0x010023d3   Thumb Code    82  n32wb03x_rcc.o(.text)
    RCC_EnableAHBPeriphReset                 0x01002425   Thumb Code    80  n32wb03x_rcc.o(.text)
    RCC_EnableAPB2PeriphReset                0x01002475   Thumb Code   384  n32wb03x_rcc.o(.text)
    RCC_EnableAPB1PeriphReset                0x010025f5   Thumb Code    80  n32wb03x_rcc.o(.text)
    RCC_ConfigMco                            0x01002645   Thumb Code    74  n32wb03x_rcc.o(.text)
    RCC_ClrFlag                              0x0100268f   Thumb Code    24  n32wb03x_rcc.o(.text)
    RCC_GetIntStatus                         0x010026a7   Thumb Code    56  n32wb03x_rcc.o(.text)
    RCC_ClrIntPendingBit                     0x010026df   Thumb Code    56  n32wb03x_rcc.o(.text)
    RCC_Enable_ADC_CLK_SRC_AUDIOPLL          0x01002717   Thumb Code    60  n32wb03x_rcc.o(.text)
    DBG_ConfigPeriph                         0x01002753   Thumb Code    36  n32wb03x_rcc.o(.text)
    USART_DeInit                             0x01002801   Thumb Code    74  n32wb03x_usart.o(.text)
    USART_Init                               0x0100284b   Thumb Code   420  n32wb03x_usart.o(.text)
    USART_StructInit                         0x010029ef   Thumb Code    24  n32wb03x_usart.o(.text)
    USART_ClockInit                          0x01002a07   Thumb Code   180  n32wb03x_usart.o(.text)
    USART_ClockStructInit                    0x01002abb   Thumb Code    12  n32wb03x_usart.o(.text)
    USART_Enable                             0x01002ac7   Thumb Code    80  n32wb03x_usart.o(.text)
    USART_ConfigInt                          0x01002b17   Thumb Code   832  n32wb03x_usart.o(.text)
    USART_EnableDMA                          0x01002e57   Thumb Code   102  n32wb03x_usart.o(.text)
    USART_SetAddr                            0x01002ebd   Thumb Code    68  n32wb03x_usart.o(.text)
    USART_ConfigWakeUpMode                   0x01002f01   Thumb Code    74  n32wb03x_usart.o(.text)
    USART_EnableRcvWakeUp                    0x01002f4b   Thumb Code    80  n32wb03x_usart.o(.text)
    USART_ConfigLINBreakDetectLength         0x01002f9b   Thumb Code    72  n32wb03x_usart.o(.text)
    USART_EnableLIN                          0x01002fe3   Thumb Code    78  n32wb03x_usart.o(.text)
    USART_SendData                           0x01003031   Thumb Code    62  n32wb03x_usart.o(.text)
    USART_ReceiveData                        0x0100306f   Thumb Code    38  n32wb03x_usart.o(.text)
    USART_SendBreak                          0x01003095   Thumb Code    40  n32wb03x_usart.o(.text)
    USART_SetGuardTime                       0x010030bd   Thumb Code    50  n32wb03x_usart.o(.text)
    USART_SetPrescaler                       0x010030ef   Thumb Code    50  n32wb03x_usart.o(.text)
    USART_EnableSmartCard                    0x01003121   Thumb Code    82  n32wb03x_usart.o(.text)
    USART_SetSmartCardNACK                   0x01003173   Thumb Code    82  n32wb03x_usart.o(.text)
    USART_EnableHalfDuplex                   0x010031c5   Thumb Code    80  n32wb03x_usart.o(.text)
    USART_ConfigIrDAMode                     0x01003215   Thumb Code   290  n32wb03x_usart.o(.text)
    USART_EnableIrDA                         0x01003337   Thumb Code    80  n32wb03x_usart.o(.text)
    USART_GetFlagStatus                      0x01003387   Thumb Code   148  n32wb03x_usart.o(.text)
    USART_ClrFlag                            0x0100341b   Thumb Code   106  n32wb03x_usart.o(.text)
    USART_GetIntStatus                       0x01003485   Thumb Code   232  n32wb03x_usart.o(.text)
    USART_ClrIntPendingBit                   0x0100356d   Thumb Code   122  n32wb03x_usart.o(.text)
    Buffercmp                                0x010036b9   Thumb Code    36  main.o(.text)
    GPIO_Configuration                       0x010036dd   Thumb Code    92  main.o(.text)
    NVIC_Configuration                       0x01003739   Thumb Code    38  main.o(.text)
    RCC_Configuration                        0x0100375f   Thumb Code    76  main.o(.text)
    main                                     0x010037ab   Thumb Code   248  main.o(.text)
    NMI_Handler                              0x01003961   Thumb Code     2  n32wb03x_it.o(.text)
    HardFault_Handler                        0x01003963   Thumb Code     4  n32wb03x_it.o(.text)
    SVC_Handler                              0x01003967   Thumb Code     2  n32wb03x_it.o(.text)
    PendSV_Handler                           0x01003969   Thumb Code     2  n32wb03x_it.o(.text)
    SysTick_Handler                          0x0100396b   Thumb Code     2  n32wb03x_it.o(.text)
    LPUART1_IRQHandler                       0x0100396d   Thumb Code   134  n32wb03x_it.o(.text)
    USART2_IRQHandler                        0x010039f3   Thumb Code   114  n32wb03x_it.o(.text)
    gpio_starup_deinit                       0x01003aa1   Thumb Code   122  log.o(.text)
    log_init                                 0x01003b1b   Thumb Code   108  log.o(.text)
    fputc                                    0x01003b87   Thumb Code    92  log.o(.text)
    log_buff                                 0x01003be3   Thumb Code    60  log.o(.text)
    Delay                                    0x01003c1f   Thumb Code    14  log.o(.text)
    Delay_ms                                 0x01003c2d   Thumb Code    16  log.o(.text)
    assert_failed                            0x01003c3d   Thumb Code    22  log.o(.text)
    __aeabi_uidiv                            0x01003c95   Thumb Code     0  uidiv.o(.text)
    __aeabi_uidivmod                         0x01003c95   Thumb Code    44  uidiv.o(.text)
    __aeabi_memcpy                           0x01003cc1   Thumb Code    36  memcpya.o(.text)
    __aeabi_memcpy4                          0x01003cc1   Thumb Code     0  memcpya.o(.text)
    __aeabi_memcpy8                          0x01003cc1   Thumb Code     0  memcpya.o(.text)
    __aeabi_uldivmod                         0x01003ce5   Thumb Code    96  uldiv.o(.text)
    __scatterload                            0x01003d45   Thumb Code    28  init.o(.text)
    __scatterload_rt2                        0x01003d45   Thumb Code     0  init.o(.text)
    __aeabi_llsl                             0x01003d69   Thumb Code    32  llshl.o(.text)
    _ll_shift_l                              0x01003d69   Thumb Code     0  llshl.o(.text)
    __aeabi_llsr                             0x01003d89   Thumb Code    34  llushr.o(.text)
    _ll_ushift_r                             0x01003d89   Thumb Code     0  llushr.o(.text)
    __0printf$8                              0x01003dad   Thumb Code    24  printf8.o(i.__0printf$8)
    __1printf$8                              0x01003dad   Thumb Code     0  printf8.o(i.__0printf$8)
    __2printf                                0x01003dad   Thumb Code     0  printf8.o(i.__0printf$8)
    __ARM_common_switch8                     0x01003dcd   Thumb Code    28  n32wb03x_gpio.o(i.__ARM_common_switch8)
    __scatterload_copy                       0x01003de9   Thumb Code    14  handlers.o(i.__scatterload_copy)
    __scatterload_null                       0x01003df7   Thumb Code     2  handlers.o(i.__scatterload_null)
    __scatterload_zeroinit                   0x01003df9   Thumb Code    14  handlers.o(i.__scatterload_zeroinit)
    TRIM_READ_CMD_CODE                       0x0100427c   Data         320  system_n32wb03x.o(.constdata)
    Region$$Table$$Base                      0x010045cc   Number         0  anon$$obj.o(Region$$Table)
    Region$$Table$$Limit                     0x010045ec   Number         0  anon$$obj.o(Region$$Table)
    SystemCoreClock                          0x20000000   Data           4  system_n32wb03x.o(.data)
    TxBuffer1                                0x20000004   Data          61  main.o(.data)
    TxBuffer2                                0x20000041   Data          61  main.o(.data)
    TxCounter1                               0x2000007e   Data           1  main.o(.data)
    TxCounter2                               0x2000007f   Data           1  main.o(.data)
    RxCounter1                               0x20000080   Data           1  main.o(.data)
    RxCounter2                               0x20000081   Data           1  main.o(.data)
    NbrOfDataToTransfer1                     0x20000082   Data           1  main.o(.data)
    NbrOfDataToTransfer2                     0x20000083   Data           1  main.o(.data)
    NbrOfDataToRead1                         0x20000084   Data           1  main.o(.data)
    NbrOfDataToRead2                         0x20000085   Data           1  main.o(.data)
    TransferStatus1                          0x20000086   Data           1  main.o(.data)
    TransferStatus2                          0x20000087   Data           1  main.o(.data)
    __stdout                                 0x2000008c   Data           4  stdout.o(.data)
    trim_stored                              0x20000090   Data          52  system_n32wb03x.o(.bss)
    LPUART_InitStructure                     0x200000c4   Data          12  main.o(.bss)
    USART_InitStructure                      0x200000d0   Data          16  main.o(.bss)
    RxBuffer1                                0x200000e0   Data          61  main.o(.bss)
    RxBuffer2                                0x2000011d   Data          61  main.o(.bss)
    __initial_sp                             0x20000960   Data           0  startup_n32wb03x.o(STACK)



==============================================================================

Memory Map of the image

  Image Entry point : 0x010000c1

  Load Region LR_IROM1 (Base: 0x01000000, Size: 0x0000467c, Max: 0x00040000, ABSOLUTE)

    Execution Region ER_IROM1 (Base: 0x01000000, Size: 0x000045ec, Max: 0x00040000, ABSOLUTE)

    Base Addr    Size         Type   Attr      Idx    E Section Name        Object

    0x01000000   0x000000c0   Data   RO            3    RESET               startup_n32wb03x.o
    0x010000c0   0x00000000   Code   RO          283  * .ARM.Collect$$$$00000000  mc_p.l(entry.o)
    0x010000c0   0x00000004   Code   RO          553    .ARM.Collect$$$$00000001  mc_p.l(entry2.o)
    0x010000c4   0x00000004   Code   RO          556    .ARM.Collect$$$$00000004  mc_p.l(entry5.o)
    0x010000c8   0x00000000   Code   RO          558    .ARM.Collect$$$$00000008  mc_p.l(entry7b.o)
    0x010000c8   0x00000000   Code   RO          560    .ARM.Collect$$$$0000000A  mc_p.l(entry8b.o)
    0x010000c8   0x00000008   Code   RO          561    .ARM.Collect$$$$0000000B  mc_p.l(entry9a.o)
    0x010000d0   0x00000000   Code   RO          563    .ARM.Collect$$$$0000000D  mc_p.l(entry10a.o)
    0x010000d0   0x00000000   Code   RO          565    .ARM.Collect$$$$0000000F  mc_p.l(entry11a.o)
    0x010000d0   0x00000004   Code   RO          554    .ARM.Collect$$$$00002712  mc_p.l(entry2.o)
    0x010000d4   0x0000000e   Code   RO           10    .emb_text           system_n32wb03x.o
    0x010000e2   0x00000002   PAD
    0x010000e4   0x0000001c   Code   RO            4    .text               startup_n32wb03x.o
    0x01000100   0x000002c4   Code   RO           11    .text               system_n32wb03x.o
    0x010003c4   0x000001c8   Code   RO          117    .text               misc.o
    0x0100058c   0x00000d44   Code   RO          144    .text               n32wb03x_gpio.o
    0x010012d0   0x000008e4   Code   RO          163    .text               n32wb03x_lpuart.o
    0x01001bb4   0x00000c4c   Code   RO          180    .text               n32wb03x_rcc.o
    0x01002800   0x00000eb8   Code   RO          199    .text               n32wb03x_usart.o
    0x010036b8   0x000002a8   Code   RO          216    .text               main.o
    0x01003960   0x00000140   Code   RO          246    .text               n32wb03x_it.o
    0x01003aa0   0x000001f4   Code   RO          266    .text               log.o
    0x01003c94   0x0000002c   Code   RO          286    .text               mc_p.l(uidiv.o)
    0x01003cc0   0x00000024   Code   RO          288    .text               mc_p.l(memcpya.o)
    0x01003ce4   0x00000060   Code   RO          568    .text               mc_p.l(uldiv.o)
    0x01003d44   0x00000024   Code   RO          581    .text               mc_p.l(init.o)
    0x01003d68   0x00000020   Code   RO          583    .text               mc_p.l(llshl.o)
    0x01003d88   0x00000022   Code   RO          585    .text               mc_p.l(llushr.o)
    0x01003daa   0x00000002   PAD
    0x01003dac   0x00000020   Code   RO          499    i.__0printf$8       mc_p.l(printf8.o)
    0x01003dcc   0x0000001c   Code   RO          157    i.__ARM_common_switch8  n32wb03x_gpio.o
    0x01003de8   0x0000000e   Code   RO          595    i.__scatterload_copy  mc_p.l(handlers.o)
    0x01003df6   0x00000002   Code   RO          596    i.__scatterload_null  mc_p.l(handlers.o)
    0x01003df8   0x0000000e   Code   RO          597    i.__scatterload_zeroinit  mc_p.l(handlers.o)
    0x01003e06   0x00000002   PAD
    0x01003e08   0x00000428   Code   RO          506    i._printf_core      mc_p.l(printf8.o)
    0x01004230   0x00000020   Code   RO          507    i._printf_post_padding  mc_p.l(printf8.o)
    0x01004250   0x0000002c   Code   RO          508    i._printf_pre_padding  mc_p.l(printf8.o)
    0x0100427c   0x00000140   Data   RO           13    .constdata          system_n32wb03x.o
    0x010043bc   0x0000000c   Data   RO          181    .constdata          n32wb03x_rcc.o
    0x010043c8   0x00000041   Data   RO          118    .conststring        misc.o
    0x01004409   0x00000003   PAD
    0x0100440c   0x0000004a   Data   RO          145    .conststring        n32wb03x_gpio.o
    0x01004456   0x00000002   PAD
    0x01004458   0x00000094   Data   RO          164    .conststring        n32wb03x_lpuart.o
    0x010044ec   0x00000049   Data   RO          182    .conststring        n32wb03x_rcc.o
    0x01004535   0x00000003   PAD
    0x01004538   0x00000093   Data   RO          200    .conststring        n32wb03x_usart.o
    0x010045cb   0x00000001   PAD
    0x010045cc   0x00000020   Data   RO          593    Region$$Table       anon$$obj.o


    Execution Region RW_IRAM1 (Base: 0x20000000, Size: 0x00000960, Max: 0x0000c000, ABSOLUTE)

    Base Addr    Size         Type   Attr      Idx    E Section Name        Object

    0x20000000   0x00000004   Data   RW           14    .data               system_n32wb03x.o
    0x20000004   0x00000084   Data   RW          218    .data               main.o
    0x20000088   0x00000004   Data   RW          267    .data               log.o
    0x2000008c   0x00000004   Data   RW          567    .data               mc_p.l(stdout.o)
    0x20000090   0x00000034   Zero   RW           12    .bss                system_n32wb03x.o
    0x200000c4   0x00000096   Zero   RW          217    .bss                main.o
    0x2000015a   0x00000006   PAD
    0x20000160   0x00000800   Zero   RW            1    STACK               startup_n32wb03x.o


==============================================================================

Image component sizes


      Code (inc. data)   RO Data    RW Data    ZI Data      Debug   Object Name

       500         66          0          4          0       3030   log.o
       680        190          0        132        150       5696   main.o
       456        182         65          0          0       7656   misc.o
      3424        684         74          0          0       6767   n32wb03x_gpio.o
       320         60          0          0          0       1276   n32wb03x_it.o
      2276        662        148          0          0       6402   n32wb03x_lpuart.o
      3148        776         85          0          0       9657   n32wb03x_rcc.o
      3768       1036        147          0          0       9643   n32wb03x_usart.o
        28          8        192          0       2048        808   startup_n32wb03x.o
       722         44        320          4         52     119478   system_n32wb03x.o

    ----------------------------------------------------------------------
     15324       3708       1072        140       2256     170413   Object Totals
         0          0         32          0          0          0   (incl. Generated)
         2          0          9          0          6          0   (incl. Padding)

    ----------------------------------------------------------------------

      Code (inc. data)   RO Data    RW Data    ZI Data      Debug   Library Member Name

         0          0          0          0          0          0   entry.o
         0          0          0          0          0          0   entry10a.o
         0          0          0          0          0          0   entry11a.o
         8          4          0          0          0          0   entry2.o
         4          0          0          0          0          0   entry5.o
         0          0          0          0          0          0   entry7b.o
         0          0          0          0          0          0   entry8b.o
         8          4          0          0          0          0   entry9a.o
        30          0          0          0          0          0   handlers.o
        36          8          0          0          0         68   init.o
        32          0          0          0          0         68   llshl.o
        34          0          0          0          0         68   llushr.o
        36          0          0          0          0         60   memcpya.o
      1172         52          0          0          0        324   printf8.o
         0          0          0          4          0          0   stdout.o
        44          0          0          0          0         72   uidiv.o
        96          0          0          0          0         84   uldiv.o

    ----------------------------------------------------------------------
      1504         68          0          4          0        744   Library Totals
         4          0          0          0          0          0   (incl. Padding)

    ----------------------------------------------------------------------

      Code (inc. data)   RO Data    RW Data    ZI Data      Debug   Library Name

      1500         68          0          4          0        744   mc_p.l

    ----------------------------------------------------------------------
      1504         68          0          4          0        744   Library Totals

    ----------------------------------------------------------------------

==============================================================================


      Code (inc. data)   RO Data    RW Data    ZI Data      Debug   

     16828       3776       1072        144       2256     170289   Grand Totals
     16828       3776       1072        144       2256     170289   ELF Image Totals
     16828       3776       1072        144          0          0   ROM Totals

==============================================================================

    Total RO  Size (Code + RO Data)                17900 (  17.48kB)
    Total RW  Size (RW Data + ZI Data)              2400 (   2.34kB)
    Total ROM Size (Code + RO Data + RW Data)      18044 (  17.62kB)

==============================================================================

