<html>
<body>
<pre>
<h1>礦ision Build Log</h1>
<h2>Tool Versions:</h2>
IDE-Version: μVision V5.38.0.0
Copyright (C) 2022 ARM Ltd and ARM Germany GmbH. All rights reserved.
License Information: 1 sangjian, 1, LIC=EXJT4-FG152-UH18H-WTNZH-TR57V-EUX1Y
 
Tool Versions:
Toolchain:       MDK-ARM Plus  Version: 5.14.0.0
Toolchain Path:  C:\Keil_v5\ARM\ARMCC\Bin
C Compiler:      Armcc.exe V5.05 update 1 (build 106)
Assembler:       Armasm.exe V5.05 update 1 (build 106)
Linker/Locator:  ArmLink.exe V5.05 update 1 (build 106)
Library Manager: ArmAr.exe V5.05 update 1 (build 106)
Hex Converter:   FromElf.exe V5.05 update 1 (build 106)
CPU DLL:         SARMCM3.DLL V5.14.0.0
Dialog DLL:      DCM.DLL V1.13.1.0
Target DLL:      Segger\JL2CM3.dll V2.99.13.0
Dialog DLL:      TCM.DLL V1.14.4.0
 
<h2>Project:</h2>
I:\智能电表\软件代码\单相4P带屏幕\20251223 - 带Lvgl\N32G457REL7\MDK-ARM\bmHttpServer.uvprojx
Project File Date:  12/23/2025

<h2>Output:</h2>
*** Using Compiler 'V5.05 update 1 (build 106)', folder: 'C:\Keil_v5\ARM\ARMCC\Bin'
Build target 'N32G45x'
compiling BL0942.c...
compiling main.c...
compiling typechange.c...
compiling V_Timer.c...
compiling RS485.c...
compiling EPROM.c...
compiling bsp.c...
compiling Relay.c...
compiling CircularQueue.c...
compiling lv_disp.c...
compiling usart.c...
compiling TFT.c...
..\USR\TFT.c(1242): warning:  #1-D: last line of file ends without a newline
  }
..\USR\TFT.c: 1 warning, 0 errors
compiling lv_group.c...
compiling lv_draw.c...
compiling lv_style.c...
compiling lv_draw_arc.c...
compiling lv_refr.c...
compiling lv_indev.c...
compiling lv_draw_basic.c...
compiling lv_draw_label.c...
compiling lv_draw_img.c...
compiling lv_img_cache.c...
compiling lv_obj.c...
compiling lv_draw_triangle.c...
compiling lv_draw_line.c...
compiling lv_font_fmt_txt.c...
compiling lv_font.c...
compiling lv_img_decoder.c...
compiling lv_font_roboto_12.c...
compiling lv_hal_tick.c...
compiling lv_hal_indev.c...
compiling lv_font_roboto_22.c...
compiling lv_font_roboto_16.c...
compiling lv_hal_disp.c...
compiling lv_font_roboto_28.c...
compiling lv_font_unscii_8.c...
compiling lv_anim.c...
compiling lv_area.c...
compiling lv_draw_rect.c...
compiling lv_async.c...
compiling lv_color.c...
compiling lv_fs.c...
compiling lv_circ.c...
compiling lv_log.c...
compiling lv_gc.c...
compiling lv_ll.c...
compiling lv_mem.c...
compiling lv_task.c...
compiling lv_txt.c...
compiling lv_arc.c...
compiling lv_bar.c...
compiling lv_cb.c...
compiling lv_btn.c...
compiling Key.c...
compiling lv_canvas.c...
compiling lv_calendar.c...
compiling lv_btnm.c...
compiling lv_cont.c...
compiling Nbiot.c...
compiling lv_ddlist.c...
compiling lv_imgbtn.c...
compiling lv_gauge.c...
compiling lv_img.c...
compiling lv_chart.c...
compiling lv_led.c...
compiling lv_kb.c...
compiling lv_line.c...
compiling lv_lmeter.c...
compiling lv_list.c...
compiling lv_label.c...
compiling lv_mbox.c...
compiling lv_preload.c...
compiling lv_slider.c...
compiling lv_roller.c...
compiling lv_spinbox.c...
compiling lv_sw.c...
compiling lv_page.c...
compiling lv_theme.c...
compiling lv_tileview.c...
compiling lv_table.c...
compiling lv_win.c...
compiling lv_ta.c...
compiling lv_tabview.c...
compiling lv_theme_default.c...
compiling lv_theme_mono.c...
compiling lv_theme_alien.c...
compiling lv_theme_templ.c...
compiling lv_theme_material.c...
compiling lv_theme_nemo.c...
compiling lv_theme_night.c...
compiling lv_theme_zen.c...
compiling lv_port_indev.c...
..\GUI\lvgl_driver\lv_port_indev.c(356): warning:  #177-D: function "encoder_handler" was declared but never referenced
  static void encoder_handler(void)
..\GUI\lvgl_driver\lv_port_indev.c: 1 warning, 0 errors
compiling lv_test_theme_1.c...
compiling demo.c...
..\GUI\lv_examples\lv_apps\demo\demo.c(124): warning:  #167-D: argument of type "void (*)(void *)" is incompatible with parameter of type "lv_task_cb_t"
      lv_task_create(tab_switcher, 3000, LV_TASK_PRIO_MID, tv);
..\GUI\lv_examples\lv_apps\demo\demo.c: 1 warning, 0 errors
compiling img_bubble_pattern.c...
compiling lv_port_disp.c...
linking...
Program Size: Code=124888 RO-data=11548 RW-data=4452 ZI-data=57540  
FromELF: creating hex file...
After Build - User command #1: fromelf --bin --output=.\bin\bmHttpServer.bin .\Objects\bmHttpServer.axf
".\Objects\bmHttpServer.axf" - 0 Error(s), 3 Warning(s).

<h2>Software Packages used:</h2>

Package Vendor: Nationstech
                http://www.keil.com/pack/Nationstech.N32G45x_DFP.1.0.1.pack
                Nationstech.N32G45x_DFP.1.0.1
                Nationstech N32G45x Series Device Support, Drivers and Examples

<h2>Collection of Component include folders:</h2>
  C:/Keil_v5/ARM/Pack/Nationstech/N32G45x_DFP/1.0.1/firmware/CMSIS/device

<h2>Collection of Component Files used:</h2>
Build Time Elapsed:  00:00:09
</pre>
</body>
</html>
