Component: ARM Compiler 5.05 update 1 (build 106) Tool: armlink [4d0efa]

==============================================================================

Section Cross References

    startup_n32g45x.o(RESET) refers to startup_n32g45x.o(STACK) for __initial_sp
    startup_n32g45x.o(RESET) refers to startup_n32g45x.o(.text) for Reset_Handler
    startup_n32g45x.o(RESET) refers to n32g45x_it.o(i.NMI_Handler) for NMI_Handler
    startup_n32g45x.o(RESET) refers to n32g45x_it.o(i.HardFault_Handler) for HardFault_Handler
    startup_n32g45x.o(RESET) refers to n32g45x_it.o(i.MemManage_Handler) for MemManage_Handler
    startup_n32g45x.o(RESET) refers to n32g45x_it.o(i.BusFault_Handler) for BusFault_Handler
    startup_n32g45x.o(RESET) refers to n32g45x_it.o(i.UsageFault_Handler) for UsageFault_Handler
    startup_n32g45x.o(RESET) refers to n32g45x_it.o(i.DebugMon_Handler) for DebugMon_Handler
    startup_n32g45x.o(RESET) refers to n32g45x_it.o(i.SysTick_Handler) for SysTick_Handler
    startup_n32g45x.o(RESET) refers to n32g45x_it.o(i.EXTI2_IRQHandler) for EXTI2_IRQHandler
    startup_n32g45x.o(RESET) refers to usart.o(i.USART2_IRQHandler) for USART2_IRQHandler
    startup_n32g45x.o(RESET) refers to usart.o(i.USART3_IRQHandler) for USART3_IRQHandler
    startup_n32g45x.o(RESET) refers to usart.o(i.UART4_IRQHandler) for UART4_IRQHandler
    startup_n32g45x.o(RESET) refers to bsp.o(i.TIM6_IRQHandler) for TIM6_IRQHandler
    startup_n32g45x.o(.text) refers to system_n32g45x.o(i.SystemInit) for SystemInit
    startup_n32g45x.o(.text) refers to entry.o(.ARM.Collect$$$$00000000) for __main
    system_n32g45x.o(i.SystemCoreClockUpdate) refers to system_n32g45x.o(.data) for .data
    system_n32g45x.o(i.SystemCoreClockUpdate) refers to system_n32g45x.o(.constdata) for .constdata
    system_n32g45x.o(i.SystemInit) refers to system_n32g45x.o(.data) for .data
    misc.o(i.NVIC_Init) refers to log.o(i.assert_failed) for assert_failed
    misc.o(i.NVIC_Init) refers to misc.o(.conststring) for .conststring
    misc.o(i.NVIC_PriorityGroupConfig) refers to log.o(i.assert_failed) for assert_failed
    misc.o(i.NVIC_SetVectorTable) refers to log.o(i.assert_failed) for assert_failed
    misc.o(i.NVIC_SystemLPConfig) refers to log.o(i.assert_failed) for assert_failed
    misc.o(i.SysTick_CLKSourceConfig) refers to log.o(i.assert_failed) for assert_failed
    n32g45x_gpio.o(i.GPIO_AFIOInitDefault) refers to n32g45x_rcc.o(i.RCC_EnableAPB2PeriphReset) for RCC_EnableAPB2PeriphReset
    n32g45x_gpio.o(i.GPIO_ConfigEXTILine) refers to log.o(i.assert_failed) for assert_failed
    n32g45x_gpio.o(i.GPIO_ConfigEventOutput) refers to log.o(i.assert_failed) for assert_failed
    n32g45x_gpio.o(i.GPIO_ConfigPinLock) refers to log.o(i.assert_failed) for assert_failed
    n32g45x_gpio.o(i.GPIO_ConfigPinRemap) refers to log.o(i.assert_failed) for assert_failed
    n32g45x_gpio.o(i.GPIO_CtrlEventOutput) refers to log.o(i.assert_failed) for assert_failed
    n32g45x_gpio.o(i.GPIO_DeInit) refers to log.o(i.assert_failed) for assert_failed
    n32g45x_gpio.o(i.GPIO_DeInit) refers to n32g45x_rcc.o(i.RCC_EnableAPB2PeriphReset) for RCC_EnableAPB2PeriphReset
    n32g45x_gpio.o(i.GPIO_ETH_ConfigMediaInterface) refers to log.o(i.assert_failed) for assert_failed
    n32g45x_gpio.o(i.GPIO_InitPeripheral) refers to log.o(i.assert_failed) for assert_failed
    n32g45x_gpio.o(i.GPIO_ReadInputData) refers to log.o(i.assert_failed) for assert_failed
    n32g45x_gpio.o(i.GPIO_ReadInputDataBit) refers to log.o(i.assert_failed) for assert_failed
    n32g45x_gpio.o(i.GPIO_ReadOutputData) refers to log.o(i.assert_failed) for assert_failed
    n32g45x_gpio.o(i.GPIO_ReadOutputDataBit) refers to log.o(i.assert_failed) for assert_failed
    n32g45x_gpio.o(i.GPIO_ResetBits) refers to log.o(i.assert_failed) for assert_failed
    n32g45x_gpio.o(i.GPIO_SetBits) refers to log.o(i.assert_failed) for assert_failed
    n32g45x_gpio.o(i.GPIO_SetBitsHigh16) refers to log.o(i.assert_failed) for assert_failed
    n32g45x_gpio.o(i.GPIO_Write) refers to log.o(i.assert_failed) for assert_failed
    n32g45x_gpio.o(i.GPIO_WriteBit) refers to log.o(i.assert_failed) for assert_failed
    n32g45x_flash.o(i.FLASH_ClearFlag) refers to log.o(i.assert_failed) for assert_failed
    n32g45x_flash.o(i.FLASH_ConfigUserOB) refers to log.o(i.assert_failed) for assert_failed
    n32g45x_flash.o(i.FLASH_ConfigUserOB) refers to n32g45x_flash.o(i.FLASH_GetReadOutProtectionL2STS) for FLASH_GetReadOutProtectionL2STS
    n32g45x_flash.o(i.FLASH_ConfigUserOB) refers to n32g45x_flash.o(i.FLASH_ClearFlag) for FLASH_ClearFlag
    n32g45x_flash.o(i.FLASH_ConfigUserOB) refers to n32g45x_flash.o(i.FLASH_WaitForLastOpt) for FLASH_WaitForLastOpt
    n32g45x_flash.o(i.FLASH_EnWriteProtection) refers to log.o(i.assert_failed) for assert_failed
    n32g45x_flash.o(i.FLASH_EnWriteProtection) refers to n32g45x_flash.o(i.FLASH_GetReadOutProtectionL2STS) for FLASH_GetReadOutProtectionL2STS
[...]
    i.Modbus_ReadDI                          0x08003c8c   Section        0  modbus.o(i.Modbus_ReadDI)
    i.Modbus_Readremain                      0x08003cac   Section        0  modbus.o(i.Modbus_Readremain)
    i.Modbus_WirteDI                         0x08003cb8   Section        0  modbus.o(i.Modbus_WirteDI)
    i.Modbus_WrieteInput                     0x08003ce4   Section        0  modbus.o(i.Modbus_WrieteInput)
    i.Modbus_Wrietemain                      0x08003cf0   Section        0  modbus.o(i.Modbus_Wrietemain)
    i.MqttrecedataHandle                     0x08003cfc   Section        0  mqtt.o(i.MqttrecedataHandle)
    i.NB_Check_TimeOutTimer                  0x08003dfc   Section        0  nbiot.o(i.NB_Check_TimeOutTimer)
    i.NB_ClearRxBuf                          0x08003e14   Section        0  nbiot.o(i.NB_ClearRxBuf)
    i.NB_Set_TimeOut                         0x08003e34   Section        0  nbiot.o(i.NB_Set_TimeOut)
    i.NMI_Handler                            0x08003e40   Section        0  n32g45x_it.o(i.NMI_Handler)
    i.NVIC_Configuration                     0x08003e42   Section        0  usart.o(i.NVIC_Configuration)
    i.NVIC_Init                              0x08003ec4   Section        0  misc.o(i.NVIC_Init)
    i.NVIC_PriorityGroupConfig               0x08003fe0   Section        0  misc.o(i.NVIC_PriorityGroupConfig)
    i.PWR_BackupAccessEnable                 0x0800407c   Section        0  n32g45x_pwr.o(i.PWR_BackupAccessEnable)
    i.QueryLteState                          0x080040f0   Section        0  nbiot.o(i.QueryLteState)
    i.Query_Network_Attach_Status            0x080040fc   Section        0  nbiot.o(i.Query_Network_Attach_Status)
    i.Query_Network_Reg_Status               0x0800419c   Section        0  nbiot.o(i.Query_Network_Reg_Status)
    i.Query_Sim                              0x0800423c   Section        0  nbiot.o(i.Query_Sim)
    i.QueueInit                              0x080044ac   Section        0  circularqueue.o(i.QueueInit)
    i.Queue_len                              0x080044dc   Section        0  circularqueue.o(i.Queue_len)
    i.RCC_ConfigLse                          0x080044ec   Section        0  n32g45x_rcc.o(i.RCC_ConfigLse)
    i.RCC_ConfigPclk1                        0x08004578   Section        0  n32g45x_rcc.o(i.RCC_ConfigPclk1)
    i.RCC_ConfigRtcClk                       0x08004608   Section        0  n32g45x_rcc.o(i.RCC_ConfigRtcClk)
    i.RCC_EnableAPB1PeriphClk                0x0800469c   Section        0  n32g45x_rcc.o(i.RCC_EnableAPB1PeriphClk)
    i.RCC_EnableAPB2PeriphClk                0x0800475c   Section        0  n32g45x_rcc.o(i.RCC_EnableAPB2PeriphClk)
    i.RCC_EnableRtcClk                       0x0800481c   Section        0  n32g45x_rcc.o(i.RCC_EnableRtcClk)
    i.RCC_GetClocksFreqValue                 0x08004890   Section        0  n32g45x_rcc.o(i.RCC_GetClocksFreqValue)
    i.RCC_GetFlagStatus                      0x08004970   Section        0  n32g45x_rcc.o(i.RCC_GetFlagStatus)
    i.RS485Init                              0x08004a40   Section        0  rs485.o(i.RS485Init)
    i.RS485Task                              0x08004a74   Section        0  rs485.o(i.RS485Task)
    i.RTC_ByteToBcd2                         0x08004a78   Section        0  n32g45x_rtc.o(i.RTC_ByteToBcd2)
    RTC_ByteToBcd2                           0x08004a79   Thumb Code    26  n32g45x_rtc.o(i.RTC_ByteToBcd2)
    i.RTC_ConfigTime                         0x08004a94   Section        0  n32g45x_rtc.o(i.RTC_ConfigTime)
    i.RTC_EnterInitMode                      0x08004e24   Section        0  n32g45x_rtc.o(i.RTC_EnterInitMode)
    i.RTC_GetDate                            0x08004e68   Section        0  n32g45x_rtc.o(i.RTC_GetDate)
    i.RTC_GetTime                            0x08004f34   Section        0  n32g45x_rtc.o(i.RTC_GetTime)
    i.RTC_Init                               0x08005004   Section        0  n32g45x_rtc.o(i.RTC_Init)
    i.RTC_SetDate                            0x0800517c   Section        0  n32g45x_rtc.o(i.RTC_SetDate)
    i.RTC_StructInit                         0x08005448   Section        0  n32g45x_rtc.o(i.RTC_StructInit)
    i.RTC_WaitForSynchro                     0x08005458   Section        0  n32g45x_rtc.o(i.RTC_WaitForSynchro)
    i.ReadBL0942EleFlag                      0x080054a4   Section        0  bl0942.o(i.ReadBL0942EleFlag)
    i.Relay_Control                          0x080054bc   Section        0  relay.o(i.Relay_Control)
    i.RelaygpioInit                          0x0800551c   Section        0  relay.o(i.RelaygpioInit)
    i.Rtc_Init                               0x08005568   Section        0  rtc.o(i.Rtc_Init)
    i.SetPDP_Context                         0x08005624   Section        0  nbiot.o(i.SetPDP_Context)
    i.Set_LTE_SendData                       0x080056d0   Section        0  nbiot.o(i.Set_LTE_SendData)
    i.Set_RTC_Time                           0x0800571c   Section        0  rtc.o(i.Set_RTC_Time)
    i.SysTick_CLKSourceConfig                0x08005760   Section        0  misc.o(i.SysTick_CLKSourceConfig)
    i.SysTick_Handler                        0x080057e4   Section        0  n32g45x_it.o(i.SysTick_Handler)
    i.SystemInit                             0x080057e8   Section        0  system_n32g45x.o(i.SystemInit)
    i.TFTLCD_Address_Set                     0x08005938   Section        0  tft.o(i.TFTLCD_Address_Set)
    i.TFTLCD_DrawLine                        0x080059d8   Section        0  tft.o(i.TFTLCD_DrawLine)
    i.TFTLCD_Fill                            0x08005a96   Section        0  tft.o(i.TFTLCD_Fill)
    i.TFTLCD_Init                            0x08005ae4   Section        0  tft.o(i.TFTLCD_Init)
    i.TFTLCD_ShowCN                          0x08005ec8   Section        0  tft.o(i.TFTLCD_ShowCN)
    i.TFTLCD_ShowChar                        0x08005fb8   Section        0  tft.o(i.TFTLCD_ShowChar)
    i.TFTLCD_ShowFloatNum1                   0x08006104   Section        0  tft.o(i.TFTLCD_ShowFloatNum1)
    i.TFTLCD_ShowIntNum                      0x080061c4   Section        0  tft.o(i.TFTLCD_ShowIntNum)
    i.TFTLCD_ShowString                      0x08006278   Section        0  tft.o(i.TFTLCD_ShowString)
    i.TFTLCD_Writ_Bus                        0x080062c4   Section        0  tft.o(i.TFTLCD_Writ_Bus)
    i.TFTTask                                0x08006318   Section        0  lcd_display.o(i.TFTTask)
    i.TFTTimer                               0x08006330   Section        0  lcd_display.o(i.TFTTimer)
    i.TIM6_IRQHandler                        0x08006348   Section        0  bsp.o(i.TIM6_IRQHandler)
    i.TIM_ClrIntPendingBit                   0x08006370   Section        0  n32g45x_tim.o(i.TIM_ClrIntPendingBit)
    i.TIM_ConfigInt                          0x08006450   Section        0  n32g45x_tim.o(i.TIM_ConfigInt)
    i.TIM_ConfigPrescaler                    0x08006568   Section        0  n32g45x_tim.o(i.TIM_ConfigPrescaler)
    i.TIM_Configuration                      0x0800665c   Section        0  bsp.o(i.TIM_Configuration)
    i.TIM_Enable                             0x080066d4   Section        0  n32g45x_tim.o(i.TIM_Enable)
    i.TIM_GetIntStatus                       0x080067c4   Section        0  n32g45x_tim.o(i.TIM_GetIntStatus)
    i.TIM_InitTimeBase                       0x080068c8   Section        0  n32g45x_tim.o(i.TIM_InitTimeBase)
    i.UART4_IRQHandler                       0x08006b1c   Section        0  usart.o(i.UART4_IRQHandler)
    i.USART2_IRQHandler                      0x08006b3c   Section        0  usart.o(i.USART2_IRQHandler)
    i.USART3_IRQHandler                      0x08006b94   Section        0  usart.o(i.USART3_IRQHandler)
    i.USART_ConfigInt                        0x08006bec   Section        0  n32g45x_usart.o(i.USART_ConfigInt)
    i.USART_Enable                           0x08006da8   Section        0  n32g45x_usart.o(i.USART_Enable)
    i.USART_GetFlagStatus                    0x08006e98   Section        0  n32g45x_usart.o(i.USART_GetFlagStatus)
    i.USART_GetIntStatus                     0x08006fe0   Section        0  n32g45x_usart.o(i.USART_GetIntStatus)
    i.USART_Init                             0x08007178   Section        0  n32g45x_usart.o(i.USART_Init)
    i.USART_ReceiveData                      0x0800747c   Section        0  n32g45x_usart.o(i.USART_ReceiveData)
    i.USART_SendData                         0x08007530   Section        0  n32g45x_usart.o(i.USART_SendData)
    i.Uart2Send                              0x0800760c   Section        0  usart.o(i.Uart2Send)
    i.Uart2Task                              0x08007644   Section        0  usart.o(i.Uart2Task)
    i.Uart3Task                              0x080076b0   Section        0  usart.o(i.Uart3Task)
    i.Uart4Send                              0x08007738   Section        0  usart.o(i.Uart4Send)
    i.UsageFault_Handler                     0x08007770   Section        0  n32g45x_it.o(i.UsageFault_Handler)
    i.Usart2_RxOverTime                      0x08007774   Section        0  usart.o(i.Usart2_RxOverTime)
    i.Usart3_RxOverTime                      0x08007784   Section        0  usart.o(i.Usart3_RxOverTime)
    i.Vtimer_Init                            0x08007794   Section        0  v_timer.o(i.Vtimer_Init)
    i.Vtimer_KillTimer                       0x080077b4   Section        0  v_timer.o(i.Vtimer_KillTimer)
    i.Vtimer_SetTimer                        0x080077c8   Section        0  v_timer.o(i.Vtimer_SetTimer)
    i.Vtimer_UpdateHandler                   0x080077dc   Section        0  v_timer.o(i.Vtimer_UpdateHandler)
    i.__0printf$3                            0x0800780c   Section        0  printf3.o(i.__0printf$3)
    i.__0sprintf$3                           0x0800782c   Section        0  printf3.o(i.__0sprintf$3)
    i.__aeabi_errno_addr                     0x08007854   Section        0  errno.o(i.__aeabi_errno_addr)
    i.__scatterload_copy                     0x0800785c   Section       14  handlers.o(i.__scatterload_copy)
    i.__scatterload_null                     0x0800786a   Section        2  handlers.o(i.__scatterload_null)
    i.__scatterload_zeroinit                 0x0800786c   Section       14  handlers.o(i.__scatterload_zeroinit)
    i._printf_core                           0x0800787c   Section        0  printf3.o(i._printf_core)
    _printf_core                             0x0800787d   Thumb Code   436  printf3.o(i._printf_core)
    i._sputc                                 0x08007a34   Section        0  printf3.o(i._sputc)
    _sputc                                   0x08007a35   Thumb Code    10  printf3.o(i._sputc)
    i.assert_failed                          0x08007a40   Section        0  log.o(i.assert_failed)
    i.calculate_weekday                      0x08007a70   Section        0  rtc.o(i.calculate_weekday)
    i.crc16                                  0x08007b1c   Section        0  modbus.o(i.crc16)
    crc16                                    0x08007b1d   Thumb Code    48  modbus.o(i.crc16)
    i.delay_ms                               0x08007b54   Section        0  tft.o(i.delay_ms)
    i.delay_us                               0x08007b6c   Section        0  tft.o(i.delay_us)
    i.fputc                                  0x08007b84   Section        0  log.o(i.fputc)
    i.get_mqttlink                           0x08007ba8   Section        0  mqtt.o(i.get_mqttlink)
    i.init_system                            0x08007bb4   Section        0  bsp.o(i.init_system)
    i.init_usart2                            0x08007c18   Section        0  usart.o(i.init_usart2)
    i.init_usart3                            0x08007c98   Section        0  usart.o(i.init_usart3)
    i.init_usart4                            0x08007d1c   Section        0  usart.o(i.init_usart4)
    i.init_usart5                            0x08007da0   Section        0  usart.o(i.init_usart5)
    i.keybuttontask                          0x08007e30   Section        0  key.o(i.keybuttontask)
    i.keybuttonvalueset                      0x08007eb4   Section        0  key.o(i.keybuttonvalueset)
    i.keygpioInit                            0x08007ec0   Section        0  key.o(i.keygpioInit)
    i.keytask                                0x08007f58   Section        0  key.o(i.keytask)
    i.ledgpioInit                            0x08007f5c   Section        0  bsp.o(i.ledgpioInit)
    i.main                                   0x08007ffc   Section        0  main.o(i.main)
    i.malloc                                 0x08008028   Section        0  malloc.o(i.malloc)
    i.set_mqttlink                           0x08008094   Section        0  mqtt.o(i.set_mqttlink)
    i.sysparainit                            0x080080a0   Section        0  eprom.o(i.sysparainit)
    .constdata                               0x080080f6   Section       64  n32g45x_rcc.o(.constdata)
    s_ApbAhbPresTable                        0x080080f6   Data          16  n32g45x_rcc.o(.constdata)
    s_AdcHclkPresTable                       0x08008106   Data          16  n32g45x_rcc.o(.constdata)
    s_AdcPllClkPresTable                     0x08008116   Data          32  n32g45x_rcc.o(.constdata)
    .constdata                               0x08008136   Section       16  typechange.o(.constdata)
    .constdata                               0x08008146   Section    10132  tft.o(.constdata)
    .constdata                               0x0800a8da   Section      129  ctype_o.o(.constdata)
    .constdata                               0x0800a95c   Section        4  ctype_o.o(.constdata)
    table                                    0x0800a95c   Data           4  ctype_o.o(.constdata)
    .conststring                             0x0800a960   Section      148  misc.o(.conststring)
    .conststring                             0x0800a9f4   Section       70  n32g45x_usart.o(.conststring)
    .conststring                             0x0800aa3c   Section       94  n32g45x_exti.o(.conststring)
    .data                                    0x20000000   Section        4  system_n32g45x.o(.data)
    .data                                    0x20000004   Section       17  bsp.o(.data)
    .data                                    0x20000016   Section       10  bsp.o(.data)
    ledflag                                  0x20000016   Data           1  bsp.o(.data)
    ledon                                    0x20000018   Data           1  bsp.o(.data)
    en_feed                                  0x20000019   Data           1  bsp.o(.data)
    status                                   0x2000001a   Data           1  bsp.o(.data)
    timecnt                                  0x2000001e   Data           2  bsp.o(.data)
    .data                                    0x20000020   Section        8  rtc.o(.data)
    .data                                    0x20000028   Section       16  bl0942.o(.data)
    energytemp                               0x2000002c   Data           4  bl0942.o(.data)
    fir_energry                              0x20000030   Data           4  bl0942.o(.data)
    mid_energy                               0x20000034   Data           4  bl0942.o(.data)
    .data                                    0x20000038   Section        4  circularqueue.o(.data)
    .data                                    0x2000003c   Section       22  nbiot.o(.data)
    state                                    0x20000042   Data           1  nbiot.o(.data)
    state                                    0x20000043   Data           1  nbiot.o(.data)
    state                                    0x20000044   Data           1  nbiot.o(.data)
    state                                    0x20000045   Data           1  nbiot.o(.data)
    state                                    0x20000046   Data           1  nbiot.o(.data)
    state                                    0x20000047   Data           1  nbiot.o(.data)
    state                                    0x20000048   Data           1  nbiot.o(.data)
    state                                    0x20000049   Data           1  nbiot.o(.data)
    state                                    0x2000004a   Data           1  nbiot.o(.data)
    process_state                            0x2000004b   Data           1  nbiot.o(.data)
    .data                                    0x20000052   Section        1  key.o(.data)
    .data                                    0x20000053   Section        2  lcd_display.o(.data)
    tftflag                                  0x20000053   Data           1  lcd_display.o(.data)
    state                                    0x20000054   Data           1  lcd_display.o(.data)
    .data                                    0x20000056   Section      620  modbus.o(.data)
    CRCL                                     0x20000056   Data           1  modbus.o(.data)
    CRCH                                     0x20000057   Data           1  modbus.o(.data)
    auchCRCHi                                0x200000c2   Data         256  modbus.o(.data)
    auchCRCLo                                0x200001c2   Data         256  modbus.o(.data)
    .data                                    0x200002c2   Section        4  mqtt.o(.data)
    .data                                    0x200002c8   Section        4  stdout.o(.data)
    .data                                    0x200002cc   Section        4  mvars.o(.data)
    .data                                    0x200002d0   Section        4  mvars.o(.data)
    .data                                    0x200002d4   Section        4  errno.o(.data)
    _errno                                   0x200002d4   Data           4  errno.o(.data)
    .bss                                     0x200002d8   Section       16  bsp.o(.bss)
    .bss                                     0x200002e8   Section      104  v_timer.o(.bss)
    sVtimer                                  0x200002e8   Data         104  v_timer.o(.bss)
    .bss                                     0x20000350   Section     2212  usart.o(.bss)
    .bss                                     0x20000bf4   Section       44  bl0942.o(.bss)
    .bss                                     0x20000c20   Section     2742  nbiot.o(.bss)
    .bss                                     0x200016d6   Section      578  modbus.o(.bss)
    HEAP                                     0x20001918   Section     2048  startup_n32g45x.o(HEAP)
    STACK                                    0x20002118   Section    16384  startup_n32g45x.o(STACK)

    Global Symbols

    Symbol Name                              Value     Ov Type        Size  Object(Section)

    BuildAttributes$$THM_ISAv4$E$P$D$K$B$S$7EM$VFPi3$EXTD16$VFPS$VFMA$PE$A:L22UL41UL21$X:L11$S22US41US21$IEEE1$IW$USESV6$~STKCKD$USESV7$~SHL$OTIME$ROPI$EBA8$MICROLIB$REQ8$PRES8$EABIv2 0x00000000   Number         0  anon$$obj.o ABSOLUTE
    __ARM_use_no_argv                        0x00000000   Number         0  main.o ABSOLUTE
    _printf_a                                0x00000000   Number         0  stubs.o ABSOLUTE
    _printf_c                                0x00000000   Number         0  stubs.o ABSOLUTE
    _printf_charcount                        0x00000000   Number         0  stubs.o ABSOLUTE
    _printf_d                                0x00000000   Number         0  stubs.o ABSOLUTE
    _printf_e                                0x00000000   Number         0  stubs.o ABSOLUTE
    _printf_f                                0x00000000   Number         0  stubs.o ABSOLUTE
    _printf_flags                            0x00000000   Number         0  stubs.o ABSOLUTE
    _printf_fp_dec                           0x00000000   Number         0  stubs.o ABSOLUTE
    _printf_fp_hex                           0x00000000   Number         0  stubs.o ABSOLUTE
    _printf_g                                0x00000000   Number         0  stubs.o ABSOLUTE
    _printf_i                                0x00000000   Number         0  stubs.o ABSOLUTE
    _printf_int_dec                          0x00000000   Number         0  stubs.o ABSOLUTE
    _printf_l                                0x00000000   Number         0  stubs.o ABSOLUTE
    _printf_lc                               0x00000000   Number         0  stubs.o ABSOLUTE
    _printf_ll                               0x00000000   Number         0  stubs.o ABSOLUTE
    _printf_lld                              0x00000000   Number         0  stubs.o ABSOLUTE
    _printf_lli                              0x00000000   Number         0  stubs.o ABSOLUTE
    _printf_llo                              0x00000000   Number         0  stubs.o ABSOLUTE
    _printf_llu                              0x00000000   Number         0  stubs.o ABSOLUTE
    _printf_llx                              0x00000000   Number         0  stubs.o ABSOLUTE
    _printf_longlong_dec                     0x00000000   Number         0  stubs.o ABSOLUTE
    _printf_longlong_hex                     0x00000000   Number         0  stubs.o ABSOLUTE
    _printf_longlong_oct                     0x00000000   Number         0  stubs.o ABSOLUTE
    _printf_ls                               0x00000000   Number         0  stubs.o ABSOLUTE
    _printf_mbtowc                           0x00000000   Number         0  stubs.o ABSOLUTE
    _printf_n                                0x00000000   Number         0  stubs.o ABSOLUTE
    _printf_o                                0x00000000   Number         0  stubs.o ABSOLUTE
    _printf_p                                0x00000000   Number         0  stubs.o ABSOLUTE
    _printf_percent                          0x00000000   Number         0  stubs.o ABSOLUTE
    _printf_pre_padding                      0x00000000   Number         0  stubs.o ABSOLUTE
    _printf_return_value                     0x00000000   Number         0  stubs.o ABSOLUTE
    _printf_s                                0x00000000   Number         0  stubs.o ABSOLUTE
    _printf_sizespec                         0x00000000   Number         0  stubs.o ABSOLUTE
    _printf_str                              0x00000000   Number         0  stubs.o ABSOLUTE
    _printf_truncate_signed                  0x00000000   Number         0  stubs.o ABSOLUTE
    _printf_truncate_unsigned                0x00000000   Number         0  stubs.o ABSOLUTE
    _printf_u                                0x00000000   Number         0  stubs.o ABSOLUTE
    _printf_wc                               0x00000000   Number         0  stubs.o ABSOLUTE
    _printf_wctomb                           0x00000000   Number         0  stubs.o ABSOLUTE
    _printf_widthprec                        0x00000000   Number         0  stubs.o ABSOLUTE
    _printf_x                                0x00000000   Number         0  stubs.o ABSOLUTE
    __cpp_initialize__aeabi_                  - Undefined Weak Reference
    __cxa_finalize                            - Undefined Weak Reference
    _clock_init                               - Undefined Weak Reference
    _microlib_exit                            - Undefined Weak Reference
    __Vectors_Size                           0x00000198   Number         0  startup_n32g45x.o ABSOLUTE
    __Vectors                                0x08000000   Data           4  startup_n32g45x.o(RESET)
    __Vectors_End                            0x08000198   Data           0  startup_n32g45x.o(RESET)
    __main                                   0x08000199   Thumb Code     0  entry.o(.ARM.Collect$$$$00000000)
    _main_stk                                0x08000199   Thumb Code     0  entry2.o(.ARM.Collect$$$$00000001)
    _main_scatterload                        0x0800019d   Thumb Code     0  entry5.o(.ARM.Collect$$$$00000004)
    __main_after_scatterload                 0x080001a1   Thumb Code     0  entry5.o(.ARM.Collect$$$$00000004)
    _main_clock                              0x080001a1   Thumb Code     0  entry7b.o(.ARM.Collect$$$$00000008)
    _main_cpp_init                           0x080001a1   Thumb Code     0  entry8b.o(.ARM.Collect$$$$0000000A)
    _main_init                               0x080001a1   Thumb Code     0  entry9a.o(.ARM.Collect$$$$0000000B)
    __rt_final_cpp                           0x080001a9   Thumb Code     0  entry10a.o(.ARM.Collect$$$$0000000D)
    __rt_final_exit                          0x080001a9   Thumb Code     0  entry11a.o(.ARM.Collect$$$$0000000F)
    Reset_Handler                            0x080001ad   Thumb Code     8  startup_n32g45x.o(.text)
    SVC_Handler                              0x080001bf   Thumb Code     2  startup_n32g45x.o(.text)
    PendSV_Handler                           0x080001c3   Thumb Code     2  startup_n32g45x.o(.text)
    ADC1_2_IRQHandler                        0x080001c7   Thumb Code     0  startup_n32g45x.o(.text)
    ADC3_4_IRQHandler                        0x080001c7   Thumb Code     0  startup_n32g45x.o(.text)
    CAN1_RX1_IRQHandler                      0x080001c7   Thumb Code     0  startup_n32g45x.o(.text)
    CAN1_SCE_IRQHandler                      0x080001c7   Thumb Code     0  startup_n32g45x.o(.text)
    CAN2_RX0_IRQHandler                      0x080001c7   Thumb Code     0  startup_n32g45x.o(.text)
    CAN2_RX1_IRQHandler                      0x080001c7   Thumb Code     0  startup_n32g45x.o(.text)
    CAN2_SCE_IRQHandler                      0x080001c7   Thumb Code     0  startup_n32g45x.o(.text)
    CAN2_TX_IRQHandler                       0x080001c7   Thumb Code     0  startup_n32g45x.o(.text)
    COMP7_IRQHandler                         0x080001c7   Thumb Code     0  startup_n32g45x.o(.text)
    COMP_1_2_3_IRQHandler                    0x080001c7   Thumb Code     0  startup_n32g45x.o(.text)
    COMP_4_5_6_IRQHandler                    0x080001c7   Thumb Code     0  startup_n32g45x.o(.text)
    DMA1_Channel1_IRQHandler                 0x080001c7   Thumb Code     0  startup_n32g45x.o(.text)
    DMA1_Channel2_IRQHandler                 0x080001c7   Thumb Code     0  startup_n32g45x.o(.text)
    DMA1_Channel3_IRQHandler                 0x080001c7   Thumb Code     0  startup_n32g45x.o(.text)
    DMA1_Channel4_IRQHandler                 0x080001c7   Thumb Code     0  startup_n32g45x.o(.text)
    DMA1_Channel5_IRQHandler                 0x080001c7   Thumb Code     0  startup_n32g45x.o(.text)
    DMA1_Channel6_IRQHandler                 0x080001c7   Thumb Code     0  startup_n32g45x.o(.text)
    DMA1_Channel7_IRQHandler                 0x080001c7   Thumb Code     0  startup_n32g45x.o(.text)
    DMA1_Channel8_IRQHandler                 0x080001c7   Thumb Code     0  startup_n32g45x.o(.text)
    DMA2_Channel1_IRQHandler                 0x080001c7   Thumb Code     0  startup_n32g45x.o(.text)
    DMA2_Channel2_IRQHandler                 0x080001c7   Thumb Code     0  startup_n32g45x.o(.text)
    DMA2_Channel3_IRQHandler                 0x080001c7   Thumb Code     0  startup_n32g45x.o(.text)
    DMA2_Channel4_IRQHandler                 0x080001c7   Thumb Code     0  startup_n32g45x.o(.text)
    DMA2_Channel5_IRQHandler                 0x080001c7   Thumb Code     0  startup_n32g45x.o(.text)
    DMA2_Channel6_IRQHandler                 0x080001c7   Thumb Code     0  startup_n32g45x.o(.text)
    DMA2_Channel7_IRQHandler                 0x080001c7   Thumb Code     0  startup_n32g45x.o(.text)
    DMA2_Channel8_IRQHandler                 0x080001c7   Thumb Code     0  startup_n32g45x.o(.text)
    DVP_IRQHandler                           0x080001c7   Thumb Code     0  startup_n32g45x.o(.text)
    ETH_IRQHandler                           0x080001c7   Thumb Code     0  startup_n32g45x.o(.text)
    ETH_WKUP_IRQHandler                      0x080001c7   Thumb Code     0  startup_n32g45x.o(.text)
    EXTI0_IRQHandler                         0x080001c7   Thumb Code     0  startup_n32g45x.o(.text)
    EXTI15_10_IRQHandler                     0x080001c7   Thumb Code     0  startup_n32g45x.o(.text)
    EXTI1_IRQHandler                         0x080001c7   Thumb Code     0  startup_n32g45x.o(.text)
    EXTI3_IRQHandler                         0x080001c7   Thumb Code     0  startup_n32g45x.o(.text)
    EXTI4_IRQHandler                         0x080001c7   Thumb Code     0  startup_n32g45x.o(.text)
    EXTI9_5_IRQHandler                       0x080001c7   Thumb Code     0  startup_n32g45x.o(.text)
    FLASH_IRQHandler                         0x080001c7   Thumb Code     0  startup_n32g45x.o(.text)
    I2C1_ER_IRQHandler                       0x080001c7   Thumb Code     0  startup_n32g45x.o(.text)
    I2C1_EV_IRQHandler                       0x080001c7   Thumb Code     0  startup_n32g45x.o(.text)
    I2C2_ER_IRQHandler                       0x080001c7   Thumb Code     0  startup_n32g45x.o(.text)
    I2C2_EV_IRQHandler                       0x080001c7   Thumb Code     0  startup_n32g45x.o(.text)
    I2C3_ER_IRQHandler                       0x080001c7   Thumb Code     0  startup_n32g45x.o(.text)
    I2C3_EV_IRQHandler                       0x080001c7   Thumb Code     0  startup_n32g45x.o(.text)
    I2C4_ER_IRQHandler                       0x080001c7   Thumb Code     0  startup_n32g45x.o(.text)
    I2C4_EV_IRQHandler                       0x080001c7   Thumb Code     0  startup_n32g45x.o(.text)
    MMU_IRQHandler                           0x080001c7   Thumb Code     0  startup_n32g45x.o(.text)
    PVD_IRQHandler                           0x080001c7   Thumb Code     0  startup_n32g45x.o(.text)
    QSPI_IRQHandler                          0x080001c7   Thumb Code     0  startup_n32g45x.o(.text)
    RCC_IRQHandler                           0x080001c7   Thumb Code     0  startup_n32g45x.o(.text)
    RSRAM_IRQHandler                         0x080001c7   Thumb Code     0  startup_n32g45x.o(.text)
    RTCAlarm_IRQHandler                      0x080001c7   Thumb Code     0  startup_n32g45x.o(.text)
    RTC_WKUP_IRQHandler                      0x080001c7   Thumb Code     0  startup_n32g45x.o(.text)
    SAC_IRQHandler                           0x080001c7   Thumb Code     0  startup_n32g45x.o(.text)
    SDIO_IRQHandler                          0x080001c7   Thumb Code     0  startup_n32g45x.o(.text)
    SPI1_IRQHandler                          0x080001c7   Thumb Code     0  startup_n32g45x.o(.text)
    SPI2_IRQHandler                          0x080001c7   Thumb Code     0  startup_n32g45x.o(.text)
    SPI3_IRQHandler                          0x080001c7   Thumb Code     0  startup_n32g45x.o(.text)
    TAMPER_IRQHandler                        0x080001c7   Thumb Code     0  startup_n32g45x.o(.text)
    TIM1_BRK_IRQHandler                      0x080001c7   Thumb Code     0  startup_n32g45x.o(.text)
    TIM1_CC_IRQHandler                       0x080001c7   Thumb Code     0  startup_n32g45x.o(.text)
    TIM1_TRG_COM_IRQHandler                  0x080001c7   Thumb Code     0  startup_n32g45x.o(.text)
    TIM1_UP_IRQHandler                       0x080001c7   Thumb Code     0  startup_n32g45x.o(.text)
    TIM2_IRQHandler                          0x080001c7   Thumb Code     0  startup_n32g45x.o(.text)
    TIM3_IRQHandler                          0x080001c7   Thumb Code     0  startup_n32g45x.o(.text)
    TIM4_IRQHandler                          0x080001c7   Thumb Code     0  startup_n32g45x.o(.text)
    TIM5_IRQHandler                          0x080001c7   Thumb Code     0  startup_n32g45x.o(.text)
    TIM7_IRQHandler                          0x080001c7   Thumb Code     0  startup_n32g45x.o(.text)
    TIM8_BRK_IRQHandler                      0x080001c7   Thumb Code     0  startup_n32g45x.o(.text)
    TIM8_CC_IRQHandler                       0x080001c7   Thumb Code     0  startup_n32g45x.o(.text)
    TIM8_TRG_COM_IRQHandler                  0x080001c7   Thumb Code     0  startup_n32g45x.o(.text)
    TIM8_UP_IRQHandler                       0x080001c7   Thumb Code     0  startup_n32g45x.o(.text)
    TSC_IRQHandler                           0x080001c7   Thumb Code     0  startup_n32g45x.o(.text)
    UART5_IRQHandler                         0x080001c7   Thumb Code     0  startup_n32g45x.o(.text)
    UART6_IRQHandler                         0x080001c7   Thumb Code     0  startup_n32g45x.o(.text)
    UART7_IRQHandler                         0x080001c7   Thumb Code     0  startup_n32g45x.o(.text)
    USART1_IRQHandler                        0x080001c7   Thumb Code     0  startup_n32g45x.o(.text)
    USBWakeUp_IRQHandler                     0x080001c7   Thumb Code     0  startup_n32g45x.o(.text)
    USB_HP_CAN1_TX_IRQHandler                0x080001c7   Thumb Code     0  startup_n32g45x.o(.text)
    USB_LP_CAN1_RX0_IRQHandler               0x080001c7   Thumb Code     0  startup_n32g45x.o(.text)
    WWDG_IRQHandler                          0x080001c7   Thumb Code     0  startup_n32g45x.o(.text)
    XFMC_IRQHandler                          0x080001c7   Thumb Code     0  startup_n32g45x.o(.text)
    __aeabi_memcpy                           0x080001d1   Thumb Code    36  memcpya.o(.text)
    __aeabi_memcpy4                          0x080001d1   Thumb Code     0  memcpya.o(.text)
    __aeabi_memcpy8                          0x080001d1   Thumb Code     0  memcpya.o(.text)
    __aeabi_memset                           0x080001f5   Thumb Code    14  memseta.o(.text)
    __aeabi_memset4                          0x080001f5   Thumb Code     0  memseta.o(.text)
    __aeabi_memset8                          0x080001f5   Thumb Code     0  memseta.o(.text)
    __aeabi_memclr                           0x08000203   Thumb Code     4  memseta.o(.text)
    __aeabi_memclr4                          0x08000203   Thumb Code     0  memseta.o(.text)
    __aeabi_memclr8                          0x08000203   Thumb Code     0  memseta.o(.text)
    _memset$wrapper                          0x08000207   Thumb Code    18  memseta.o(.text)
    strstr                                   0x08000219   Thumb Code    36  strstr.o(.text)
    strchr                                   0x0800023d   Thumb Code    20  strchr.o(.text)
    strlen                                   0x08000251   Thumb Code    14  strlen.o(.text)
    atoi                                     0x0800025f   Thumb Code    26  atoi.o(.text)
    __aeabi_dmul                             0x08000279   Thumb Code   228  dmul.o(.text)
    __aeabi_i2d                              0x0800035d   Thumb Code    34  dflti.o(.text)
    __aeabi_ui2d                             0x0800037f   Thumb Code    26  dfltui.o(.text)
    __aeabi_d2uiz                            0x08000399   Thumb Code    50  dfixui.o(.text)
    __aeabi_uidiv                            0x080003cb   Thumb Code     0  uidiv.o(.text)
    __aeabi_uidivmod                         0x080003cb   Thumb Code    44  uidiv.o(.text)
    __aeabi_llsr                             0x080003f7   Thumb Code    32  llushr.o(.text)
    _ll_ushift_r                             0x080003f7   Thumb Code     0  llushr.o(.text)
    strtol                                   0x08000417   Thumb Code   112  strtol.o(.text)
    __I$use$fp                               0x08000487   Thumb Code     0  iusefp.o(.text)
    _double_round                            0x08000487   Thumb Code    30  depilogue.o(.text)
    _double_epilogue                         0x080004a5   Thumb Code   156  depilogue.o(.text)
    __scatterload                            0x08000541   Thumb Code    28  init.o(.text)
    __scatterload_rt2                        0x08000541   Thumb Code     0  init.o(.text)
    __aeabi_llsl                             0x08000565   Thumb Code    30  llshl.o(.text)
    _ll_shift_l                              0x08000565   Thumb Code     0  llshl.o(.text)
    __rt_ctype_table                         0x08000585   Thumb Code     4  ctype_o.o(.text)
    _strtoul                                 0x0800058d   Thumb Code   158  _strtoul.o(.text)
    _chval                                   0x0800062b   Thumb Code    28  _chval.o(.text)
    __decompress                             0x08000647   Thumb Code     0  __dczerorl2.o(.text)
    __decompress1                            0x08000647   Thumb Code    86  __dczerorl2.o(.text)
    AT24CXX_Init                             0x0800069d   Thumb Code    72  eprom.o(i.AT24CXX_Init)
    AT24CXX_ReadOneByte                      0x080006e9   Thumb Code    94  eprom.o(i.AT24CXX_ReadOneByte)
    AT24CXX_WriteOneByte                     0x08000747   Thumb Code    82  eprom.o(i.AT24CXX_WriteOneByte)
    Activate_PDP_Context                     0x08000799   Thumb Code   118  nbiot.o(i.Activate_PDP_Context)
    Ascii2Dec                                0x08000835   Thumb Code    26  typechange.o(i.Ascii2Dec)
    Ascii2Hex                                0x08000855   Thumb Code    98  typechange.o(i.Ascii2Hex)
    BKP_ReadBkpData                          0x080008bd   Thumb Code   200  n32g45x_bkp.o(i.BKP_ReadBkpData)
    BKP_WriteBkpData                         0x080009d1   Thumb Code   202  n32g45x_bkp.o(i.BKP_WriteBkpData)
    BL0942GetEleData                         0x08000ae9   Thumb Code   374  bl0942.o(i.BL0942GetEleData)
    BL0942ReadEleData                        0x08000c91   Thumb Code    32  bl0942.o(i.BL0942ReadEleData)
    BL0942Task                               0x08000cb9   Thumb Code    36  bl0942.o(i.BL0942Task)
    BL0942_PWRGpioInit                       0x08000ce5   Thumb Code    84  bl0942.o(i.BL0942_PWRGpioInit)
    BspInit                                  0x08000d41   Thumb Code   140  bsp.o(i.BspInit)
    BspTask                                  0x08000de1   Thumb Code    24  bsp.o(i.BspTask)
    BusFault_Handler                         0x08000dfd   Thumb Code     2  n32g45x_it.o(i.BusFault_Handler)
    DebugMon_Handler                         0x08000dff   Thumb Code     2  n32g45x_it.o(i.DebugMon_Handler)
    DisplayClockState                        0x08000e01   Thumb Code   110  lcd_display.o(i.DisplayClockState)
    DisplayLockState                         0x08000e79   Thumb Code   126  lcd_display.o(i.DisplayLockState)
    DisplayNetState                          0x08000ef7   Thumb Code   122  lcd_display.o(i.DisplayNetState)
    DisplayOutputState                       0x08000f71   Thumb Code   122  lcd_display.o(i.DisplayOutputState)
    Display_page1                            0x08000fed   Thumb Code   218  lcd_display.o(i.Display_page1)
    Display_pageinit                         0x080010d5   Thumb Code   710  lcd_display.o(i.Display_pageinit)
    EXTI2_IRQHandler                         0x080013c5   Thumb Code    28  n32g45x_it.o(i.EXTI2_IRQHandler)
    EXTI_ClrITPendBit                        0x080013e1   Thumb Code    28  n32g45x_exti.o(i.EXTI_ClrITPendBit)
    EXTI_GetITStatus                         0x0800141d   Thumb Code   154  n32g45x_exti.o(i.EXTI_GetITStatus)
    EXTI_InitPeripheral                      0x080014e1   Thumb Code   208  n32g45x_exti.o(i.EXTI_InitPeripheral)
    Eprom_WirteModbusDI                      0x08001679   Thumb Code     6  eprom.o(i.Eprom_WirteModbusDI)
    Eprom_WirteModbusRemain                  0x0800167f   Thumb Code    76  eprom.o(i.Eprom_WirteModbusRemain)
    Eprom_WirteResetModbusRemain             0x080016cb   Thumb Code   246  eprom.o(i.Eprom_WirteResetModbusRemain)
    Eprom_paraInit                           0x080017c1   Thumb Code   368  eprom.o(i.Eprom_paraInit)
    Eprom_read_Energy                        0x08001931   Thumb Code    64  eprom.o(i.Eprom_read_Energy)
    Eprom_write_resetEnergy                  0x08001975   Thumb Code    42  eprom.o(i.Eprom_write_resetEnergy)
    Fiforead                                 0x0800199f   Thumb Code    60  circularqueue.o(i.Fiforead)
    GPIO_ConfigEXTILine                      0x080019dd   Thumb Code   160  n32g45x_gpio.o(i.GPIO_ConfigEXTILine)
    GPIO_ConfigPinRemap                      0x08001b01   Thumb Code  1694  n32g45x_gpio.o(i.GPIO_ConfigPinRemap)
    GPIO_InitPeripheral                      0x080021a1   Thumb Code   336  n32g45x_gpio.o(i.GPIO_InitPeripheral)
    GPIO_ReadInputDataBit                    0x080023c5   Thumb Code   190  n32g45x_gpio.o(i.GPIO_ReadInputDataBit)
    GPIO_ResetBits                           0x080024f5   Thumb Code   104  n32g45x_gpio.o(i.GPIO_ResetBits)
    GPIO_SetBits                             0x080025c9   Thumb Code   104  n32g45x_gpio.o(i.GPIO_SetBits)
    Get_RTC_Time                             0x0800269d   Thumb Code    72  rtc.o(i.Get_RTC_Time)
    HardFault_Handler                        0x080026e9   Thumb Code     8  n32g45x_it.o(i.HardFault_Handler)
    HeartInfo                                0x08002711   Thumb Code   120  mqtt.o(i.HeartInfo)
    HeartInfoBeatflag                        0x080027b9   Thumb Code    18  mqtt.o(i.HeartInfoBeatflag)
    HeartInfoBegin                           0x080027d5   Thumb Code    10  mqtt.o(i.HeartInfoBegin)
    HeartInfoLimit                           0x080027e9   Thumb Code    64  mqtt.o(i.HeartInfoLimit)
    HeartStatus                              0x0800284d   Thumb Code    34  mqtt.o(i.HeartStatus)
    HeartStatusflag                          0x08002875   Thumb Code    18  mqtt.o(i.HeartStatusflag)
    HeartStausBegin                          0x08002891   Thumb Code    10  mqtt.o(i.HeartStausBegin)
    Hex2Ascii                                0x080028a5   Thumb Code    62  typechange.o(i.Hex2Ascii)
    IIC_Read_Byte                            0x080028e9   Thumb Code   248  eprom.o(i.IIC_Read_Byte)
    IIC_Send_Byte                            0x080029e5   Thumb Code   118  eprom.o(i.IIC_Send_Byte)
    IIC_Start                                0x08002a61   Thumb Code    80  eprom.o(i.IIC_Start)
    IIC_Stop                                 0x08002ab5   Thumb Code    66  eprom.o(i.IIC_Stop)
    IIC_Wait_Ack                             0x08002afd   Thumb Code   166  eprom.o(i.IIC_Wait_Ack)
    In_Queue                                 0x08002ba9   Thumb Code    54  circularqueue.o(i.In_Queue)
    LTE_CCLK                                 0x08002be1   Thumb Code   304  nbiot.o(i.LTE_CCLK)
    LTE_ReceiveSendData                      0x08002d41   Thumb Code   730  nbiot.o(i.LTE_ReceiveSendData)
    LTE_Reset                                0x080030a5   Thumb Code   138  nbiot.o(i.LTE_Reset)
    LTE_ResetGpioInit                        0x08003145   Thumb Code    44  nbiot.o(i.LTE_ResetGpioInit)
    LTE_process                              0x08003175   Thumb Code   302  nbiot.o(i.LTE_process)
    LedLockButton                            0x080032a9   Thumb Code    18  bsp.o(i.LedLockButton)
    LedNetButton                             0x080032c1   Thumb Code    18  bsp.o(i.LedNetButton)
    LedRun                                   0x080032d9   Thumb Code    82  bsp.o(i.LedRun)
    LedSwitchButton                          0x08003335   Thumb Code    18  bsp.o(i.LedSwitchButton)
    LedTime                                  0x0800334d   Thumb Code    18  bsp.o(i.LedTime)
    MQTT_Creat                               0x08003365   Thumb Code   668  nbiot.o(i.MQTT_Creat)
    MemManage_Handler                        0x08003701   Thumb Code     2  n32g45x_it.o(i.MemManage_Handler)
    ModbusDataHandle                         0x08003705   Thumb Code  1140  modbus.o(i.ModbusDataHandle)
    ModbusSendAll                            0x08003b79   Thumb Code   244  modbus.o(i.ModbusSendAll)
    Modbus_ReadDI                            0x08003c8d   Thumb Code    26  modbus.o(i.Modbus_ReadDI)
    Modbus_Readremain                        0x08003cad   Thumb Code     8  modbus.o(i.Modbus_Readremain)
    Modbus_WirteDI                           0x08003cb9   Thumb Code    40  modbus.o(i.Modbus_WirteDI)
    Modbus_WrieteInput                       0x08003ce5   Thumb Code     8  modbus.o(i.Modbus_WrieteInput)
    Modbus_Wrietemain                        0x08003cf1   Thumb Code     8  modbus.o(i.Modbus_Wrietemain)
    MqttrecedataHandle                       0x08003cfd   Thumb Code   208  mqtt.o(i.MqttrecedataHandle)
    NB_Check_TimeOutTimer                    0x08003dfd   Thumb Code    18  nbiot.o(i.NB_Check_TimeOutTimer)
    NB_ClearRxBuf                            0x08003e15   Thumb Code    24  nbiot.o(i.NB_ClearRxBuf)
    NB_Set_TimeOut                           0x08003e35   Thumb Code     8  nbiot.o(i.NB_Set_TimeOut)
    NMI_Handler                              0x08003e41   Thumb Code     2  n32g45x_it.o(i.NMI_Handler)
    NVIC_Configuration                       0x08003e43   Thumb Code   130  usart.o(i.NVIC_Configuration)
    NVIC_Init                                0x08003ec5   Thumb Code   158  misc.o(i.NVIC_Init)
    NVIC_PriorityGroupConfig                 0x08003fe1   Thumb Code    56  misc.o(i.NVIC_PriorityGroupConfig)
    PWR_BackupAccessEnable                   0x0800407d   Thumb Code    26  n32g45x_pwr.o(i.PWR_BackupAccessEnable)
    QueryLteState                            0x080040f1   Thumb Code     6  nbiot.o(i.QueryLteState)
    Query_Network_Attach_Status              0x080040fd   Thumb Code   118  nbiot.o(i.Query_Network_Attach_Status)
    Query_Network_Reg_Status                 0x0800419d   Thumb Code   118  nbiot.o(i.Query_Network_Reg_Status)
    Query_Sim                                0x0800423d   Thumb Code   520  nbiot.o(i.Query_Sim)
    QueueInit                                0x080044ad   Thumb Code    42  circularqueue.o(i.QueueInit)
    Queue_len                                0x080044dd   Thumb Code    16  circularqueue.o(i.Queue_len)
    RCC_ConfigLse                            0x080044ed   Thumb Code    58  n32g45x_rcc.o(i.RCC_ConfigLse)
    RCC_ConfigPclk1                          0x08004579   Thumb Code    54  n32g45x_rcc.o(i.RCC_ConfigPclk1)
    RCC_ConfigRtcClk                         0x08004609   Thumb Code    50  n32g45x_rcc.o(i.RCC_ConfigRtcClk)
    RCC_EnableAPB1PeriphClk                  0x0800469d   Thumb Code    62  n32g45x_rcc.o(i.RCC_EnableAPB1PeriphClk)
    RCC_EnableAPB2PeriphClk                  0x0800475d   Thumb Code    62  n32g45x_rcc.o(i.RCC_EnableAPB2PeriphClk)
    RCC_EnableRtcClk                         0x0800481d   Thumb Code    28  n32g45x_rcc.o(i.RCC_EnableRtcClk)
    RCC_GetClocksFreqValue                   0x08004891   Thumb Code   204  n32g45x_rcc.o(i.RCC_GetClocksFreqValue)
    RCC_GetFlagStatus                        0x08004971   Thumb Code   122  n32g45x_rcc.o(i.RCC_GetFlagStatus)
    RS485Init                                0x08004a41   Thumb Code    46  rs485.o(i.RS485Init)
    RS485Task                                0x08004a75   Thumb Code     4  rs485.o(i.RS485Task)
    RTC_ConfigTime                           0x08004a95   Thumb Code   420  n32g45x_rtc.o(i.RTC_ConfigTime)
    RTC_EnterInitMode                        0x08004e25   Thumb Code    62  n32g45x_rtc.o(i.RTC_EnterInitMode)
    RTC_GetDate                              0x08004e69   Thumb Code   114  n32g45x_rtc.o(i.RTC_GetDate)
    RTC_GetTime                              0x08004f35   Thumb Code   116  n32g45x_rtc.o(i.RTC_GetTime)
    RTC_Init                                 0x08005005   Thumb Code   142  n32g45x_rtc.o(i.RTC_Init)
    RTC_SetDate                              0x0800517d   Thumb Code   364  n32g45x_rtc.o(i.RTC_SetDate)
    RTC_StructInit                           0x08005449   Thumb Code    14  n32g45x_rtc.o(i.RTC_StructInit)
    RTC_WaitForSynchro                       0x08005459   Thumb Code    66  n32g45x_rtc.o(i.RTC_WaitForSynchro)
    ReadBL0942EleFlag                        0x080054a5   Thumb Code    20  bl0942.o(i.ReadBL0942EleFlag)
    Relay_Control                            0x080054bd   Thumb Code    90  relay.o(i.Relay_Control)
    RelaygpioInit                            0x0800551d   Thumb Code    72  relay.o(i.RelaygpioInit)
    Rtc_Init                                 0x08005569   Thumb Code   170  rtc.o(i.Rtc_Init)
    SetPDP_Context                           0x08005625   Thumb Code   118  nbiot.o(i.SetPDP_Context)
    Set_LTE_SendData                         0x080056d1   Thumb Code    64  nbiot.o(i.Set_LTE_SendData)
    Set_RTC_Time                             0x0800571d   Thumb Code    68  rtc.o(i.Set_RTC_Time)
    SysTick_CLKSourceConfig                  0x08005761   Thumb Code    36  misc.o(i.SysTick_CLKSourceConfig)
    SysTick_Handler                          0x080057e5   Thumb Code     2  n32g45x_it.o(i.SysTick_Handler)
    SystemInit                               0x080057e9   Thumb Code   302  system_n32g45x.o(i.SystemInit)
    TFTLCD_Address_Set                       0x08005939   Thumb Code   154  tft.o(i.TFTLCD_Address_Set)
    TFTLCD_DrawLine                          0x080059d9   Thumb Code   190  tft.o(i.TFTLCD_DrawLine)
    TFTLCD_Fill                              0x08005a97   Thumb Code    78  tft.o(i.TFTLCD_Fill)
    TFTLCD_Init                              0x08005ae5   Thumb Code   986  tft.o(i.TFTLCD_Init)
    TFTLCD_ShowCN                            0x08005ec9   Thumb Code   230  tft.o(i.TFTLCD_ShowCN)
    TFTLCD_ShowChar                          0x08005fb9   Thumb Code   320  tft.o(i.TFTLCD_ShowChar)
    TFTLCD_ShowFloatNum1                     0x08006105   Thumb Code   184  tft.o(i.TFTLCD_ShowFloatNum1)
    TFTLCD_ShowIntNum                        0x080061c5   Thumb Code   174  tft.o(i.TFTLCD_ShowIntNum)
    TFTLCD_ShowString                        0x08006279   Thumb Code    74  tft.o(i.TFTLCD_ShowString)
    TFTLCD_Writ_Bus                          0x080062c5   Thumb Code    78  tft.o(i.TFTLCD_Writ_Bus)
    TFTTask                                  0x08006319   Thumb Code    18  lcd_display.o(i.TFTTask)
    TFTTimer                                 0x08006331   Thumb Code    20  lcd_display.o(i.TFTTimer)
    TIM6_IRQHandler                          0x08006349   Thumb Code    34  bsp.o(i.TIM6_IRQHandler)
    TIM_ClrIntPendingBit                     0x08006371   Thumb Code   122  n32g45x_tim.o(i.TIM_ClrIntPendingBit)
    TIM_ConfigInt                            0x08006451   Thumb Code   150  n32g45x_tim.o(i.TIM_ConfigInt)
    TIM_ConfigPrescaler                      0x08006569   Thumb Code   122  n32g45x_tim.o(i.TIM_ConfigPrescaler)
    TIM_Configuration                        0x0800665d   Thumb Code   108  bsp.o(i.TIM_Configuration)
    TIM_Enable                               0x080066d5   Thumb Code   132  n32g45x_tim.o(i.TIM_Enable)
    TIM_GetIntStatus                         0x080067c5   Thumb Code   160  n32g45x_tim.o(i.TIM_GetIntStatus)
    TIM_InitTimeBase                         0x080068c9   Thumb Code   398  n32g45x_tim.o(i.TIM_InitTimeBase)
    UART4_IRQHandler                         0x08006b1d   Thumb Code    22  usart.o(i.UART4_IRQHandler)
    USART2_IRQHandler                        0x08006b3d   Thumb Code    70  usart.o(i.USART2_IRQHandler)
    USART3_IRQHandler                        0x08006b95   Thumb Code    70  usart.o(i.USART3_IRQHandler)
    USART_ConfigInt                          0x08006bed   Thumb Code   258  n32g45x_usart.o(i.USART_ConfigInt)
    USART_Enable                             0x08006da9   Thumb Code   124  n32g45x_usart.o(i.USART_Enable)
    USART_GetFlagStatus                      0x08006e99   Thumb Code   170  n32g45x_usart.o(i.USART_GetFlagStatus)
    USART_GetIntStatus                       0x08006fe1   Thumb Code   252  n32g45x_usart.o(i.USART_GetIntStatus)
    USART_Init                               0x08007179   Thumb Code   390  n32g45x_usart.o(i.USART_Init)
    USART_ReceiveData                        0x0800747d   Thumb Code    92  n32g45x_usart.o(i.USART_ReceiveData)
    USART_SendData                           0x08007531   Thumb Code   112  n32g45x_usart.o(i.USART_SendData)
    Uart2Send                                0x0800760d   Thumb Code    52  usart.o(i.Uart2Send)
    Uart2Task                                0x08007645   Thumb Code    98  usart.o(i.Uart2Task)
    Uart3Task                                0x080076b1   Thumb Code   122  usart.o(i.Uart3Task)
    Uart4Send                                0x08007739   Thumb Code    52  usart.o(i.Uart4Send)
    UsageFault_Handler                       0x08007771   Thumb Code     2  n32g45x_it.o(i.UsageFault_Handler)
    Usart2_RxOverTime                        0x08007775   Thumb Code    12  usart.o(i.Usart2_RxOverTime)
    Usart3_RxOverTime                        0x08007785   Thumb Code    12  usart.o(i.Usart3_RxOverTime)
    Vtimer_Init                              0x08007795   Thumb Code    28  v_timer.o(i.Vtimer_Init)
    Vtimer_KillTimer                         0x080077b5   Thumb Code    16  v_timer.o(i.Vtimer_KillTimer)
    Vtimer_SetTimer                          0x080077c9   Thumb Code    14  v_timer.o(i.Vtimer_SetTimer)
    Vtimer_UpdateHandler                     0x080077dd   Thumb Code    42  v_timer.o(i.Vtimer_UpdateHandler)
    __0printf$3                              0x0800780d   Thumb Code    22  printf3.o(i.__0printf$3)
    __1printf$3                              0x0800780d   Thumb Code     0  printf3.o(i.__0printf$3)
    __2printf                                0x0800780d   Thumb Code     0  printf3.o(i.__0printf$3)
    __0sprintf$3                             0x0800782d   Thumb Code    34  printf3.o(i.__0sprintf$3)
    __1sprintf$3                             0x0800782d   Thumb Code     0  printf3.o(i.__0sprintf$3)
    __2sprintf                               0x0800782d   Thumb Code     0  printf3.o(i.__0sprintf$3)
    __aeabi_errno_addr                       0x08007855   Thumb Code     4  errno.o(i.__aeabi_errno_addr)
    __rt_errno_addr                          0x08007855   Thumb Code     0  errno.o(i.__aeabi_errno_addr)
    __scatterload_copy                       0x0800785d   Thumb Code    14  handlers.o(i.__scatterload_copy)
    __scatterload_null                       0x0800786b   Thumb Code     2  handlers.o(i.__scatterload_null)
    __scatterload_zeroinit                   0x0800786d   Thumb Code    14  handlers.o(i.__scatterload_zeroinit)
    assert_failed                            0x08007a41   Thumb Code    14  log.o(i.assert_failed)
    calculate_weekday                        0x08007a71   Thumb Code   168  rtc.o(i.calculate_weekday)
    delay_ms                                 0x08007b55   Thumb Code    24  tft.o(i.delay_ms)
    delay_us                                 0x08007b6d   Thumb Code    22  tft.o(i.delay_us)
    fputc                                    0x08007b85   Thumb Code    30  log.o(i.fputc)
    get_mqttlink                             0x08007ba9   Thumb Code     6  mqtt.o(i.get_mqttlink)
    init_system                              0x08007bb5   Thumb Code    92  bsp.o(i.init_system)
    init_usart2                              0x08007c19   Thumb Code   120  usart.o(i.init_usart2)
    init_usart3                              0x08007c99   Thumb Code   124  usart.o(i.init_usart3)
    init_usart4                              0x08007d1d   Thumb Code   124  usart.o(i.init_usart4)
    init_usart5                              0x08007da1   Thumb Code   132  usart.o(i.init_usart5)
    keybuttontask                            0x08007e31   Thumb Code   126  key.o(i.keybuttontask)
    keybuttonvalueset                        0x08007eb5   Thumb Code     8  key.o(i.keybuttonvalueset)
    keygpioInit                              0x08007ec1   Thumb Code   138  key.o(i.keygpioInit)
    keytask                                  0x08007f59   Thumb Code     4  key.o(i.keytask)
    ledgpioInit                              0x08007f5d   Thumb Code   142  bsp.o(i.ledgpioInit)
    main                                     0x08007ffd   Thumb Code    42  main.o(i.main)
    malloc                                   0x08008029   Thumb Code    92  malloc.o(i.malloc)
    set_mqttlink                             0x08008095   Thumb Code     8  mqtt.o(i.set_mqttlink)
    sysparainit                              0x080080a1   Thumb Code    86  eprom.o(i.sysparainit)
    AsciiTab                                 0x08008136   Data          16  typechange.o(.constdata)
    ascii_1206                               0x08008146   Data        1140  tft.o(.constdata)
    ascii_1608                               0x080085ba   Data        1520  tft.o(.constdata)
    ascii_2412                               0x08008baa   Data        4560  tft.o(.constdata)
    CN_32                                    0x08009d7a   Data        2816  tft.o(.constdata)
    CN_16                                    0x0800a87a   Data          96  tft.o(.constdata)
    __ctype_table                            0x0800a8da   Data         129  ctype_o.o(.constdata)
    Region$$Table$$Base                      0x0800aa9c   Number         0  anon$$obj.o(Region$$Table)
    Region$$Table$$Limit                     0x0800aabc   Number         0  anon$$obj.o(Region$$Table)
    SystemCoreClock                          0x20000000   Data           4  system_n32g45x.o(.data)
    g_Equipment_number                       0x20000004   Data          17  bsp.o(.data)
    feeddog                                  0x20000017   Data           1  bsp.o(.data)
    PrescalerValue                           0x2000001c   Data           2  bsp.o(.data)
    RtcTime                                  0x20000020   Data           8  rtc.o(.data)
    bl0942_flag                              0x20000028   Data           1  bl0942.o(.data)
    MyQueue                                  0x20000038   Data           4  circularqueue.o(.data)
    m_NeedReboot                             0x2000003c   Data           1  nbiot.o(.data)
    m_TimeOut                                0x2000003d   Data           1  nbiot.o(.data)
    m_mqttlinkstate                          0x2000003e   Data           1  nbiot.o(.data)
    m_senddataflag                           0x2000003f   Data           1  nbiot.o(.data)
    querynum                                 0x20000040   Data           1  nbiot.o(.data)
    getcclknum                               0x20000041   Data           1  nbiot.o(.data)
    m_TopicTxCnt                             0x2000004c   Data           2  nbiot.o(.data)
    m_DataTxCnt                              0x2000004e   Data           2  nbiot.o(.data)
    g_NBRxCnt                                0x20000050   Data           2  nbiot.o(.data)
    keybuttonvalue                           0x20000052   Data           1  key.o(.data)
    m_DiState                                0x20000058   Data           2  modbus.o(.data)
    MqttReclen                               0x2000005a   Data           2  modbus.o(.data)
    m_remain_table                           0x2000005c   Data         102  modbus.o(.data)
    g_mqtt_errnum                            0x200002c2   Data           1  mqtt.o(.data)
    m_mqttlinkflag                           0x200002c3   Data           1  mqtt.o(.data)
    Heartinfoflag                            0x200002c4   Data           1  mqtt.o(.data)
    Heartstatusflag                          0x200002c5   Data           1  mqtt.o(.data)
    __stdout                                 0x200002c8   Data           4  stdout.o(.data)
    __microlib_freelist                      0x200002cc   Data           4  mvars.o(.data)
    __microlib_freelist_initialised          0x200002d0   Data           4  mvars.o(.data)
    TIM_TimeBaseStructure                    0x200002d8   Data          16  bsp.o(.bss)
    Uart3                                    0x20000350   Data        1106  usart.o(.bss)
    Uart2                                    0x200007a2   Data        1106  usart.o(.bss)
    BL0942_EleData_Reg                       0x20000bf4   Data          28  bl0942.o(.bss)
    BL0942_EleData                           0x20000c10   Data          16  bl0942.o(.bss)
    m_TopicTxBuf                             0x20000c20   Data         200  nbiot.o(.bss)
    m_DataTxBuf                              0x20000ce8   Data        1000  nbiot.o(.bss)
    g_NBbuf                                  0x200010d0   Data        1500  nbiot.o(.bss)
    LTE                                      0x200016ac   Data          42  nbiot.o(.bss)
    MqttRecBuf                               0x200016d6   Data         500  modbus.o(.bss)
    m_input_table                            0x200018ca   Data          78  modbus.o(.bss)
    __heap_base                              0x20001918   Data           0  startup_n32g45x.o(HEAP)
    __heap_limit                             0x20002118   Data           0  startup_n32g45x.o(HEAP)
    __initial_sp                             0x20006118   Data           0  startup_n32g45x.o(STACK)



==============================================================================

Memory Map of the image

  Image Entry point : 0x08000199

  Load Region LR_IROM1 (Base: 0x08000000, Size: 0x0000ad94, Max: 0x00080000, ABSOLUTE, COMPRESSED[0x0000ac00])

    Execution Region ER_IROM1 (Exec base: 0x08000000, Load base: 0x08000000, Size: 0x0000aabc, Max: 0x00080000, ABSOLUTE)

    Exec Addr    Load Addr    Size         Type   Attr      Idx    E Section Name        Object

    0x08000000   0x08000000   0x00000198   Data   RO            3    RESET               startup_n32g45x.o
    0x08000198   0x08000198   0x00000000   Code   RO         4047  * .ARM.Collect$$$$00000000  mc_w.l(entry.o)
    0x08000198   0x08000198   0x00000004   Code   RO         4361    .ARM.Collect$$$$00000001  mc_w.l(entry2.o)
    0x0800019c   0x0800019c   0x00000004   Code   RO         4364    .ARM.Collect$$$$00000004  mc_w.l(entry5.o)
    0x080001a0   0x080001a0   0x00000000   Code   RO         4366    .ARM.Collect$$$$00000008  mc_w.l(entry7b.o)
    0x080001a0   0x080001a0   0x00000000   Code   RO         4368    .ARM.Collect$$$$0000000A  mc_w.l(entry8b.o)
    0x080001a0   0x080001a0   0x00000008   Code   RO         4369    .ARM.Collect$$$$0000000B  mc_w.l(entry9a.o)
    0x080001a8   0x080001a8   0x00000000   Code   RO         4371    .ARM.Collect$$$$0000000D  mc_w.l(entry10a.o)
    0x080001a8   0x080001a8   0x00000000   Code   RO         4373    .ARM.Collect$$$$0000000F  mc_w.l(entry11a.o)
    0x080001a8   0x080001a8   0x00000004   Code   RO         4362    .ARM.Collect$$$$00002712  mc_w.l(entry2.o)
    0x080001ac   0x080001ac   0x00000024   Code   RO            4    .text               startup_n32g45x.o
    0x080001d0   0x080001d0   0x00000024   Code   RO         4050    .text               mc_w.l(memcpya.o)
    0x080001f4   0x080001f4   0x00000024   Code   RO         4052    .text               mc_w.l(memseta.o)
    0x08000218   0x08000218   0x00000024   Code   RO         4054    .text               mc_w.l(strstr.o)
    0x0800023c   0x0800023c   0x00000014   Code   RO         4056    .text               mc_w.l(strchr.o)
    0x08000250   0x08000250   0x0000000e   Code   RO         4058    .text               mc_w.l(strlen.o)
    0x0800025e   0x0800025e   0x0000001a   Code   RO         4351    .text               mc_w.l(atoi.o)
    0x08000278   0x08000278   0x000000e4   Code   RO         4353    .text               mf_w.l(dmul.o)
    0x0800035c   0x0800035c   0x00000022   Code   RO         4355    .text               mf_w.l(dflti.o)
    0x0800037e   0x0800037e   0x0000001a   Code   RO         4357    .text               mf_w.l(dfltui.o)
    0x08000398   0x08000398   0x00000032   Code   RO         4359    .text               mf_w.l(dfixui.o)
    0x080003ca   0x080003ca   0x0000002c   Code   RO         4376    .text               mc_w.l(uidiv.o)
    0x080003f6   0x080003f6   0x00000020   Code   RO         4380    .text               mc_w.l(llushr.o)
    0x08000416   0x08000416   0x00000070   Code   RO         4391    .text               mc_w.l(strtol.o)
    0x08000486   0x08000486   0x00000000   Code   RO         4393    .text               mc_w.l(iusefp.o)
    0x08000486   0x08000486   0x000000ba   Code   RO         4394    .text               mf_w.l(depilogue.o)
    0x08000540   0x08000540   0x00000024   Code   RO         4404    .text               mc_w.l(init.o)
    0x08000564   0x08000564   0x0000001e   Code   RO         4406    .text               mc_w.l(llshl.o)
    0x08000582   0x08000582   0x00000002   PAD
    0x08000584   0x08000584   0x00000008   Code   RO         4410    .text               mc_w.l(ctype_o.o)
    0x0800058c   0x0800058c   0x0000009e   Code   RO         4438    .text               mc_w.l(_strtoul.o)
    0x0800062a   0x0800062a   0x0000001c   Code   RO         4440    .text               mc_w.l(_chval.o)
    0x08000646   0x08000646   0x00000056   Code   RO         4450    .text               mc_w.l(__dczerorl2.o)
    0x0800069c   0x0800069c   0x0000004c   Code   RO         3371    i.AT24CXX_Init      eprom.o
    0x080006e8   0x080006e8   0x0000005e   Code   RO         3373    i.AT24CXX_ReadOneByte  eprom.o
    0x08000746   0x08000746   0x00000052   Code   RO         3375    i.AT24CXX_WriteOneByte  eprom.o
    0x08000798   0x08000798   0x0000009c   Code   RO         3615    i.Activate_PDP_Context  nbiot.o
    0x08000834   0x08000834   0x00000020   Code   RO         2908    i.Ascii2Dec         typechange.o
    0x08000854   0x08000854   0x00000068   Code   RO         2909    i.Ascii2Hex         typechange.o
    0x080008bc   0x080008bc   0x00000114   Code   RO         2180    i.BKP_ReadBkpData   n32g45x_bkp.o
    0x080009d0   0x080009d0   0x00000118   Code   RO         2183    i.BKP_WriteBkpData  n32g45x_bkp.o
    0x08000ae8   0x08000ae8   0x000001a8   Code   RO         3264    i.BL0942GetEleData  bl0942.o
    0x08000c90   0x08000c90   0x00000028   Code   RO         3266    i.BL0942ReadEleData  bl0942.o
    0x08000cb8   0x08000cb8   0x0000002c   Code   RO         3267    i.BL0942Task        bl0942.o
    0x08000ce4   0x08000ce4   0x0000005c   Code   RO         3270    i.BL0942_PWRGpioInit  bl0942.o
    0x08000d40   0x08000d40   0x000000a0   Code   RO         2580    i.BspInit           bsp.o
    0x08000de0   0x08000de0   0x0000001c   Code   RO         2581    i.BspTask           bsp.o
    0x08000dfc   0x08000dfc   0x00000002   Code   RO         2505    i.BusFault_Handler  n32g45x_it.o
    0x08000dfe   0x08000dfe   0x00000002   Code   RO         2506    i.DebugMon_Handler  n32g45x_it.o
    0x08000e00   0x08000e00   0x00000078   Code   RO         3813    i.DisplayClockState  lcd_display.o
    0x08000e78   0x08000e78   0x0000007e   Code   RO         3814    i.DisplayLockState  lcd_display.o
    0x08000ef6   0x08000ef6   0x0000007a   Code   RO         3815    i.DisplayNetState   lcd_display.o
    0x08000f70   0x08000f70   0x0000007a   Code   RO         3816    i.DisplayOutputState  lcd_display.o
    0x08000fea   0x08000fea   0x00000002   PAD
    0x08000fec   0x08000fec   0x000000e8   Code   RO         3817    i.Display_page1     lcd_display.o
    0x080010d4   0x080010d4   0x000002f0   Code   RO         3818    i.Display_pageinit  lcd_display.o
    0x080013c4   0x080013c4   0x0000001c   Code   RO         2507    i.EXTI2_IRQHandler  n32g45x_it.o
    0x080013e0   0x080013e0   0x0000003c   Code   RO         2336    i.EXTI_ClrITPendBit  n32g45x_exti.o
    0x0800141c   0x0800141c   0x000000c4   Code   RO         2339    i.EXTI_GetITStatus  n32g45x_exti.o
    0x080014e0   0x080014e0   0x00000198   Code   RO         2341    i.EXTI_InitPeripheral  n32g45x_exti.o
    0x08001678   0x08001678   0x00000006   Code   RO         3378    i.Eprom_WirteModbusDI  eprom.o
    0x0800167e   0x0800167e   0x0000004c   Code   RO         3379    i.Eprom_WirteModbusRemain  eprom.o
    0x080016ca   0x080016ca   0x000000f6   Code   RO         3381    i.Eprom_WirteResetModbusRemain  eprom.o
    0x080017c0   0x080017c0   0x00000170   Code   RO         3382    i.Eprom_paraInit    eprom.o
    0x08001930   0x08001930   0x00000044   Code   RO         3383    i.Eprom_read_Energy  eprom.o
    0x08001974   0x08001974   0x0000002a   Code   RO         3385    i.Eprom_write_resetEnergy  eprom.o
    0x0800199e   0x0800199e   0x0000003c   Code   RO         3534    i.Fiforead          circularqueue.o
    0x080019da   0x080019da   0x00000002   PAD
    0x080019dc   0x080019dc   0x00000124   Code   RO          217    i.GPIO_ConfigEXTILine  n32g45x_gpio.o
    0x08001b00   0x08001b00   0x0000069e   Code   RO          220    i.GPIO_ConfigPinRemap  n32g45x_gpio.o
    0x0800219e   0x0800219e   0x00000002   PAD
    0x080021a0   0x080021a0   0x00000224   Code   RO          224    i.GPIO_InitPeripheral  n32g45x_gpio.o
    0x080023c4   0x080023c4   0x00000130   Code   RO          227    i.GPIO_ReadInputDataBit  n32g45x_gpio.o
    0x080024f4   0x080024f4   0x000000d4   Code   RO          230    i.GPIO_ResetBits    n32g45x_gpio.o
    0x080025c8   0x080025c8   0x000000d4   Code   RO          231    i.GPIO_SetBits      n32g45x_gpio.o
    0x0800269c   0x0800269c   0x0000004c   Code   RO         2953    i.Get_RTC_Time      rtc.o
    0x080026e8   0x080026e8   0x00000028   Code   RO         2508    i.HardFault_Handler  n32g45x_it.o
    0x08002710   0x08002710   0x000000a8   Code   RO         3966    i.HeartInfo         mqtt.o
    0x080027b8   0x080027b8   0x0000001c   Code   RO         3967    i.HeartInfoBeatflag  mqtt.o
    0x080027d4   0x080027d4   0x00000014   Code   RO         3968    i.HeartInfoBegin    mqtt.o
    0x080027e8   0x080027e8   0x00000064   Code   RO         3969    i.HeartInfoLimit    mqtt.o
    0x0800284c   0x0800284c   0x00000028   Code   RO         3970    i.HeartStatus       mqtt.o
    0x08002874   0x08002874   0x0000001c   Code   RO         3971    i.HeartStatusflag   mqtt.o
    0x08002890   0x08002890   0x00000014   Code   RO         3972    i.HeartStausBegin   mqtt.o
    0x080028a4   0x080028a4   0x00000044   Code   RO         2910    i.Hex2Ascii         typechange.o
    0x080028e8   0x080028e8   0x000000fc   Code   RO         3389    i.IIC_Read_Byte     eprom.o
    0x080029e4   0x080029e4   0x0000007c   Code   RO         3390    i.IIC_Send_Byte     eprom.o
    0x08002a60   0x08002a60   0x00000054   Code   RO         3391    i.IIC_Start         eprom.o
    0x08002ab4   0x08002ab4   0x00000048   Code   RO         3392    i.IIC_Stop          eprom.o
    0x08002afc   0x08002afc   0x000000ac   Code   RO         3393    i.IIC_Wait_Ack      eprom.o
    0x08002ba8   0x08002ba8   0x00000036   Code   RO         3537    i.In_Queue          circularqueue.o
    0x08002bde   0x08002bde   0x00000002   PAD
    0x08002be0   0x08002be0   0x00000160   Code   RO         3617    i.LTE_CCLK          nbiot.o
    0x08002d40   0x08002d40   0x00000364   Code   RO         3619    i.LTE_ReceiveSendData  nbiot.o
    0x080030a4   0x080030a4   0x000000a0   Code   RO         3620    i.LTE_Reset         nbiot.o
    0x08003144   0x08003144   0x00000030   Code   RO         3621    i.LTE_ResetGpioInit  nbiot.o
    0x08003174   0x08003174   0x00000134   Code   RO         3622    i.LTE_process       nbiot.o
    0x080032a8   0x080032a8   0x00000018   Code   RO         2586    i.LedLockButton     bsp.o
    0x080032c0   0x080032c0   0x00000018   Code   RO         2587    i.LedNetButton      bsp.o
    0x080032d8   0x080032d8   0x0000005c   Code   RO         2588    i.LedRun            bsp.o
    0x08003334   0x08003334   0x00000018   Code   RO         2589    i.LedSwitchButton   bsp.o
    0x0800334c   0x0800334c   0x00000018   Code   RO         2590    i.LedTime           bsp.o
    0x08003364   0x08003364   0x0000039c   Code   RO         3623    i.MQTT_Creat        nbiot.o
    0x08003700   0x08003700   0x00000002   Code   RO         2509    i.MemManage_Handler  n32g45x_it.o
    0x08003702   0x08003702   0x00000002   PAD
    0x08003704   0x08003704   0x00000474   Code   RO         3880    i.ModbusDataHandle  modbus.o
    0x08003b78   0x08003b78   0x00000114   Code   RO         3881    i.ModbusSendAll     modbus.o
    0x08003c8c   0x08003c8c   0x00000020   Code   RO         3882    i.Modbus_ReadDI     modbus.o
    0x08003cac   0x08003cac   0x0000000c   Code   RO         3884    i.Modbus_Readremain  modbus.o
    0x08003cb8   0x08003cb8   0x0000002c   Code   RO         3885    i.Modbus_WirteDI    modbus.o
    0x08003ce4   0x08003ce4   0x0000000c   Code   RO         3886    i.Modbus_WrieteInput  modbus.o
    0x08003cf0   0x08003cf0   0x0000000c   Code   RO         3887    i.Modbus_Wrietemain  modbus.o
    0x08003cfc   0x08003cfc   0x00000100   Code   RO         3973    i.MqttrecedataHandle  mqtt.o
    0x08003dfc   0x08003dfc   0x00000018   Code   RO         3624    i.NB_Check_TimeOutTimer  nbiot.o
    0x08003e14   0x08003e14   0x00000020   Code   RO         3625    i.NB_ClearRxBuf     nbiot.o
    0x08003e34   0x08003e34   0x0000000c   Code   RO         3627    i.NB_Set_TimeOut    nbiot.o
    0x08003e40   0x08003e40   0x00000002   Code   RO         2510    i.NMI_Handler       n32g45x_it.o
    0x08003e42   0x08003e42   0x00000082   Code   RO         2761    i.NVIC_Configuration  usart.o
    0x08003ec4   0x08003ec4   0x0000011c   Code   RO          163    i.NVIC_Init         misc.o
    0x08003fe0   0x08003fe0   0x0000009c   Code   RO          164    i.NVIC_PriorityGroupConfig  misc.o
    0x0800407c   0x0800407c   0x00000074   Code   RO         2252    i.PWR_BackupAccessEnable  n32g45x_pwr.o
    0x080040f0   0x080040f0   0x0000000c   Code   RO         3629    i.QueryLteState     nbiot.o
    0x080040fc   0x080040fc   0x000000a0   Code   RO         3630    i.Query_Network_Attach_Status  nbiot.o
    0x0800419c   0x0800419c   0x000000a0   Code   RO         3631    i.Query_Network_Reg_Status  nbiot.o
    0x0800423c   0x0800423c   0x00000270   Code   RO         3632    i.Query_Sim         nbiot.o
    0x080044ac   0x080044ac   0x00000030   Code   RO         3539    i.QueueInit         circularqueue.o
    0x080044dc   0x080044dc   0x00000010   Code   RO         3540    i.Queue_len         circularqueue.o
    0x080044ec   0x080044ec   0x0000008c   Code   RO          539    i.RCC_ConfigLse     n32g45x_rcc.o
    0x08004578   0x08004578   0x00000090   Code   RO          542    i.RCC_ConfigPclk1   n32g45x_rcc.o
    0x08004608   0x08004608   0x00000094   Code   RO          546    i.RCC_ConfigRtcClk  n32g45x_rcc.o
    0x0800469c   0x0800469c   0x000000c0   Code   RO          554    i.RCC_EnableAPB1PeriphClk  n32g45x_rcc.o
    0x0800475c   0x0800475c   0x000000c0   Code   RO          556    i.RCC_EnableAPB2PeriphClk  n32g45x_rcc.o
    0x0800481c   0x0800481c   0x00000074   Code   RO          564    i.RCC_EnableRtcClk  n32g45x_rcc.o
    0x08004890   0x08004890   0x000000e0   Code   RO          566    i.RCC_GetClocksFreqValue  n32g45x_rcc.o
    0x08004970   0x08004970   0x000000d0   Code   RO          567    i.RCC_GetFlagStatus  n32g45x_rcc.o
    0x08004a40   0x08004a40   0x00000034   Code   RO         3341    i.RS485Init         rs485.o
    0x08004a74   0x08004a74   0x00000004   Code   RO         3342    i.RS485Task         rs485.o
    0x08004a78   0x08004a78   0x0000001a   Code   RO         1899    i.RTC_ByteToBcd2    n32g45x_rtc.o
    0x08004a92   0x08004a92   0x00000002   PAD
    0x08004a94   0x08004a94   0x00000390   Code   RO         1910    i.RTC_ConfigTime    n32g45x_rtc.o
    0x08004e24   0x08004e24   0x00000044   Code   RO         1921    i.RTC_EnterInitMode  n32g45x_rtc.o
    0x08004e68   0x08004e68   0x000000cc   Code   RO         1925    i.RTC_GetDate       n32g45x_rtc.o
    0x08004f34   0x08004f34   0x000000d0   Code   RO         1930    i.RTC_GetTime       n32g45x_rtc.o
    0x08005004   0x08005004   0x00000178   Code   RO         1934    i.RTC_Init          n32g45x_rtc.o
    0x0800517c   0x0800517c   0x000002cc   Code   RO         1936    i.RTC_SetDate       n32g45x_rtc.o
    0x08005448   0x08005448   0x0000000e   Code   RO         1938    i.RTC_StructInit    n32g45x_rtc.o
    0x08005456   0x08005456   0x00000002   PAD
    0x08005458   0x08005458   0x0000004c   Code   RO         1940    i.RTC_WaitForSynchro  n32g45x_rtc.o
    0x080054a4   0x080054a4   0x00000018   Code   RO         3272    i.ReadBL0942EleFlag  bl0942.o
    0x080054bc   0x080054bc   0x00000060   Code   RO         3234    i.Relay_Control     relay.o
    0x0800551c   0x0800551c   0x0000004c   Code   RO         3235    i.RelaygpioInit     relay.o
    0x08005568   0x08005568   0x000000bc   Code   RO         2954    i.Rtc_Init          rtc.o
    0x08005624   0x08005624   0x000000ac   Code   RO         3633    i.SetPDP_Context    nbiot.o
    0x080056d0   0x080056d0   0x0000004c   Code   RO         3634    i.Set_LTE_SendData  nbiot.o
    0x0800571c   0x0800571c   0x00000044   Code   RO         2955    i.Set_RTC_Time      rtc.o
    0x08005760   0x08005760   0x00000084   Code   RO          167    i.SysTick_CLKSourceConfig  misc.o
    0x080057e4   0x080057e4   0x00000002   Code   RO         2511    i.SysTick_Handler   n32g45x_it.o
    0x080057e6   0x080057e6   0x00000002   PAD
    0x080057e8   0x080057e8   0x00000150   Code   RO           14    i.SystemInit        system_n32g45x.o
    0x08005938   0x08005938   0x000000a0   Code   RO         3050    i.TFTLCD_Address_Set  tft.o
    0x080059d8   0x080059d8   0x000000be   Code   RO         3052    i.TFTLCD_DrawLine   tft.o
    0x08005a96   0x08005a96   0x0000004e   Code   RO         3055    i.TFTLCD_Fill       tft.o
    0x08005ae4   0x08005ae4   0x000003e4   Code   RO         3057    i.TFTLCD_Init       tft.o
    0x08005ec8   0x08005ec8   0x000000f0   Code   RO         3058    i.TFTLCD_ShowCN     tft.o
    0x08005fb8   0x08005fb8   0x0000014c   Code   RO         3059    i.TFTLCD_ShowChar   tft.o
    0x08006104   0x08006104   0x000000c0   Code   RO         3060    i.TFTLCD_ShowFloatNum1  tft.o
    0x080061c4   0x080061c4   0x000000b4   Code   RO         3061    i.TFTLCD_ShowIntNum  tft.o
    0x08006278   0x08006278   0x0000004a   Code   RO         3063    i.TFTLCD_ShowString  tft.o
    0x080062c2   0x080062c2   0x00000002   PAD
    0x080062c4   0x080062c4   0x00000054   Code   RO         3067    i.TFTLCD_Writ_Bus   tft.o
    0x08006318   0x08006318   0x00000018   Code   RO         3819    i.TFTTask           lcd_display.o
    0x08006330   0x08006330   0x00000018   Code   RO         3820    i.TFTTimer          lcd_display.o
    0x08006348   0x08006348   0x00000028   Code   RO         2592    i.TIM6_IRQHandler   bsp.o
    0x08006370   0x08006370   0x000000e0   Code   RO          800    i.TIM_ClrIntPendingBit  n32g45x_tim.o
    0x08006450   0x08006450   0x00000118   Code   RO          822    i.TIM_ConfigInt     n32g45x_tim.o
    0x08006568   0x08006568   0x000000f4   Code   RO          846    i.TIM_ConfigPrescaler  n32g45x_tim.o
    0x0800665c   0x0800665c   0x00000078   Code   RO         2593    i.TIM_Configuration  bsp.o
    0x080066d4   0x080066d4   0x000000f0   Code   RO          850    i.TIM_Enable        n32g45x_tim.o
    0x080067c4   0x080067c4   0x00000104   Code   RO          868    i.TIM_GetIntStatus  n32g45x_tim.o
    0x080068c8   0x080068c8   0x00000254   Code   RO          881    i.TIM_InitTimeBase  n32g45x_tim.o
    0x08006b1c   0x08006b1c   0x00000020   Code   RO         2762    i.UART4_IRQHandler  usart.o
    0x08006b3c   0x08006b3c   0x00000058   Code   RO         2763    i.USART2_IRQHandler  usart.o
    0x08006b94   0x08006b94   0x00000058   Code   RO         2764    i.USART3_IRQHandler  usart.o
    0x08006bec   0x08006bec   0x000001bc   Code   RO         1463    i.USART_ConfigInt   n32g45x_usart.o
    0x08006da8   0x08006da8   0x000000f0   Code   RO         1468    i.USART_Enable      n32g45x_usart.o
    0x08006e98   0x08006e98   0x00000148   Code   RO         1475    i.USART_GetFlagStatus  n32g45x_usart.o
    0x08006fe0   0x08006fe0   0x00000198   Code   RO         1476    i.USART_GetIntStatus  n32g45x_usart.o
    0x08007178   0x08007178   0x00000304   Code   RO         1477    i.USART_Init        n32g45x_usart.o
    0x0800747c   0x0800747c   0x000000b4   Code   RO         1478    i.USART_ReceiveData  n32g45x_usart.o
    0x08007530   0x08007530   0x000000dc   Code   RO         1480    i.USART_SendData    n32g45x_usart.o
    0x0800760c   0x0800760c   0x00000038   Code   RO         2767    i.Uart2Send         usart.o
    0x08007644   0x08007644   0x0000006c   Code   RO         2768    i.Uart2Task         usart.o
    0x080076b0   0x080076b0   0x00000088   Code   RO         2773    i.Uart3Task         usart.o
    0x08007738   0x08007738   0x00000038   Code   RO         2775    i.Uart4Send         usart.o
    0x08007770   0x08007770   0x00000002   Code   RO         2512    i.UsageFault_Handler  n32g45x_it.o
    0x08007772   0x08007772   0x00000002   PAD
    0x08007774   0x08007774   0x00000010   Code   RO         2776    i.Usart2_RxOverTime  usart.o
    0x08007784   0x08007784   0x00000010   Code   RO         2777    i.Usart3_RxOverTime  usart.o
    0x08007794   0x08007794   0x00000020   Code   RO         2711    i.Vtimer_Init       v_timer.o
    0x080077b4   0x080077b4   0x00000014   Code   RO         2712    i.Vtimer_KillTimer  v_timer.o
    0x080077c8   0x080077c8   0x00000014   Code   RO         2713    i.Vtimer_SetTimer   v_timer.o
    0x080077dc   0x080077dc   0x00000030   Code   RO         2715    i.Vtimer_UpdateHandler  v_timer.o
    0x0800780c   0x0800780c   0x00000020   Code   RO         4151    i.__0printf$3       mc_w.l(printf3.o)
    0x0800782c   0x0800782c   0x00000028   Code   RO         4153    i.__0sprintf$3      mc_w.l(printf3.o)
    0x08007854   0x08007854   0x00000008   Code   RO         4384    i.__aeabi_errno_addr  mc_w.l(errno.o)
    0x0800785c   0x0800785c   0x0000000e   Code   RO         4444    i.__scatterload_copy  mc_w.l(handlers.o)
    0x0800786a   0x0800786a   0x00000002   Code   RO         4445    i.__scatterload_null  mc_w.l(handlers.o)
    0x0800786c   0x0800786c   0x0000000e   Code   RO         4446    i.__scatterload_zeroinit  mc_w.l(handlers.o)
    0x0800787a   0x0800787a   0x00000002   PAD
    0x0800787c   0x0800787c   0x000001b8   Code   RO         4158    i._printf_core      mc_w.l(printf3.o)
    0x08007a34   0x08007a34   0x0000000a   Code   RO         4160    i._sputc            mc_w.l(printf3.o)
    0x08007a3e   0x08007a3e   0x00000002   PAD
    0x08007a40   0x08007a40   0x00000030   Code   RO         3013    i.assert_failed     log.o
    0x08007a70   0x08007a70   0x000000ac   Code   RO         2957    i.calculate_weekday  rtc.o
    0x08007b1c   0x08007b1c   0x00000038   Code   RO         3888    i.crc16             modbus.o
    0x08007b54   0x08007b54   0x00000018   Code   RO         3069    i.delay_ms          tft.o
    0x08007b6c   0x08007b6c   0x00000016   Code   RO         3070    i.delay_us          tft.o
    0x08007b82   0x08007b82   0x00000002   PAD
    0x08007b84   0x08007b84   0x00000024   Code   RO         3014    i.fputc             log.o
    0x08007ba8   0x08007ba8   0x0000000c   Code   RO         3974    i.get_mqttlink      mqtt.o
    0x08007bb4   0x08007bb4   0x00000064   Code   RO         2594    i.init_system       bsp.o
    0x08007c18   0x08007c18   0x00000080   Code   RO         2778    i.init_usart2       usart.o
    0x08007c98   0x08007c98   0x00000084   Code   RO         2779    i.init_usart3       usart.o
    0x08007d1c   0x08007d1c   0x00000084   Code   RO         2780    i.init_usart4       usart.o
    0x08007da0   0x08007da0   0x00000090   Code   RO         2781    i.init_usart5       usart.o
    0x08007e30   0x08007e30   0x00000084   Code   RO         3759    i.keybuttontask     key.o
    0x08007eb4   0x08007eb4   0x0000000c   Code   RO         3761    i.keybuttonvalueset  key.o
    0x08007ec0   0x08007ec0   0x00000098   Code   RO         3762    i.keygpioInit       key.o
    0x08007f58   0x08007f58   0x00000004   Code   RO         3763    i.keytask           key.o
    0x08007f5c   0x08007f5c   0x000000a0   Code   RO         2595    i.ledgpioInit       bsp.o
    0x08007ffc   0x08007ffc   0x0000002a   Code   RO         2409    i.main              main.o
    0x08008026   0x08008026   0x00000002   PAD
    0x08008028   0x08008028   0x0000006c   Code   RO         4324    i.malloc            mc_w.l(malloc.o)
    0x08008094   0x08008094   0x0000000c   Code   RO         3975    i.set_mqttlink      mqtt.o
    0x080080a0   0x080080a0   0x00000056   Code   RO         3396    i.sysparainit       eprom.o
    0x080080f6   0x080080f6   0x00000040   Data   RO          572    .constdata          n32g45x_rcc.o
    0x08008136   0x08008136   0x00000010   Data   RO         2912    .constdata          typechange.o
    0x08008146   0x08008146   0x00002794   Data   RO         3072    .constdata          tft.o
    0x0800a8da   0x0800a8da   0x00000081   Data   RO         4411    .constdata          mc_w.l(ctype_o.o)
    0x0800a95b   0x0800a95b   0x00000001   PAD
    0x0800a95c   0x0800a95c   0x00000004   Data   RO         4412    .constdata          mc_w.l(ctype_o.o)
    0x0800a960   0x0800a960   0x00000094   Data   RO          168    .conststring        misc.o
    0x0800a9f4   0x0800a9f4   0x00000046   Data   RO         1486    .conststring        n32g45x_usart.o
    0x0800aa3a   0x0800aa3a   0x00000002   PAD
    0x0800aa3c   0x0800aa3c   0x0000005e   Data   RO         2345    .conststring        n32g45x_exti.o
    0x0800aa9a   0x0800aa9a   0x00000002   PAD
    0x0800aa9c   0x0800aa9c   0x00000020   Data   RO         4442    Region$$Table       anon$$obj.o


    Execution Region RW_IRAM1 (Exec base: 0x20000000, Load base: 0x0800aabc, Size: 0x00006118, Max: 0x00024000, ABSOLUTE, COMPRESSED[0x00000144])

    Exec Addr    Load Addr    Size         Type   Attr      Idx    E Section Name        Object

    0x20000000   COMPRESSED   0x00000004   Data   RW           16    .data               system_n32g45x.o
    0x20000004   COMPRESSED   0x00000011   Data   RW         2598    .data               bsp.o
    0x20000015   COMPRESSED   0x00000001   PAD
    0x20000016   COMPRESSED   0x0000000a   Data   RW         2599    .data               bsp.o
    0x20000020   COMPRESSED   0x00000008   Data   RW         2959    .data               rtc.o
    0x20000028   COMPRESSED   0x00000010   Data   RW         3274    .data               bl0942.o
    0x20000038   COMPRESSED   0x00000004   Data   RW         3543    .data               circularqueue.o
    0x2000003c   COMPRESSED   0x00000016   Data   RW         3636    .data               nbiot.o
    0x20000052   COMPRESSED   0x00000001   Data   RW         3764    .data               key.o
    0x20000053   COMPRESSED   0x00000002   Data   RW         3821    .data               lcd_display.o
    0x20000055   COMPRESSED   0x00000001   PAD
    0x20000056   COMPRESSED   0x0000026c   Data   RW         3890    .data               modbus.o
    0x200002c2   COMPRESSED   0x00000004   Data   RW         3976    .data               mqtt.o
    0x200002c6   COMPRESSED   0x00000002   PAD
    0x200002c8   COMPRESSED   0x00000004   Data   RW         4375    .data               mc_w.l(stdout.o)
    0x200002cc   COMPRESSED   0x00000004   Data   RW         4382    .data               mc_w.l(mvars.o)
    0x200002d0   COMPRESSED   0x00000004   Data   RW         4383    .data               mc_w.l(mvars.o)
    0x200002d4   COMPRESSED   0x00000004   Data   RW         4387    .data               mc_w.l(errno.o)
    0x200002d8        -       0x00000010   Zero   RW         2596    .bss                bsp.o
    0x200002e8        -       0x00000068   Zero   RW         2716    .bss                v_timer.o
    0x20000350        -       0x000008a4   Zero   RW         2782    .bss                usart.o
    0x20000bf4        -       0x0000002c   Zero   RW         3273    .bss                bl0942.o
    0x20000c20        -       0x00000ab6   Zero   RW         3635    .bss                nbiot.o
    0x200016d6        -       0x00000242   Zero   RW         3889    .bss                modbus.o
    0x20001918        -       0x00000800   Zero   RW            2    HEAP                startup_n32g45x.o
    0x20002118        -       0x00004000   Zero   RW            1    STACK               startup_n32g45x.o


==============================================================================

Image component sizes


      Code (inc. data)   RO Data    RW Data    ZI Data      Debug   Object Name

       624         78          0         16         44       5253   bl0942.o
       796        102          0         27         16      38651   bsp.o
       178          6          0          4          0       3865   circularqueue.o
      1848         34          0          0          0      11506   eprom.o
       300         24          0          1          0       3131   key.o
      1522         84          0          2          0       6202   lcd_display.o
        84         40          0          0          0       1808   log.o
        42          0          0          0          0       2495   main.o
       572        322        148          0          0       2577   misc.o
      1584         86          0        620        578      37663   modbus.o
       684        188          0          4          0       6804   mqtt.o
       556        154          0          0          0       2593   n32g45x_bkp.o
       664        274         94          0          0       3061   n32g45x_exti.o
      3262       1022          0          0          0       6734   n32g45x_gpio.o
        80         32          0          0          0       4246   n32g45x_it.o
       116         90          0          0          0        669   n32g45x_pwr.o
      1364        724         64          0          0       9629   n32g45x_rcc.o
      2600       1276          0          0          0       8959   n32g45x_rtc.o
      1844        760          0          0          0       6016   n32g45x_tim.o
      2592       1194         70          0          0       7182   n32g45x_usart.o
      4088        832          0         22       2742      16560   nbiot.o
       172         10          0          0          0       1224   relay.o
        56          6          0          0          0       1084   rs485.o
       504         26          0          8          0       4119   rtc.o
        36          8        408          0      18432        948   startup_n32g45x.o
       336         34          0          4          0     372661   system_n32g45x.o
      2572         58      10132          0          0      15065   tft.o
       204         18         16          0          0       2747   typechange.o
      1262        122          0          0       2212      10562   usart.o
       120         20          0          0        104       2906   v_timer.o

    ----------------------------------------------------------------------
     30686       7624      10968        712      24128     596920   Object Totals
         0          0         32          0          0          0   (incl. Generated)
        24          0          4          4          0          0   (incl. Padding)

    ----------------------------------------------------------------------

      Code (inc. data)   RO Data    RW Data    ZI Data      Debug   Library Member Name

        86          0          0          0          0          0   __dczerorl2.o
        28          0          0          0          0         68   _chval.o
       158          0          0          0          0         92   _strtoul.o
        26          0          0          0          0         80   atoi.o
         8          4        133          0          0         68   ctype_o.o
         0          0          0          0          0          0   entry.o
         0          0          0          0          0          0   entry10a.o
         0          0          0          0          0          0   entry11a.o
         8          4          0          0          0          0   entry2.o
         4          0          0          0          0          0   entry5.o
         0          0          0          0          0          0   entry7b.o
         0          0          0          0          0          0   entry8b.o
         8          4          0          0          0          0   entry9a.o
         8          4          0          4          0         68   errno.o
        30          0          0          0          0          0   handlers.o
        36          8          0          0          0         68   init.o
         0          0          0          0          0          0   iusefp.o
        30          0          0          0          0         68   llshl.o
        32          0          0          0          0         68   llushr.o
       108         16          0          0          0         84   malloc.o
        36          0          0          0          0         68   memcpya.o
        36          0          0          0          0        108   memseta.o
         0          0          0          8          0          0   mvars.o
       522         20          0          0          0        336   printf3.o
         0          0          0          4          0          0   stdout.o
        20          0          0          0          0         68   strchr.o
        14          0          0          0          0         68   strlen.o
        36          0          0          0          0         80   strstr.o
       112          0          0          0          0         88   strtol.o
        44          0          0          0          0         80   uidiv.o
       186          0          0          0          0        176   depilogue.o
        50          0          0          0          0         76   dfixui.o
        34          0          0          0          0         76   dflti.o
        26          0          0          0          0         76   dfltui.o
       228          0          0          0          0         96   dmul.o

    ----------------------------------------------------------------------
      1920         60        134         16          0       2060   Library Totals
         6          0          1          0          0          0   (incl. Padding)

    ----------------------------------------------------------------------

      Code (inc. data)   RO Data    RW Data    ZI Data      Debug   Library Name

      1390         60        133         16          0       1560   mc_w.l
       524          0          0          0          0        500   mf_w.l

    ----------------------------------------------------------------------
      1920         60        134         16          0       2060   Library Totals

    ----------------------------------------------------------------------

==============================================================================


      Code (inc. data)   RO Data    RW Data    ZI Data      Debug   

     32606       7684      11102        728      24128     580972   Grand Totals
     32606       7684      11102        324      24128     580972   ELF Image Totals (compressed)
     32606       7684      11102        324          0          0   ROM Totals

==============================================================================

    Total RO  Size (Code + RO Data)                43708 (  42.68kB)
    Total RW  Size (RW Data + ZI Data)             24856 (  24.27kB)
    Total ROM Size (Code + RO Data + RW Data)      44032 (  43.00kB)

==============================================================================

