<!doctype html public "-//w3c//dtd html 4.0 transitional//en">
<html><head>
<title>Static Call Graph - [.\Objects\LedBlink.axf]</title></head>
<body><HR>
<H1>Static Call Graph for image .\Objects\LedBlink.axf</H1><HR>
<BR><P>#&#060CALLGRAPH&#062# ARM Linker, 5050106: Last Updated: Thu Nov 13 17:08:44 2025
<BR><P>
<H3>Maximum Stack Usage =       3504 bytes + Unknown(Cycles, Untraceable Function Pointers)</H3><H3>
Call chain for Maximum Stack Depth:</H3>
main &rArr; LTE_process &rArr; LTE_ReceiveSendData &rArr; MqttrecedataHandle &rArr; ModbusDataHandle &rArr; ModbusSendAll &rArr; Set_LTE_SendData
<P>
<H3>
Mutually Recursive functions
</H3> <LI><a href="#[1b]">ADC_IRQHandler</a>&nbsp;&nbsp;&nbsp;&rArr;&nbsp;&nbsp;&nbsp;<a href="#[1b]">ADC_IRQHandler</a><BR>
 <LI><a href="#[35]">system_delay_cycles</a>&nbsp;&nbsp;&nbsp;&rArr;&nbsp;&nbsp;&nbsp;<a href="#[35]">system_delay_cycles</a><BR>
</UL>
<P>
<H3>
Function Pointers
</H3><UL>
 <LI><a href="#[1b]">ADC_IRQHandler</a> from startup_n32wb03x.o(.text) referenced from startup_n32wb03x.o(RESET)
 <LI><a href="#[18]">BLE_CRYPT_IRQHandler</a> from startup_n32wb03x.o(.text) referenced from startup_n32wb03x.o(RESET)
 <LI><a href="#[17]">BLE_ERROR_IRQHandler</a> from startup_n32wb03x.o(.text) referenced from startup_n32wb03x.o(RESET)
 <LI><a href="#[10]">BLE_FIFO_IRQHandler</a> from startup_n32wb03x.o(.text) referenced from startup_n32wb03x.o(RESET)
 <LI><a href="#[f]">BLE_FINETGT_IRQHandler</a> from startup_n32wb03x.o(.text) referenced from startup_n32wb03x.o(RESET)
 <LI><a href="#[9]">BLE_HSLOT_IRQHandler</a> from startup_n32wb03x.o(.text) referenced from startup_n32wb03x.o(RESET)
 <LI><a href="#[20]">BLE_SLP_IRQHandler</a> from startup_n32wb03x.o(.text) referenced from startup_n32wb03x.o(RESET)
 <LI><a href="#[7]">BLE_SW_IRQHandler</a> from startup_n32wb03x.o(.text) referenced from startup_n32wb03x.o(RESET)
 <LI><a href="#[19]">BLE_TIMESTAMP_TGT1_IRQHandler</a> from startup_n32wb03x.o(.text) referenced from startup_n32wb03x.o(RESET)
 <LI><a href="#[1e]">BLE_TIMESTAMP_TGT2_IRQHandler</a> from startup_n32wb03x.o(.text) referenced from startup_n32wb03x.o(RESET)
 <LI><a href="#[11]">DMA_Channel1_2_3_4_IRQHandler</a> from startup_n32wb03x.o(.text) referenced from startup_n32wb03x.o(RESET)
 <LI><a href="#[12]">DMA_Channel5_IRQHandler</a> from startup_n32wb03x.o(.text) referenced from startup_n32wb03x.o(RESET)
 <LI><a href="#[2a]">Dog_Feed</a> from bsp.o(.text) referenced from bsp.o(.text)
 <LI><a href="#[c]">EXTI0_1_IRQHandler</a> from bsp.o(.text) referenced from startup_n32wb03x.o(RESET)
 <LI><a href="#[d]">EXTI2_3_IRQHandler</a> from startup_n32wb03x.o(.text) referenced from startup_n32wb03x.o(RESET)
 <LI><a href="#[e]">EXTI4_12_IRQHandler</a> from startup_n32wb03x.o(.text) referenced from startup_n32wb03x.o(RESET)
 <LI><a href="#[a]">FLASH_IRQHandler</a> from startup_n32wb03x.o(.text) referenced from startup_n32wb03x.o(RESET)
 <LI><a href="#[2]">HardFault_Handler</a> from n32wb03x_it.o(.text) referenced from startup_n32wb03x.o(RESET)
 <LI><a href="#[2f]">HeartInfoBeatflag</a> from mqtt.o(.text) referenced from mqtt.o(.text)
 <LI><a href="#[30]">HeartStatusflag</a> from mqtt.o(.text) referenced from mqtt.o(.text)
 <LI><a href="#[1d]">I2C1_IRQHandler</a> from startup_n32wb03x.o(.text) referenced from startup_n32wb03x.o(RESET)
 <LI><a href="#[25]">IRC_IRQHandler</a> from startup_n32wb03x.o(.text) referenced from startup_n32wb03x.o(RESET)
 <LI><a href="#[21]">KEYSCAN_IRQHandler</a> from startup_n32wb03x.o(.text) referenced from startup_n32wb03x.o(RESET)
 <LI><a href="#[23]">LPUART1_IRQHandler</a> from usart.o(.text) referenced from startup_n32wb03x.o(RESET)
 <LI><a href="#[29]">LedFlag</a> from bsp.o(.text) referenced from bsp.o(.text)
 <LI><a href="#[2d]">NB_Set_TimeOut</a> from nbiot.o(.text) referenced from nbiot.o(.text)
 <LI><a href="#[1]">NMI_Handler</a> from n32wb03x_it.o(.text) referenced from startup_n32wb03x.o(RESET)
 <LI><a href="#[4]">PendSV_Handler</a> from n32wb03x_it.o(.text) referenced from startup_n32wb03x.o(RESET)
 <LI><a href="#[b]">RCC_IRQHandler</a> from startup_n32wb03x.o(.text) referenced from startup_n32wb03x.o(RESET)
 <LI><a href="#[15]">RESERVED_IRQHandler</a> from startup_n32wb03x.o(.text) referenced from startup_n32wb03x.o(RESET)
 <LI><a href="#[8]">RTC_IRQHandler</a> from startup_n32wb03x.o(.text) referenced from startup_n32wb03x.o(RESET)
 <LI><a href="#[2c]">ReadBL0942EleFlag</a> from bl0942.o(.text) referenced from bl0942.o(.text)
 <LI><a href="#[0]">Reset_Handler</a> from startup_n32wb03x.o(.text) referenced from startup_n32wb03x.o(RESET)
 <LI><a href="#[1f]">SPI1_IRQHandler</a> from startup_n32wb03x.o(.text) referenced from startup_n32wb03x.o(RESET)
 <LI><a href="#[1c]">SPI2_IRQHandler</a> from startup_n32wb03x.o(.text) referenced from startup_n32wb03x.o(RESET)
 <LI><a href="#[3]">SVC_Handler</a> from n32wb03x_it.o(.text) referenced from startup_n32wb03x.o(RESET)
 <LI><a href="#[5]">SysTick_Handler</a> from n32wb03x_it.o(.text) referenced from startup_n32wb03x.o(RESET)
 <LI><a href="#[27]">SystemInit</a> from system_n32wb03x.o(.text) referenced from startup_n32wb03x.o(.text)
 <LI><a href="#[13]">TIM1_BRK_UP_TRG_COM_IRQHandler</a> from startup_n32wb03x.o(.text) referenced from startup_n32wb03x.o(RESET)
 <LI><a href="#[14]">TIM1_CC_IRQHandler</a> from startup_n32wb03x.o(.text) referenced from startup_n32wb03x.o(RESET)
 <LI><a href="#[16]">TIM3_IRQHandler</a> from timer.o(.text) referenced from startup_n32wb03x.o(RESET)
 <LI><a href="#[1a]">TIM6_IRQHandler</a> from startup_n32wb03x.o(.text) referenced from startup_n32wb03x.o(RESET)
 <LI><a href="#[22]">USART1_IRQHandler</a> from usart.o(.text) referenced from startup_n32wb03x.o(RESET)
 <LI><a href="#[24]">USART2_IRQHandler</a> from usart.o(.text) referenced from startup_n32wb03x.o(RESET)
 <LI><a href="#[2b]">Usart2_RxOverTime</a> from usart.o(.text) referenced from usart.o(.text)
 <LI><a href="#[6]">WWDG_IRQHandler</a> from startup_n32wb03x.o(.text) referenced from startup_n32wb03x.o(RESET)
 <LI><a href="#[28]">__main</a> from entry.o(.ARM.Collect$$$$00000000) referenced from startup_n32wb03x.o(.text)
 <LI><a href="#[32]">_sputc</a> from printf5.o(i._sputc) referenced from printf5.o(i.__0sprintf$5)
 <LI><a href="#[31]">fputc</a> from usart.o(.text) referenced from printf5.o(i.__0printf$5)
 <LI><a href="#[26]">main</a> from main.o(.text) referenced from entry9a.o(.ARM.Collect$$$$0000000B)
 <LI><a href="#[2e]">rtc_flag</a> from rtc.o(.text) referenced from rtc.o(.text)
</UL>
<P>
<H3>
Global Symbols
</H3>
<P><STRONG><a name="[28]"></a>__main</STRONG> (Thumb, 0 bytes, Stack size unknown bytes, entry.o(.ARM.Collect$$$$00000000))
<BR>[Address Reference Count : 1]<UL><LI> startup_n32wb03x.o(.text)
</UL>
<P><STRONG><a name="[134]"></a>_main_stk</STRONG> (Thumb, 0 bytes, Stack size unknown bytes, entry2.o(.ARM.Collect$$$$00000001))

<P><STRONG><a name="[33]"></a>_main_scatterload</STRONG> (Thumb, 0 bytes, Stack size unknown bytes, entry5.o(.ARM.Collect$$$$00000004))
<BR><BR>[Calls]<UL><LI><a href="#[34]">&gt;&gt;</a>&nbsp;&nbsp;&nbsp;__scatterload
</UL>

<P><STRONG><a name="[12f]"></a>__main_after_scatterload</STRONG> (Thumb, 0 bytes, Stack size unknown bytes, entry5.o(.ARM.Collect$$$$00000004))
<BR><BR>[Called By]<UL><LI><a href="#[34]">&gt;&gt;</a>&nbsp;&nbsp;&nbsp;__scatterload
</UL>

<P><STRONG><a name="[135]"></a>_main_clock</STRONG> (Thumb, 0 bytes, Stack size unknown bytes, entry7b.o(.ARM.Collect$$$$00000008))

<P><STRONG><a name="[136]"></a>_main_cpp_init</STRONG> (Thumb, 0 bytes, Stack size unknown bytes, entry8b.o(.ARM.Collect$$$$0000000A))

<P><STRONG><a name="[137]"></a>_main_init</STRONG> (Thumb, 0 bytes, Stack size unknown bytes, entry9a.o(.ARM.Collect$$$$0000000B))

<P><STRONG><a name="[138]"></a>__rt_final_cpp</STRONG> (Thumb, 0 bytes, Stack size unknown bytes, entry10a.o(.ARM.Collect$$$$0000000D))

<P><STRONG><a name="[139]"></a>__rt_final_exit</STRONG> (Thumb, 0 bytes, Stack size unknown bytes, entry11a.o(.ARM.Collect$$$$0000000F))

<P><STRONG><a name="[13a]"></a>__asm___17_system_n32wb03x_c_f233b82c____REV16</STRONG> (Thumb, 4 bytes, Stack size 0 bytes, system_n32wb03x.o(.emb_text), UNUSED)

<P><STRONG><a name="[13b]"></a>__asm___17_system_n32wb03x_c_f233b82c____REVSH</STRONG> (Thumb, 4 bytes, Stack size 0 bytes, system_n32wb03x.o(.emb_text), UNUSED)

<P><STRONG><a name="[35]"></a>system_delay_cycles</STRONG> (Thumb, 6 bytes, Stack size 0 bytes, system_n32wb03x.o(.emb_text))
<BR><BR>[Calls]<UL><LI><a href="#[35]">&gt;&gt;</a>&nbsp;&nbsp;&nbsp;system_delay_cycles
</UL>
<BR>[Called By]<UL><LI><a href="#[3c]">&gt;&gt;</a>&nbsp;&nbsp;&nbsp;system_delay_n_10us
<LI><a href="#[35]">&gt;&gt;</a>&nbsp;&nbsp;&nbsp;system_delay_cycles
<LI><a href="#[3b]">&gt;&gt;</a>&nbsp;&nbsp;&nbsp;RCC_HsiCalib
</UL>

<P><STRONG><a name="[0]"></a>Reset_Handler</STRONG> (Thumb, 8 bytes, Stack size 0 bytes, startup_n32wb03x.o(.text))
<BR>[Address Reference Count : 1]<UL><LI> startup_n32wb03x.o(RESET)
</UL>
<P><STRONG><a name="[1b]"></a>ADC_IRQHandler</STRONG> (Thumb, 0 bytes, Stack size 0 bytes, startup_n32wb03x.o(.text))
<BR><BR>[Calls]<UL><LI><a href="#[1b]">&gt;&gt;</a>&nbsp;&nbsp;&nbsp;ADC_IRQHandler
</UL>
<BR>[Called By]<UL><LI><a href="#[1b]">&gt;&gt;</a>&nbsp;&nbsp;&nbsp;ADC_IRQHandler
</UL>
<BR>[Address Reference Count : 1]<UL><LI> startup_n32wb03x.o(RESET)
</UL>
<P><STRONG><a name="[18]"></a>BLE_CRYPT_IRQHandler</STRONG> (Thumb, 0 bytes, Stack size 0 bytes, startup_n32wb03x.o(.text))
<BR>[Address Reference Count : 1]<UL><LI> startup_n32wb03x.o(RESET)
</UL>
<P><STRONG><a name="[17]"></a>BLE_ERROR_IRQHandler</STRONG> (Thumb, 0 bytes, Stack size 0 bytes, startup_n32wb03x.o(.text))
<BR>[Address Reference Count : 1]<UL><LI> startup_n32wb03x.o(RESET)
</UL>
<P><STRONG><a name="[10]"></a>BLE_FIFO_IRQHandler</STRONG> (Thumb, 0 bytes, Stack size 0 bytes, startup_n32wb03x.o(.text))
<BR>[Address Reference Count : 1]<UL><LI> startup_n32wb03x.o(RESET)
</UL>
<P><STRONG><a name="[f]"></a>BLE_FINETGT_IRQHandler</STRONG> (Thumb, 0 bytes, Stack size 0 bytes, startup_n32wb03x.o(.text))
<BR>[Address Reference Count : 1]<UL><LI> startup_n32wb03x.o(RESET)
</UL>
<P><STRONG><a name="[9]"></a>BLE_HSLOT_IRQHandler</STRONG> (Thumb, 0 bytes, Stack size 0 bytes, startup_n32wb03x.o(.text))
<BR>[Address Reference Count : 1]<UL><LI> startup_n32wb03x.o(RESET)
</UL>
<P><STRONG><a name="[20]"></a>BLE_SLP_IRQHandler</STRONG> (Thumb, 0 bytes, Stack size 0 bytes, startup_n32wb03x.o(.text))
<BR>[Address Reference Count : 1]<UL><LI> startup_n32wb03x.o(RESET)
</UL>
<P><STRONG><a name="[7]"></a>BLE_SW_IRQHandler</STRONG> (Thumb, 0 bytes, Stack size 0 bytes, startup_n32wb03x.o(.text))
<BR>[Address Reference Count : 1]<UL><LI> startup_n32wb03x.o(RESET)
</UL>
<P><STRONG><a name="[19]"></a>BLE_TIMESTAMP_TGT1_IRQHandler</STRONG> (Thumb, 0 bytes, Stack size 0 bytes, startup_n32wb03x.o(.text))
<BR>[Address Reference Count : 1]<UL><LI> startup_n32wb03x.o(RESET)
</UL>
<P><STRONG><a name="[1e]"></a>BLE_TIMESTAMP_TGT2_IRQHandler</STRONG> (Thumb, 0 bytes, Stack size 0 bytes, startup_n32wb03x.o(.text))
<BR>[Address Reference Count : 1]<UL><LI> startup_n32wb03x.o(RESET)
</UL>
<P><STRONG><a name="[11]"></a>DMA_Channel1_2_3_4_IRQHandler</STRONG> (Thumb, 0 bytes, Stack size 0 bytes, startup_n32wb03x.o(.text))
<BR>[Address Reference Count : 1]<UL><LI> startup_n32wb03x.o(RESET)
</UL>
<P><STRONG><a name="[12]"></a>DMA_Channel5_IRQHandler</STRONG> (Thumb, 0 bytes, Stack size 0 bytes, startup_n32wb03x.o(.text))
<BR>[Address Reference Count : 1]<UL><LI> startup_n32wb03x.o(RESET)
</UL>
<P><STRONG><a name="[d]"></a>EXTI2_3_IRQHandler</STRONG> (Thumb, 0 bytes, Stack size 0 bytes, startup_n32wb03x.o(.text))
<BR>[Address Reference Count : 1]<UL><LI> startup_n32wb03x.o(RESET)
</UL>
<P><STRONG><a name="[e]"></a>EXTI4_12_IRQHandler</STRONG> (Thumb, 0 bytes, Stack size 0 bytes, startup_n32wb03x.o(.text))
<BR>[Address Reference Count : 1]<UL><LI> startup_n32wb03x.o(RESET)
</UL>
<P><STRONG><a name="[a]"></a>FLASH_IRQHandler</STRONG> (Thumb, 0 bytes, Stack size 0 bytes, startup_n32wb03x.o(.text))
<BR>[Address Reference Count : 1]<UL><LI> startup_n32wb03x.o(RESET)
</UL>
<P><STRONG><a name="[1d]"></a>I2C1_IRQHandler</STRONG> (Thumb, 0 bytes, Stack size 0 bytes, startup_n32wb03x.o(.text))
<BR>[Address Reference Count : 1]<UL><LI> startup_n32wb03x.o(RESET)
</UL>
<P><STRONG><a name="[25]"></a>IRC_IRQHandler</STRONG> (Thumb, 0 bytes, Stack size 0 bytes, startup_n32wb03x.o(.text))
<BR>[Address Reference Count : 1]<UL><LI> startup_n32wb03x.o(RESET)
</UL>
<P><STRONG><a name="[21]"></a>KEYSCAN_IRQHandler</STRONG> (Thumb, 0 bytes, Stack size 0 bytes, startup_n32wb03x.o(.text))
<BR>[Address Reference Count : 1]<UL><LI> startup_n32wb03x.o(RESET)
</UL>
<P><STRONG><a name="[b]"></a>RCC_IRQHandler</STRONG> (Thumb, 0 bytes, Stack size 0 bytes, startup_n32wb03x.o(.text))
<BR>[Address Reference Count : 1]<UL><LI> startup_n32wb03x.o(RESET)
</UL>
<P><STRONG><a name="[15]"></a>RESERVED_IRQHandler</STRONG> (Thumb, 0 bytes, Stack size 0 bytes, startup_n32wb03x.o(.text))
<BR>[Address Reference Count : 1]<UL><LI> startup_n32wb03x.o(RESET)
</UL>
<P><STRONG><a name="[8]"></a>RTC_IRQHandler</STRONG> (Thumb, 0 bytes, Stack size 0 bytes, startup_n32wb03x.o(.text))
<BR>[Address Reference Count : 1]<UL><LI> startup_n32wb03x.o(RESET)
</UL>
<P><STRONG><a name="[1f]"></a>SPI1_IRQHandler</STRONG> (Thumb, 0 bytes, Stack size 0 bytes, startup_n32wb03x.o(.text))
<BR>[Address Reference Count : 1]<UL><LI> startup_n32wb03x.o(RESET)
</UL>
<P><STRONG><a name="[1c]"></a>SPI2_IRQHandler</STRONG> (Thumb, 0 bytes, Stack size 0 bytes, startup_n32wb03x.o(.text))
<BR>[Address Reference Count : 1]<UL><LI> startup_n32wb03x.o(RESET)
</UL>
<P><STRONG><a name="[13]"></a>TIM1_BRK_UP_TRG_COM_IRQHandler</STRONG> (Thumb, 0 bytes, Stack size 0 bytes, startup_n32wb03x.o(.text))
<BR>[Address Reference Count : 1]<UL><LI> startup_n32wb03x.o(RESET)
</UL>
<P><STRONG><a name="[14]"></a>TIM1_CC_IRQHandler</STRONG> (Thumb, 0 bytes, Stack size 0 bytes, startup_n32wb03x.o(.text))
<BR>[Address Reference Count : 1]<UL><LI> startup_n32wb03x.o(RESET)
</UL>
<P><STRONG><a name="[1a]"></a>TIM6_IRQHandler</STRONG> (Thumb, 0 bytes, Stack size 0 bytes, startup_n32wb03x.o(.text))
<BR>[Address Reference Count : 1]<UL><LI> startup_n32wb03x.o(RESET)
</UL>
<P><STRONG><a name="[6]"></a>WWDG_IRQHandler</STRONG> (Thumb, 0 bytes, Stack size 0 bytes, startup_n32wb03x.o(.text))
<BR>[Address Reference Count : 1]<UL><LI> startup_n32wb03x.o(RESET)
</UL>
<P><STRONG><a name="[36]"></a>SystemTrimValueRead</STRONG> (Thumb, 60 bytes, Stack size 344 bytes, system_n32wb03x.o(.text))
<BR><BR>[Stack]<UL><LI>Max Depth = 344<LI>Call Chain = SystemTrimValueRead
</UL>
<BR>[Calls]<UL><LI><a href="#[37]">&gt;&gt;</a>&nbsp;&nbsp;&nbsp;__aeabi_memcpy
</UL>
<BR>[Called By]<UL><LI><a href="#[3a]">&gt;&gt;</a>&nbsp;&nbsp;&nbsp;SystemGetMacAddr
<LI><a href="#[39]">&gt;&gt;</a>&nbsp;&nbsp;&nbsp;SystemGetUUID
<LI><a href="#[38]">&gt;&gt;</a>&nbsp;&nbsp;&nbsp;SystemTrimValueGet
<LI><a href="#[27]">&gt;&gt;</a>&nbsp;&nbsp;&nbsp;SystemInit
</UL>

<P><STRONG><a name="[38]"></a>SystemTrimValueGet</STRONG> (Thumb, 54 bytes, Stack size 8 bytes, system_n32wb03x.o(.text), UNUSED)
<BR><BR>[Calls]<UL><LI><a href="#[36]">&gt;&gt;</a>&nbsp;&nbsp;&nbsp;SystemTrimValueRead
</UL>

<P><STRONG><a name="[39]"></a>SystemGetUUID</STRONG> (Thumb, 56 bytes, Stack size 8 bytes, system_n32wb03x.o(.text), UNUSED)
<BR><BR>[Calls]<UL><LI><a href="#[36]">&gt;&gt;</a>&nbsp;&nbsp;&nbsp;SystemTrimValueRead
</UL>

<P><STRONG><a name="[3a]"></a>SystemGetMacAddr</STRONG> (Thumb, 56 bytes, Stack size 8 bytes, system_n32wb03x.o(.text), UNUSED)
<BR><BR>[Calls]<UL><LI><a href="#[36]">&gt;&gt;</a>&nbsp;&nbsp;&nbsp;SystemTrimValueRead
</UL>

<P><STRONG><a name="[27]"></a>SystemInit</STRONG> (Thumb, 172 bytes, Stack size 8 bytes, system_n32wb03x.o(.text))
<BR><BR>[Stack]<UL><LI>Max Depth = 352<LI>Call Chain = SystemInit &rArr; SystemTrimValueRead
</UL>
<BR>[Calls]<UL><LI><a href="#[36]">&gt;&gt;</a>&nbsp;&nbsp;&nbsp;SystemTrimValueRead
<LI><a href="#[3b]">&gt;&gt;</a>&nbsp;&nbsp;&nbsp;RCC_HsiCalib
</UL>
<BR>[Address Reference Count : 1]<UL><LI> startup_n32wb03x.o(.text)
</UL>
<P><STRONG><a name="[13c]"></a>SystemCoreClockUpdate</STRONG> (Thumb, 8 bytes, Stack size 0 bytes, system_n32wb03x.o(.text), UNUSED)

<P><STRONG><a name="[3c]"></a>system_delay_n_10us</STRONG> (Thumb, 16 bytes, Stack size 8 bytes, system_n32wb03x.o(.text))
<BR><BR>[Stack]<UL><LI>Max Depth = 8<LI>Call Chain = system_delay_n_10us
</UL>
<BR>[Calls]<UL><LI><a href="#[35]">&gt;&gt;</a>&nbsp;&nbsp;&nbsp;system_delay_cycles
</UL>
<BR>[Called By]<UL><LI><a href="#[b6]">&gt;&gt;</a>&nbsp;&nbsp;&nbsp;Delay_100uS
<LI><a href="#[b5]">&gt;&gt;</a>&nbsp;&nbsp;&nbsp;Delay_MS
</UL>

<P><STRONG><a name="[3d]"></a>USART_DeInit</STRONG> (Thumb, 50 bytes, Stack size 8 bytes, n32wb03x_usart.o(.text), UNUSED)
<BR><BR>[Calls]<UL><LI><a href="#[3e]">&gt;&gt;</a>&nbsp;&nbsp;&nbsp;RCC_EnableAPB2PeriphReset
<LI><a href="#[3f]">&gt;&gt;</a>&nbsp;&nbsp;&nbsp;RCC_EnableAPB1PeriphReset
</UL>

<P><STRONG><a name="[40]"></a>USART_Init</STRONG> (Thumb, 162 bytes, Stack size 56 bytes, n32wb03x_usart.o(.text))
<BR><BR>[Stack]<UL><LI>Max Depth = 68<LI>Call Chain = USART_Init &rArr; __aeabi_uidivmod
</UL>
<BR>[Calls]<UL><LI><a href="#[41]">&gt;&gt;</a>&nbsp;&nbsp;&nbsp;RCC_GetClocksFreqValue
<LI><a href="#[42]">&gt;&gt;</a>&nbsp;&nbsp;&nbsp;__aeabi_uidivmod
</UL>
<BR>[Called By]<UL><LI><a href="#[ae]">&gt;&gt;</a>&nbsp;&nbsp;&nbsp;Usart2Init
<LI><a href="#[ac]">&gt;&gt;</a>&nbsp;&nbsp;&nbsp;Usart1Init
</UL>

<P><STRONG><a name="[13d]"></a>USART_StructInit</STRONG> (Thumb, 24 bytes, Stack size 0 bytes, n32wb03x_usart.o(.text), UNUSED)

<P><STRONG><a name="[13e]"></a>USART_ClockInit</STRONG> (Thumb, 32 bytes, Stack size 8 bytes, n32wb03x_usart.o(.text), UNUSED)

<P><STRONG><a name="[13f]"></a>USART_ClockStructInit</STRONG> (Thumb, 12 bytes, Stack size 0 bytes, n32wb03x_usart.o(.text), UNUSED)

<P><STRONG><a name="[c3]"></a>USART_Enable</STRONG> (Thumb, 26 bytes, Stack size 0 bytes, n32wb03x_usart.o(.text))
<BR><BR>[Called By]<UL><LI><a href="#[ae]">&gt;&gt;</a>&nbsp;&nbsp;&nbsp;Usart2Init
<LI><a href="#[ac]">&gt;&gt;</a>&nbsp;&nbsp;&nbsp;Usart1Init
</UL>

<P><STRONG><a name="[c2]"></a>USART_ConfigInt</STRONG> (Thumb, 80 bytes, Stack size 24 bytes, n32wb03x_usart.o(.text))
<BR><BR>[Stack]<UL><LI>Max Depth = 24<LI>Call Chain = USART_ConfigInt
</UL>
<BR>[Called By]<UL><LI><a href="#[ae]">&gt;&gt;</a>&nbsp;&nbsp;&nbsp;Usart2Init
<LI><a href="#[ac]">&gt;&gt;</a>&nbsp;&nbsp;&nbsp;Usart1Init
</UL>

<P><STRONG><a name="[140]"></a>USART_EnableDMA</STRONG> (Thumb, 20 bytes, Stack size 0 bytes, n32wb03x_usart.o(.text), UNUSED)

<P><STRONG><a name="[141]"></a>USART_SetAddr</STRONG> (Thumb, 16 bytes, Stack size 0 bytes, n32wb03x_usart.o(.text), UNUSED)

<P><STRONG><a name="[142]"></a>USART_ConfigWakeUpMode</STRONG> (Thumb, 16 bytes, Stack size 0 bytes, n32wb03x_usart.o(.text), UNUSED)

<P><STRONG><a name="[143]"></a>USART_EnableRcvWakeUp</STRONG> (Thumb, 26 bytes, Stack size 0 bytes, n32wb03x_usart.o(.text), UNUSED)

<P><STRONG><a name="[144]"></a>USART_ConfigLINBreakDetectLength</STRONG> (Thumb, 18 bytes, Stack size 0 bytes, n32wb03x_usart.o(.text), UNUSED)

<P><STRONG><a name="[145]"></a>USART_EnableLIN</STRONG> (Thumb, 26 bytes, Stack size 0 bytes, n32wb03x_usart.o(.text), UNUSED)

<P><STRONG><a name="[be]"></a>USART_SendData</STRONG> (Thumb, 8 bytes, Stack size 0 bytes, n32wb03x_usart.o(.text))
<BR><BR>[Called By]<UL><LI><a href="#[c5]">&gt;&gt;</a>&nbsp;&nbsp;&nbsp;Uart2_SendData
<LI><a href="#[31]">&gt;&gt;</a>&nbsp;&nbsp;&nbsp;fputc
</UL>

<P><STRONG><a name="[c7]"></a>USART_ReceiveData</STRONG> (Thumb, 10 bytes, Stack size 0 bytes, n32wb03x_usart.o(.text))
<BR><BR>[Called By]<UL><LI><a href="#[24]">&gt;&gt;</a>&nbsp;&nbsp;&nbsp;USART2_IRQHandler
</UL>

<P><STRONG><a name="[146]"></a>USART_SendBreak</STRONG> (Thumb, 10 bytes, Stack size 0 bytes, n32wb03x_usart.o(.text), UNUSED)

<P><STRONG><a name="[147]"></a>USART_SetGuardTime</STRONG> (Thumb, 16 bytes, Stack size 0 bytes, n32wb03x_usart.o(.text), UNUSED)

<P><STRONG><a name="[148]"></a>USART_SetPrescaler</STRONG> (Thumb, 18 bytes, Stack size 0 bytes, n32wb03x_usart.o(.text), UNUSED)

<P><STRONG><a name="[149]"></a>USART_EnableSmartCard</STRONG> (Thumb, 26 bytes, Stack size 0 bytes, n32wb03x_usart.o(.text), UNUSED)

<P><STRONG><a name="[14a]"></a>USART_SetSmartCardNACK</STRONG> (Thumb, 26 bytes, Stack size 0 bytes, n32wb03x_usart.o(.text), UNUSED)

<P><STRONG><a name="[14b]"></a>USART_EnableHalfDuplex</STRONG> (Thumb, 26 bytes, Stack size 0 bytes, n32wb03x_usart.o(.text), UNUSED)

<P><STRONG><a name="[14c]"></a>USART_ConfigIrDAMode</STRONG> (Thumb, 18 bytes, Stack size 0 bytes, n32wb03x_usart.o(.text), UNUSED)

<P><STRONG><a name="[14d]"></a>USART_EnableIrDA</STRONG> (Thumb, 26 bytes, Stack size 0 bytes, n32wb03x_usart.o(.text), UNUSED)

<P><STRONG><a name="[bf]"></a>USART_GetFlagStatus</STRONG> (Thumb, 30 bytes, Stack size 0 bytes, n32wb03x_usart.o(.text))
<BR><BR>[Called By]<UL><LI><a href="#[c5]">&gt;&gt;</a>&nbsp;&nbsp;&nbsp;Uart2_SendData
<LI><a href="#[31]">&gt;&gt;</a>&nbsp;&nbsp;&nbsp;fputc
</UL>

<P><STRONG><a name="[c0]"></a>USART_ClrFlag</STRONG> (Thumb, 22 bytes, Stack size 0 bytes, n32wb03x_usart.o(.text))
<BR><BR>[Called By]<UL><LI><a href="#[31]">&gt;&gt;</a>&nbsp;&nbsp;&nbsp;fputc
</UL>

<P><STRONG><a name="[c6]"></a>USART_GetIntStatus</STRONG> (Thumb, 86 bytes, Stack size 16 bytes, n32wb03x_usart.o(.text))
<BR><BR>[Stack]<UL><LI>Max Depth = 16<LI>Call Chain = USART_GetIntStatus
</UL>
<BR>[Called By]<UL><LI><a href="#[24]">&gt;&gt;</a>&nbsp;&nbsp;&nbsp;USART2_IRQHandler
</UL>

<P><STRONG><a name="[14e]"></a>USART_ClrIntPendingBit</STRONG> (Thumb, 28 bytes, Stack size 8 bytes, n32wb03x_usart.o(.text), UNUSED)

<P><STRONG><a name="[1]"></a>NMI_Handler</STRONG> (Thumb, 2 bytes, Stack size 0 bytes, n32wb03x_it.o(.text))
<BR>[Address Reference Count : 1]<UL><LI> startup_n32wb03x.o(RESET)
</UL>
<P><STRONG><a name="[2]"></a>HardFault_Handler</STRONG> (Thumb, 4 bytes, Stack size 0 bytes, n32wb03x_it.o(.text))
<BR>[Address Reference Count : 1]<UL><LI> startup_n32wb03x.o(RESET)
</UL>
<P><STRONG><a name="[3]"></a>SVC_Handler</STRONG> (Thumb, 2 bytes, Stack size 0 bytes, n32wb03x_it.o(.text))
<BR>[Address Reference Count : 1]<UL><LI> startup_n32wb03x.o(RESET)
</UL>
<P><STRONG><a name="[4]"></a>PendSV_Handler</STRONG> (Thumb, 2 bytes, Stack size 0 bytes, n32wb03x_it.o(.text))
<BR>[Address Reference Count : 1]<UL><LI> startup_n32wb03x.o(RESET)
</UL>
<P><STRONG><a name="[5]"></a>SysTick_Handler</STRONG> (Thumb, 2 bytes, Stack size 0 bytes, n32wb03x_it.o(.text))
<BR>[Address Reference Count : 1]<UL><LI> startup_n32wb03x.o(RESET)
</UL>
<P><STRONG><a name="[14f]"></a>DMA_IRQ_HANDLER</STRONG> (Thumb, 2 bytes, Stack size 0 bytes, n32wb03x_it.o(.text), UNUSED)

<P><STRONG><a name="[43]"></a>GPIO_DeInit</STRONG> (Thumb, 58 bytes, Stack size 8 bytes, n32wb03x_gpio.o(.text), UNUSED)
<BR><BR>[Calls]<UL><LI><a href="#[3e]">&gt;&gt;</a>&nbsp;&nbsp;&nbsp;RCC_EnableAPB2PeriphReset
</UL>

<P><STRONG><a name="[150]"></a>GPIO_DeInitPin</STRONG> (Thumb, 126 bytes, Stack size 16 bytes, n32wb03x_gpio.o(.text), UNUSED)

<P><STRONG><a name="[44]"></a>GPIO_AFIOInitDefault</STRONG> (Thumb, 20 bytes, Stack size 8 bytes, n32wb03x_gpio.o(.text), UNUSED)
<BR><BR>[Calls]<UL><LI><a href="#[3e]">&gt;&gt;</a>&nbsp;&nbsp;&nbsp;RCC_EnableAPB2PeriphReset
</UL>

<P><STRONG><a name="[9b]"></a>GPIO_InitPeripheral</STRONG> (Thumb, 262 bytes, Stack size 16 bytes, n32wb03x_gpio.o(.text))
<BR><BR>[Stack]<UL><LI>Max Depth = 16<LI>Call Chain = GPIO_InitPeripheral
</UL>
<BR>[Called By]<UL><LI><a href="#[af]">&gt;&gt;</a>&nbsp;&nbsp;&nbsp;RelayInit
<LI><a href="#[b0]">&gt;&gt;</a>&nbsp;&nbsp;&nbsp;LTE_ResetGpioInit
<LI><a href="#[b1]">&gt;&gt;</a>&nbsp;&nbsp;&nbsp;BL0942_PWRGpioInit
<LI><a href="#[a0]">&gt;&gt;</a>&nbsp;&nbsp;&nbsp;ModeInput_gpioInit
<LI><a href="#[9d]">&gt;&gt;</a>&nbsp;&nbsp;&nbsp;Key_gpioInit
<LI><a href="#[9c]">&gt;&gt;</a>&nbsp;&nbsp;&nbsp;EnableDog
<LI><a href="#[9a]">&gt;&gt;</a>&nbsp;&nbsp;&nbsp;LedInit
<LI><a href="#[d6]">&gt;&gt;</a>&nbsp;&nbsp;&nbsp;RelayLedInit
<LI><a href="#[ce]">&gt;&gt;</a>&nbsp;&nbsp;&nbsp;Usart1gpioInit
<LI><a href="#[cc]">&gt;&gt;</a>&nbsp;&nbsp;&nbsp;LPUartgpioInit
<LI><a href="#[c1]">&gt;&gt;</a>&nbsp;&nbsp;&nbsp;Usart2gpioInit
</UL>

<P><STRONG><a name="[151]"></a>GPIO_InitStruct</STRONG> (Thumb, 24 bytes, Stack size 0 bytes, n32wb03x_gpio.o(.text), UNUSED)

<P><STRONG><a name="[152]"></a>GPIO_ReadInputDataBit</STRONG> (Thumb, 20 bytes, Stack size 0 bytes, n32wb03x_gpio.o(.text), UNUSED)

<P><STRONG><a name="[153]"></a>GPIO_ReadInputData</STRONG> (Thumb, 8 bytes, Stack size 0 bytes, n32wb03x_gpio.o(.text), UNUSED)

<P><STRONG><a name="[154]"></a>GPIO_ReadOutputDataBit</STRONG> (Thumb, 20 bytes, Stack size 0 bytes, n32wb03x_gpio.o(.text), UNUSED)

<P><STRONG><a name="[155]"></a>GPIO_ReadOutputData</STRONG> (Thumb, 8 bytes, Stack size 0 bytes, n32wb03x_gpio.o(.text), UNUSED)

<P><STRONG><a name="[99]"></a>GPIO_SetBits</STRONG> (Thumb, 4 bytes, Stack size 0 bytes, n32wb03x_gpio.o(.text))
<BR><BR>[Called By]<UL><LI><a href="#[a4]">&gt;&gt;</a>&nbsp;&nbsp;&nbsp;RelayControl
<LI><a href="#[b0]">&gt;&gt;</a>&nbsp;&nbsp;&nbsp;LTE_ResetGpioInit
<LI><a href="#[a8]">&gt;&gt;</a>&nbsp;&nbsp;&nbsp;ModeInput_Check
<LI><a href="#[2a]">&gt;&gt;</a>&nbsp;&nbsp;&nbsp;Dog_Feed
<LI><a href="#[9a]">&gt;&gt;</a>&nbsp;&nbsp;&nbsp;LedInit
<LI><a href="#[97]">&gt;&gt;</a>&nbsp;&nbsp;&nbsp;LedTask
<LI><a href="#[ec]">&gt;&gt;</a>&nbsp;&nbsp;&nbsp;LTE_Reset
<LI><a href="#[da]">&gt;&gt;</a>&nbsp;&nbsp;&nbsp;BL0942_HardReset
<LI><a href="#[d6]">&gt;&gt;</a>&nbsp;&nbsp;&nbsp;RelayLedInit
</UL>

<P><STRONG><a name="[98]"></a>GPIO_ResetBits</STRONG> (Thumb, 4 bytes, Stack size 0 bytes, n32wb03x_gpio.o(.text))
<BR><BR>[Called By]<UL><LI><a href="#[af]">&gt;&gt;</a>&nbsp;&nbsp;&nbsp;RelayInit
<LI><a href="#[a4]">&gt;&gt;</a>&nbsp;&nbsp;&nbsp;RelayControl
<LI><a href="#[a8]">&gt;&gt;</a>&nbsp;&nbsp;&nbsp;ModeInput_Check
<LI><a href="#[2a]">&gt;&gt;</a>&nbsp;&nbsp;&nbsp;Dog_Feed
<LI><a href="#[97]">&gt;&gt;</a>&nbsp;&nbsp;&nbsp;LedTask
<LI><a href="#[ec]">&gt;&gt;</a>&nbsp;&nbsp;&nbsp;LTE_Reset
<LI><a href="#[da]">&gt;&gt;</a>&nbsp;&nbsp;&nbsp;BL0942_HardReset
</UL>

<P><STRONG><a name="[156]"></a>GPIO_WriteBit</STRONG> (Thumb, 12 bytes, Stack size 0 bytes, n32wb03x_gpio.o(.text), UNUSED)

<P><STRONG><a name="[157]"></a>GPIO_Write</STRONG> (Thumb, 4 bytes, Stack size 0 bytes, n32wb03x_gpio.o(.text), UNUSED)

<P><STRONG><a name="[158]"></a>GPIO_TogglePin</STRONG> (Thumb, 8 bytes, Stack size 0 bytes, n32wb03x_gpio.o(.text), UNUSED)

<P><STRONG><a name="[159]"></a>GPIO_ConfigPinLock</STRONG> (Thumb, 22 bytes, Stack size 0 bytes, n32wb03x_gpio.o(.text), UNUSED)

<P><STRONG><a name="[45]"></a>GPIO_ConfigEXTILine</STRONG> (Thumb, 540 bytes, Stack size 4 bytes, n32wb03x_gpio.o(.text))
<BR><BR>[Stack]<UL><LI>Max Depth = 12<LI>Call Chain = GPIO_ConfigEXTILine &rArr; __ARM_common_switch8
</UL>
<BR>[Calls]<UL><LI><a href="#[46]">&gt;&gt;</a>&nbsp;&nbsp;&nbsp;__ARM_common_switch8
</UL>
<BR>[Called By]<UL><LI><a href="#[9d]">&gt;&gt;</a>&nbsp;&nbsp;&nbsp;Key_gpioInit
</UL>

<P><STRONG><a name="[15a]"></a>GPIO_ConfigPinRemap</STRONG> (Thumb, 86 bytes, Stack size 20 bytes, n32wb03x_gpio.o(.text), UNUSED)

<P><STRONG><a name="[15b]"></a>AFIO_ConfigSPINSSMode</STRONG> (Thumb, 32 bytes, Stack size 0 bytes, n32wb03x_gpio.o(.text), UNUSED)

<P><STRONG><a name="[15c]"></a>RCC_DeInit</STRONG> (Thumb, 76 bytes, Stack size 0 bytes, n32wb03x_rcc.o(.text), UNUSED)

<P><STRONG><a name="[8e]"></a>RCC_ConfigHse</STRONG> (Thumb, 44 bytes, Stack size 0 bytes, n32wb03x_rcc.o(.text))
<BR><BR>[Called By]<UL><LI><a href="#[8d]">&gt;&gt;</a>&nbsp;&nbsp;&nbsp;RCC_Configuration
</UL>

<P><STRONG><a name="[48]"></a>RCC_GetFlagStatus</STRONG> (Thumb, 58 bytes, Stack size 8 bytes, n32wb03x_rcc.o(.text))
<BR><BR>[Stack]<UL><LI>Max Depth = 8<LI>Call Chain = RCC_GetFlagStatus
</UL>
<BR>[Called By]<UL><LI><a href="#[49]">&gt;&gt;</a>&nbsp;&nbsp;&nbsp;RCC_WaitHsiStable
<LI><a href="#[47]">&gt;&gt;</a>&nbsp;&nbsp;&nbsp;RCC_WaitHseStable
<LI><a href="#[115]">&gt;&gt;</a>&nbsp;&nbsp;&nbsp;RTC_CLKSourceConfig
</UL>

<P><STRONG><a name="[47]"></a>RCC_WaitHseStable</STRONG> (Thumb, 60 bytes, Stack size 16 bytes, n32wb03x_rcc.o(.text))
<BR><BR>[Stack]<UL><LI>Max Depth = 24<LI>Call Chain = RCC_WaitHseStable &rArr; RCC_GetFlagStatus
</UL>
<BR>[Calls]<UL><LI><a href="#[48]">&gt;&gt;</a>&nbsp;&nbsp;&nbsp;RCC_GetFlagStatus
</UL>
<BR>[Called By]<UL><LI><a href="#[8d]">&gt;&gt;</a>&nbsp;&nbsp;&nbsp;RCC_Configuration
</UL>

<P><STRONG><a name="[15d]"></a>RCC_ConfigHsi</STRONG> (Thumb, 36 bytes, Stack size 0 bytes, n32wb03x_rcc.o(.text), UNUSED)

<P><STRONG><a name="[49]"></a>RCC_WaitHsiStable</STRONG> (Thumb, 60 bytes, Stack size 16 bytes, n32wb03x_rcc.o(.text), UNUSED)
<BR><BR>[Calls]<UL><LI><a href="#[48]">&gt;&gt;</a>&nbsp;&nbsp;&nbsp;RCC_GetFlagStatus
</UL>

<P><STRONG><a name="[15e]"></a>RCC_EnableHsi</STRONG> (Thumb, 32 bytes, Stack size 0 bytes, n32wb03x_rcc.o(.text), UNUSED)

<P><STRONG><a name="[8f]"></a>RCC_ConfigSysclk</STRONG> (Thumb, 24 bytes, Stack size 0 bytes, n32wb03x_rcc.o(.text))
<BR><BR>[Called By]<UL><LI><a href="#[8d]">&gt;&gt;</a>&nbsp;&nbsp;&nbsp;RCC_Configuration
</UL>

<P><STRONG><a name="[15f]"></a>RCC_GetSysclkSrc</STRONG> (Thumb, 10 bytes, Stack size 0 bytes, n32wb03x_rcc.o(.text), UNUSED)

<P><STRONG><a name="[160]"></a>RCC_ConfigHclk</STRONG> (Thumb, 28 bytes, Stack size 0 bytes, n32wb03x_rcc.o(.text), UNUSED)

<P><STRONG><a name="[161]"></a>RCC_ConfigPclk1</STRONG> (Thumb, 30 bytes, Stack size 0 bytes, n32wb03x_rcc.o(.text), UNUSED)

<P><STRONG><a name="[162]"></a>RCC_ConfigPclk2</STRONG> (Thumb, 28 bytes, Stack size 0 bytes, n32wb03x_rcc.o(.text), UNUSED)

<P><STRONG><a name="[163]"></a>RCC_ConfigInt</STRONG> (Thumb, 32 bytes, Stack size 0 bytes, n32wb03x_rcc.o(.text), UNUSED)

<P><STRONG><a name="[164]"></a>RCC_ConfigTim1Clk</STRONG> (Thumb, 24 bytes, Stack size 0 bytes, n32wb03x_rcc.o(.text), UNUSED)

<P><STRONG><a name="[165]"></a>RCC_ConfigAdcClk</STRONG> (Thumb, 28 bytes, Stack size 0 bytes, n32wb03x_rcc.o(.text), UNUSED)

<P><STRONG><a name="[92]"></a>RCC_ConfigLpuartClk</STRONG> (Thumb, 28 bytes, Stack size 0 bytes, n32wb03x_rcc.o(.text))
<BR><BR>[Called By]<UL><LI><a href="#[8d]">&gt;&gt;</a>&nbsp;&nbsp;&nbsp;RCC_Configuration
</UL>

<P><STRONG><a name="[5e]"></a>RCC_GetLpuartClkSrc</STRONG> (Thumb, 12 bytes, Stack size 0 bytes, n32wb03x_rcc.o(.text))
<BR><BR>[Called By]<UL><LI><a href="#[5d]">&gt;&gt;</a>&nbsp;&nbsp;&nbsp;LPUART_Init
</UL>

<P><STRONG><a name="[93]"></a>RCC_EnableLpuartClk</STRONG> (Thumb, 34 bytes, Stack size 0 bytes, n32wb03x_rcc.o(.text))
<BR><BR>[Called By]<UL><LI><a href="#[8d]">&gt;&gt;</a>&nbsp;&nbsp;&nbsp;RCC_Configuration
</UL>

<P><STRONG><a name="[117]"></a>RCC_ConfigLse</STRONG> (Thumb, 56 bytes, Stack size 0 bytes, n32wb03x_rcc.o(.text))
<BR><BR>[Called By]<UL><LI><a href="#[115]">&gt;&gt;</a>&nbsp;&nbsp;&nbsp;RTC_CLKSourceConfig
</UL>

<P><STRONG><a name="[119]"></a>RCC_EnableLsi</STRONG> (Thumb, 32 bytes, Stack size 0 bytes, n32wb03x_rcc.o(.text))
<BR><BR>[Called By]<UL><LI><a href="#[115]">&gt;&gt;</a>&nbsp;&nbsp;&nbsp;RTC_CLKSourceConfig
</UL>

<P><STRONG><a name="[118]"></a>RCC_ConfigLSXSEL</STRONG> (Thumb, 22 bytes, Stack size 0 bytes, n32wb03x_rcc.o(.text))
<BR><BR>[Called By]<UL><LI><a href="#[115]">&gt;&gt;</a>&nbsp;&nbsp;&nbsp;RTC_CLKSourceConfig
</UL>

<P><STRONG><a name="[166]"></a>RCC_GetRTCClkSrc</STRONG> (Thumb, 10 bytes, Stack size 0 bytes, n32wb03x_rcc.o(.text), UNUSED)

<P><STRONG><a name="[116]"></a>RCC_EnableRtcClk</STRONG> (Thumb, 34 bytes, Stack size 0 bytes, n32wb03x_rcc.o(.text))
<BR><BR>[Called By]<UL><LI><a href="#[115]">&gt;&gt;</a>&nbsp;&nbsp;&nbsp;RTC_CLKSourceConfig
</UL>

<P><STRONG><a name="[167]"></a>RCC_EnableRTCReset</STRONG> (Thumb, 36 bytes, Stack size 0 bytes, n32wb03x_rcc.o(.text), UNUSED)

<P><STRONG><a name="[41]"></a>RCC_GetClocksFreqValue</STRONG> (Thumb, 140 bytes, Stack size 8 bytes, n32wb03x_rcc.o(.text))
<BR><BR>[Stack]<UL><LI>Max Depth = 8<LI>Call Chain = RCC_GetClocksFreqValue
</UL>
<BR>[Called By]<UL><LI><a href="#[5d]">&gt;&gt;</a>&nbsp;&nbsp;&nbsp;LPUART_Init
<LI><a href="#[40]">&gt;&gt;</a>&nbsp;&nbsp;&nbsp;USART_Init
</UL>

<P><STRONG><a name="[168]"></a>RCC_EnableAHBPeriphClk</STRONG> (Thumb, 70 bytes, Stack size 0 bytes, n32wb03x_rcc.o(.text), UNUSED)

<P><STRONG><a name="[90]"></a>RCC_EnableAPB2PeriphClk</STRONG> (Thumb, 28 bytes, Stack size 0 bytes, n32wb03x_rcc.o(.text))
<BR><BR>[Called By]<UL><LI><a href="#[8d]">&gt;&gt;</a>&nbsp;&nbsp;&nbsp;RCC_Configuration
<LI><a href="#[115]">&gt;&gt;</a>&nbsp;&nbsp;&nbsp;RTC_CLKSourceConfig
</UL>

<P><STRONG><a name="[91]"></a>RCC_EnableAPB1PeriphClk</STRONG> (Thumb, 28 bytes, Stack size 0 bytes, n32wb03x_rcc.o(.text))
<BR><BR>[Called By]<UL><LI><a href="#[a9]">&gt;&gt;</a>&nbsp;&nbsp;&nbsp;TIM3Init
<LI><a href="#[8d]">&gt;&gt;</a>&nbsp;&nbsp;&nbsp;RCC_Configuration
<LI><a href="#[115]">&gt;&gt;</a>&nbsp;&nbsp;&nbsp;RTC_CLKSourceConfig
</UL>

<P><STRONG><a name="[169]"></a>RCC_EnableAHBPeriphReset</STRONG> (Thumb, 28 bytes, Stack size 0 bytes, n32wb03x_rcc.o(.text), UNUSED)

<P><STRONG><a name="[3e]"></a>RCC_EnableAPB2PeriphReset</STRONG> (Thumb, 28 bytes, Stack size 0 bytes, n32wb03x_rcc.o(.text), UNUSED)
<BR><BR>[Called By]<UL><LI><a href="#[4a]">&gt;&gt;</a>&nbsp;&nbsp;&nbsp;TIM_DeInit
<LI><a href="#[44]">&gt;&gt;</a>&nbsp;&nbsp;&nbsp;GPIO_AFIOInitDefault
<LI><a href="#[43]">&gt;&gt;</a>&nbsp;&nbsp;&nbsp;GPIO_DeInit
<LI><a href="#[3d]">&gt;&gt;</a>&nbsp;&nbsp;&nbsp;USART_DeInit
</UL>

<P><STRONG><a name="[3f]"></a>RCC_EnableAPB1PeriphReset</STRONG> (Thumb, 28 bytes, Stack size 0 bytes, n32wb03x_rcc.o(.text), UNUSED)
<BR><BR>[Called By]<UL><LI><a href="#[4a]">&gt;&gt;</a>&nbsp;&nbsp;&nbsp;TIM_DeInit
<LI><a href="#[3d]">&gt;&gt;</a>&nbsp;&nbsp;&nbsp;USART_DeInit
</UL>

<P><STRONG><a name="[16a]"></a>RCC_ConfigMco</STRONG> (Thumb, 28 bytes, Stack size 0 bytes, n32wb03x_rcc.o(.text), UNUSED)

<P><STRONG><a name="[16b]"></a>RCC_ClrFlag</STRONG> (Thumb, 24 bytes, Stack size 0 bytes, n32wb03x_rcc.o(.text), UNUSED)

<P><STRONG><a name="[16c]"></a>RCC_GetIntStatus</STRONG> (Thumb, 22 bytes, Stack size 0 bytes, n32wb03x_rcc.o(.text), UNUSED)

<P><STRONG><a name="[16d]"></a>RCC_ClrIntPendingBit</STRONG> (Thumb, 12 bytes, Stack size 0 bytes, n32wb03x_rcc.o(.text), UNUSED)

<P><STRONG><a name="[16e]"></a>RCC_Enable_ADC_CLK_SRC_AUDIOPLL</STRONG> (Thumb, 34 bytes, Stack size 0 bytes, n32wb03x_rcc.o(.text), UNUSED)

<P><STRONG><a name="[16f]"></a>DBG_ConfigPeriph</STRONG> (Thumb, 36 bytes, Stack size 0 bytes, n32wb03x_rcc.o(.text), UNUSED)

<P><STRONG><a name="[4a]"></a>TIM_DeInit</STRONG> (Thumb, 76 bytes, Stack size 8 bytes, n32wb03x_tim.o(.text), UNUSED)
<BR><BR>[Calls]<UL><LI><a href="#[3e]">&gt;&gt;</a>&nbsp;&nbsp;&nbsp;RCC_EnableAPB2PeriphReset
<LI><a href="#[3f]">&gt;&gt;</a>&nbsp;&nbsp;&nbsp;RCC_EnableAPB1PeriphReset
</UL>

<P><STRONG><a name="[b8]"></a>TIM_InitTimeBase</STRONG> (Thumb, 210 bytes, Stack size 8 bytes, n32wb03x_tim.o(.text))
<BR><BR>[Stack]<UL><LI>Max Depth = 8<LI>Call Chain = TIM_InitTimeBase
</UL>
<BR>[Called By]<UL><LI><a href="#[a9]">&gt;&gt;</a>&nbsp;&nbsp;&nbsp;TIM3Init
</UL>

<P><STRONG><a name="[170]"></a>TIM_InitOc1</STRONG> (Thumb, 118 bytes, Stack size 16 bytes, n32wb03x_tim.o(.text), UNUSED)

<P><STRONG><a name="[171]"></a>TIM_InitOc2</STRONG> (Thumb, 132 bytes, Stack size 16 bytes, n32wb03x_tim.o(.text), UNUSED)

<P><STRONG><a name="[172]"></a>TIM_InitOc3</STRONG> (Thumb, 132 bytes, Stack size 16 bytes, n32wb03x_tim.o(.text), UNUSED)

<P><STRONG><a name="[173]"></a>TIM_InitOc4</STRONG> (Thumb, 94 bytes, Stack size 16 bytes, n32wb03x_tim.o(.text), UNUSED)

<P><STRONG><a name="[53]"></a>TIM_SetInCap4Prescaler</STRONG> (Thumb, 20 bytes, Stack size 0 bytes, n32wb03x_tim.o(.text), UNUSED)
<BR><BR>[Called By]<UL><LI><a href="#[4b]">&gt;&gt;</a>&nbsp;&nbsp;&nbsp;TIM_ICInit
</UL>

<P><STRONG><a name="[51]"></a>TIM_SetInCap3Prescaler</STRONG> (Thumb, 18 bytes, Stack size 0 bytes, n32wb03x_tim.o(.text), UNUSED)
<BR><BR>[Called By]<UL><LI><a href="#[4b]">&gt;&gt;</a>&nbsp;&nbsp;&nbsp;TIM_ICInit
</UL>

<P><STRONG><a name="[4f]"></a>TIM_SetInCap2Prescaler</STRONG> (Thumb, 20 bytes, Stack size 0 bytes, n32wb03x_tim.o(.text), UNUSED)
<BR><BR>[Called By]<UL><LI><a href="#[54]">&gt;&gt;</a>&nbsp;&nbsp;&nbsp;TIM_ConfigPwmIc
<LI><a href="#[4b]">&gt;&gt;</a>&nbsp;&nbsp;&nbsp;TIM_ICInit
</UL>

<P><STRONG><a name="[4d]"></a>TIM_SetInCap1Prescaler</STRONG> (Thumb, 16 bytes, Stack size 0 bytes, n32wb03x_tim.o(.text), UNUSED)
<BR><BR>[Called By]<UL><LI><a href="#[54]">&gt;&gt;</a>&nbsp;&nbsp;&nbsp;TIM_ConfigPwmIc
<LI><a href="#[4b]">&gt;&gt;</a>&nbsp;&nbsp;&nbsp;TIM_ICInit
</UL>

<P><STRONG><a name="[4b]"></a>TIM_ICInit</STRONG> (Thumb, 128 bytes, Stack size 16 bytes, n32wb03x_tim.o(.text), UNUSED)
<BR><BR>[Calls]<UL><LI><a href="#[4d]">&gt;&gt;</a>&nbsp;&nbsp;&nbsp;TIM_SetInCap1Prescaler
<LI><a href="#[4f]">&gt;&gt;</a>&nbsp;&nbsp;&nbsp;TIM_SetInCap2Prescaler
<LI><a href="#[51]">&gt;&gt;</a>&nbsp;&nbsp;&nbsp;TIM_SetInCap3Prescaler
<LI><a href="#[53]">&gt;&gt;</a>&nbsp;&nbsp;&nbsp;TIM_SetInCap4Prescaler
<LI><a href="#[4c]">&gt;&gt;</a>&nbsp;&nbsp;&nbsp;ConfigTI1
<LI><a href="#[4e]">&gt;&gt;</a>&nbsp;&nbsp;&nbsp;ConfigTI2
<LI><a href="#[50]">&gt;&gt;</a>&nbsp;&nbsp;&nbsp;ConfigTI3
<LI><a href="#[52]">&gt;&gt;</a>&nbsp;&nbsp;&nbsp;ConfigTI4
</UL>

<P><STRONG><a name="[54]"></a>TIM_ConfigPwmIc</STRONG> (Thumb, 124 bytes, Stack size 24 bytes, n32wb03x_tim.o(.text), UNUSED)
<BR><BR>[Calls]<UL><LI><a href="#[4d]">&gt;&gt;</a>&nbsp;&nbsp;&nbsp;TIM_SetInCap1Prescaler
<LI><a href="#[4f]">&gt;&gt;</a>&nbsp;&nbsp;&nbsp;TIM_SetInCap2Prescaler
<LI><a href="#[4c]">&gt;&gt;</a>&nbsp;&nbsp;&nbsp;ConfigTI1
<LI><a href="#[4e]">&gt;&gt;</a>&nbsp;&nbsp;&nbsp;ConfigTI2
</UL>

<P><STRONG><a name="[174]"></a>TIM_ConfigBkdt</STRONG> (Thumb, 112 bytes, Stack size 8 bytes, n32wb03x_tim.o(.text), UNUSED)

<P><STRONG><a name="[b7]"></a>TIM_InitTimBaseStruct</STRONG> (Thumb, 28 bytes, Stack size 0 bytes, n32wb03x_tim.o(.text))
<BR><BR>[Called By]<UL><LI><a href="#[a9]">&gt;&gt;</a>&nbsp;&nbsp;&nbsp;TIM3Init
</UL>

<P><STRONG><a name="[175]"></a>TIM_InitOcStruct</STRONG> (Thumb, 20 bytes, Stack size 0 bytes, n32wb03x_tim.o(.text), UNUSED)

<P><STRONG><a name="[176]"></a>TIM_InitIcStruct</STRONG> (Thumb, 18 bytes, Stack size 0 bytes, n32wb03x_tim.o(.text), UNUSED)

<P><STRONG><a name="[177]"></a>TIM_InitBkdtStruct</STRONG> (Thumb, 18 bytes, Stack size 0 bytes, n32wb03x_tim.o(.text), UNUSED)

<P><STRONG><a name="[ba]"></a>TIM_Enable</STRONG> (Thumb, 24 bytes, Stack size 0 bytes, n32wb03x_tim.o(.text))
<BR><BR>[Called By]<UL><LI><a href="#[a9]">&gt;&gt;</a>&nbsp;&nbsp;&nbsp;TIM3Init
</UL>

<P><STRONG><a name="[178]"></a>TIM_EnableCtrlPwmOutputs</STRONG> (Thumb, 34 bytes, Stack size 0 bytes, n32wb03x_tim.o(.text), UNUSED)

<P><STRONG><a name="[b9]"></a>TIM_ConfigInt</STRONG> (Thumb, 20 bytes, Stack size 0 bytes, n32wb03x_tim.o(.text))
<BR><BR>[Called By]<UL><LI><a href="#[a9]">&gt;&gt;</a>&nbsp;&nbsp;&nbsp;TIM3Init
</UL>

<P><STRONG><a name="[179]"></a>TIM_GenerateEvent</STRONG> (Thumb, 4 bytes, Stack size 0 bytes, n32wb03x_tim.o(.text), UNUSED)

<P><STRONG><a name="[17a]"></a>TIM_ConfigDma</STRONG> (Thumb, 12 bytes, Stack size 8 bytes, n32wb03x_tim.o(.text), UNUSED)

<P><STRONG><a name="[17b]"></a>TIM_EnableDma</STRONG> (Thumb, 20 bytes, Stack size 0 bytes, n32wb03x_tim.o(.text), UNUSED)

<P><STRONG><a name="[17c]"></a>TIM_ConfigInternalClk</STRONG> (Thumb, 12 bytes, Stack size 0 bytes, n32wb03x_tim.o(.text), UNUSED)

<P><STRONG><a name="[56]"></a>TIM_SelectInputTrig</STRONG> (Thumb, 22 bytes, Stack size 0 bytes, n32wb03x_tim.o(.text), UNUSED)
<BR><BR>[Called By]<UL><LI><a href="#[57]">&gt;&gt;</a>&nbsp;&nbsp;&nbsp;TIM_ConfigExtTrigAsClk
<LI><a href="#[55]">&gt;&gt;</a>&nbsp;&nbsp;&nbsp;TIM_ConfigInternalTrigToExt
</UL>

<P><STRONG><a name="[55]"></a>TIM_ConfigInternalTrigToExt</STRONG> (Thumb, 24 bytes, Stack size 12 bytes, n32wb03x_tim.o(.text), UNUSED)
<BR><BR>[Calls]<UL><LI><a href="#[56]">&gt;&gt;</a>&nbsp;&nbsp;&nbsp;TIM_SelectInputTrig
</UL>

<P><STRONG><a name="[57]"></a>TIM_ConfigExtTrigAsClk</STRONG> (Thumb, 58 bytes, Stack size 24 bytes, n32wb03x_tim.o(.text), UNUSED)
<BR><BR>[Calls]<UL><LI><a href="#[56]">&gt;&gt;</a>&nbsp;&nbsp;&nbsp;TIM_SelectInputTrig
<LI><a href="#[4c]">&gt;&gt;</a>&nbsp;&nbsp;&nbsp;ConfigTI1
<LI><a href="#[4e]">&gt;&gt;</a>&nbsp;&nbsp;&nbsp;ConfigTI2
</UL>

<P><STRONG><a name="[59]"></a>TIM_ConfigExtTrig</STRONG> (Thumb, 24 bytes, Stack size 12 bytes, n32wb03x_tim.o(.text), UNUSED)
<BR><BR>[Called By]<UL><LI><a href="#[5a]">&gt;&gt;</a>&nbsp;&nbsp;&nbsp;TIM_ConfigExtClkMode2
<LI><a href="#[58]">&gt;&gt;</a>&nbsp;&nbsp;&nbsp;TIM_ConfigExtClkMode1
</UL>

<P><STRONG><a name="[58]"></a>TIM_ConfigExtClkMode1</STRONG> (Thumb, 48 bytes, Stack size 36 bytes, n32wb03x_tim.o(.text), UNUSED)
<BR><BR>[Calls]<UL><LI><a href="#[59]">&gt;&gt;</a>&nbsp;&nbsp;&nbsp;TIM_ConfigExtTrig
</UL>

<P><STRONG><a name="[5a]"></a>TIM_ConfigExtClkMode2</STRONG> (Thumb, 54 bytes, Stack size 20 bytes, n32wb03x_tim.o(.text), UNUSED)
<BR><BR>[Calls]<UL><LI><a href="#[59]">&gt;&gt;</a>&nbsp;&nbsp;&nbsp;TIM_ConfigExtTrig
</UL>

<P><STRONG><a name="[17d]"></a>TIM_ConfigPrescaler</STRONG> (Thumb, 6 bytes, Stack size 0 bytes, n32wb03x_tim.o(.text), UNUSED)

<P><STRONG><a name="[17e]"></a>TIM_ConfigCntMode</STRONG> (Thumb, 26 bytes, Stack size 8 bytes, n32wb03x_tim.o(.text), UNUSED)

<P><STRONG><a name="[17f]"></a>TIM_ConfigEncoderInterface</STRONG> (Thumb, 64 bytes, Stack size 36 bytes, n32wb03x_tim.o(.text), UNUSED)

<P><STRONG><a name="[180]"></a>TIM_ConfigForcedOc1</STRONG> (Thumb, 22 bytes, Stack size 0 bytes, n32wb03x_tim.o(.text), UNUSED)

<P><STRONG><a name="[181]"></a>TIM_ConfigForcedOc2</STRONG> (Thumb, 20 bytes, Stack size 0 bytes, n32wb03x_tim.o(.text), UNUSED)

<P><STRONG><a name="[182]"></a>TIM_ConfigForcedOc3</STRONG> (Thumb, 22 bytes, Stack size 0 bytes, n32wb03x_tim.o(.text), UNUSED)

<P><STRONG><a name="[183]"></a>TIM_ConfigForcedOc4</STRONG> (Thumb, 20 bytes, Stack size 0 bytes, n32wb03x_tim.o(.text), UNUSED)

<P><STRONG><a name="[184]"></a>TIM_ConfigArPreload</STRONG> (Thumb, 24 bytes, Stack size 0 bytes, n32wb03x_tim.o(.text), UNUSED)

<P><STRONG><a name="[185]"></a>TIM_SelectComEvt</STRONG> (Thumb, 24 bytes, Stack size 0 bytes, n32wb03x_tim.o(.text), UNUSED)

<P><STRONG><a name="[186]"></a>TIM_SelectCapCmpDmaSrc</STRONG> (Thumb, 24 bytes, Stack size 0 bytes, n32wb03x_tim.o(.text), UNUSED)

<P><STRONG><a name="[187]"></a>TIM_EnableCapCmpPreloadControl</STRONG> (Thumb, 24 bytes, Stack size 0 bytes, n32wb03x_tim.o(.text), UNUSED)

<P><STRONG><a name="[188]"></a>TIM_EnableOc1Preload</STRONG> (Thumb, 22 bytes, Stack size 0 bytes, n32wb03x_tim.o(.text), UNUSED)

<P><STRONG><a name="[189]"></a>TIM_ConfigOc2Preload</STRONG> (Thumb, 20 bytes, Stack size 0 bytes, n32wb03x_tim.o(.text), UNUSED)

<P><STRONG><a name="[18a]"></a>TIM_ConfigOc3Preload</STRONG> (Thumb, 22 bytes, Stack size 0 bytes, n32wb03x_tim.o(.text), UNUSED)

<P><STRONG><a name="[18b]"></a>TIM_ConfigOc4Preload</STRONG> (Thumb, 20 bytes, Stack size 0 bytes, n32wb03x_tim.o(.text), UNUSED)

<P><STRONG><a name="[18c]"></a>TIM_ConfigOc1Fast</STRONG> (Thumb, 22 bytes, Stack size 0 bytes, n32wb03x_tim.o(.text), UNUSED)

<P><STRONG><a name="[18d]"></a>TIM_ConfigOc2Fast</STRONG> (Thumb, 22 bytes, Stack size 0 bytes, n32wb03x_tim.o(.text), UNUSED)

<P><STRONG><a name="[18e]"></a>TIM_ConfigOc3Fast</STRONG> (Thumb, 22 bytes, Stack size 0 bytes, n32wb03x_tim.o(.text), UNUSED)

<P><STRONG><a name="[18f]"></a>TIM_ConfigOc4Fast</STRONG> (Thumb, 22 bytes, Stack size 0 bytes, n32wb03x_tim.o(.text), UNUSED)

<P><STRONG><a name="[190]"></a>TIM_ClrOc1Ref</STRONG> (Thumb, 22 bytes, Stack size 0 bytes, n32wb03x_tim.o(.text), UNUSED)

<P><STRONG><a name="[191]"></a>TIM_ClrOc2Ref</STRONG> (Thumb, 20 bytes, Stack size 0 bytes, n32wb03x_tim.o(.text), UNUSED)

<P><STRONG><a name="[192]"></a>TIM_ClrOc3Ref</STRONG> (Thumb, 22 bytes, Stack size 0 bytes, n32wb03x_tim.o(.text), UNUSED)

<P><STRONG><a name="[193]"></a>TIM_ClrOc4Ref</STRONG> (Thumb, 20 bytes, Stack size 0 bytes, n32wb03x_tim.o(.text), UNUSED)

<P><STRONG><a name="[194]"></a>TIM_ConfigOc1Polarity</STRONG> (Thumb, 26 bytes, Stack size 8 bytes, n32wb03x_tim.o(.text), UNUSED)

<P><STRONG><a name="[195]"></a>TIM_ConfigOc1NPolarity</STRONG> (Thumb, 26 bytes, Stack size 8 bytes, n32wb03x_tim.o(.text), UNUSED)

<P><STRONG><a name="[196]"></a>TIM_ConfigOc2Polarity</STRONG> (Thumb, 24 bytes, Stack size 8 bytes, n32wb03x_tim.o(.text), UNUSED)

<P><STRONG><a name="[197]"></a>TIM_ConfigOc2NPolarity</STRONG> (Thumb, 24 bytes, Stack size 8 bytes, n32wb03x_tim.o(.text), UNUSED)

<P><STRONG><a name="[198]"></a>TIM_ConfigOc3Polarity</STRONG> (Thumb, 26 bytes, Stack size 8 bytes, n32wb03x_tim.o(.text), UNUSED)

<P><STRONG><a name="[199]"></a>TIM_ConfigOc3NPolarity</STRONG> (Thumb, 26 bytes, Stack size 8 bytes, n32wb03x_tim.o(.text), UNUSED)

<P><STRONG><a name="[19a]"></a>TIM_ConfigOc4Polarity</STRONG> (Thumb, 26 bytes, Stack size 8 bytes, n32wb03x_tim.o(.text), UNUSED)

<P><STRONG><a name="[19b]"></a>TIM_EnableCapCmpCh</STRONG> (Thumb, 28 bytes, Stack size 12 bytes, n32wb03x_tim.o(.text), UNUSED)

<P><STRONG><a name="[19c]"></a>TIM_EnableCapCmpChN</STRONG> (Thumb, 28 bytes, Stack size 12 bytes, n32wb03x_tim.o(.text), UNUSED)

<P><STRONG><a name="[19d]"></a>TIM_SelectOcMode</STRONG> (Thumb, 86 bytes, Stack size 16 bytes, n32wb03x_tim.o(.text), UNUSED)

<P><STRONG><a name="[19e]"></a>TIM_EnableUpdateEvt</STRONG> (Thumb, 24 bytes, Stack size 0 bytes, n32wb03x_tim.o(.text), UNUSED)

<P><STRONG><a name="[19f]"></a>TIM_ConfigUpdateRequestIntSrc</STRONG> (Thumb, 24 bytes, Stack size 0 bytes, n32wb03x_tim.o(.text), UNUSED)

<P><STRONG><a name="[1a0]"></a>TIM_SelectHallSensor</STRONG> (Thumb, 24 bytes, Stack size 0 bytes, n32wb03x_tim.o(.text), UNUSED)

<P><STRONG><a name="[1a1]"></a>TIM_SelectOnePulseMode</STRONG> (Thumb, 16 bytes, Stack size 0 bytes, n32wb03x_tim.o(.text), UNUSED)

<P><STRONG><a name="[1a2]"></a>TIM_SelectOutputTrig</STRONG> (Thumb, 16 bytes, Stack size 0 bytes, n32wb03x_tim.o(.text), UNUSED)

<P><STRONG><a name="[1a3]"></a>TIM_SelectSlaveMode</STRONG> (Thumb, 16 bytes, Stack size 0 bytes, n32wb03x_tim.o(.text), UNUSED)

<P><STRONG><a name="[1a4]"></a>TIM_SelectMasterSlaveMode</STRONG> (Thumb, 18 bytes, Stack size 0 bytes, n32wb03x_tim.o(.text), UNUSED)

<P><STRONG><a name="[1a5]"></a>TIM_SetCnt</STRONG> (Thumb, 4 bytes, Stack size 0 bytes, n32wb03x_tim.o(.text), UNUSED)

<P><STRONG><a name="[1a6]"></a>TIM_SetAutoReload</STRONG> (Thumb, 4 bytes, Stack size 0 bytes, n32wb03x_tim.o(.text), UNUSED)

<P><STRONG><a name="[1a7]"></a>TIM_SetCmp1</STRONG> (Thumb, 4 bytes, Stack size 0 bytes, n32wb03x_tim.o(.text), UNUSED)

<P><STRONG><a name="[1a8]"></a>TIM_SetCmp2</STRONG> (Thumb, 4 bytes, Stack size 0 bytes, n32wb03x_tim.o(.text), UNUSED)

<P><STRONG><a name="[1a9]"></a>TIM_SetCmp3</STRONG> (Thumb, 4 bytes, Stack size 0 bytes, n32wb03x_tim.o(.text), UNUSED)

<P><STRONG><a name="[1aa]"></a>TIM_SetCmp4</STRONG> (Thumb, 6 bytes, Stack size 0 bytes, n32wb03x_tim.o(.text), UNUSED)

<P><STRONG><a name="[1ab]"></a>TIM_SetClkDiv</STRONG> (Thumb, 18 bytes, Stack size 0 bytes, n32wb03x_tim.o(.text), UNUSED)

<P><STRONG><a name="[1ac]"></a>TIM_GetCap1</STRONG> (Thumb, 22 bytes, Stack size 0 bytes, n32wb03x_tim.o(.text), UNUSED)

<P><STRONG><a name="[1ad]"></a>TIM_GetCap2</STRONG> (Thumb, 6 bytes, Stack size 0 bytes, n32wb03x_tim.o(.text), UNUSED)

<P><STRONG><a name="[1ae]"></a>TIM_GetCap3</STRONG> (Thumb, 6 bytes, Stack size 0 bytes, n32wb03x_tim.o(.text), UNUSED)

<P><STRONG><a name="[1af]"></a>TIM_GetCap4</STRONG> (Thumb, 8 bytes, Stack size 0 bytes, n32wb03x_tim.o(.text), UNUSED)

<P><STRONG><a name="[1b0]"></a>TIM_GetCnt</STRONG> (Thumb, 6 bytes, Stack size 0 bytes, n32wb03x_tim.o(.text), UNUSED)

<P><STRONG><a name="[1b1]"></a>TIM_GetPrescaler</STRONG> (Thumb, 6 bytes, Stack size 0 bytes, n32wb03x_tim.o(.text), UNUSED)

<P><STRONG><a name="[1b2]"></a>TIM_GetFlagStatus</STRONG> (Thumb, 20 bytes, Stack size 0 bytes, n32wb03x_tim.o(.text), UNUSED)

<P><STRONG><a name="[1b3]"></a>TIM_ClearFlag</STRONG> (Thumb, 8 bytes, Stack size 0 bytes, n32wb03x_tim.o(.text), UNUSED)

<P><STRONG><a name="[bb]"></a>TIM_GetIntStatus</STRONG> (Thumb, 38 bytes, Stack size 12 bytes, n32wb03x_tim.o(.text))
<BR><BR>[Stack]<UL><LI>Max Depth = 12<LI>Call Chain = TIM_GetIntStatus
</UL>
<BR>[Called By]<UL><LI><a href="#[16]">&gt;&gt;</a>&nbsp;&nbsp;&nbsp;TIM3_IRQHandler
</UL>

<P><STRONG><a name="[bc]"></a>TIM_ClrIntPendingBit</STRONG> (Thumb, 8 bytes, Stack size 0 bytes, n32wb03x_tim.o(.text))
<BR><BR>[Called By]<UL><LI><a href="#[16]">&gt;&gt;</a>&nbsp;&nbsp;&nbsp;TIM3_IRQHandler
</UL>

<P><STRONG><a name="[5b]"></a>NVIC_Init</STRONG> (Thumb, 64 bytes, Stack size 8 bytes, misc.o(.text))
<BR><BR>[Stack]<UL><LI>Max Depth = 16<LI>Call Chain = NVIC_Init &rArr; NVIC_SetPriority
</UL>
<BR>[Calls]<UL><LI><a href="#[5c]">&gt;&gt;</a>&nbsp;&nbsp;&nbsp;NVIC_SetPriority
</UL>
<BR>[Called By]<UL><LI><a href="#[94]">&gt;&gt;</a>&nbsp;&nbsp;&nbsp;NVIC_Configuration
</UL>

<P><STRONG><a name="[1b4]"></a>SysTick_CLKSourceConfig</STRONG> (Thumb, 32 bytes, Stack size 0 bytes, misc.o(.text), UNUSED)

<P><STRONG><a name="[1b5]"></a>EXTI_DeInit</STRONG> (Thumb, 18 bytes, Stack size 0 bytes, n32wb03x_exti.o(.text), UNUSED)

<P><STRONG><a name="[9e]"></a>EXTI_InitPeripheral</STRONG> (Thumb, 132 bytes, Stack size 0 bytes, n32wb03x_exti.o(.text))
<BR><BR>[Called By]<UL><LI><a href="#[9d]">&gt;&gt;</a>&nbsp;&nbsp;&nbsp;Key_gpioInit
</UL>

<P><STRONG><a name="[1b6]"></a>EXTI_InitStruct</STRONG> (Thumb, 16 bytes, Stack size 0 bytes, n32wb03x_exti.o(.text), UNUSED)

<P><STRONG><a name="[1b7]"></a>EXTI_TriggerSWInt</STRONG> (Thumb, 12 bytes, Stack size 0 bytes, n32wb03x_exti.o(.text), UNUSED)

<P><STRONG><a name="[1b8]"></a>EXTI_GetStatusFlag</STRONG> (Thumb, 22 bytes, Stack size 0 bytes, n32wb03x_exti.o(.text), UNUSED)

<P><STRONG><a name="[1b9]"></a>EXTI_ClrStatusFlag</STRONG> (Thumb, 6 bytes, Stack size 0 bytes, n32wb03x_exti.o(.text), UNUSED)

<P><STRONG><a name="[a1]"></a>EXTI_GetITStatus</STRONG> (Thumb, 36 bytes, Stack size 0 bytes, n32wb03x_exti.o(.text))
<BR><BR>[Called By]<UL><LI><a href="#[c]">&gt;&gt;</a>&nbsp;&nbsp;&nbsp;EXTI0_1_IRQHandler
</UL>

<P><STRONG><a name="[9f]"></a>EXTI_ClrITPendBit</STRONG> (Thumb, 6 bytes, Stack size 0 bytes, n32wb03x_exti.o(.text))
<BR><BR>[Called By]<UL><LI><a href="#[c]">&gt;&gt;</a>&nbsp;&nbsp;&nbsp;EXTI0_1_IRQHandler
<LI><a href="#[9d]">&gt;&gt;</a>&nbsp;&nbsp;&nbsp;Key_gpioInit
</UL>

<P><STRONG><a name="[1ba]"></a>LPUART_DeInit</STRONG> (Thumb, 34 bytes, Stack size 0 bytes, n32wb03x_lpuart.o(.text), UNUSED)

<P><STRONG><a name="[5f]"></a>LPUART_ConfigSamplingMethod</STRONG> (Thumb, 16 bytes, Stack size 0 bytes, n32wb03x_lpuart.o(.text))
<BR><BR>[Called By]<UL><LI><a href="#[5d]">&gt;&gt;</a>&nbsp;&nbsp;&nbsp;LPUART_Init
</UL>

<P><STRONG><a name="[5d]"></a>LPUART_Init</STRONG> (Thumb, 248 bytes, Stack size 72 bytes, n32wb03x_lpuart.o(.text))
<BR><BR>[Stack]<UL><LI>Max Depth = 84<LI>Call Chain = LPUART_Init &rArr; __aeabi_uidivmod
</UL>
<BR>[Calls]<UL><LI><a href="#[5f]">&gt;&gt;</a>&nbsp;&nbsp;&nbsp;LPUART_ConfigSamplingMethod
<LI><a href="#[5e]">&gt;&gt;</a>&nbsp;&nbsp;&nbsp;RCC_GetLpuartClkSrc
<LI><a href="#[41]">&gt;&gt;</a>&nbsp;&nbsp;&nbsp;RCC_GetClocksFreqValue
<LI><a href="#[42]">&gt;&gt;</a>&nbsp;&nbsp;&nbsp;__aeabi_uidivmod
</UL>
<BR>[Called By]<UL><LI><a href="#[ad]">&gt;&gt;</a>&nbsp;&nbsp;&nbsp;LPUartInit
</UL>

<P><STRONG><a name="[1bb]"></a>LPUART_StructInit</STRONG> (Thumb, 24 bytes, Stack size 0 bytes, n32wb03x_lpuart.o(.text), UNUSED)

<P><STRONG><a name="[61]"></a>LPUART_GetFlagStatus</STRONG> (Thumb, 20 bytes, Stack size 0 bytes, n32wb03x_lpuart.o(.text))
<BR><BR>[Called By]<UL><LI><a href="#[60]">&gt;&gt;</a>&nbsp;&nbsp;&nbsp;LPUART_FlushRxFifo
<LI><a href="#[d0]">&gt;&gt;</a>&nbsp;&nbsp;&nbsp;LPUart_SendData
</UL>

<P><STRONG><a name="[60]"></a>LPUART_FlushRxFifo</STRONG> (Thumb, 36 bytes, Stack size 8 bytes, n32wb03x_lpuart.o(.text), UNUSED)
<BR><BR>[Calls]<UL><LI><a href="#[61]">&gt;&gt;</a>&nbsp;&nbsp;&nbsp;LPUART_GetFlagStatus
</UL>

<P><STRONG><a name="[cd]"></a>LPUART_ConfigInt</STRONG> (Thumb, 24 bytes, Stack size 8 bytes, n32wb03x_lpuart.o(.text))
<BR><BR>[Stack]<UL><LI>Max Depth = 8<LI>Call Chain = LPUART_ConfigInt
</UL>
<BR>[Called By]<UL><LI><a href="#[ad]">&gt;&gt;</a>&nbsp;&nbsp;&nbsp;LPUartInit
</UL>

<P><STRONG><a name="[1bc]"></a>LPUART_EnableDMA</STRONG> (Thumb, 20 bytes, Stack size 0 bytes, n32wb03x_lpuart.o(.text), UNUSED)

<P><STRONG><a name="[1bd]"></a>LPUART_ConfigWakeUpMethod</STRONG> (Thumb, 16 bytes, Stack size 0 bytes, n32wb03x_lpuart.o(.text), UNUSED)

<P><STRONG><a name="[1be]"></a>LPUART_EnableWakeUpStop</STRONG> (Thumb, 26 bytes, Stack size 0 bytes, n32wb03x_lpuart.o(.text), UNUSED)

<P><STRONG><a name="[1bf]"></a>LPUART_EnableLoopBack</STRONG> (Thumb, 24 bytes, Stack size 0 bytes, n32wb03x_lpuart.o(.text), UNUSED)

<P><STRONG><a name="[d1]"></a>LPUART_SendData</STRONG> (Thumb, 4 bytes, Stack size 0 bytes, n32wb03x_lpuart.o(.text))
<BR><BR>[Called By]<UL><LI><a href="#[d0]">&gt;&gt;</a>&nbsp;&nbsp;&nbsp;LPUart_SendData
</UL>

<P><STRONG><a name="[d4]"></a>LPUART_ReceiveData</STRONG> (Thumb, 6 bytes, Stack size 0 bytes, n32wb03x_lpuart.o(.text))
<BR><BR>[Called By]<UL><LI><a href="#[23]">&gt;&gt;</a>&nbsp;&nbsp;&nbsp;LPUART1_IRQHandler
</UL>

<P><STRONG><a name="[1c0]"></a>LPUART_ConfigWakeUpData</STRONG> (Thumb, 4 bytes, Stack size 0 bytes, n32wb03x_lpuart.o(.text), UNUSED)

<P><STRONG><a name="[d2]"></a>LPUART_ClrFlag</STRONG> (Thumb, 4 bytes, Stack size 0 bytes, n32wb03x_lpuart.o(.text))
<BR><BR>[Called By]<UL><LI><a href="#[d0]">&gt;&gt;</a>&nbsp;&nbsp;&nbsp;LPUart_SendData
</UL>

<P><STRONG><a name="[d3]"></a>LPUART_GetIntStatus</STRONG> (Thumb, 46 bytes, Stack size 12 bytes, n32wb03x_lpuart.o(.text))
<BR><BR>[Stack]<UL><LI>Max Depth = 12<LI>Call Chain = LPUART_GetIntStatus
</UL>
<BR>[Called By]<UL><LI><a href="#[23]">&gt;&gt;</a>&nbsp;&nbsp;&nbsp;LPUART1_IRQHandler
</UL>

<P><STRONG><a name="[1c1]"></a>LPUART_ClrIntPendingBit</STRONG> (Thumb, 8 bytes, Stack size 0 bytes, n32wb03x_lpuart.o(.text), UNUSED)

<P><STRONG><a name="[63]"></a>RTC_EnableWriteProtection</STRONG> (Thumb, 42 bytes, Stack size 0 bytes, n32wb03x_rtc.o(.text))
<BR><BR>[Called By]<UL><LI><a href="#[79]">&gt;&gt;</a>&nbsp;&nbsp;&nbsp;RTC_ConfigInt
<LI><a href="#[78]">&gt;&gt;</a>&nbsp;&nbsp;&nbsp;RTC_ConfigSynchroShift
<LI><a href="#[77]">&gt;&gt;</a>&nbsp;&nbsp;&nbsp;RTC_ConfigSmoothCalib
<LI><a href="#[76]">&gt;&gt;</a>&nbsp;&nbsp;&nbsp;RTC_ConfigDayLightSaving
<LI><a href="#[75]">&gt;&gt;</a>&nbsp;&nbsp;&nbsp;RTC_EnableWakeUp
<LI><a href="#[74]">&gt;&gt;</a>&nbsp;&nbsp;&nbsp;RTC_SetWakeUpCounter
<LI><a href="#[73]">&gt;&gt;</a>&nbsp;&nbsp;&nbsp;RTC_ConfigWakeUpClock
<LI><a href="#[72]">&gt;&gt;</a>&nbsp;&nbsp;&nbsp;RTC_ConfigAlarmSubSecond
<LI><a href="#[71]">&gt;&gt;</a>&nbsp;&nbsp;&nbsp;RTC_EnableAlarm
<LI><a href="#[6f]">&gt;&gt;</a>&nbsp;&nbsp;&nbsp;RTC_SetAlarm
<LI><a href="#[6d]">&gt;&gt;</a>&nbsp;&nbsp;&nbsp;RTC_SetDate
<LI><a href="#[69]">&gt;&gt;</a>&nbsp;&nbsp;&nbsp;RTC_ConfigTime
<LI><a href="#[68]">&gt;&gt;</a>&nbsp;&nbsp;&nbsp;RTC_EnableBypassShadow
<LI><a href="#[67]">&gt;&gt;</a>&nbsp;&nbsp;&nbsp;RTC_Init
<LI><a href="#[64]">&gt;&gt;</a>&nbsp;&nbsp;&nbsp;RTC_DeInit
<LI><a href="#[62]">&gt;&gt;</a>&nbsp;&nbsp;&nbsp;RTC_WaitForSynchro
</UL>

<P><STRONG><a name="[62]"></a>RTC_WaitForSynchro</STRONG> (Thumb, 84 bytes, Stack size 12 bytes, n32wb03x_rtc.o(.text))
<BR><BR>[Stack]<UL><LI>Max Depth = 12<LI>Call Chain = RTC_WaitForSynchro
</UL>
<BR>[Calls]<UL><LI><a href="#[63]">&gt;&gt;</a>&nbsp;&nbsp;&nbsp;RTC_EnableWriteProtection
</UL>
<BR>[Called By]<UL><LI><a href="#[78]">&gt;&gt;</a>&nbsp;&nbsp;&nbsp;RTC_ConfigSynchroShift
<LI><a href="#[6d]">&gt;&gt;</a>&nbsp;&nbsp;&nbsp;RTC_SetDate
<LI><a href="#[69]">&gt;&gt;</a>&nbsp;&nbsp;&nbsp;RTC_ConfigTime
<LI><a href="#[64]">&gt;&gt;</a>&nbsp;&nbsp;&nbsp;RTC_DeInit
<LI><a href="#[115]">&gt;&gt;</a>&nbsp;&nbsp;&nbsp;RTC_CLKSourceConfig
</UL>

<P><STRONG><a name="[66]"></a>RTC_ExitInitMode</STRONG> (Thumb, 14 bytes, Stack size 0 bytes, n32wb03x_rtc.o(.text))
<BR><BR>[Called By]<UL><LI><a href="#[6d]">&gt;&gt;</a>&nbsp;&nbsp;&nbsp;RTC_SetDate
<LI><a href="#[69]">&gt;&gt;</a>&nbsp;&nbsp;&nbsp;RTC_ConfigTime
<LI><a href="#[67]">&gt;&gt;</a>&nbsp;&nbsp;&nbsp;RTC_Init
<LI><a href="#[64]">&gt;&gt;</a>&nbsp;&nbsp;&nbsp;RTC_DeInit
</UL>

<P><STRONG><a name="[65]"></a>RTC_EnterInitMode</STRONG> (Thumb, 88 bytes, Stack size 8 bytes, n32wb03x_rtc.o(.text))
<BR><BR>[Stack]<UL><LI>Max Depth = 8<LI>Call Chain = RTC_EnterInitMode
</UL>
<BR>[Called By]<UL><LI><a href="#[6d]">&gt;&gt;</a>&nbsp;&nbsp;&nbsp;RTC_SetDate
<LI><a href="#[69]">&gt;&gt;</a>&nbsp;&nbsp;&nbsp;RTC_ConfigTime
<LI><a href="#[67]">&gt;&gt;</a>&nbsp;&nbsp;&nbsp;RTC_Init
<LI><a href="#[64]">&gt;&gt;</a>&nbsp;&nbsp;&nbsp;RTC_DeInit
</UL>

<P><STRONG><a name="[64]"></a>RTC_DeInit</STRONG> (Thumb, 164 bytes, Stack size 16 bytes, n32wb03x_rtc.o(.text), UNUSED)
<BR><BR>[Calls]<UL><LI><a href="#[65]">&gt;&gt;</a>&nbsp;&nbsp;&nbsp;RTC_EnterInitMode
<LI><a href="#[66]">&gt;&gt;</a>&nbsp;&nbsp;&nbsp;RTC_ExitInitMode
<LI><a href="#[62]">&gt;&gt;</a>&nbsp;&nbsp;&nbsp;RTC_WaitForSynchro
<LI><a href="#[63]">&gt;&gt;</a>&nbsp;&nbsp;&nbsp;RTC_EnableWriteProtection
</UL>

<P><STRONG><a name="[67]"></a>RTC_Init</STRONG> (Thumb, 80 bytes, Stack size 12 bytes, n32wb03x_rtc.o(.text))
<BR><BR>[Stack]<UL><LI>Max Depth = 20<LI>Call Chain = RTC_Init &rArr; RTC_EnterInitMode
</UL>
<BR>[Calls]<UL><LI><a href="#[65]">&gt;&gt;</a>&nbsp;&nbsp;&nbsp;RTC_EnterInitMode
<LI><a href="#[66]">&gt;&gt;</a>&nbsp;&nbsp;&nbsp;RTC_ExitInitMode
<LI><a href="#[63]">&gt;&gt;</a>&nbsp;&nbsp;&nbsp;RTC_EnableWriteProtection
</UL>
<BR>[Called By]<UL><LI><a href="#[114]">&gt;&gt;</a>&nbsp;&nbsp;&nbsp;RTC_PrescalerConfig
</UL>

<P><STRONG><a name="[1c2]"></a>RTC_StructInit</STRONG> (Thumb, 14 bytes, Stack size 0 bytes, n32wb03x_rtc.o(.text), UNUSED)

<P><STRONG><a name="[68]"></a>RTC_EnableBypassShadow</STRONG> (Thumb, 48 bytes, Stack size 4 bytes, n32wb03x_rtc.o(.text), UNUSED)
<BR><BR>[Calls]<UL><LI><a href="#[63]">&gt;&gt;</a>&nbsp;&nbsp;&nbsp;RTC_EnableWriteProtection
</UL>

<P><STRONG><a name="[69]"></a>RTC_ConfigTime</STRONG> (Thumb, 204 bytes, Stack size 24 bytes, n32wb03x_rtc.o(.text))
<BR><BR>[Stack]<UL><LI>Max Depth = 36<LI>Call Chain = RTC_ConfigTime &rArr; RTC_WaitForSynchro
</UL>
<BR>[Calls]<UL><LI><a href="#[65]">&gt;&gt;</a>&nbsp;&nbsp;&nbsp;RTC_EnterInitMode
<LI><a href="#[66]">&gt;&gt;</a>&nbsp;&nbsp;&nbsp;RTC_ExitInitMode
<LI><a href="#[62]">&gt;&gt;</a>&nbsp;&nbsp;&nbsp;RTC_WaitForSynchro
<LI><a href="#[63]">&gt;&gt;</a>&nbsp;&nbsp;&nbsp;RTC_EnableWriteProtection
<LI><a href="#[6a]">&gt;&gt;</a>&nbsp;&nbsp;&nbsp;RTC_Bcd2ToByte
<LI><a href="#[6b]">&gt;&gt;</a>&nbsp;&nbsp;&nbsp;RTC_ByteToBcd2
</UL>
<BR>[Called By]<UL><LI><a href="#[113]">&gt;&gt;</a>&nbsp;&nbsp;&nbsp;RTC_TimeRegulate
</UL>

<P><STRONG><a name="[1c3]"></a>RTC_TimeStructInit</STRONG> (Thumb, 12 bytes, Stack size 0 bytes, n32wb03x_rtc.o(.text), UNUSED)

<P><STRONG><a name="[6c]"></a>RTC_GetTime</STRONG> (Thumb, 84 bytes, Stack size 16 bytes, n32wb03x_rtc.o(.text))
<BR><BR>[Stack]<UL><LI>Max Depth = 16<LI>Call Chain = RTC_GetTime
</UL>
<BR>[Calls]<UL><LI><a href="#[6a]">&gt;&gt;</a>&nbsp;&nbsp;&nbsp;RTC_Bcd2ToByte
</UL>
<BR>[Called By]<UL><LI><a href="#[111]">&gt;&gt;</a>&nbsp;&nbsp;&nbsp;RTC_TimeShow
</UL>

<P><STRONG><a name="[1c4]"></a>RTC_GetSubSecond</STRONG> (Thumb, 10 bytes, Stack size 0 bytes, n32wb03x_rtc.o(.text), UNUSED)

<P><STRONG><a name="[6d]"></a>RTC_SetDate</STRONG> (Thumb, 218 bytes, Stack size 24 bytes, n32wb03x_rtc.o(.text), UNUSED)
<BR><BR>[Calls]<UL><LI><a href="#[65]">&gt;&gt;</a>&nbsp;&nbsp;&nbsp;RTC_EnterInitMode
<LI><a href="#[66]">&gt;&gt;</a>&nbsp;&nbsp;&nbsp;RTC_ExitInitMode
<LI><a href="#[62]">&gt;&gt;</a>&nbsp;&nbsp;&nbsp;RTC_WaitForSynchro
<LI><a href="#[63]">&gt;&gt;</a>&nbsp;&nbsp;&nbsp;RTC_EnableWriteProtection
<LI><a href="#[6a]">&gt;&gt;</a>&nbsp;&nbsp;&nbsp;RTC_Bcd2ToByte
<LI><a href="#[6b]">&gt;&gt;</a>&nbsp;&nbsp;&nbsp;RTC_ByteToBcd2
</UL>
<BR>[Called By]<UL><LI><a href="#[112]">&gt;&gt;</a>&nbsp;&nbsp;&nbsp;RTC_DateRegulate
</UL>

<P><STRONG><a name="[1c5]"></a>RTC_DateStructInit</STRONG> (Thumb, 14 bytes, Stack size 0 bytes, n32wb03x_rtc.o(.text), UNUSED)

<P><STRONG><a name="[6e]"></a>RTC_GetDate</STRONG> (Thumb, 84 bytes, Stack size 16 bytes, n32wb03x_rtc.o(.text), UNUSED)
<BR><BR>[Calls]<UL><LI><a href="#[6a]">&gt;&gt;</a>&nbsp;&nbsp;&nbsp;RTC_Bcd2ToByte
</UL>
<BR>[Called By]<UL><LI><a href="#[110]">&gt;&gt;</a>&nbsp;&nbsp;&nbsp;RTC_DateShow
</UL>

<P><STRONG><a name="[6f]"></a>RTC_SetAlarm</STRONG> (Thumb, 222 bytes, Stack size 24 bytes, n32wb03x_rtc.o(.text), UNUSED)
<BR><BR>[Calls]<UL><LI><a href="#[63]">&gt;&gt;</a>&nbsp;&nbsp;&nbsp;RTC_EnableWriteProtection
<LI><a href="#[6a]">&gt;&gt;</a>&nbsp;&nbsp;&nbsp;RTC_Bcd2ToByte
<LI><a href="#[6b]">&gt;&gt;</a>&nbsp;&nbsp;&nbsp;RTC_ByteToBcd2
</UL>

<P><STRONG><a name="[1c6]"></a>RTC_AlarmStructInit</STRONG> (Thumb, 22 bytes, Stack size 0 bytes, n32wb03x_rtc.o(.text), UNUSED)

<P><STRONG><a name="[70]"></a>RTC_GetAlarm</STRONG> (Thumb, 120 bytes, Stack size 24 bytes, n32wb03x_rtc.o(.text), UNUSED)
<BR><BR>[Calls]<UL><LI><a href="#[6a]">&gt;&gt;</a>&nbsp;&nbsp;&nbsp;RTC_Bcd2ToByte
</UL>

<P><STRONG><a name="[71]"></a>RTC_EnableAlarm</STRONG> (Thumb, 106 bytes, Stack size 20 bytes, n32wb03x_rtc.o(.text), UNUSED)
<BR><BR>[Calls]<UL><LI><a href="#[63]">&gt;&gt;</a>&nbsp;&nbsp;&nbsp;RTC_EnableWriteProtection
</UL>

<P><STRONG><a name="[72]"></a>RTC_ConfigAlarmSubSecond</STRONG> (Thumb, 44 bytes, Stack size 16 bytes, n32wb03x_rtc.o(.text), UNUSED)
<BR><BR>[Calls]<UL><LI><a href="#[63]">&gt;&gt;</a>&nbsp;&nbsp;&nbsp;RTC_EnableWriteProtection
</UL>

<P><STRONG><a name="[1c7]"></a>RTC_GetAlarmSubSecond</STRONG> (Thumb, 24 bytes, Stack size 0 bytes, n32wb03x_rtc.o(.text), UNUSED)

<P><STRONG><a name="[73]"></a>RTC_ConfigWakeUpClock</STRONG> (Thumb, 38 bytes, Stack size 4 bytes, n32wb03x_rtc.o(.text), UNUSED)
<BR><BR>[Calls]<UL><LI><a href="#[63]">&gt;&gt;</a>&nbsp;&nbsp;&nbsp;RTC_EnableWriteProtection
</UL>

<P><STRONG><a name="[74]"></a>RTC_SetWakeUpCounter</STRONG> (Thumb, 22 bytes, Stack size 4 bytes, n32wb03x_rtc.o(.text), UNUSED)
<BR><BR>[Calls]<UL><LI><a href="#[63]">&gt;&gt;</a>&nbsp;&nbsp;&nbsp;RTC_EnableWriteProtection
</UL>

<P><STRONG><a name="[1c8]"></a>RTC_GetWakeUpCounter</STRONG> (Thumb, 8 bytes, Stack size 0 bytes, n32wb03x_rtc.o(.text), UNUSED)

<P><STRONG><a name="[75]"></a>RTC_EnableWakeUp</STRONG> (Thumb, 110 bytes, Stack size 16 bytes, n32wb03x_rtc.o(.text))
<BR><BR>[Stack]<UL><LI>Max Depth = 16<LI>Call Chain = RTC_EnableWakeUp
</UL>
<BR>[Calls]<UL><LI><a href="#[63]">&gt;&gt;</a>&nbsp;&nbsp;&nbsp;RTC_EnableWriteProtection
</UL>
<BR>[Called By]<UL><LI><a href="#[b2]">&gt;&gt;</a>&nbsp;&nbsp;&nbsp;Rtc_Init
</UL>

<P><STRONG><a name="[76]"></a>RTC_ConfigDayLightSaving</STRONG> (Thumb, 48 bytes, Stack size 8 bytes, n32wb03x_rtc.o(.text), UNUSED)
<BR><BR>[Calls]<UL><LI><a href="#[63]">&gt;&gt;</a>&nbsp;&nbsp;&nbsp;RTC_EnableWriteProtection
</UL>

<P><STRONG><a name="[1c9]"></a>RTC_GetStoreOperation</STRONG> (Thumb, 12 bytes, Stack size 0 bytes, n32wb03x_rtc.o(.text), UNUSED)

<P><STRONG><a name="[77]"></a>RTC_ConfigSmoothCalib</STRONG> (Thumb, 110 bytes, Stack size 20 bytes, n32wb03x_rtc.o(.text), UNUSED)
<BR><BR>[Calls]<UL><LI><a href="#[63]">&gt;&gt;</a>&nbsp;&nbsp;&nbsp;RTC_EnableWriteProtection
</UL>

<P><STRONG><a name="[78]"></a>RTC_ConfigSynchroShift</STRONG> (Thumb, 98 bytes, Stack size 20 bytes, n32wb03x_rtc.o(.text), UNUSED)
<BR><BR>[Calls]<UL><LI><a href="#[62]">&gt;&gt;</a>&nbsp;&nbsp;&nbsp;RTC_WaitForSynchro
<LI><a href="#[63]">&gt;&gt;</a>&nbsp;&nbsp;&nbsp;RTC_EnableWriteProtection
</UL>

<P><STRONG><a name="[79]"></a>RTC_ConfigInt</STRONG> (Thumb, 46 bytes, Stack size 8 bytes, n32wb03x_rtc.o(.text))
<BR><BR>[Stack]<UL><LI>Max Depth = 8<LI>Call Chain = RTC_ConfigInt
</UL>
<BR>[Calls]<UL><LI><a href="#[63]">&gt;&gt;</a>&nbsp;&nbsp;&nbsp;RTC_EnableWriteProtection
</UL>
<BR>[Called By]<UL><LI><a href="#[b2]">&gt;&gt;</a>&nbsp;&nbsp;&nbsp;Rtc_Init
</UL>

<P><STRONG><a name="[1ca]"></a>RTC_GetFlagStatus</STRONG> (Thumb, 34 bytes, Stack size 8 bytes, n32wb03x_rtc.o(.text), UNUSED)

<P><STRONG><a name="[1cb]"></a>RTC_ClrFlag</STRONG> (Thumb, 26 bytes, Stack size 0 bytes, n32wb03x_rtc.o(.text), UNUSED)

<P><STRONG><a name="[1cc]"></a>RTC_GetITStatus</STRONG> (Thumb, 46 bytes, Stack size 12 bytes, n32wb03x_rtc.o(.text), UNUSED)

<P><STRONG><a name="[1cd]"></a>RTC_ClrIntPendingBit</STRONG> (Thumb, 30 bytes, Stack size 8 bytes, n32wb03x_rtc.o(.text), UNUSED)

<P><STRONG><a name="[7a]"></a>Qflash_Init</STRONG> (Thumb, 36 bytes, Stack size 8 bytes, n32wb03x_qflash.o(.text))
<BR><BR>[Stack]<UL><LI>Max Depth = 8<LI>Call Chain = Qflash_Init
</UL>
<BR>[Calls]<UL><LI><a href="#[37]">&gt;&gt;</a>&nbsp;&nbsp;&nbsp;__aeabi_memcpy
</UL>
<BR>[Called By]<UL><LI><a href="#[85]">&gt;&gt;</a>&nbsp;&nbsp;&nbsp;Flash_paraInit
</UL>

<P><STRONG><a name="[7b]"></a>Qflash_Erase_Sector</STRONG> (Thumb, 52 bytes, Stack size 16 bytes, n32wb03x_qflash.o(.text))
<BR><BR>[Stack]<UL><LI>Max Depth = 16<LI>Call Chain = Qflash_Erase_Sector
</UL>
<BR>[Calls]<UL><LI><a href="#[7d]">&gt;&gt;</a>&nbsp;&nbsp;&nbsp;__set_PRIMASK
<LI><a href="#[7c]">&gt;&gt;</a>&nbsp;&nbsp;&nbsp;__get_PRIMASK
</UL>
<BR>[Called By]<UL><LI><a href="#[a6]">&gt;&gt;</a>&nbsp;&nbsp;&nbsp;Flash_WirteModbusDI
<LI><a href="#[11a]">&gt;&gt;</a>&nbsp;&nbsp;&nbsp;Flash_WirteResetData
<LI><a href="#[10e]">&gt;&gt;</a>&nbsp;&nbsp;&nbsp;Flash_write_resetEnergy
<LI><a href="#[e6]">&gt;&gt;</a>&nbsp;&nbsp;&nbsp;Flash_WirteModbusRemain
</UL>

<P><STRONG><a name="[7e]"></a>Qflash_Write</STRONG> (Thumb, 60 bytes, Stack size 24 bytes, n32wb03x_qflash.o(.text))
<BR><BR>[Stack]<UL><LI>Max Depth = 24<LI>Call Chain = Qflash_Write
</UL>
<BR>[Calls]<UL><LI><a href="#[7d]">&gt;&gt;</a>&nbsp;&nbsp;&nbsp;__set_PRIMASK
<LI><a href="#[7c]">&gt;&gt;</a>&nbsp;&nbsp;&nbsp;__get_PRIMASK
</UL>
<BR>[Called By]<UL><LI><a href="#[a6]">&gt;&gt;</a>&nbsp;&nbsp;&nbsp;Flash_WirteModbusDI
<LI><a href="#[11a]">&gt;&gt;</a>&nbsp;&nbsp;&nbsp;Flash_WirteResetData
<LI><a href="#[10e]">&gt;&gt;</a>&nbsp;&nbsp;&nbsp;Flash_write_resetEnergy
<LI><a href="#[e6]">&gt;&gt;</a>&nbsp;&nbsp;&nbsp;Flash_WirteModbusRemain
</UL>

<P><STRONG><a name="[7f]"></a>Qflash_Read</STRONG> (Thumb, 60 bytes, Stack size 24 bytes, n32wb03x_qflash.o(.text))
<BR><BR>[Stack]<UL><LI>Max Depth = 24<LI>Call Chain = Qflash_Read
</UL>
<BR>[Calls]<UL><LI><a href="#[7d]">&gt;&gt;</a>&nbsp;&nbsp;&nbsp;__set_PRIMASK
<LI><a href="#[7c]">&gt;&gt;</a>&nbsp;&nbsp;&nbsp;__get_PRIMASK
</UL>
<BR>[Called By]<UL><LI><a href="#[a6]">&gt;&gt;</a>&nbsp;&nbsp;&nbsp;Flash_WirteModbusDI
<LI><a href="#[85]">&gt;&gt;</a>&nbsp;&nbsp;&nbsp;Flash_paraInit
<LI><a href="#[11e]">&gt;&gt;</a>&nbsp;&nbsp;&nbsp;Flash_ReadModbusDI
<LI><a href="#[11b]">&gt;&gt;</a>&nbsp;&nbsp;&nbsp;Flash_ReadModbusRemain
<LI><a href="#[10e]">&gt;&gt;</a>&nbsp;&nbsp;&nbsp;Flash_write_resetEnergy
<LI><a href="#[e6]">&gt;&gt;</a>&nbsp;&nbsp;&nbsp;Flash_WirteModbusRemain
</UL>

<P><STRONG><a name="[80]"></a>OTPTrim_Read</STRONG> (Thumb, 126 bytes, Stack size 352 bytes, n32wb03x_qflash.o(.text), UNUSED)
<BR><BR>[Calls]<UL><LI><a href="#[7d]">&gt;&gt;</a>&nbsp;&nbsp;&nbsp;__set_PRIMASK
<LI><a href="#[7c]">&gt;&gt;</a>&nbsp;&nbsp;&nbsp;__get_PRIMASK
<LI><a href="#[37]">&gt;&gt;</a>&nbsp;&nbsp;&nbsp;__aeabi_memcpy
</UL>

<P><STRONG><a name="[81]"></a>OTPTrim_Write</STRONG> (Thumb, 174 bytes, Stack size 560 bytes, n32wb03x_qflash.o(.text), UNUSED)
<BR><BR>[Calls]<UL><LI><a href="#[7d]">&gt;&gt;</a>&nbsp;&nbsp;&nbsp;__set_PRIMASK
<LI><a href="#[7c]">&gt;&gt;</a>&nbsp;&nbsp;&nbsp;__get_PRIMASK
<LI><a href="#[37]">&gt;&gt;</a>&nbsp;&nbsp;&nbsp;__aeabi_memcpy
</UL>

<P><STRONG><a name="[82]"></a>OTPTrim_Erase</STRONG> (Thumb, 114 bytes, Stack size 408 bytes, n32wb03x_qflash.o(.text), UNUSED)
<BR><BR>[Calls]<UL><LI><a href="#[7d]">&gt;&gt;</a>&nbsp;&nbsp;&nbsp;__set_PRIMASK
<LI><a href="#[7c]">&gt;&gt;</a>&nbsp;&nbsp;&nbsp;__get_PRIMASK
<LI><a href="#[37]">&gt;&gt;</a>&nbsp;&nbsp;&nbsp;__aeabi_memcpy
</UL>

<P><STRONG><a name="[83]"></a>OTPTrim_Lock</STRONG> (Thumb, 114 bytes, Stack size 344 bytes, n32wb03x_qflash.o(.text), UNUSED)
<BR><BR>[Calls]<UL><LI><a href="#[7d]">&gt;&gt;</a>&nbsp;&nbsp;&nbsp;__set_PRIMASK
<LI><a href="#[7c]">&gt;&gt;</a>&nbsp;&nbsp;&nbsp;__get_PRIMASK
<LI><a href="#[37]">&gt;&gt;</a>&nbsp;&nbsp;&nbsp;__aeabi_memcpy
</UL>

<P><STRONG><a name="[26]"></a>main</STRONG> (Thumb, 40 bytes, Stack size 0 bytes, main.o(.text))
<BR><BR>[Stack]<UL><LI>Max Depth = 3504<LI>Call Chain = main &rArr; LTE_process &rArr; LTE_ReceiveSendData &rArr; MqttrecedataHandle &rArr; ModbusDataHandle &rArr; ModbusSendAll &rArr; Set_LTE_SendData
</UL>
<BR>[Calls]<UL><LI><a href="#[8a]">&gt;&gt;</a>&nbsp;&nbsp;&nbsp;LTE_process
<LI><a href="#[87]">&gt;&gt;</a>&nbsp;&nbsp;&nbsp;HeartStausBegin
<LI><a href="#[8c]">&gt;&gt;</a>&nbsp;&nbsp;&nbsp;HeartStatus
<LI><a href="#[86]">&gt;&gt;</a>&nbsp;&nbsp;&nbsp;HeartInfoBegin
<LI><a href="#[8b]">&gt;&gt;</a>&nbsp;&nbsp;&nbsp;HeartInfo
<LI><a href="#[85]">&gt;&gt;</a>&nbsp;&nbsp;&nbsp;Flash_paraInit
<LI><a href="#[88]">&gt;&gt;</a>&nbsp;&nbsp;&nbsp;BSPTask
<LI><a href="#[84]">&gt;&gt;</a>&nbsp;&nbsp;&nbsp;BSPInit
<LI><a href="#[89]">&gt;&gt;</a>&nbsp;&nbsp;&nbsp;BL0942Task
</UL>
<BR>[Address Reference Count : 1]<UL><LI> entry9a.o(.ARM.Collect$$$$0000000B)
</UL>
<P><STRONG><a name="[8d]"></a>RCC_Configuration</STRONG> (Thumb, 58 bytes, Stack size 8 bytes, bsp.o(.text))
<BR><BR>[Stack]<UL><LI>Max Depth = 32<LI>Call Chain = RCC_Configuration &rArr; RCC_WaitHseStable &rArr; RCC_GetFlagStatus
</UL>
<BR>[Calls]<UL><LI><a href="#[91]">&gt;&gt;</a>&nbsp;&nbsp;&nbsp;RCC_EnableAPB1PeriphClk
<LI><a href="#[90]">&gt;&gt;</a>&nbsp;&nbsp;&nbsp;RCC_EnableAPB2PeriphClk
<LI><a href="#[93]">&gt;&gt;</a>&nbsp;&nbsp;&nbsp;RCC_EnableLpuartClk
<LI><a href="#[92]">&gt;&gt;</a>&nbsp;&nbsp;&nbsp;RCC_ConfigLpuartClk
<LI><a href="#[8f]">&gt;&gt;</a>&nbsp;&nbsp;&nbsp;RCC_ConfigSysclk
<LI><a href="#[47]">&gt;&gt;</a>&nbsp;&nbsp;&nbsp;RCC_WaitHseStable
<LI><a href="#[8e]">&gt;&gt;</a>&nbsp;&nbsp;&nbsp;RCC_ConfigHse
</UL>
<BR>[Called By]<UL><LI><a href="#[84]">&gt;&gt;</a>&nbsp;&nbsp;&nbsp;BSPInit
</UL>

<P><STRONG><a name="[94]"></a>NVIC_Configuration</STRONG> (Thumb, 74 bytes, Stack size 8 bytes, bsp.o(.text))
<BR><BR>[Stack]<UL><LI>Max Depth = 24<LI>Call Chain = NVIC_Configuration &rArr; NVIC_Init &rArr; NVIC_SetPriority
</UL>
<BR>[Calls]<UL><LI><a href="#[5b]">&gt;&gt;</a>&nbsp;&nbsp;&nbsp;NVIC_Init
</UL>
<BR>[Called By]<UL><LI><a href="#[84]">&gt;&gt;</a>&nbsp;&nbsp;&nbsp;BSPInit
</UL>

<P><STRONG><a name="[29]"></a>LedFlag</STRONG> (Thumb, 36 bytes, Stack size 8 bytes, bsp.o(.text))
<BR><BR>[Stack]<UL><LI>Max Depth = 16<LI>Call Chain = LedFlag &rArr; Vtimer_SetTimer
</UL>
<BR>[Calls]<UL><LI><a href="#[95]">&gt;&gt;</a>&nbsp;&nbsp;&nbsp;get_mqttlink
<LI><a href="#[96]">&gt;&gt;</a>&nbsp;&nbsp;&nbsp;Vtimer_SetTimer
</UL>
<BR>[Address Reference Count : 1]<UL><LI> bsp.o(.text)
</UL>
<P><STRONG><a name="[97]"></a>LedTask</STRONG> (Thumb, 66 bytes, Stack size 8 bytes, bsp.o(.text))
<BR><BR>[Stack]<UL><LI>Max Depth = 8<LI>Call Chain = LedTask
</UL>
<BR>[Calls]<UL><LI><a href="#[98]">&gt;&gt;</a>&nbsp;&nbsp;&nbsp;GPIO_ResetBits
<LI><a href="#[99]">&gt;&gt;</a>&nbsp;&nbsp;&nbsp;GPIO_SetBits
</UL>
<BR>[Called By]<UL><LI><a href="#[88]">&gt;&gt;</a>&nbsp;&nbsp;&nbsp;BSPTask
</UL>

<P><STRONG><a name="[9a]"></a>LedInit</STRONG> (Thumb, 66 bytes, Stack size 32 bytes, bsp.o(.text))
<BR><BR>[Stack]<UL><LI>Max Depth = 48<LI>Call Chain = LedInit &rArr; GPIO_InitPeripheral
</UL>
<BR>[Calls]<UL><LI><a href="#[96]">&gt;&gt;</a>&nbsp;&nbsp;&nbsp;Vtimer_SetTimer
<LI><a href="#[99]">&gt;&gt;</a>&nbsp;&nbsp;&nbsp;GPIO_SetBits
<LI><a href="#[9b]">&gt;&gt;</a>&nbsp;&nbsp;&nbsp;GPIO_InitPeripheral
</UL>
<BR>[Called By]<UL><LI><a href="#[84]">&gt;&gt;</a>&nbsp;&nbsp;&nbsp;BSPInit
</UL>

<P><STRONG><a name="[2a]"></a>Dog_Feed</STRONG> (Thumb, 124 bytes, Stack size 8 bytes, bsp.o(.text))
<BR><BR>[Stack]<UL><LI>Max Depth = 16<LI>Call Chain = Dog_Feed &rArr; Vtimer_SetTimer
</UL>
<BR>[Calls]<UL><LI><a href="#[96]">&gt;&gt;</a>&nbsp;&nbsp;&nbsp;Vtimer_SetTimer
<LI><a href="#[98]">&gt;&gt;</a>&nbsp;&nbsp;&nbsp;GPIO_ResetBits
<LI><a href="#[99]">&gt;&gt;</a>&nbsp;&nbsp;&nbsp;GPIO_SetBits
</UL>
<BR>[Address Reference Count : 1]<UL><LI> bsp.o(.text)
</UL>
<P><STRONG><a name="[9c]"></a>EnableDog</STRONG> (Thumb, 34 bytes, Stack size 32 bytes, bsp.o(.text))
<BR><BR>[Stack]<UL><LI>Max Depth = 48<LI>Call Chain = EnableDog &rArr; GPIO_InitPeripheral
</UL>
<BR>[Calls]<UL><LI><a href="#[96]">&gt;&gt;</a>&nbsp;&nbsp;&nbsp;Vtimer_SetTimer
<LI><a href="#[9b]">&gt;&gt;</a>&nbsp;&nbsp;&nbsp;GPIO_InitPeripheral
</UL>
<BR>[Called By]<UL><LI><a href="#[84]">&gt;&gt;</a>&nbsp;&nbsp;&nbsp;BSPInit
</UL>

<P><STRONG><a name="[b3]"></a>Dog</STRONG> (Thumb, 8 bytes, Stack size 0 bytes, bsp.o(.text))
<BR><BR>[Called By]<UL><LI><a href="#[88]">&gt;&gt;</a>&nbsp;&nbsp;&nbsp;BSPTask
</UL>

<P><STRONG><a name="[9d]"></a>Key_gpioInit</STRONG> (Thumb, 66 bytes, Stack size 40 bytes, bsp.o(.text))
<BR><BR>[Stack]<UL><LI>Max Depth = 56<LI>Call Chain = Key_gpioInit &rArr; GPIO_InitPeripheral
</UL>
<BR>[Calls]<UL><LI><a href="#[9f]">&gt;&gt;</a>&nbsp;&nbsp;&nbsp;EXTI_ClrITPendBit
<LI><a href="#[9e]">&gt;&gt;</a>&nbsp;&nbsp;&nbsp;EXTI_InitPeripheral
<LI><a href="#[45]">&gt;&gt;</a>&nbsp;&nbsp;&nbsp;GPIO_ConfigEXTILine
<LI><a href="#[9b]">&gt;&gt;</a>&nbsp;&nbsp;&nbsp;GPIO_InitPeripheral
</UL>
<BR>[Called By]<UL><LI><a href="#[84]">&gt;&gt;</a>&nbsp;&nbsp;&nbsp;BSPInit
</UL>

<P><STRONG><a name="[a0]"></a>ModeInput_gpioInit</STRONG> (Thumb, 30 bytes, Stack size 32 bytes, bsp.o(.text))
<BR><BR>[Stack]<UL><LI>Max Depth = 48<LI>Call Chain = ModeInput_gpioInit &rArr; GPIO_InitPeripheral
</UL>
<BR>[Calls]<UL><LI><a href="#[9b]">&gt;&gt;</a>&nbsp;&nbsp;&nbsp;GPIO_InitPeripheral
</UL>
<BR>[Called By]<UL><LI><a href="#[84]">&gt;&gt;</a>&nbsp;&nbsp;&nbsp;BSPInit
</UL>

<P><STRONG><a name="[c]"></a>EXTI0_1_IRQHandler</STRONG> (Thumb, 102 bytes, Stack size 8 bytes, bsp.o(.text))
<BR><BR>[Stack]<UL><LI>Max Depth = 1624<LI>Call Chain = EXTI0_1_IRQHandler &rArr; ModbusSendAll &rArr; Set_LTE_SendData
</UL>
<BR>[Calls]<UL><LI><a href="#[a4]">&gt;&gt;</a>&nbsp;&nbsp;&nbsp;RelayControl
<LI><a href="#[a5]">&gt;&gt;</a>&nbsp;&nbsp;&nbsp;Modbus_WrieteInput
<LI><a href="#[a3]">&gt;&gt;</a>&nbsp;&nbsp;&nbsp;Modbus_WirteDI
<LI><a href="#[a2]">&gt;&gt;</a>&nbsp;&nbsp;&nbsp;Modbus_ReadDI
<LI><a href="#[a7]">&gt;&gt;</a>&nbsp;&nbsp;&nbsp;ModbusSendAll
<LI><a href="#[a6]">&gt;&gt;</a>&nbsp;&nbsp;&nbsp;Flash_WirteModbusDI
<LI><a href="#[9f]">&gt;&gt;</a>&nbsp;&nbsp;&nbsp;EXTI_ClrITPendBit
<LI><a href="#[a1]">&gt;&gt;</a>&nbsp;&nbsp;&nbsp;EXTI_GetITStatus
</UL>
<BR>[Address Reference Count : 1]<UL><LI> startup_n32wb03x.o(RESET)
</UL>
<P><STRONG><a name="[a8]"></a>ModeInput_Check</STRONG> (Thumb, 40 bytes, Stack size 8 bytes, bsp.o(.text))
<BR><BR>[Stack]<UL><LI>Max Depth = 8<LI>Call Chain = ModeInput_Check
</UL>
<BR>[Calls]<UL><LI><a href="#[a2]">&gt;&gt;</a>&nbsp;&nbsp;&nbsp;Modbus_ReadDI
<LI><a href="#[98]">&gt;&gt;</a>&nbsp;&nbsp;&nbsp;GPIO_ResetBits
<LI><a href="#[99]">&gt;&gt;</a>&nbsp;&nbsp;&nbsp;GPIO_SetBits
</UL>
<BR>[Called By]<UL><LI><a href="#[88]">&gt;&gt;</a>&nbsp;&nbsp;&nbsp;BSPTask
</UL>

<P><STRONG><a name="[84]"></a>BSPInit</STRONG> (Thumb, 68 bytes, Stack size 8 bytes, bsp.o(.text))
<BR><BR>[Stack]<UL><LI>Max Depth = 108<LI>Call Chain = BSPInit &rArr; LPUartInit &rArr; LPUART_Init &rArr; __aeabi_uidivmod
</UL>
<BR>[Calls]<UL><LI><a href="#[aa]">&gt;&gt;</a>&nbsp;&nbsp;&nbsp;Vtimer_Init
<LI><a href="#[ae]">&gt;&gt;</a>&nbsp;&nbsp;&nbsp;Usart2Init
<LI><a href="#[ac]">&gt;&gt;</a>&nbsp;&nbsp;&nbsp;Usart1Init
<LI><a href="#[a9]">&gt;&gt;</a>&nbsp;&nbsp;&nbsp;TIM3Init
<LI><a href="#[b2]">&gt;&gt;</a>&nbsp;&nbsp;&nbsp;Rtc_Init
<LI><a href="#[af]">&gt;&gt;</a>&nbsp;&nbsp;&nbsp;RelayInit
<LI><a href="#[ab]">&gt;&gt;</a>&nbsp;&nbsp;&nbsp;QueueInit
<LI><a href="#[b0]">&gt;&gt;</a>&nbsp;&nbsp;&nbsp;LTE_ResetGpioInit
<LI><a href="#[ad]">&gt;&gt;</a>&nbsp;&nbsp;&nbsp;LPUartInit
<LI><a href="#[b1]">&gt;&gt;</a>&nbsp;&nbsp;&nbsp;BL0942_PWRGpioInit
<LI><a href="#[a0]">&gt;&gt;</a>&nbsp;&nbsp;&nbsp;ModeInput_gpioInit
<LI><a href="#[9d]">&gt;&gt;</a>&nbsp;&nbsp;&nbsp;Key_gpioInit
<LI><a href="#[9c]">&gt;&gt;</a>&nbsp;&nbsp;&nbsp;EnableDog
<LI><a href="#[9a]">&gt;&gt;</a>&nbsp;&nbsp;&nbsp;LedInit
<LI><a href="#[94]">&gt;&gt;</a>&nbsp;&nbsp;&nbsp;NVIC_Configuration
<LI><a href="#[8d]">&gt;&gt;</a>&nbsp;&nbsp;&nbsp;RCC_Configuration
</UL>
<BR>[Called By]<UL><LI><a href="#[26]">&gt;&gt;</a>&nbsp;&nbsp;&nbsp;main
</UL>

<P><STRONG><a name="[88]"></a>BSPTask</STRONG> (Thumb, 24 bytes, Stack size 8 bytes, bsp.o(.text))
<BR><BR>[Stack]<UL><LI>Max Depth = 208<LI>Call Chain = BSPTask &rArr; BL0942Task &rArr; Uart2Task &rArr; BL0942GetEleData &rArr; __aeabi_dmul &rArr; _double_epilogue &rArr; __aeabi_llsl
</UL>
<BR>[Calls]<UL><LI><a href="#[b4]">&gt;&gt;</a>&nbsp;&nbsp;&nbsp;Rtc_Task
<LI><a href="#[a8]">&gt;&gt;</a>&nbsp;&nbsp;&nbsp;ModeInput_Check
<LI><a href="#[b3]">&gt;&gt;</a>&nbsp;&nbsp;&nbsp;Dog
<LI><a href="#[97]">&gt;&gt;</a>&nbsp;&nbsp;&nbsp;LedTask
<LI><a href="#[89]">&gt;&gt;</a>&nbsp;&nbsp;&nbsp;BL0942Task
</UL>
<BR>[Called By]<UL><LI><a href="#[26]">&gt;&gt;</a>&nbsp;&nbsp;&nbsp;main
</UL>

<P><STRONG><a name="[1ce]"></a>Delay_ms</STRONG> (Thumb, 26 bytes, Stack size 0 bytes, bsp.o(.text), UNUSED)

<P><STRONG><a name="[b5]"></a>Delay_MS</STRONG> (Thumb, 24 bytes, Stack size 16 bytes, bsp.o(.text))
<BR><BR>[Stack]<UL><LI>Max Depth = 24<LI>Call Chain = Delay_MS &rArr; system_delay_n_10us
</UL>
<BR>[Calls]<UL><LI><a href="#[3c]">&gt;&gt;</a>&nbsp;&nbsp;&nbsp;system_delay_n_10us
</UL>
<BR>[Called By]<UL><LI><a href="#[a4]">&gt;&gt;</a>&nbsp;&nbsp;&nbsp;RelayControl
<LI><a href="#[b1]">&gt;&gt;</a>&nbsp;&nbsp;&nbsp;BL0942_PWRGpioInit
<LI><a href="#[da]">&gt;&gt;</a>&nbsp;&nbsp;&nbsp;BL0942_HardReset
</UL>

<P><STRONG><a name="[b6]"></a>Delay_100uS</STRONG> (Thumb, 24 bytes, Stack size 16 bytes, bsp.o(.text), UNUSED)
<BR><BR>[Calls]<UL><LI><a href="#[3c]">&gt;&gt;</a>&nbsp;&nbsp;&nbsp;system_delay_n_10us
</UL>

<P><STRONG><a name="[a9]"></a>TIM3Init</STRONG> (Thumb, 66 bytes, Stack size 24 bytes, timer.o(.text))
<BR><BR>[Stack]<UL><LI>Max Depth = 32<LI>Call Chain = TIM3Init &rArr; TIM_InitTimeBase
</UL>
<BR>[Calls]<UL><LI><a href="#[b9]">&gt;&gt;</a>&nbsp;&nbsp;&nbsp;TIM_ConfigInt
<LI><a href="#[ba]">&gt;&gt;</a>&nbsp;&nbsp;&nbsp;TIM_Enable
<LI><a href="#[b7]">&gt;&gt;</a>&nbsp;&nbsp;&nbsp;TIM_InitTimBaseStruct
<LI><a href="#[b8]">&gt;&gt;</a>&nbsp;&nbsp;&nbsp;TIM_InitTimeBase
<LI><a href="#[91]">&gt;&gt;</a>&nbsp;&nbsp;&nbsp;RCC_EnableAPB1PeriphClk
</UL>
<BR>[Called By]<UL><LI><a href="#[84]">&gt;&gt;</a>&nbsp;&nbsp;&nbsp;BSPInit
</UL>

<P><STRONG><a name="[16]"></a>TIM3_IRQHandler</STRONG> (Thumb, 28 bytes, Stack size 8 bytes, timer.o(.text))
<BR><BR>[Stack]<UL><LI>Max Depth = 20<LI>Call Chain = TIM3_IRQHandler &rArr; TIM_GetIntStatus
</UL>
<BR>[Calls]<UL><LI><a href="#[bd]">&gt;&gt;</a>&nbsp;&nbsp;&nbsp;Vtimer_UpdateHandler
<LI><a href="#[bc]">&gt;&gt;</a>&nbsp;&nbsp;&nbsp;TIM_ClrIntPendingBit
<LI><a href="#[bb]">&gt;&gt;</a>&nbsp;&nbsp;&nbsp;TIM_GetIntStatus
</UL>
<BR>[Address Reference Count : 1]<UL><LI> startup_n32wb03x.o(RESET)
</UL>
<P><STRONG><a name="[31]"></a>fputc</STRONG> (Thumb, 40 bytes, Stack size 16 bytes, usart.o(.text))
<BR><BR>[Stack]<UL><LI>Max Depth = 16<LI>Call Chain = fputc
</UL>
<BR>[Calls]<UL><LI><a href="#[c0]">&gt;&gt;</a>&nbsp;&nbsp;&nbsp;USART_ClrFlag
[...]
<LI><a href="#[e9]">&gt;&gt;</a>&nbsp;&nbsp;&nbsp;__aeabi_memclr
</UL>

<P><STRONG><a name="[1df]"></a>__aeabi_memset4</STRONG> (Thumb, 0 bytes, Stack size 0 bytes, memseta.o(.text), UNUSED)

<P><STRONG><a name="[1e0]"></a>__aeabi_memset8</STRONG> (Thumb, 0 bytes, Stack size 0 bytes, memseta.o(.text), UNUSED)

<P><STRONG><a name="[e9]"></a>__aeabi_memclr</STRONG> (Thumb, 4 bytes, Stack size 0 bytes, memseta.o(.text))
<BR><BR>[Calls]<UL><LI><a href="#[121]">&gt;&gt;</a>&nbsp;&nbsp;&nbsp;__aeabi_memset
</UL>
<BR>[Called By]<UL><LI><a href="#[e8]">&gt;&gt;</a>&nbsp;&nbsp;&nbsp;Set_LTE_SendData
</UL>

<P><STRONG><a name="[ff]"></a>__aeabi_memclr4</STRONG> (Thumb, 0 bytes, Stack size 0 bytes, memseta.o(.text))
<BR><BR>[Called By]<UL><LI><a href="#[fe]">&gt;&gt;</a>&nbsp;&nbsp;&nbsp;LTE_ReceiveSendData
</UL>

<P><STRONG><a name="[1e1]"></a>__aeabi_memclr8</STRONG> (Thumb, 0 bytes, Stack size 0 bytes, memseta.o(.text), UNUSED)

<P><STRONG><a name="[122]"></a>_memset$wrapper</STRONG> (Thumb, 18 bytes, Stack size 8 bytes, memseta.o(.text), UNUSED)
<BR><BR>[Calls]<UL><LI><a href="#[121]">&gt;&gt;</a>&nbsp;&nbsp;&nbsp;__aeabi_memset
</UL>

<P><STRONG><a name="[f2]"></a>strstr</STRONG> (Thumb, 40 bytes, Stack size 12 bytes, strstr.o(.text))
<BR><BR>[Stack]<UL><LI>Max Depth = 12<LI>Call Chain = strstr
</UL>
<BR>[Called By]<UL><LI><a href="#[fe]">&gt;&gt;</a>&nbsp;&nbsp;&nbsp;LTE_ReceiveSendData
<LI><a href="#[fb]">&gt;&gt;</a>&nbsp;&nbsp;&nbsp;MQTT_Creat
<LI><a href="#[f7]">&gt;&gt;</a>&nbsp;&nbsp;&nbsp;LTE_CCLK
<LI><a href="#[f6]">&gt;&gt;</a>&nbsp;&nbsp;&nbsp;Activate_PDP_Context
<LI><a href="#[f5]">&gt;&gt;</a>&nbsp;&nbsp;&nbsp;SetPDP_Context
<LI><a href="#[f4]">&gt;&gt;</a>&nbsp;&nbsp;&nbsp;Query_Network_Attach_Status
<LI><a href="#[f3]">&gt;&gt;</a>&nbsp;&nbsp;&nbsp;Query_Network_Reg_Status
<LI><a href="#[f1]">&gt;&gt;</a>&nbsp;&nbsp;&nbsp;Query_Sim
</UL>

<P><STRONG><a name="[f8]"></a>strchr</STRONG> (Thumb, 20 bytes, Stack size 0 bytes, strchr.o(.text))
<BR><BR>[Called By]<UL><LI><a href="#[f7]">&gt;&gt;</a>&nbsp;&nbsp;&nbsp;LTE_CCLK
</UL>

<P><STRONG><a name="[fd]"></a>strlen</STRONG> (Thumb, 14 bytes, Stack size 0 bytes, strlen.o(.text))
<BR><BR>[Called By]<UL><LI><a href="#[a7]">&gt;&gt;</a>&nbsp;&nbsp;&nbsp;ModbusSendAll
<LI><a href="#[8b]">&gt;&gt;</a>&nbsp;&nbsp;&nbsp;HeartInfo
<LI><a href="#[103]">&gt;&gt;</a>&nbsp;&nbsp;&nbsp;HeartInfoLimit
<LI><a href="#[fe]">&gt;&gt;</a>&nbsp;&nbsp;&nbsp;LTE_ReceiveSendData
<LI><a href="#[fb]">&gt;&gt;</a>&nbsp;&nbsp;&nbsp;MQTT_Creat
</UL>

<P><STRONG><a name="[100]"></a>atoi</STRONG> (Thumb, 26 bytes, Stack size 16 bytes, atoi.o(.text))
<BR><BR>[Stack]<UL><LI>Max Depth = 88<LI>Call Chain = atoi &rArr; strtol &rArr; _strtoul
</UL>
<BR>[Calls]<UL><LI><a href="#[124]">&gt;&gt;</a>&nbsp;&nbsp;&nbsp;strtol
<LI><a href="#[123]">&gt;&gt;</a>&nbsp;&nbsp;&nbsp;__aeabi_errno_addr
</UL>
<BR>[Called By]<UL><LI><a href="#[101]">&gt;&gt;</a>&nbsp;&nbsp;&nbsp;MqttrecedataHandle
<LI><a href="#[fe]">&gt;&gt;</a>&nbsp;&nbsp;&nbsp;LTE_ReceiveSendData
</UL>

<P><STRONG><a name="[e4]"></a>__aeabi_fmul</STRONG> (Thumb, 122 bytes, Stack size 16 bytes, fmul.o(.text))
<BR><BR>[Stack]<UL><LI>Max Depth = 16<LI>Call Chain = __aeabi_fmul
</UL>
<BR>[Called By]<UL><LI><a href="#[ca]">&gt;&gt;</a>&nbsp;&nbsp;&nbsp;BL0942GetEleData
</UL>

<P><STRONG><a name="[e3]"></a>__aeabi_fdiv</STRONG> (Thumb, 124 bytes, Stack size 16 bytes, fdiv.o(.text))
<BR><BR>[Stack]<UL><LI>Max Depth = 16<LI>Call Chain = __aeabi_fdiv
</UL>
<BR>[Calls]<UL><LI><a href="#[125]">&gt;&gt;</a>&nbsp;&nbsp;&nbsp;_float_round
</UL>
<BR>[Called By]<UL><LI><a href="#[ca]">&gt;&gt;</a>&nbsp;&nbsp;&nbsp;BL0942GetEleData
</UL>

<P><STRONG><a name="[df]"></a>__aeabi_dmul</STRONG> (Thumb, 202 bytes, Stack size 72 bytes, dmul.o(.text))
<BR><BR>[Stack]<UL><LI>Max Depth = 128<LI>Call Chain = __aeabi_dmul &rArr; _double_epilogue &rArr; __aeabi_llsl
</UL>
<BR>[Calls]<UL><LI><a href="#[126]">&gt;&gt;</a>&nbsp;&nbsp;&nbsp;_double_epilogue
</UL>
<BR>[Called By]<UL><LI><a href="#[ca]">&gt;&gt;</a>&nbsp;&nbsp;&nbsp;BL0942GetEleData
</UL>

<P><STRONG><a name="[e2]"></a>__aeabi_ui2f</STRONG> (Thumb, 14 bytes, Stack size 8 bytes, ffltui.o(.text))
<BR><BR>[Stack]<UL><LI>Max Depth = 20<LI>Call Chain = __aeabi_ui2f &rArr; _float_epilogue
</UL>
<BR>[Calls]<UL><LI><a href="#[127]">&gt;&gt;</a>&nbsp;&nbsp;&nbsp;_float_epilogue
</UL>
<BR>[Called By]<UL><LI><a href="#[ca]">&gt;&gt;</a>&nbsp;&nbsp;&nbsp;BL0942GetEleData
</UL>

<P><STRONG><a name="[e1]"></a>__aeabi_i2d</STRONG> (Thumb, 34 bytes, Stack size 16 bytes, dflti.o(.text))
<BR><BR>[Stack]<UL><LI>Max Depth = 72<LI>Call Chain = __aeabi_i2d &rArr; _double_epilogue &rArr; __aeabi_llsl
</UL>
<BR>[Calls]<UL><LI><a href="#[126]">&gt;&gt;</a>&nbsp;&nbsp;&nbsp;_double_epilogue
</UL>
<BR>[Called By]<UL><LI><a href="#[ca]">&gt;&gt;</a>&nbsp;&nbsp;&nbsp;BL0942GetEleData
</UL>

<P><STRONG><a name="[de]"></a>__aeabi_ui2d</STRONG> (Thumb, 24 bytes, Stack size 16 bytes, dfltui.o(.text))
<BR><BR>[Stack]<UL><LI>Max Depth = 72<LI>Call Chain = __aeabi_ui2d &rArr; _double_epilogue &rArr; __aeabi_llsl
</UL>
<BR>[Calls]<UL><LI><a href="#[126]">&gt;&gt;</a>&nbsp;&nbsp;&nbsp;_double_epilogue
</UL>
<BR>[Called By]<UL><LI><a href="#[ca]">&gt;&gt;</a>&nbsp;&nbsp;&nbsp;BL0942GetEleData
</UL>

<P><STRONG><a name="[e5]"></a>__aeabi_f2uiz</STRONG> (Thumb, 40 bytes, Stack size 0 bytes, ffixui.o(.text))
<BR><BR>[Called By]<UL><LI><a href="#[ca]">&gt;&gt;</a>&nbsp;&nbsp;&nbsp;BL0942GetEleData
</UL>

<P><STRONG><a name="[e0]"></a>__aeabi_d2uiz</STRONG> (Thumb, 50 bytes, Stack size 8 bytes, dfixui.o(.text))
<BR><BR>[Stack]<UL><LI>Max Depth = 16<LI>Call Chain = __aeabi_d2uiz &rArr; __aeabi_llsr
</UL>
<BR>[Calls]<UL><LI><a href="#[128]">&gt;&gt;</a>&nbsp;&nbsp;&nbsp;__aeabi_llsr
</UL>
<BR>[Called By]<UL><LI><a href="#[ca]">&gt;&gt;</a>&nbsp;&nbsp;&nbsp;BL0942GetEleData
</UL>

<P><STRONG><a name="[129]"></a>__aeabi_uldivmod</STRONG> (Thumb, 96 bytes, Stack size 48 bytes, uldiv.o(.text), UNUSED)
<BR><BR>[Calls]<UL><LI><a href="#[12a]">&gt;&gt;</a>&nbsp;&nbsp;&nbsp;__aeabi_llsl
<LI><a href="#[128]">&gt;&gt;</a>&nbsp;&nbsp;&nbsp;__aeabi_llsr
</UL>
<BR>[Called By]<UL><LI><a href="#[132]">&gt;&gt;</a>&nbsp;&nbsp;&nbsp;_printf_core
</UL>

<P><STRONG><a name="[128]"></a>__aeabi_llsr</STRONG> (Thumb, 34 bytes, Stack size 8 bytes, llushr.o(.text))
<BR><BR>[Stack]<UL><LI>Max Depth = 8<LI>Call Chain = __aeabi_llsr
</UL>
<BR>[Called By]<UL><LI><a href="#[e0]">&gt;&gt;</a>&nbsp;&nbsp;&nbsp;__aeabi_d2uiz
<LI><a href="#[129]">&gt;&gt;</a>&nbsp;&nbsp;&nbsp;__aeabi_uldivmod
<LI><a href="#[126]">&gt;&gt;</a>&nbsp;&nbsp;&nbsp;_double_epilogue
</UL>

<P><STRONG><a name="[1e2]"></a>_ll_ushift_r</STRONG> (Thumb, 0 bytes, Stack size 8 bytes, llushr.o(.text), UNUSED)

<P><STRONG><a name="[124]"></a>strtol</STRONG> (Thumb, 108 bytes, Stack size 32 bytes, strtol.o(.text))
<BR><BR>[Stack]<UL><LI>Max Depth = 72<LI>Call Chain = strtol &rArr; _strtoul
</UL>
<BR>[Calls]<UL><LI><a href="#[12c]">&gt;&gt;</a>&nbsp;&nbsp;&nbsp;_strtoul
<LI><a href="#[12b]">&gt;&gt;</a>&nbsp;&nbsp;&nbsp;__rt_ctype_table
<LI><a href="#[123]">&gt;&gt;</a>&nbsp;&nbsp;&nbsp;__aeabi_errno_addr
</UL>
<BR>[Called By]<UL><LI><a href="#[100]">&gt;&gt;</a>&nbsp;&nbsp;&nbsp;atoi
</UL>

<P><STRONG><a name="[1e3]"></a>__I$use$fp</STRONG> (Thumb, 0 bytes, Stack size 0 bytes, iusefp.o(.text), UNUSED)

<P><STRONG><a name="[125]"></a>_float_round</STRONG> (Thumb, 16 bytes, Stack size 0 bytes, fepilogue.o(.text))
<BR><BR>[Called By]<UL><LI><a href="#[e3]">&gt;&gt;</a>&nbsp;&nbsp;&nbsp;__aeabi_fdiv
</UL>

<P><STRONG><a name="[127]"></a>_float_epilogue</STRONG> (Thumb, 114 bytes, Stack size 12 bytes, fepilogue.o(.text))
<BR><BR>[Stack]<UL><LI>Max Depth = 12<LI>Call Chain = _float_epilogue
</UL>
<BR>[Called By]<UL><LI><a href="#[e2]">&gt;&gt;</a>&nbsp;&nbsp;&nbsp;__aeabi_ui2f
</UL>

<P><STRONG><a name="[12e]"></a>_double_round</STRONG> (Thumb, 26 bytes, Stack size 8 bytes, depilogue.o(.text))
<BR><BR>[Stack]<UL><LI>Max Depth = 8<LI>Call Chain = _double_round
</UL>
<BR>[Called By]<UL><LI><a href="#[126]">&gt;&gt;</a>&nbsp;&nbsp;&nbsp;_double_epilogue
</UL>

<P><STRONG><a name="[126]"></a>_double_epilogue</STRONG> (Thumb, 164 bytes, Stack size 48 bytes, depilogue.o(.text))
<BR><BR>[Stack]<UL><LI>Max Depth = 56<LI>Call Chain = _double_epilogue &rArr; __aeabi_llsl
</UL>
<BR>[Calls]<UL><LI><a href="#[12a]">&gt;&gt;</a>&nbsp;&nbsp;&nbsp;__aeabi_llsl
<LI><a href="#[12d]">&gt;&gt;</a>&nbsp;&nbsp;&nbsp;__ARM_clz
<LI><a href="#[12e]">&gt;&gt;</a>&nbsp;&nbsp;&nbsp;_double_round
<LI><a href="#[128]">&gt;&gt;</a>&nbsp;&nbsp;&nbsp;__aeabi_llsr
</UL>
<BR>[Called By]<UL><LI><a href="#[de]">&gt;&gt;</a>&nbsp;&nbsp;&nbsp;__aeabi_ui2d
<LI><a href="#[e1]">&gt;&gt;</a>&nbsp;&nbsp;&nbsp;__aeabi_i2d
<LI><a href="#[df]">&gt;&gt;</a>&nbsp;&nbsp;&nbsp;__aeabi_dmul
</UL>

<P><STRONG><a name="[34]"></a>__scatterload</STRONG> (Thumb, 28 bytes, Stack size 0 bytes, init.o(.text))
<BR><BR>[Calls]<UL><LI><a href="#[12f]">&gt;&gt;</a>&nbsp;&nbsp;&nbsp;__main_after_scatterload
</UL>
<BR>[Called By]<UL><LI><a href="#[33]">&gt;&gt;</a>&nbsp;&nbsp;&nbsp;_main_scatterload
</UL>

<P><STRONG><a name="[1e4]"></a>__scatterload_rt2</STRONG> (Thumb, 0 bytes, Stack size 0 bytes, init.o(.text), UNUSED)

<P><STRONG><a name="[12a]"></a>__aeabi_llsl</STRONG> (Thumb, 32 bytes, Stack size 8 bytes, llshl.o(.text))
<BR><BR>[Stack]<UL><LI>Max Depth = 8<LI>Call Chain = __aeabi_llsl
</UL>
<BR>[Called By]<UL><LI><a href="#[129]">&gt;&gt;</a>&nbsp;&nbsp;&nbsp;__aeabi_uldivmod
<LI><a href="#[126]">&gt;&gt;</a>&nbsp;&nbsp;&nbsp;_double_epilogue
</UL>

<P><STRONG><a name="[1e5]"></a>_ll_shift_l</STRONG> (Thumb, 0 bytes, Stack size 8 bytes, llshl.o(.text), UNUSED)

<P><STRONG><a name="[12b]"></a>__rt_ctype_table</STRONG> (Thumb, 4 bytes, Stack size 0 bytes, ctype_o.o(.text))
<BR><BR>[Called By]<UL><LI><a href="#[124]">&gt;&gt;</a>&nbsp;&nbsp;&nbsp;strtol
</UL>

<P><STRONG><a name="[12c]"></a>_strtoul</STRONG> (Thumb, 166 bytes, Stack size 40 bytes, _strtoul.o(.text))
<BR><BR>[Stack]<UL><LI>Max Depth = 40<LI>Call Chain = _strtoul
</UL>
<BR>[Calls]<UL><LI><a href="#[130]">&gt;&gt;</a>&nbsp;&nbsp;&nbsp;_chval
<LI><a href="#[123]">&gt;&gt;</a>&nbsp;&nbsp;&nbsp;__aeabi_errno_addr
</UL>
<BR>[Called By]<UL><LI><a href="#[124]">&gt;&gt;</a>&nbsp;&nbsp;&nbsp;strtol
</UL>

<P><STRONG><a name="[130]"></a>_chval</STRONG> (Thumb, 30 bytes, Stack size 0 bytes, _chval.o(.text))
<BR><BR>[Called By]<UL><LI><a href="#[12c]">&gt;&gt;</a>&nbsp;&nbsp;&nbsp;_strtoul
</UL>

<P><STRONG><a name="[1e6]"></a>__decompress</STRONG> (Thumb, 0 bytes, Stack size unknown bytes, __dczerorl2.o(.text), UNUSED)

<P><STRONG><a name="[1e7]"></a>__decompress1</STRONG> (Thumb, 86 bytes, Stack size unknown bytes, __dczerorl2.o(.text), UNUSED)

<P><STRONG><a name="[131]"></a>__0printf$5</STRONG> (Thumb, 24 bytes, Stack size 24 bytes, printf5.o(i.__0printf$5), UNUSED)
<BR><BR>[Calls]<UL><LI><a href="#[132]">&gt;&gt;</a>&nbsp;&nbsp;&nbsp;_printf_core
</UL>

<P><STRONG><a name="[1e8]"></a>__1printf$5</STRONG> (Thumb, 0 bytes, Stack size 24 bytes, printf5.o(i.__0printf$5), UNUSED)

<P><STRONG><a name="[d9]"></a>__2printf</STRONG> (Thumb, 0 bytes, Stack size 24 bytes, printf5.o(i.__0printf$5))
<BR><BR>[Stack]<UL><LI>Max Depth = 24<LI>Call Chain = __2printf
</UL>
<BR>[Called By]<UL><LI><a href="#[85]">&gt;&gt;</a>&nbsp;&nbsp;&nbsp;Flash_paraInit
<LI><a href="#[11e]">&gt;&gt;</a>&nbsp;&nbsp;&nbsp;Flash_ReadModbusDI
<LI><a href="#[11b]">&gt;&gt;</a>&nbsp;&nbsp;&nbsp;Flash_ReadModbusRemain
<LI><a href="#[11a]">&gt;&gt;</a>&nbsp;&nbsp;&nbsp;Flash_WirteResetData
<LI><a href="#[f7]">&gt;&gt;</a>&nbsp;&nbsp;&nbsp;LTE_CCLK
<LI><a href="#[db]">&gt;&gt;</a>&nbsp;&nbsp;&nbsp;BL0942WriteData
<LI><a href="#[d8]">&gt;&gt;</a>&nbsp;&nbsp;&nbsp;BL0942_RegInit
<LI><a href="#[ca]">&gt;&gt;</a>&nbsp;&nbsp;&nbsp;BL0942GetEleData
</UL>

<P><STRONG><a name="[133]"></a>__0sprintf$5</STRONG> (Thumb, 36 bytes, Stack size 24 bytes, printf5.o(i.__0sprintf$5), UNUSED)
<BR><BR>[Calls]<UL><LI><a href="#[32]">&gt;&gt;</a>&nbsp;&nbsp;&nbsp;_sputc
<LI><a href="#[132]">&gt;&gt;</a>&nbsp;&nbsp;&nbsp;_printf_core
</UL>

<P><STRONG><a name="[1e9]"></a>__1sprintf$5</STRONG> (Thumb, 0 bytes, Stack size 24 bytes, printf5.o(i.__0sprintf$5), UNUSED)

<P><STRONG><a name="[fc]"></a>__2sprintf</STRONG> (Thumb, 0 bytes, Stack size 24 bytes, printf5.o(i.__0sprintf$5))
<BR><BR>[Stack]<UL><LI>Max Depth = 24<LI>Call Chain = __2sprintf
</UL>
<BR>[Called By]<UL><LI><a href="#[a7]">&gt;&gt;</a>&nbsp;&nbsp;&nbsp;ModbusSendAll
<LI><a href="#[8b]">&gt;&gt;</a>&nbsp;&nbsp;&nbsp;HeartInfo
<LI><a href="#[103]">&gt;&gt;</a>&nbsp;&nbsp;&nbsp;HeartInfoLimit
<LI><a href="#[fe]">&gt;&gt;</a>&nbsp;&nbsp;&nbsp;LTE_ReceiveSendData
<LI><a href="#[fb]">&gt;&gt;</a>&nbsp;&nbsp;&nbsp;MQTT_Creat
</UL>

<P><STRONG><a name="[12d]"></a>__ARM_clz</STRONG> (Thumb, 46 bytes, Stack size 0 bytes, depilogue.o(i.__ARM_clz))
<BR><BR>[Called By]<UL><LI><a href="#[126]">&gt;&gt;</a>&nbsp;&nbsp;&nbsp;_double_epilogue
</UL>

<P><STRONG><a name="[46]"></a>__ARM_common_switch8</STRONG> (Thumb, 28 bytes, Stack size 8 bytes, n32wb03x_gpio.o(i.__ARM_common_switch8))
<BR><BR>[Stack]<UL><LI>Max Depth = 8<LI>Call Chain = __ARM_common_switch8
</UL>
<BR>[Called By]<UL><LI><a href="#[8a]">&gt;&gt;</a>&nbsp;&nbsp;&nbsp;LTE_process
<LI><a href="#[45]">&gt;&gt;</a>&nbsp;&nbsp;&nbsp;GPIO_ConfigEXTILine
<LI><a href="#[10c]">&gt;&gt;</a>&nbsp;&nbsp;&nbsp;ModbusDataHandle
<LI><a href="#[fe]">&gt;&gt;</a>&nbsp;&nbsp;&nbsp;LTE_ReceiveSendData
<LI><a href="#[fb]">&gt;&gt;</a>&nbsp;&nbsp;&nbsp;MQTT_Creat
<LI><a href="#[f1]">&gt;&gt;</a>&nbsp;&nbsp;&nbsp;Query_Sim
</UL>

<P><STRONG><a name="[123]"></a>__aeabi_errno_addr</STRONG> (Thumb, 4 bytes, Stack size 0 bytes, errno.o(i.__aeabi_errno_addr))
<BR><BR>[Called By]<UL><LI><a href="#[12c]">&gt;&gt;</a>&nbsp;&nbsp;&nbsp;_strtoul
<LI><a href="#[124]">&gt;&gt;</a>&nbsp;&nbsp;&nbsp;strtol
<LI><a href="#[100]">&gt;&gt;</a>&nbsp;&nbsp;&nbsp;atoi
</UL>

<P><STRONG><a name="[1ea]"></a>__rt_errno_addr</STRONG> (Thumb, 0 bytes, Stack size 0 bytes, errno.o(i.__aeabi_errno_addr), UNUSED)

<P><STRONG><a name="[1eb]"></a>__scatterload_copy</STRONG> (Thumb, 14 bytes, Stack size unknown bytes, handlers.o(i.__scatterload_copy), UNUSED)

<P><STRONG><a name="[1ec]"></a>__scatterload_null</STRONG> (Thumb, 2 bytes, Stack size unknown bytes, handlers.o(i.__scatterload_null), UNUSED)

<P><STRONG><a name="[1ed]"></a>__scatterload_zeroinit</STRONG> (Thumb, 14 bytes, Stack size unknown bytes, handlers.o(i.__scatterload_zeroinit), UNUSED)

<P><STRONG><a name="[107]"></a>free</STRONG> (Thumb, 80 bytes, Stack size 8 bytes, malloc.o(i.free), UNUSED)
<BR><BR>[Called By]<UL><LI><a href="#[106]">&gt;&gt;</a>&nbsp;&nbsp;&nbsp;Free_Queue
</UL>

<P><STRONG><a name="[105]"></a>malloc</STRONG> (Thumb, 92 bytes, Stack size 20 bytes, malloc.o(i.malloc))
<BR><BR>[Stack]<UL><LI>Max Depth = 20<LI>Call Chain = malloc
</UL>
<BR>[Called By]<UL><LI><a href="#[104]">&gt;&gt;</a>&nbsp;&nbsp;&nbsp;CreatQueue
</UL>
<P>
<H3>
Local Symbols
</H3>
<P><STRONG><a name="[3b]"></a>RCC_HsiCalib</STRONG> (Thumb, 242 bytes, Stack size 56 bytes, system_n32wb03x.o(.text))
<BR><BR>[Stack]<UL><LI>Max Depth = 56<LI>Call Chain = RCC_HsiCalib
</UL>
<BR>[Calls]<UL><LI><a href="#[35]">&gt;&gt;</a>&nbsp;&nbsp;&nbsp;system_delay_cycles
</UL>
<BR>[Called By]<UL><LI><a href="#[27]">&gt;&gt;</a>&nbsp;&nbsp;&nbsp;SystemInit
</UL>

<P><STRONG><a name="[52]"></a>ConfigTI4</STRONG> (Thumb, 102 bytes, Stack size 24 bytes, n32wb03x_tim.o(.text), UNUSED)
<BR><BR>[Called By]<UL><LI><a href="#[4b]">&gt;&gt;</a>&nbsp;&nbsp;&nbsp;TIM_ICInit
</UL>

<P><STRONG><a name="[50]"></a>ConfigTI3</STRONG> (Thumb, 134 bytes, Stack size 24 bytes, n32wb03x_tim.o(.text), UNUSED)
<BR><BR>[Called By]<UL><LI><a href="#[4b]">&gt;&gt;</a>&nbsp;&nbsp;&nbsp;TIM_ICInit
</UL>

<P><STRONG><a name="[4e]"></a>ConfigTI2</STRONG> (Thumb, 94 bytes, Stack size 24 bytes, n32wb03x_tim.o(.text), UNUSED)
<BR><BR>[Called By]<UL><LI><a href="#[57]">&gt;&gt;</a>&nbsp;&nbsp;&nbsp;TIM_ConfigExtTrigAsClk
<LI><a href="#[54]">&gt;&gt;</a>&nbsp;&nbsp;&nbsp;TIM_ConfigPwmIc
<LI><a href="#[4b]">&gt;&gt;</a>&nbsp;&nbsp;&nbsp;TIM_ICInit
</UL>

<P><STRONG><a name="[4c]"></a>ConfigTI1</STRONG> (Thumb, 82 bytes, Stack size 20 bytes, n32wb03x_tim.o(.text), UNUSED)
<BR><BR>[Called By]<UL><LI><a href="#[57]">&gt;&gt;</a>&nbsp;&nbsp;&nbsp;TIM_ConfigExtTrigAsClk
<LI><a href="#[54]">&gt;&gt;</a>&nbsp;&nbsp;&nbsp;TIM_ConfigPwmIc
<LI><a href="#[4b]">&gt;&gt;</a>&nbsp;&nbsp;&nbsp;TIM_ICInit
</UL>

<P><STRONG><a name="[5c]"></a>NVIC_SetPriority</STRONG> (Thumb, 110 bytes, Stack size 8 bytes, misc.o(.text))
<BR><BR>[Stack]<UL><LI>Max Depth = 8<LI>Call Chain = NVIC_SetPriority
</UL>
<BR>[Called By]<UL><LI><a href="#[5b]">&gt;&gt;</a>&nbsp;&nbsp;&nbsp;NVIC_Init
</UL>

<P><STRONG><a name="[6b]"></a>RTC_ByteToBcd2</STRONG> (Thumb, 28 bytes, Stack size 0 bytes, n32wb03x_rtc.o(.text))
<BR><BR>[Called By]<UL><LI><a href="#[6f]">&gt;&gt;</a>&nbsp;&nbsp;&nbsp;RTC_SetAlarm
<LI><a href="#[6d]">&gt;&gt;</a>&nbsp;&nbsp;&nbsp;RTC_SetDate
<LI><a href="#[69]">&gt;&gt;</a>&nbsp;&nbsp;&nbsp;RTC_ConfigTime
</UL>

<P><STRONG><a name="[6a]"></a>RTC_Bcd2ToByte</STRONG> (Thumb, 26 bytes, Stack size 0 bytes, n32wb03x_rtc.o(.text))
<BR><BR>[Called By]<UL><LI><a href="#[70]">&gt;&gt;</a>&nbsp;&nbsp;&nbsp;RTC_GetAlarm
<LI><a href="#[6f]">&gt;&gt;</a>&nbsp;&nbsp;&nbsp;RTC_SetAlarm
<LI><a href="#[6e]">&gt;&gt;</a>&nbsp;&nbsp;&nbsp;RTC_GetDate
<LI><a href="#[6d]">&gt;&gt;</a>&nbsp;&nbsp;&nbsp;RTC_SetDate
<LI><a href="#[6c]">&gt;&gt;</a>&nbsp;&nbsp;&nbsp;RTC_GetTime
<LI><a href="#[69]">&gt;&gt;</a>&nbsp;&nbsp;&nbsp;RTC_ConfigTime
</UL>

<P><STRONG><a name="[7c]"></a>__get_PRIMASK</STRONG> (Thumb, 6 bytes, Stack size 0 bytes, n32wb03x_qflash.o(.text))
<BR><BR>[Called By]<UL><LI><a href="#[83]">&gt;&gt;</a>&nbsp;&nbsp;&nbsp;OTPTrim_Lock
<LI><a href="#[82]">&gt;&gt;</a>&nbsp;&nbsp;&nbsp;OTPTrim_Erase
<LI><a href="#[81]">&gt;&gt;</a>&nbsp;&nbsp;&nbsp;OTPTrim_Write
<LI><a href="#[80]">&gt;&gt;</a>&nbsp;&nbsp;&nbsp;OTPTrim_Read
<LI><a href="#[7f]">&gt;&gt;</a>&nbsp;&nbsp;&nbsp;Qflash_Read
<LI><a href="#[7e]">&gt;&gt;</a>&nbsp;&nbsp;&nbsp;Qflash_Write
<LI><a href="#[7b]">&gt;&gt;</a>&nbsp;&nbsp;&nbsp;Qflash_Erase_Sector
</UL>

<P><STRONG><a name="[7d]"></a>__set_PRIMASK</STRONG> (Thumb, 6 bytes, Stack size 0 bytes, n32wb03x_qflash.o(.text))
<BR><BR>[Called By]<UL><LI><a href="#[83]">&gt;&gt;</a>&nbsp;&nbsp;&nbsp;OTPTrim_Lock
<LI><a href="#[82]">&gt;&gt;</a>&nbsp;&nbsp;&nbsp;OTPTrim_Erase
<LI><a href="#[81]">&gt;&gt;</a>&nbsp;&nbsp;&nbsp;OTPTrim_Write
<LI><a href="#[80]">&gt;&gt;</a>&nbsp;&nbsp;&nbsp;OTPTrim_Read
<LI><a href="#[7f]">&gt;&gt;</a>&nbsp;&nbsp;&nbsp;Qflash_Read
<LI><a href="#[7e]">&gt;&gt;</a>&nbsp;&nbsp;&nbsp;Qflash_Write
<LI><a href="#[7b]">&gt;&gt;</a>&nbsp;&nbsp;&nbsp;Qflash_Erase_Sector
</UL>

<P><STRONG><a name="[114]"></a>RTC_PrescalerConfig</STRONG> (Thumb, 28 bytes, Stack size 8 bytes, rtc.o(.text))
<BR><BR>[Stack]<UL><LI>Max Depth = 28<LI>Call Chain = RTC_PrescalerConfig &rArr; RTC_Init &rArr; RTC_EnterInitMode
</UL>
<BR>[Calls]<UL><LI><a href="#[67]">&gt;&gt;</a>&nbsp;&nbsp;&nbsp;RTC_Init
</UL>
<BR>[Called By]<UL><LI><a href="#[b2]">&gt;&gt;</a>&nbsp;&nbsp;&nbsp;Rtc_Init
</UL>

<P><STRONG><a name="[132]"></a>_printf_core</STRONG> (Thumb, 688 bytes, Stack size 96 bytes, printf5.o(i._printf_core), UNUSED)
<BR><BR>[Calls]<UL><LI><a href="#[129]">&gt;&gt;</a>&nbsp;&nbsp;&nbsp;__aeabi_uldivmod
</UL>
<BR>[Called By]<UL><LI><a href="#[133]">&gt;&gt;</a>&nbsp;&nbsp;&nbsp;__0sprintf$5
<LI><a href="#[131]">&gt;&gt;</a>&nbsp;&nbsp;&nbsp;__0printf$5
</UL>

<P><STRONG><a name="[32]"></a>_sputc</STRONG> (Thumb, 10 bytes, Stack size 0 bytes, printf5.o(i._sputc))
<BR><BR>[Called By]<UL><LI><a href="#[133]">&gt;&gt;</a>&nbsp;&nbsp;&nbsp;__0sprintf$5
</UL>
<BR>[Address Reference Count : 1]<UL><LI> printf5.o(i.__0sprintf$5)
</UL><P>
<H3>
Undefined Global Symbols
</H3><HR></body></html>
