<html>
<body>
<pre>
<h1>礦ision Build Log</h1>
<h2>Tool Versions:</h2>
IDE-Version: μVision V5.14.0.0
Copyright (C) 2015 ARM Ltd and ARM Germany GmbH. All rights reserved.
License Information: 1 Administrator, 1, LIC=UJWP0-BMP4S-AR1XW-QVCKU-0KQDC-6CBJH
 
Tool Versions:
Toolchain:       MDK-ARM Standard  Version: 5.14.0.0
Toolchain Path:  C:\Keil_v5\ARM\ARMCC\Bin
C Compiler:      Armcc.exe V5.05 update 1 (build 106)
Assembler:       Armasm.exe V5.05 update 1 (build 106)
Linker/Locator:  ArmLink.exe V5.05 update 1 (build 106)
Library Manager: ArmAr.exe V5.05 update 1 (build 106)
Hex Converter:   FromElf.exe V5.05 update 1 (build 106)
CPU DLL:         SARMCM3.DLL V5.14.0.0
Dialog DLL:      DCM.DLL V1.13.1.0
Target DLL:      Segger\JL2CM3.dll V2.99.13.0
Dialog DLL:      TCM.DLL V1.14.4.0
 
<h2>Project:</h2>
D:\智能电表\软件代码\单相4P带屏幕\20251220 - 带Lvgl\N32G457REL7\MDK-ARM\bmHttpServer.uvprojx
Project File Date:  12/20/2025

<h2>Output:</h2>
Build target 'N32G45x'
compiling main.c...
compiling bsp.c...
compiling V_Timer.c...
compiling usart.c...
compiling typechange.c...
compiling TFT.c...
compiling Relay.c...
compiling BL0942.c...
compiling RS485.c...
compiling EPROM.c...
compiling CircularQueue.c...
compiling Nbiot.c...
compiling Key.c...
linking...
Program Size: Code=23626 RO-data=17266 RW-data=3172 ZI-data=84796  
FromELF: creating hex file...
After Build - User command #1: fromelf --bin --output=.\bin\bmHttpServer.bin .\Objects\bmHttpServer.axf
".\Objects\bmHttpServer.axf" - 0 Error(s), 0 Warning(s).

<h2>Collection of Component include folders:</h2>
  D:\智能电表\软件代码\单相4P带屏幕\20251220 - 带Lvgl\N32G457REL7\MDK-ARM\RTE
  C:\Keil_v5\ARM\PACK\Nationstech\N32G45x_DFP\1.2.0

<h2>Collection of Component Files used:</h2>
</pre>
</body>
</html>
