Component: ARM Compiler 5.05 update 1 (build 106) Tool: armlink [4d0efa]

==============================================================================

Section Cross References

    startup_n32wb03x.o(RESET) refers to startup_n32wb03x.o(STACK) for __initial_sp
    startup_n32wb03x.o(RESET) refers to startup_n32wb03x.o(.text) for Reset_Handler
    startup_n32wb03x.o(RESET) refers to n32wb03x_it.o(.text) for NMI_Handler
    startup_n32wb03x.o(.text) refers to system_n32wb03x.o(.text) for SystemInit
    startup_n32wb03x.o(.text) refers to entry.o(.ARM.Collect$$$$00000000) for __main
    system_n32wb03x.o(.text) refers to memcpya.o(.text) for __aeabi_memcpy
    system_n32wb03x.o(.text) refers to system_n32wb03x.o(.emb_text) for system_delay_cycles
    system_n32wb03x.o(.text) refers to system_n32wb03x.o(.constdata) for TRIM_READ_CMD_CODE
    system_n32wb03x.o(.text) refers to system_n32wb03x.o(.bss) for trim_stored
    system_n32wb03x.o(.text) refers to system_n32wb03x.o(.data) for SystemCoreClock
    misc.o(.text) refers to main.o(.text) for assert_failed
    misc.o(.text) refers to misc.o(.conststring) for .conststring
    n32wb03x_gpio.o(.text) refers to main.o(.text) for assert_failed
    n32wb03x_gpio.o(.text) refers to n32wb03x_rcc.o(.text) for RCC_EnableAPB2PeriphReset
    n32wb03x_gpio.o(.text) refers to n32wb03x_gpio.o(.conststring) for .conststring
    n32wb03x_gpio.o(.text) refers to n32wb03x_gpio.o(i.__ARM_common_switch8) for __ARM_common_switch8
    n32wb03x_rcc.o(.text) refers to main.o(.text) for assert_failed
    n32wb03x_rcc.o(.text) refers to n32wb03x_rcc.o(.conststring) for .conststring
    n32wb03x_rcc.o(.text) refers to n32wb03x_rcc.o(.constdata) for s_AhbPresTable
    n32wb03x_usart.o(.text) refers to main.o(.text) for assert_failed
    n32wb03x_usart.o(.text) refers to n32wb03x_rcc.o(.text) for RCC_EnableAPB2PeriphReset
    n32wb03x_usart.o(.text) refers to uidiv.o(.text) for __aeabi_uidivmod
    n32wb03x_usart.o(.text) refers to n32wb03x_usart.o(.conststring) for .conststring
    main.o(.text) refers to n32wb03x_gpio.o(.text) for GPIO_InitStruct
    main.o(.text) refers to misc.o(.text) for NVIC_Init
    main.o(.text) refers to n32wb03x_rcc.o(.text) for RCC_EnableAPB2PeriphClk
    main.o(.text) refers to n32wb03x_usart.o(.text) for USART_Init
    main.o(.text) refers to main.o(.bss) for USART_InitStructure
    main.o(.text) refers to main.o(.data) for RxCounter2
    n32wb03x_it.o(.text) refers to n32wb03x_usart.o(.text) for USART_GetIntStatus
    n32wb03x_it.o(.text) refers to main.o(.data) for RxCounter1
    n32wb03x_it.o(.text) refers to main.o(.bss) for RxBuffer1
    entry.o(.ARM.Collect$$$$00000000) refers (Special) to entry10a.o(.ARM.Collect$$$$0000000D) for __rt_final_cpp
    entry.o(.ARM.Collect$$$$00000000) refers (Special) to entry11a.o(.ARM.Collect$$$$0000000F) for __rt_final_exit
    entry.o(.ARM.Collect$$$$00000000) refers (Special) to entry7b.o(.ARM.Collect$$$$00000008) for _main_clock
    entry.o(.ARM.Collect$$$$00000000) refers (Special) to entry8b.o(.ARM.Collect$$$$0000000A) for _main_cpp_init
    entry.o(.ARM.Collect$$$$00000000) refers (Special) to entry9a.o(.ARM.Collect$$$$0000000B) for _main_init
    entry.o(.ARM.Collect$$$$00000000) refers (Special) to entry5.o(.ARM.Collect$$$$00000004) for _main_scatterload
    entry.o(.ARM.Collect$$$$00000000) refers (Special) to entry2.o(.ARM.Collect$$$$00000001) for _main_stk
    entry2.o(.ARM.Collect$$$$00000001) refers to entry2.o(.ARM.Collect$$$$00002712) for __lit__00000000
    entry2.o(.ARM.Collect$$$$00002712) refers to startup_n32wb03x.o(STACK) for __initial_sp
    entry2.o(__vectab_stack_and_reset_area) refers to startup_n32wb03x.o(STACK) for __initial_sp
    entry2.o(__vectab_stack_and_reset_area) refers to entry.o(.ARM.Collect$$$$00000000) for __main
    entry5.o(.ARM.Collect$$$$00000004) refers to init.o(.text) for __scatterload
    entry9a.o(.ARM.Collect$$$$0000000B) refers to main.o(.text) for main
    entry9b.o(.ARM.Collect$$$$0000000C) refers to main.o(.text) for main
    init.o(.text) refers to entry5.o(.ARM.Collect$$$$00000004) for __main_after_scatterload


==============================================================================

Removing Unused input sections from the image.

    Removing startup_n32wb03x.o(HEAP), (512 bytes).
    Removing misc.o(.emb_text), (8 bytes).
    Removing n32wb03x_gpio.o(.emb_text), (8 bytes).
    Removing n32wb03x_rcc.o(.emb_text), (8 bytes).
    Removing n32wb03x_usart.o(.emb_text), (8 bytes).
    Removing main.o(.emb_text), (8 bytes).
    Removing n32wb03x_it.o(.emb_text), (8 bytes).

7 unused section(s) (total 560 bytes) removed from the image.

==============================================================================

Image Symbol Table

    Local Symbols

    Symbol Name                              Value     Ov Type        Size  Object(Section)

    ../clib/microlib/division.c              0x00000000   Number         0  uidiv.o ABSOLUTE
    ../clib/microlib/init/entry.s            0x00000000   Number         0  entry7a.o ABSOLUTE
    ../clib/microlib/init/entry.s            0x00000000   Number         0  entry5.o ABSOLUTE
    ../clib/microlib/init/entry.s            0x00000000   Number         0  entry2.o ABSOLUTE
    ../clib/microlib/init/entry.s            0x00000000   Number         0  entry.o ABSOLUTE
    ../clib/microlib/init/entry.s            0x00000000   Number         0  entry11b.o ABSOLUTE
    ../clib/microlib/init/entry.s            0x00000000   Number         0  entry11a.o ABSOLUTE
    ../clib/microlib/init/entry.s            0x00000000   Number         0  entry10a.o ABSOLUTE
    ../clib/microlib/init/entry.s            0x00000000   Number         0  entry9b.o ABSOLUTE
    ../clib/microlib/init/entry.s            0x00000000   Number         0  entry9a.o ABSOLUTE
    ../clib/microlib/init/entry.s            0x00000000   Number         0  entry8b.o ABSOLUTE
    ../clib/microlib/init/entry.s            0x00000000   Number         0  entry8a.o ABSOLUTE
    ../clib/microlib/init/entry.s            0x00000000   Number         0  entry10b.o ABSOLUTE
    ../clib/microlib/init/entry.s            0x00000000   Number         0  entry7b.o ABSOLUTE
    ../clib/microlib/string/memcpy.c         0x00000000   Number         0  memcpyb.o ABSOLUTE
    ../clib/microlib/string/memcpy.c         0x00000000   Number         0  memcpya.o ABSOLUTE
    ..\..\..\..\..\..\firmware\CMSIS\device\startup\startup_n32wb03x.s 0x00000000   Number         0  startup_n32wb03x.o ABSOLUTE
    ..\..\..\..\..\..\firmware\CMSIS\device\system_n32wb03x.c 0x00000000   Number         0  system_n32wb03x.o ABSOLUTE
    ..\..\..\..\..\..\firmware\n32wb03x_std_periph_driver\src\misc.c 0x00000000   Number         0  misc.o ABSOLUTE
    ..\..\..\..\..\..\firmware\n32wb03x_std_periph_driver\src\n32wb03x_gpio.c 0x00000000   Number         0  n32wb03x_gpio.o ABSOLUTE
    ..\..\..\..\..\..\firmware\n32wb03x_std_periph_driver\src\n32wb03x_rcc.c 0x00000000   Number         0  n32wb03x_rcc.o ABSOLUTE
    ..\..\..\..\..\..\firmware\n32wb03x_std_periph_driver\src\n32wb03x_usart.c 0x00000000   Number         0  n32wb03x_usart.o ABSOLUTE
    ..\\..\\..\\..\\..\\..\\firmware\\CMSIS\\device\\system_n32wb03x.c 0x00000000   Number         0  system_n32wb03x.o ABSOLUTE
    ..\\..\\..\\..\\..\\..\\firmware\\n32wb03x_std_periph_driver\\src\\misc.c 0x00000000   Number         0  misc.o ABSOLUTE
    ..\\..\\..\\..\\..\\..\\firmware\\n32wb03x_std_periph_driver\\src\\n32wb03x_gpio.c 0x00000000   Number         0  n32wb03x_gpio.o ABSOLUTE
    ..\\..\\..\\..\\..\\..\\firmware\\n32wb03x_std_periph_driver\\src\\n32wb03x_rcc.c 0x00000000   Number         0  n32wb03x_rcc.o ABSOLUTE
    ..\\..\\..\\..\\..\\..\\firmware\\n32wb03x_std_periph_driver\\src\\n32wb03x_usart.c 0x00000000   Number         0  n32wb03x_usart.o ABSOLUTE
    ..\\src\\main.c                          0x00000000   Number         0  main.o ABSOLUTE
    ..\\src\\n32wb03x_it.c                   0x00000000   Number         0  n32wb03x_it.o ABSOLUTE
    ..\src\main.c                            0x00000000   Number         0  main.o ABSOLUTE
    ..\src\n32wb03x_it.c                     0x00000000   Number         0  n32wb03x_it.o ABSOLUTE
    dc.s                                     0x00000000   Number         0  dc.o ABSOLUTE
    handlers.s                               0x00000000   Number         0  handlers.o ABSOLUTE
    init.s                                   0x00000000   Number         0  init.o ABSOLUTE
    RESET                                    0x01000000   Section      192  startup_n32wb03x.o(RESET)
    .ARM.Collect$$$$00000000                 0x010000c0   Section        0  entry.o(.ARM.Collect$$$$00000000)
    .ARM.Collect$$$$00000001                 0x010000c0   Section        4  entry2.o(.ARM.Collect$$$$00000001)
    .ARM.Collect$$$$00000004                 0x010000c4   Section        4  entry5.o(.ARM.Collect$$$$00000004)
    .ARM.Collect$$$$00000008                 0x010000c8   Section        0  entry7b.o(.ARM.Collect$$$$00000008)
    .ARM.Collect$$$$0000000A                 0x010000c8   Section        0  entry8b.o(.ARM.Collect$$$$0000000A)
    .ARM.Collect$$$$0000000B                 0x010000c8   Section        8  entry9a.o(.ARM.Collect$$$$0000000B)
    .ARM.Collect$$$$0000000D                 0x010000d0   Section        0  entry10a.o(.ARM.Collect$$$$0000000D)
    .ARM.Collect$$$$0000000F                 0x010000d0   Section        0  entry11a.o(.ARM.Collect$$$$0000000F)
    .ARM.Collect$$$$00002712                 0x010000d0   Section        4  entry2.o(.ARM.Collect$$$$00002712)
    __lit__00000000                          0x010000d0   Data           4  entry2.o(.ARM.Collect$$$$00002712)
    .emb_text                                0x010000d4   Section       14  system_n32wb03x.o(.emb_text)
    .text                                    0x010000e4   Section       28  startup_n32wb03x.o(.text)
    .text                                    0x01000100   Section        0  system_n32wb03x.o(.text)
    RCC_HsiCalib                             0x010001e3   Thumb Code   242  system_n32wb03x.o(.text)
    .text                                    0x010003c4   Section        0  misc.o(.text)
    NVIC_SetPriority                         0x01000469   Thumb Code   110  misc.o(.text)
    .text                                    0x0100058c   Section        0  n32wb03x_gpio.o(.text)
    .text                                    0x010012d0   Section        0  n32wb03x_rcc.o(.text)
    .text                                    0x01001f1c   Section        0  n32wb03x_usart.o(.text)
    .text                                    0x01002dd4   Section        0  main.o(.text)
    .text                                    0x01002f64   Section        0  n32wb03x_it.o(.text)
    .text                                    0x01003090   Section        0  uidiv.o(.text)
    .text                                    0x010030bc   Section        0  memcpya.o(.text)
    .text                                    0x010030e0   Section       36  init.o(.text)
    i.__ARM_common_switch8                   0x01003104   Section        0  n32wb03x_gpio.o(i.__ARM_common_switch8)
    i.__scatterload_copy                     0x01003120   Section       14  handlers.o(i.__scatterload_copy)
    i.__scatterload_null                     0x0100312e   Section        2  handlers.o(i.__scatterload_null)
    i.__scatterload_zeroinit                 0x01003130   Section       14  handlers.o(i.__scatterload_zeroinit)
    .constdata                               0x0100313e   Section      320  system_n32wb03x.o(.constdata)
    .constdata                               0x0100327e   Section       12  n32wb03x_rcc.o(.constdata)
    s_ApbPresTable                           0x0100327e   Data           8  n32wb03x_rcc.o(.constdata)
    s_AhbPresTable                           0x01003286   Data           4  n32wb03x_rcc.o(.constdata)
    .conststring                             0x0100328c   Section       65  misc.o(.conststring)
    .conststring                             0x010032d0   Section       74  n32wb03x_gpio.o(.conststring)
    .conststring                             0x0100331c   Section       73  n32wb03x_rcc.o(.conststring)
    .conststring                             0x01003368   Section      147  n32wb03x_usart.o(.conststring)
    .data                                    0x20000000   Section        4  system_n32wb03x.o(.data)
    .data                                    0x20000004   Section      126  main.o(.data)
    .bss                                     0x20000084   Section       52  system_n32wb03x.o(.bss)
    .bss                                     0x200000b8   Section      130  main.o(.bss)
    STACK                                    0x20000140   Section     2048  startup_n32wb03x.o(STACK)

    Global Symbols

    Symbol Name                              Value     Ov Type        Size  Object(Section)

    BuildAttributes$$THM_ISAv3M$S$PE$A:L22$X:L11$S22$IEEE1$IW$USESV6$~STKCKD$USESV7$~SHL$OSPACE$EBA8$MICROLIB$REQ8$PRES8$EABIv2 0x00000000   Number         0  anon$$obj.o ABSOLUTE
    __ARM_use_no_argv                        0x00000000   Number         0  main.o ABSOLUTE
    __cpp_initialize__aeabi_                  - Undefined Weak Reference
    __cxa_finalize                            - Undefined Weak Reference
    __decompress                              - Undefined Weak Reference
    _clock_init                               - Undefined Weak Reference
    _microlib_exit                            - Undefined Weak Reference
    __Vectors_Size                           0x000000c0   Number         0  startup_n32wb03x.o ABSOLUTE
    __Vectors                                0x01000000   Data           4  startup_n32wb03x.o(RESET)
    __Vectors_End                            0x010000c0   Data           0  startup_n32wb03x.o(RESET)
    __main                                   0x010000c1   Thumb Code     0  entry.o(.ARM.Collect$$$$00000000)
    _main_stk                                0x010000c1   Thumb Code     0  entry2.o(.ARM.Collect$$$$00000001)
    _main_scatterload                        0x010000c5   Thumb Code     0  entry5.o(.ARM.Collect$$$$00000004)
    __main_after_scatterload                 0x010000c9   Thumb Code     0  entry5.o(.ARM.Collect$$$$00000004)
    _main_clock                              0x010000c9   Thumb Code     0  entry7b.o(.ARM.Collect$$$$00000008)
    _main_cpp_init                           0x010000c9   Thumb Code     0  entry8b.o(.ARM.Collect$$$$0000000A)
    _main_init                               0x010000c9   Thumb Code     0  entry9a.o(.ARM.Collect$$$$0000000B)
    __rt_final_cpp                           0x010000d1   Thumb Code     0  entry10a.o(.ARM.Collect$$$$0000000D)
    __rt_final_exit                          0x010000d1   Thumb Code     0  entry11a.o(.ARM.Collect$$$$0000000F)
    __asm___17_system_n32wb03x_c_f233b82c____REV16 0x010000d5   Thumb Code     4  system_n32wb03x.o(.emb_text)
    __asm___17_system_n32wb03x_c_f233b82c____REVSH 0x010000d9   Thumb Code     4  system_n32wb03x.o(.emb_text)
    system_delay_cycles                      0x010000dd   Thumb Code     6  system_n32wb03x.o(.emb_text)
    Reset_Handler                            0x010000e5   Thumb Code     8  startup_n32wb03x.o(.text)
    ADC_IRQHandler                           0x010000f7   Thumb Code     0  startup_n32wb03x.o(.text)
    BLE_CRYPT_IRQHandler                     0x010000f7   Thumb Code     0  startup_n32wb03x.o(.text)
    BLE_ERROR_IRQHandler                     0x010000f7   Thumb Code     0  startup_n32wb03x.o(.text)
    BLE_FIFO_IRQHandler                      0x010000f7   Thumb Code     0  startup_n32wb03x.o(.text)
    BLE_FINETGT_IRQHandler                   0x010000f7   Thumb Code     0  startup_n32wb03x.o(.text)
    BLE_HSLOT_IRQHandler                     0x010000f7   Thumb Code     0  startup_n32wb03x.o(.text)
    BLE_SLP_IRQHandler                       0x010000f7   Thumb Code     0  startup_n32wb03x.o(.text)
    BLE_SW_IRQHandler                        0x010000f7   Thumb Code     0  startup_n32wb03x.o(.text)
    BLE_TIMESTAMP_TGT1_IRQHandler            0x010000f7   Thumb Code     0  startup_n32wb03x.o(.text)
    BLE_TIMESTAMP_TGT2_IRQHandler            0x010000f7   Thumb Code     0  startup_n32wb03x.o(.text)
    DMA_Channel1_2_3_4_IRQHandler            0x010000f7   Thumb Code     0  startup_n32wb03x.o(.text)
    DMA_Channel5_IRQHandler                  0x010000f7   Thumb Code     0  startup_n32wb03x.o(.text)
    EXTI0_1_IRQHandler                       0x010000f7   Thumb Code     0  startup_n32wb03x.o(.text)
    EXTI2_3_IRQHandler                       0x010000f7   Thumb Code     0  startup_n32wb03x.o(.text)
    EXTI4_12_IRQHandler                      0x010000f7   Thumb Code     0  startup_n32wb03x.o(.text)
    FLASH_IRQHandler                         0x010000f7   Thumb Code     0  startup_n32wb03x.o(.text)
    I2C1_IRQHandler                          0x010000f7   Thumb Code     0  startup_n32wb03x.o(.text)
    IRC_IRQHandler                           0x010000f7   Thumb Code     0  startup_n32wb03x.o(.text)
    KEYSCAN_IRQHandler                       0x010000f7   Thumb Code     0  startup_n32wb03x.o(.text)
    LPUART1_IRQHandler                       0x010000f7   Thumb Code     0  startup_n32wb03x.o(.text)
    RCC_IRQHandler                           0x010000f7   Thumb Code     0  startup_n32wb03x.o(.text)
    RESERVED_IRQHandler                      0x010000f7   Thumb Code     0  startup_n32wb03x.o(.text)
    RTC_IRQHandler                           0x010000f7   Thumb Code     0  startup_n32wb03x.o(.text)
    SPI1_IRQHandler                          0x010000f7   Thumb Code     0  startup_n32wb03x.o(.text)
    SPI2_IRQHandler                          0x010000f7   Thumb Code     0  startup_n32wb03x.o(.text)
    TIM1_BRK_UP_TRG_COM_IRQHandler           0x010000f7   Thumb Code     0  startup_n32wb03x.o(.text)
    TIM1_CC_IRQHandler                       0x010000f7   Thumb Code     0  startup_n32wb03x.o(.text)
    TIM3_IRQHandler                          0x010000f7   Thumb Code     0  startup_n32wb03x.o(.text)
    TIM6_IRQHandler                          0x010000f7   Thumb Code     0  startup_n32wb03x.o(.text)
    WWDG_IRQHandler                          0x010000f7   Thumb Code     0  startup_n32wb03x.o(.text)
    SystemTrimValueRead                      0x01000101   Thumb Code    60  system_n32wb03x.o(.text)
    SystemTrimValueGet                       0x0100013d   Thumb Code    54  system_n32wb03x.o(.text)
    SystemGetUUID                            0x01000173   Thumb Code    56  system_n32wb03x.o(.text)
    SystemGetMacAddr                         0x010001ab   Thumb Code    56  system_n32wb03x.o(.text)
    SystemInit                               0x010002d5   Thumb Code   172  system_n32wb03x.o(.text)
    SystemCoreClockUpdate                    0x01000381   Thumb Code     8  system_n32wb03x.o(.text)
    system_delay_n_10us                      0x01000389   Thumb Code    16  system_n32wb03x.o(.text)
    NVIC_Init                                0x010003c5   Thumb Code   106  misc.o(.text)
    SysTick_CLKSourceConfig                  0x0100042f   Thumb Code    58  misc.o(.text)
    GPIO_DeInit                              0x0100058d   Thumb Code    82  n32wb03x_gpio.o(.text)
    GPIO_DeInitPin                           0x010005df   Thumb Code   210  n32wb03x_gpio.o(.text)
    GPIO_AFIOInitDefault                     0x010006b1   Thumb Code    20  n32wb03x_gpio.o(.text)
    GPIO_InitPeripheral                      0x010006c5   Thumb Code   566  n32wb03x_gpio.o(.text)
    GPIO_InitStruct                          0x010008fb   Thumb Code    24  n32wb03x_gpio.o(.text)
    GPIO_ReadInputDataBit                    0x01000913   Thumb Code   496  n32wb03x_gpio.o(.text)
    GPIO_ReadInputData                       0x01000b03   Thumb Code    36  n32wb03x_gpio.o(.text)
    GPIO_ReadOutputDataBit                   0x01000b27   Thumb Code   114  n32wb03x_gpio.o(.text)
    GPIO_ReadOutputData                      0x01000b99   Thumb Code    36  n32wb03x_gpio.o(.text)
    GPIO_SetBits                             0x01000bbd   Thumb Code    98  n32wb03x_gpio.o(.text)
    GPIO_ResetBits                           0x01000c1f   Thumb Code    98  n32wb03x_gpio.o(.text)
    GPIO_WriteBit                            0x01000c81   Thumb Code   130  n32wb03x_gpio.o(.text)
    GPIO_Write                               0x01000d03   Thumb Code    36  n32wb03x_gpio.o(.text)
    GPIO_TogglePin                           0x01000d27   Thumb Code   138  n32wb03x_gpio.o(.text)
    GPIO_ConfigPinLock                       0x01000db1   Thumb Code   116  n32wb03x_gpio.o(.text)
    GPIO_ConfigEXTILine                      0x01000e25   Thumb Code   744  n32wb03x_gpio.o(.text)
    GPIO_ConfigPinRemap                      0x0100110d   Thumb Code   214  n32wb03x_gpio.o(.text)
    AFIO_ConfigSPINSSMode                    0x010011e3   Thumb Code    86  n32wb03x_gpio.o(.text)
    RCC_DeInit                               0x010012d1   Thumb Code    76  n32wb03x_rcc.o(.text)
    RCC_ConfigHse                            0x0100131d   Thumb Code    72  n32wb03x_rcc.o(.text)
    RCC_GetFlagStatus                        0x01001365   Thumb Code   108  n32wb03x_rcc.o(.text)
    RCC_WaitHseStable                        0x010013d1   Thumb Code    60  n32wb03x_rcc.o(.text)
    RCC_ConfigHsi                            0x0100140d   Thumb Code    60  n32wb03x_rcc.o(.text)
    RCC_WaitHsiStable                        0x01001449   Thumb Code    60  n32wb03x_rcc.o(.text)
    RCC_EnableHsi                            0x01001485   Thumb Code    56  n32wb03x_rcc.o(.text)
    RCC_ConfigSysclk                         0x010014bd   Thumb Code    48  n32wb03x_rcc.o(.text)
    RCC_GetSysclkSrc                         0x010014ed   Thumb Code    10  n32wb03x_rcc.o(.text)
    RCC_ConfigHclk                           0x010014f7   Thumb Code    56  n32wb03x_rcc.o(.text)
    RCC_ConfigPclk1                          0x0100152f   Thumb Code    82  n32wb03x_rcc.o(.text)
    RCC_ConfigPclk2                          0x01001581   Thumb Code    80  n32wb03x_rcc.o(.text)
    RCC_ConfigInt                            0x010015d1   Thumb Code    90  n32wb03x_rcc.o(.text)
    RCC_ConfigTim1Clk                        0x0100162b   Thumb Code    52  n32wb03x_rcc.o(.text)
    RCC_ConfigAdcClk                         0x0100165f   Thumb Code    52  n32wb03x_rcc.o(.text)
    RCC_ConfigLpuartClk                      0x01001693   Thumb Code   418  n32wb03x_rcc.o(.text)
    RCC_GetLpuartClkSrc                      0x01001835   Thumb Code    12  n32wb03x_rcc.o(.text)
    RCC_EnableLpuartClk                      0x01001841   Thumb Code    60  n32wb03x_rcc.o(.text)
    RCC_ConfigLse                            0x0100187d   Thumb Code    84  n32wb03x_rcc.o(.text)
    RCC_EnableLsi                            0x010018d1   Thumb Code    58  n32wb03x_rcc.o(.text)
    RCC_ConfigLSXSEL                         0x0100190b   Thumb Code    48  n32wb03x_rcc.o(.text)
    RCC_GetRTCClkSrc                         0x0100193b   Thumb Code    10  n32wb03x_rcc.o(.text)
    RCC_EnableRtcClk                         0x01001945   Thumb Code    60  n32wb03x_rcc.o(.text)
    RCC_EnableRTCReset                       0x01001981   Thumb Code    62  n32wb03x_rcc.o(.text)
    RCC_GetClocksFreqValue                   0x010019bf   Thumb Code   140  n32wb03x_rcc.o(.text)
    RCC_EnableAHBPeriphClk                   0x01001a4b   Thumb Code    82  n32wb03x_rcc.o(.text)
    RCC_EnableAPB2PeriphClk                  0x01001a9d   Thumb Code    82  n32wb03x_rcc.o(.text)
    RCC_EnableAPB1PeriphClk                  0x01001aef   Thumb Code    82  n32wb03x_rcc.o(.text)
    RCC_EnableAHBPeriphReset                 0x01001b41   Thumb Code    80  n32wb03x_rcc.o(.text)
    RCC_EnableAPB2PeriphReset                0x01001b91   Thumb Code   384  n32wb03x_rcc.o(.text)
    RCC_EnableAPB1PeriphReset                0x01001d11   Thumb Code    80  n32wb03x_rcc.o(.text)
    RCC_ConfigMco                            0x01001d61   Thumb Code    74  n32wb03x_rcc.o(.text)
    RCC_ClrFlag                              0x01001dab   Thumb Code    24  n32wb03x_rcc.o(.text)
    RCC_GetIntStatus                         0x01001dc3   Thumb Code    56  n32wb03x_rcc.o(.text)
    RCC_ClrIntPendingBit                     0x01001dfb   Thumb Code    56  n32wb03x_rcc.o(.text)
    RCC_Enable_ADC_CLK_SRC_AUDIOPLL          0x01001e33   Thumb Code    60  n32wb03x_rcc.o(.text)
    DBG_ConfigPeriph                         0x01001e6f   Thumb Code    36  n32wb03x_rcc.o(.text)
    USART_DeInit                             0x01001f1d   Thumb Code    74  n32wb03x_usart.o(.text)
    USART_Init                               0x01001f67   Thumb Code   420  n32wb03x_usart.o(.text)
    USART_StructInit                         0x0100210b   Thumb Code    24  n32wb03x_usart.o(.text)
    USART_ClockInit                          0x01002123   Thumb Code   180  n32wb03x_usart.o(.text)
    USART_ClockStructInit                    0x010021d7   Thumb Code    12  n32wb03x_usart.o(.text)
    USART_Enable                             0x010021e3   Thumb Code    80  n32wb03x_usart.o(.text)
    USART_ConfigInt                          0x01002233   Thumb Code   832  n32wb03x_usart.o(.text)
    USART_EnableDMA                          0x01002573   Thumb Code   102  n32wb03x_usart.o(.text)
    USART_SetAddr                            0x010025d9   Thumb Code    68  n32wb03x_usart.o(.text)
    USART_ConfigWakeUpMode                   0x0100261d   Thumb Code    74  n32wb03x_usart.o(.text)
    USART_EnableRcvWakeUp                    0x01002667   Thumb Code    80  n32wb03x_usart.o(.text)
    USART_ConfigLINBreakDetectLength         0x010026b7   Thumb Code    72  n32wb03x_usart.o(.text)
    USART_EnableLIN                          0x010026ff   Thumb Code    78  n32wb03x_usart.o(.text)
    USART_SendData                           0x0100274d   Thumb Code    62  n32wb03x_usart.o(.text)
    USART_ReceiveData                        0x0100278b   Thumb Code    38  n32wb03x_usart.o(.text)
    USART_SendBreak                          0x010027b1   Thumb Code    40  n32wb03x_usart.o(.text)
    USART_SetGuardTime                       0x010027d9   Thumb Code    50  n32wb03x_usart.o(.text)
    USART_SetPrescaler                       0x0100280b   Thumb Code    50  n32wb03x_usart.o(.text)
    USART_EnableSmartCard                    0x0100283d   Thumb Code    82  n32wb03x_usart.o(.text)
    USART_SetSmartCardNACK                   0x0100288f   Thumb Code    82  n32wb03x_usart.o(.text)
    USART_EnableHalfDuplex                   0x010028e1   Thumb Code    80  n32wb03x_usart.o(.text)
    USART_ConfigIrDAMode                     0x01002931   Thumb Code   290  n32wb03x_usart.o(.text)
    USART_EnableIrDA                         0x01002a53   Thumb Code    80  n32wb03x_usart.o(.text)
    USART_GetFlagStatus                      0x01002aa3   Thumb Code   148  n32wb03x_usart.o(.text)
    USART_ClrFlag                            0x01002b37   Thumb Code   106  n32wb03x_usart.o(.text)
    USART_GetIntStatus                       0x01002ba1   Thumb Code   232  n32wb03x_usart.o(.text)
    USART_ClrIntPendingBit                   0x01002c89   Thumb Code   122  n32wb03x_usart.o(.text)
    Buffercmp                                0x01002dd5   Thumb Code    36  main.o(.text)
    GPIO_Configuration                       0x01002df9   Thumb Code    82  main.o(.text)
    NVIC_Configuration                       0x01002e4b   Thumb Code    38  main.o(.text)
    RCC_Configuration                        0x01002e71   Thumb Code    28  main.o(.text)
    main                                     0x01002e8d   Thumb Code   156  main.o(.text)
    assert_failed                            0x01002f29   Thumb Code     4  main.o(.text)
    NMI_Handler                              0x01002f65   Thumb Code     2  n32wb03x_it.o(.text)
    HardFault_Handler                        0x01002f67   Thumb Code     4  n32wb03x_it.o(.text)
    SVC_Handler                              0x01002f6b   Thumb Code     2  n32wb03x_it.o(.text)
    PendSV_Handler                           0x01002f6d   Thumb Code     2  n32wb03x_it.o(.text)
    SysTick_Handler                          0x01002f6f   Thumb Code     2  n32wb03x_it.o(.text)
    USART1_IRQHandler                        0x01002f71   Thumb Code   114  n32wb03x_it.o(.text)
    USART2_IRQHandler                        0x01002fe3   Thumb Code   114  n32wb03x_it.o(.text)
    __aeabi_uidiv                            0x01003091   Thumb Code     0  uidiv.o(.text)
    __aeabi_uidivmod                         0x01003091   Thumb Code    44  uidiv.o(.text)
    __aeabi_memcpy                           0x010030bd   Thumb Code    36  memcpya.o(.text)
    __aeabi_memcpy4                          0x010030bd   Thumb Code     0  memcpya.o(.text)
    __aeabi_memcpy8                          0x010030bd   Thumb Code     0  memcpya.o(.text)
    __scatterload                            0x010030e1   Thumb Code    28  init.o(.text)
    __scatterload_rt2                        0x010030e1   Thumb Code     0  init.o(.text)
    __ARM_common_switch8                     0x01003105   Thumb Code    28  n32wb03x_gpio.o(i.__ARM_common_switch8)
    __scatterload_copy                       0x01003121   Thumb Code    14  handlers.o(i.__scatterload_copy)
    __scatterload_null                       0x0100312f   Thumb Code     2  handlers.o(i.__scatterload_null)
    __scatterload_zeroinit                   0x01003131   Thumb Code    14  handlers.o(i.__scatterload_zeroinit)
    TRIM_READ_CMD_CODE                       0x0100313e   Data         320  system_n32wb03x.o(.constdata)
    Region$$Table$$Base                      0x010033fc   Number         0  anon$$obj.o(Region$$Table)
    Region$$Table$$Limit                     0x0100341c   Number         0  anon$$obj.o(Region$$Table)
    SystemCoreClock                          0x20000000   Data           4  system_n32wb03x.o(.data)
    TxBuffer1                                0x20000004   Data          58  main.o(.data)
    TxBuffer2                                0x2000003e   Data          58  main.o(.data)
    TxCounter1                               0x20000078   Data           1  main.o(.data)
    TxCounter2                               0x20000079   Data           1  main.o(.data)
    RxCounter1                               0x2000007a   Data           1  main.o(.data)
    RxCounter2                               0x2000007b   Data           1  main.o(.data)
    NbrOfDataToTransfer1                     0x2000007c   Data           1  main.o(.data)
    NbrOfDataToTransfer2                     0x2000007d   Data           1  main.o(.data)
    NbrOfDataToRead1                         0x2000007e   Data           1  main.o(.data)
    NbrOfDataToRead2                         0x2000007f   Data           1  main.o(.data)
    TransferStatus1                          0x20000080   Data           1  main.o(.data)
    TransferStatus2                          0x20000081   Data           1  main.o(.data)
    trim_stored                              0x20000084   Data          52  system_n32wb03x.o(.bss)
    USART_InitStructure                      0x200000b8   Data          16  main.o(.bss)
    RxBuffer1                                0x200000c8   Data          57  main.o(.bss)
    RxBuffer2                                0x20000101   Data          57  main.o(.bss)
    __initial_sp                             0x20000940   Data           0  startup_n32wb03x.o(STACK)



==============================================================================

Memory Map of the image

  Image Entry point : 0x010000c1

  Load Region LR_IROM1 (Base: 0x01000000, Size: 0x000034a0, Max: 0x00040000, ABSOLUTE)

    Execution Region ER_IROM1 (Base: 0x01000000, Size: 0x0000341c, Max: 0x00040000, ABSOLUTE)

    Base Addr    Size         Type   Attr      Idx    E Section Name        Object

    0x01000000   0x000000c0   Data   RO            3    RESET               startup_n32wb03x.o
    0x010000c0   0x00000000   Code   RO          245  * .ARM.Collect$$$$00000000  mc_p.l(entry.o)
    0x010000c0   0x00000004   Code   RO          254    .ARM.Collect$$$$00000001  mc_p.l(entry2.o)
    0x010000c4   0x00000004   Code   RO          257    .ARM.Collect$$$$00000004  mc_p.l(entry5.o)
    0x010000c8   0x00000000   Code   RO          259    .ARM.Collect$$$$00000008  mc_p.l(entry7b.o)
    0x010000c8   0x00000000   Code   RO          261    .ARM.Collect$$$$0000000A  mc_p.l(entry8b.o)
    0x010000c8   0x00000008   Code   RO          262    .ARM.Collect$$$$0000000B  mc_p.l(entry9a.o)
    0x010000d0   0x00000000   Code   RO          264    .ARM.Collect$$$$0000000D  mc_p.l(entry10a.o)
    0x010000d0   0x00000000   Code   RO          266    .ARM.Collect$$$$0000000F  mc_p.l(entry11a.o)
    0x010000d0   0x00000004   Code   RO          255    .ARM.Collect$$$$00002712  mc_p.l(entry2.o)
    0x010000d4   0x0000000e   Code   RO           10    .emb_text           system_n32wb03x.o
    0x010000e2   0x00000002   PAD
    0x010000e4   0x0000001c   Code   RO            4    .text               startup_n32wb03x.o
    0x01000100   0x000002c4   Code   RO           11    .text               system_n32wb03x.o
    0x010003c4   0x000001c8   Code   RO          117    .text               misc.o
    0x0100058c   0x00000d44   Code   RO          144    .text               n32wb03x_gpio.o
    0x010012d0   0x00000c4c   Code   RO          163    .text               n32wb03x_rcc.o
    0x01001f1c   0x00000eb8   Code   RO          182    .text               n32wb03x_usart.o
    0x01002dd4   0x00000190   Code   RO          199    .text               main.o
    0x01002f64   0x0000012c   Code   RO          226    .text               n32wb03x_it.o
    0x01003090   0x0000002c   Code   RO          248    .text               mc_p.l(uidiv.o)
    0x010030bc   0x00000024   Code   RO          250    .text               mc_p.l(memcpya.o)
    0x010030e0   0x00000024   Code   RO          268    .text               mc_p.l(init.o)
    0x01003104   0x0000001c   Code   RO          157    i.__ARM_common_switch8  n32wb03x_gpio.o
    0x01003120   0x0000000e   Code   RO          272    i.__scatterload_copy  mc_p.l(handlers.o)
    0x0100312e   0x00000002   Code   RO          273    i.__scatterload_null  mc_p.l(handlers.o)
    0x01003130   0x0000000e   Code   RO          274    i.__scatterload_zeroinit  mc_p.l(handlers.o)
    0x0100313e   0x00000140   Data   RO           13    .constdata          system_n32wb03x.o
    0x0100327e   0x0000000c   Data   RO          164    .constdata          n32wb03x_rcc.o
    0x0100328a   0x00000002   PAD
    0x0100328c   0x00000041   Data   RO          118    .conststring        misc.o
    0x010032cd   0x00000003   PAD
    0x010032d0   0x0000004a   Data   RO          145    .conststring        n32wb03x_gpio.o
    0x0100331a   0x00000002   PAD
    0x0100331c   0x00000049   Data   RO          165    .conststring        n32wb03x_rcc.o
    0x01003365   0x00000003   PAD
    0x01003368   0x00000093   Data   RO          183    .conststring        n32wb03x_usart.o
    0x010033fb   0x00000001   PAD
    0x010033fc   0x00000020   Data   RO          270    Region$$Table       anon$$obj.o


    Execution Region RW_IRAM1 (Base: 0x20000000, Size: 0x00000940, Max: 0x0000c000, ABSOLUTE)

    Base Addr    Size         Type   Attr      Idx    E Section Name        Object

    0x20000000   0x00000004   Data   RW           14    .data               system_n32wb03x.o
    0x20000004   0x0000007e   Data   RW          201    .data               main.o
    0x20000082   0x00000002   PAD
    0x20000084   0x00000034   Zero   RW           12    .bss                system_n32wb03x.o
    0x200000b8   0x00000082   Zero   RW          200    .bss                main.o
    0x2000013a   0x00000006   PAD
    0x20000140   0x00000800   Zero   RW            1    STACK               startup_n32wb03x.o


==============================================================================

Image component sizes


      Code (inc. data)   RO Data    RW Data    ZI Data      Debug   Object Name

       400         56          0        126        130       4253   main.o
       456        182         65          0          0       7500   misc.o
      3424        684         74          0          0       6667   n32wb03x_gpio.o
       300         60          0          0          0       1215   n32wb03x_it.o
      3148        776         85          0          0       9505   n32wb03x_rcc.o
      3768       1036        147          0          0       9539   n32wb03x_usart.o
        28          8        192          0       2048        768   startup_n32wb03x.o
       722         44        320          4         52     114658   system_n32wb03x.o

    ----------------------------------------------------------------------
     12248       2846        926        132       2236     154105   Object Totals
         0          0         32          0          0          0   (incl. Generated)
         2          0         11          2          6          0   (incl. Padding)

    ----------------------------------------------------------------------

      Code (inc. data)   RO Data    RW Data    ZI Data      Debug   Library Member Name

         0          0          0          0          0          0   entry.o
         0          0          0          0          0          0   entry10a.o
         0          0          0          0          0          0   entry11a.o
         8          4          0          0          0          0   entry2.o
         4          0          0          0          0          0   entry5.o
         0          0          0          0          0          0   entry7b.o
         0          0          0          0          0          0   entry8b.o
         8          4          0          0          0          0   entry9a.o
        30          0          0          0          0          0   handlers.o
        36          8          0          0          0         68   init.o
        36          0          0          0          0         60   memcpya.o
        44          0          0          0          0         72   uidiv.o

    ----------------------------------------------------------------------
       166         16          0          0          0        200   Library Totals
         0          0          0          0          0          0   (incl. Padding)

    ----------------------------------------------------------------------

      Code (inc. data)   RO Data    RW Data    ZI Data      Debug   Library Name

       166         16          0          0          0        200   mc_p.l

    ----------------------------------------------------------------------
       166         16          0          0          0        200   Library Totals

    ----------------------------------------------------------------------

==============================================================================


      Code (inc. data)   RO Data    RW Data    ZI Data      Debug   

     12414       2862        926        132       2236     153877   Grand Totals
     12414       2862        926        132       2236     153877   ELF Image Totals
     12414       2862        926        132          0          0   ROM Totals

==============================================================================

    Total RO  Size (Code + RO Data)                13340 (  13.03kB)
    Total RW  Size (RW Data + ZI Data)              2368 (   2.31kB)
    Total ROM Size (Code + RO Data + RW Data)      13472 (  13.16kB)

==============================================================================

