<html>
<body>
<pre>
<h1>礦ision Build Log</h1>
<h2>Tool Versions:</h2>
IDE-Version: μVision V5.38.0.0
Copyright (C) 2022 ARM Ltd and ARM Germany GmbH. All rights reserved.
License Information: 1 sangjian, 1, LIC=EXJT4-FG152-UH18H-WTNZH-TR57V-EUX1Y
 
Tool Versions:
Toolchain:       MDK-ARM Plus  Version: 5.14.0.0
Toolchain Path:  C:\Keil_v5\ARM\ARMCC\Bin
C Compiler:      Armcc.exe V5.05 update 1 (build 106)
Assembler:       Armasm.exe V5.05 update 1 (build 106)
Linker/Locator:  ArmLink.exe V5.05 update 1 (build 106)
Library Manager: ArmAr.exe V5.05 update 1 (build 106)
Hex Converter:   FromElf.exe V5.05 update 1 (build 106)
CPU DLL:         SARMCM3.DLL V5.14.0.0
Dialog DLL:      DCM.DLL V1.13.1.0
Target DLL:      Segger\JL2CM3.dll V2.99.13.0
Dialog DLL:      TCM.DLL V1.14.4.0
 
<h2>Project:</h2>
F:\上海科安迅光电\智能电表\软件代码\单相4P带屏幕\20251225\20251225 动态内存分配\N32G457REL7\MDK-ARM\bmHttpServer.uvprojx
Project File Date:  12/25/2025

<h2>Output:</h2>
*** Using Compiler 'V5.05 update 1 (build 106)', folder: 'C:\Keil_v5\ARM\ARMCC\Bin'
Build target 'N32G45x'
Note: source file '..\lvgl-9.4.0\src\others\vg_lite_tvg\vg_lite_matrix.c' - object file renamed from '.\Objects\vg_lite_matrix.o' to '.\Objects\vg_lite_matrix_1.o'.
compiling V_Timer.c...
compiling Relay.c...
compiling CircularQueue.c...
compiling RS485.c...
compiling BL0942.c...
compiling typechange.c...
compiling EPROM.c...
compiling bsp.c...
compiling main.c...
compiling usart.c...
compiling TFT.c...
compiling lv_obj_class.c...
compiling lv_obj_event.c...
compiling lv_obj_draw.c...
compiling lv_init.c...
compiling lv_obj_id_builtin.c...
compiling lv_group.c...
compiling lv_port_disp.c...
compiling lv_obj.c...
compiling lv_port_indev.c...
compiling lv_draw_buf_convert_helium.c...
compiling lv_obj_property.c...
compiling lv_draw_buf_convert_neon.c...
compiling lv_draw_buf_convert.c...
compiling lv_draw_dma2d.c...
compiling lv_obj_style_gen.c...
compiling lv_obj_tree.c...
compiling lv_obj_scroll.c...
compiling lv_obj_style.c...
compiling lv_draw_dma2d_fill.c...
compiling lv_draw_ppa.c...
compiling lv_draw_dma2d_img.c...
compiling lv_draw_ppa_buf.c...
compiling lv_obj_pos.c...
compiling lv_draw_ppa_fill.c...
compiling lv_refr.c...
compiling lv_display.c...
compiling lv_draw_ppa_img.c...
compiling lv_draw_eve.c...
compiling lv_draw_eve_arc.c...
compiling lv_draw_eve_fill.c...
compiling lv_draw_eve_letter.c...
compiling lv_draw_eve_image.c...
compiling lv_draw_eve_ram_g.c...
compiling lv_draw_eve_line.c...
compiling lv_draw_eve_triangle.c...
compiling lv_eve.c...
compiling lv_draw_nema_gfx_arc.c...
compiling lv_draw_nema_gfx_border.c...
compiling lv_draw_nema_gfx_img.c...
compiling lv_draw_nema_gfx_fill.c...
compiling lv_draw_nema_gfx_label.c...
compiling lv_draw_nema_gfx_line.c...
compiling lv_draw_nema_gfx_stm32_hal.c...
compiling lv_draw_nema_gfx_triangle.c...
compiling lv_draw_nema_gfx_layer.c...
compiling lv_draw_nema_gfx.c...
compiling lv_draw_nema_gfx_utils.c...
compiling lv_draw_nema_gfx_vector.c...
compiling lv_draw_sw_blend_neon_to_rgb565.c...
compiling lv_draw_sw_blend_neon_to_rgb888.c...
compiling lv_draw_opengles.c...
compiling lv_draw_sdl.c...
compiling lv_nema_gfx_path.c...
compiling lv_draw_sw_blend.c...
compiling lv_draw_sw_blend_to_al88.c...
compiling lv_draw_sw_blend_to_argb8888_premultiplied.c...
compiling Key.c...
compiling lv_draw_sw.c...
compiling lv_draw_sw_blend_to_argb8888.c...
compiling Nbiot.c...
compiling lv_draw_sw_blend_to_l8.c...
compiling lv_draw_sw_blend_to_rgb888.c...
compiling lv_draw_sw_arc.c...
compiling lv_draw_sw_blend_to_i1.c...
compiling lv_draw_sw_border.c...
compiling lv_draw_sw_blend_to_rgb565.c...
compiling lv_draw_sw_grad.c...
compiling lv_draw_sw_fill.c...
compiling lv_draw_sw_blend_to_rgb565_swapped.c...
compiling lv_draw_sw_letter.c...
compiling lv_draw_sw_box_shadow.c...
compiling lv_draw_buf_vg_lite.c...
compiling lv_draw_sw_utils.c...
compiling lv_draw_sw_mask_rect.c...
compiling lv_draw_sw_line.c...
compiling lv_draw_sw_vector.c...
compiling lv_draw_vg_lite.c...
compiling lv_draw_sw_triangle.c...
compiling lv_draw_sw_img.c...
compiling lv_draw_vg_lite_arc.c...
compiling lv_draw_vg_lite_box_shadow.c...
compiling lv_draw_vg_lite_border.c...
compiling lv_draw_vg_lite_fill.c...
compiling lv_draw_vg_lite_layer.c...
compiling lv_draw_vg_lite_line.c...
compiling lv_draw_vg_lite_img.c...
compiling lv_draw_sw_mask.c...
compiling lv_draw_vg_lite_triangle.c...
compiling lv_draw_vg_lite_vector.c...
compiling lv_draw_vg_lite_mask_rect.c...
compiling lv_vg_lite_math.c...
compiling lv_draw_sw_transform.c...
compiling lv_vg_lite_decoder.c...
compiling lv_draw_3d.c...
compiling lv_draw_vg_lite_label.c...
compiling lv_draw_arc.c...
compiling lv_draw_image.c...
compiling lv_vg_lite_grad.c...
compiling lv_vg_lite_pending.c...
compiling lv_vg_lite_stroke.c...
compiling lv_draw.c...
compiling lv_vg_lite_path.c...
compiling lv_draw_line.c...
compiling lv_draw_buf.c...
compiling lv_vg_lite_utils.c...
compiling lv_draw_label.c...
compiling lv_draw_vector.c...
compiling lv_draw_triangle.c...
compiling lv_draw_mask.c...
compiling lv_indev_gesture.c...
compiling lv_draw_rect.c...
compiling lv_layout.c...
compiling lv_image_decoder.c...
compiling lv_indev_scroll.c...
compiling lv_flex.c...
compiling lv_grid.c...
compiling xmlparse.c...
compiling xmlrole.c...
compiling xmltok.c...
compiling xmltok_impl.c...
compiling xmltok_ns.c...
compiling lv_ffmpeg.c...
compiling lv_freetype.c...
compiling code128.c...
compiling lv_bin_decoder.c...
compiling lv_indev.c...
compiling lv_bmp.c...
compiling lv_barcode.c...
compiling decomp_raw.c...
compiling frogfs.c...
compiling lv_freetype_glyph.c...
compiling lv_freetype_image.c...
compiling lv_freetype_outline.c...
compiling lv_ftsystem.c...
compiling lv_fs_fatfs.c...
compiling lv_fs_memfs.c...
compiling lv_fs_littlefs.c...
compiling lv_fs_frogfs.c...
compiling EVE_commands.c...
compiling EVE_supplemental.c...
compiling lv_fs_posix.c...
compiling lv_fs_uefi.c...
compiling lv_fs_stdio.c...
compiling lv_gif.c...
compiling chromatic.c...
compiling lv_gltf_view_shader.c...
compiling lv_gltf_ibl_sampler.c...
compiling lv_gstreamer.c...
compiling lz4.c...
compiling lv_rle.c...
compiling lv_fs_win32.c...
compiling lv_svg.c...
compiling gif.c...
compiling lv_qrcode.c...
compiling lv_svg_parser.c...
compiling lv_svg_token.c...
compiling lodepng.c...
compiling lv_libjpeg_turbo.c...
compiling lv_libpng.c...
compiling lv_lodepng.c...
compiling qrcodegen.c...
compiling tjpgd.c...
compiling lv_vg_lite_hal.c...
compiling lv_rlottie.c...
compiling vg_lite_os.c...
compiling vg_lite.c...
compiling vg_lite_image.c...
compiling vg_lite_matrix.c...
compiling lv_svg_render.c...
compiling lv_svg_decoder.c...
compiling vg_lite_kernel.c...
compiling vg_lite_path.c...
compiling vg_lite_stroke.c...
compiling lv_cache_lru_ll.c...
compiling lv_tiny_ttf.c...
compiling lv_tjpgd.c...
compiling lv_cache_lru_rb.c...
compiling lv_cache_sc_da.c...
compiling lv_cache_entry.c...
compiling lv_cache.c...
compiling lv_anim_timeline.c...
compiling lv_array.c...
compiling lv_async.c...
compiling lv_image_cache.c...
compiling lv_image_header_cache.c...
compiling lv_bidi.c...
compiling lv_color_op.c...
compiling lv_circle_buf.c...
compiling lv_color.c...
compiling lv_anim.c...
compiling lv_area.c...
compiling lv_iter.c...
compiling lv_matrix.c...
compiling lv_log.c...
compiling lv_grad.c...
compiling lv_ll.c...
compiling lv_lru.c...
compiling lv_palette.c...
compiling lv_profiler_builtin_posix.c...
compiling lv_event.c...
compiling lv_math.c...
compiling lv_rb.c...
compiling lv_text_ap.c...
compiling lv_fs.c...
compiling lv_style_gen.c...
compiling lv_tree.c...
compiling lv_utils.c...
compiling lv_text.c...
compiling lv_cmsis_rtos2.c...
compiling lv_freertos.c...
compiling lv_linux.c...
compiling lv_style.c...
compiling lv_mqx.c...
compiling lv_os_none.c...
compiling lv_pthread.c...
compiling lv_timer.c...
compiling lv_rtthread.c...
compiling lv_windows.c...
compiling lv_sdl2.c...
compiling lv_profiler_builtin.c...
compiling lv_font_manager.c...
compiling lv_font_manager_recycle.c...
compiling lv_file_explorer.c...
compiling lv_os.c...
compiling lv_monkey.c...
compiling lv_test_display.c...
compiling lv_test_helpers.c...
compiling lv_gridnav.c...
compiling lv_fragment_manager.c...
compiling lv_test_indev.c...
compiling lv_fragment.c...
compiling lv_test_indev_gesture.c...
compiling lv_ime_pinyin.c...
compiling lv_snapshot.c...
compiling lv_sysmon.c...
compiling lv_test_screenshot_compare.c...
compiling lv_translation.c...
compiling vg_lite_matrix.c...
compiling lv_xml_arc_parser.c...
compiling lv_xml_bar_parser.c...
compiling lv_xml_button_parser.c...
compiling lv_xml_buttonmatrix_parser.c...
compiling lv_xml_calendar_parser.c...
compiling lv_xml_chart_parser.c...
compiling lv_xml_canvas_parser.c...
compiling lv_imgfont.c...
compiling lv_xml_dropdown_parser.c...
compiling lv_xml_checkbox_parser.c...
compiling lv_xml_image_parser.c...
compiling lv_xml_keyboard_parser.c...
compiling lv_xml_obj_parser.c...
compiling lv_xml_label_parser.c...
compiling lv_xml_qrcode_parser.c...
compiling lv_xml_slider_parser.c...
compiling lv_xml_roller_parser.c...
compiling lv_observer.c...
compiling lv_xml_spangroup_parser.c...
compiling lv_xml_switch_parser.c...
compiling lv_xml_scale_parser.c...
compiling lv_xml_spinbox_parser.c...
compiling lv_xml_tabview_parser.c...
compiling lv_xml_table_parser.c...
compiling lv_xml_textarea_parser.c...
compiling lv_xml.c...
compiling lv_xml_component.c...
compiling lv_xml_load.c...
compiling lv_xml_parser.c...
compiling lv_xml_test.c...
compiling lv_xml_update.c...
compiling lv_xml_utils.c...
compiling lv_xml_widget.c...
compiling lv_mem_core_clib.c...
compiling lv_sprintf_clib.c...
compiling lv_string_builtin.c...
compiling lv_sprintf_builtin.c...
compiling lv_string_clib.c...
compiling lv_mem_core_builtin.c...
compiling lv_mem_core_micropython.c...
compiling lv_xml_base_types.c...
compiling lv_tlsf.c...
compiling lv_mem_core_rtthread.c...
compiling lv_sprintf_rtthread.c...
compiling lv_string_rtthread.c...
compiling lv_mem_core_uefi.c...
compiling lv_xml_style.c...
compiling lv_xml_translation.c...
compiling lv_3dtexture.c...
compiling lv_mem.c...
compiling lv_animimage.c...
compiling lv_tick.c...
compiling lv_button.c...
compiling lv_arclabel.c...
compiling lv_arc.c...
compiling lv_bar.c...
compiling lv_theme.c...
compiling lv_calendar_chinese.c...
compiling lv_theme_simple.c...
compiling lv_theme_mono.c...
compiling lv_calendar_header_arrow.c...
compiling lv_calendar_header_dropdown.c...
compiling lv_buttonmatrix.c...
compiling lv_canvas.c...
compiling lv_checkbox.c...
compiling lv_calendar.c...
compiling lv_theme_default.c...
compiling lv_keyboard.c...
compiling lv_led.c...
compiling lv_imagebutton.c...
compiling lv_lottie.c...
compiling lv_image.c...
compiling lv_list.c...
compiling lv_dropdown.c...
compiling lv_line.c...
compiling lv_label.c...
compiling lv_chart.c...
compiling lv_animimage_properties.c...
compiling lv_image_properties.c...
compiling lv_dropdown_properties.c...
compiling lv_keyboard_properties.c...
compiling lv_msgbox.c...
compiling lv_menu.c...
compiling lv_style_properties.c...
compiling lv_obj_properties.c...
compiling lv_roller_properties.c...
compiling lv_label_properties.c...
compiling lv_slider_properties.c...
compiling lv_textarea_properties.c...
compiling lv_switch.c...
compiling lv_roller.c...
compiling lv_slider.c...
compiling lv_spinbox.c...
compiling lv_tileview.c...
compiling lv_scale.c...
compiling lv_spinner.c...
compiling lv_textarea.c...
compiling lv_font.c...
compiling lv_table.c...
compiling lv_tabview.c...
compiling lv_span.c...
compiling lv_win.c...
compiling lv_font_fmt_txt.c...
compiling lv_font_dejavu_16_persian_hebrew.c...
compiling lv_binfont_loader.c...
compiling lv_font_montserrat_8.c...
compiling lv_font_montserrat_10.c...
compiling lv_font_montserrat_16.c...
compiling lv_font_montserrat_12.c...
compiling lv_font_montserrat_14.c...
compiling lv_font_montserrat_14_aligned.c...
compiling lv_font_montserrat_18.c...
compiling lv_font_montserrat_20.c...
compiling lv_font_montserrat_22.c...
compiling lv_font_montserrat_24.c...
compiling lv_font_montserrat_28.c...
compiling lv_font_montserrat_26.c...
compiling lv_font_montserrat_28_compressed.c...
compiling lv_font_montserrat_34.c...
compiling lv_font_montserrat_36.c...
compiling lv_font_montserrat_30.c...
compiling lv_font_montserrat_32.c...
compiling lv_font_montserrat_38.c...
compiling lv_font_montserrat_40.c...
compiling lv_font_montserrat_42.c...
compiling lv_font_montserrat_44.c...
compiling lv_font_montserrat_48.c...
compiling lv_font_montserrat_46.c...
compiling lv_font_unscii_8.c...
compiling lv_font_source_han_sans_sc_14_cjk.c...
compiling lv_font_unscii_16.c...
compiling lv_demos.c...
compiling lv_font_source_han_sans_sc_16_cjk.c...
linking...
Program Size: Code=239110 RO-data=27726 RW-data=268 ZI-data=44284  
FromELF: creating hex file...
After Build - User command #1: fromelf --bin --output=.\bin\bmHttpServer.bin .\Objects\bmHttpServer.axf
".\Objects\bmHttpServer.axf" - 0 Error(s), 0 Warning(s).

<h2>Software Packages used:</h2>

Package Vendor: Nationstech
                http://www.keil.com/pack/Nationstech.N32G45x_DFP.1.0.1.pack
                Nationstech.N32G45x_DFP.1.0.1
                Nationstech N32G45x Series Device Support, Drivers and Examples

<h2>Collection of Component include folders:</h2>
  C:/Keil_v5/ARM/Pack/Nationstech/N32G45x_DFP/1.0.1/firmware/CMSIS/device

<h2>Collection of Component Files used:</h2>
Build Time Elapsed:  00:00:29
</pre>
</body>
</html>
