Removed Pin From Net: NetName=GND Pin=C18-1
Removed Pin From Net: NetName=VCC33 Pin=C18-2
Removed Pin From Net: NetName=GND Pin=C19-1
Removed Pin From Net: NetName=VCC33 Pin=Q1-2
Removed Pin From Net: NetName=VCC33 Pin=R1-2
Removed Pin From Net: NetName=VCC33 Pin=R9-2
Removed Pin From Net: NetName=GND Pin=R12-2
Removed Pin From Net: NetName=VCC33 Pin=R21-1
Removed Pin From Net: NetName=VCC33 Pin=R22-1
Removed Pin From Net: NetName=VCC33 Pin=R23-2
Removed Pin From Net: NetName=BLE_Control Pin=R24-2
Removed Pin From Net: NetName=VCC33 Pin=R25-2
Removed Pin From Net: NetName=VCC33 Pin=U6-8
Removed Pin From Net: NetName=GND Pin=U6-15
Removed Pin From Net: NetName=GND Pin=U7-3
Removed Pin From Net: NetName=BLE_MCU_TXD Pin=U7-8
Removed Pin From Net: NetName=BLE_MCU_RXD Pin=U7-9
Removed Pin From Net: NetName=GND Pin=U7-11
Removed Pin From Net: NetName=GND Pin=Y1-2
Removed Pin From Net: NetName=GND Pin=Y1-4
Removed Member From Class: ClassName=连接 Member=C18
Removed Member From Class: ClassName=连接 Member=C19
Removed Member From Class: ClassName=连接 Member=E1
Removed Member From Class: ClassName=连接 Member=LED1
Removed Member From Class: ClassName=连接 Member=LED2
Removed Member From Class: ClassName=连接 Member=Q1
Removed Member From Class: ClassName=连接 Member=R1
Removed Member From Class: ClassName=连接 Member=R8
Removed Member From Class: ClassName=连接 Member=R9
Removed Member From Class: ClassName=连接 Member=R12
Removed Member From Class: ClassName=连接 Member=R21
Removed Member From Class: ClassName=连接 Member=R22
Removed Member From Class: ClassName=连接 Member=R23
Removed Member From Class: ClassName=连接 Member=R24
Removed Member From Class: ClassName=连接 Member=R25
Removed Member From Class: ClassName=连接 Member=U6
Removed Member From Class: ClassName=连接 Member=U7
Removed Member From Class: ClassName=连接 Member=Y1
Added Component: Designator=P2(HDR1X8)
Add component (AddParameter): Name = "LatestRevisionDate"; Value = "17-Jul-2002"; VariantName = "[No Variations]"
Add component (AddParameter): Name = "LatestRevisionNote"; Value = "Re-released for DXP Platform."; VariantName = "[No Variations]"
Add component (AddParameter): Name = "Publisher"; Value = "Altium Limited"; VariantName = "[No Variations]"
Added Pin To Net: NetName=VCC12 Pin=P2-1
Added Pin To Net: NetName=GND Pin=P2-2
Added Pin To Net: NetName=BLE_Control Pin=P2-6
Added Pin To Net: NetName=BLE_MCU_TXD Pin=P2-7
Added Pin To Net: NetName=BLE_MCU_RXD Pin=P2-8
Added Pin To Net: NetName=4G_MCU_RXD Pin=P1-8
Added Pin To Net: NetName=4G_MCU_RXD Pin=P2-5
Added Net: Name=4G_MCU_RXD
Added Pin To Net: NetName=4G_MCU_TXD Pin=P1-7
Added Pin To Net: NetName=4G_MCU_TXD Pin=P2-4
Added Net: Name=4G_MCU_TXD
Added Pin To Net: NetName=4G_Reset Pin=P1-9
Added Pin To Net: NetName=4G_Reset Pin=P2-3
Added Net: Name=4G_Reset
Added Member To Class: ClassName=连接 Member=Component P2 Header 8
