Removed Pin From Net: NetName=VCC33 Pin=C19-1
Removed Pin From Net: NetName=GND Pin=C19-2
Removed Pin From Net: NetName=VCC33 Pin=C20-1
Removed Pin From Net: NetName=GND Pin=C20-2
Removed Pin From Net: NetName=VCC33 Pin=C21-1
Removed Pin From Net: NetName=GND Pin=C21-2
Removed Pin From Net: NetName=VCC33 Pin=C22-1
Removed Pin From Net: NetName=GND Pin=C22-2
Removed Pin From Net: NetName=VCC33 Pin=C24-2
Removed Pin From Net: NetName=VCC33 Pin=C25-2
Removed Pin From Net: NetName=GND Pin=C26-1
Removed Pin From Net: NetName=GND Pin=C27-1
Removed Pin From Net: NetName=GND Pin=C28-2
Removed Pin From Net: NetName=GND Pin=C29-1
Removed Pin From Net: NetName=GND Pin=C30-2
Removed Pin From Net: NetName=LoseCurrent Pin=C33-1
Removed Pin From Net: NetName=VCC33 Pin=C34-2
Removed Pin From Net: NetName=VCC33 Pin=C35-2
Removed Pin From Net: NetName=VCC33 Pin=D1-1
Removed Pin From Net: NetName=LoseCurrent Pin=D1-2
Removed Pin From Net: NetName=LoseCurrent Pin=D2-1
Removed Pin From Net: NetName=4G_MCU_TXD Pin=Q2-2
Removed Pin From Net: NetName=4G_MCU_RXD Pin=Q3-3
Removed Pin From Net: NetName=GND Pin=Q4-2
Removed Pin From Net: NetName=4G_MCU_RXD Pin=R24-1
Removed Pin From Net: NetName=VCC33 Pin=R24-2
Removed Pin From Net: NetName=GND Pin=R26-2
Removed Pin From Net: NetName=4G_Reset Pin=R27-1
Removed Pin From Net: NetName=GND Pin=R28-2
Removed Pin From Net: NetName=LoseCurrent Pin=R37-1
Removed Pin From Net: NetName=GND Pin=R42-1
Removed Pin From Net: NetName=VCC33 Pin=R43-1
Removed Pin From Net: NetName=GND Pin=S1-2
Removed Pin From Net: NetName=GND Pin=S1-2
Removed Pin From Net: NetName=GND Pin=S1-2
Removed Pin From Net: NetName=GND Pin=U6-1
Removed Pin From Net: NetName=GND Pin=U6-10
Removed Pin From Net: NetName=GND Pin=U6-27
Removed Pin From Net: NetName=GND Pin=U6-34
Removed Pin From Net: NetName=GND Pin=U6-36
Removed Pin From Net: NetName=GND Pin=U6-37
Removed Pin From Net: NetName=GND Pin=U6-40
Removed Pin From Net: NetName=GND Pin=U6-41
Removed Pin From Net: NetName=VCC33 Pin=U6-42
Removed Pin From Net: NetName=VCC33 Pin=U6-43
Removed Pin From Net: NetName=GND Pin=U6-45
Removed Pin From Net: NetName=GND Pin=U6-46
Removed Pin From Net: NetName=GND Pin=U6-47
Removed Pin From Net: NetName=GND Pin=U6-48
Removed Pin From Net: NetName=GND Pin=U6-70
Removed Pin From Net: NetName=GND Pin=U6-71
Removed Pin From Net: NetName=GND Pin=U6-72
Removed Pin From Net: NetName=GND Pin=U6-73
Removed Pin From Net: NetName=GND Pin=U6-88
Removed Pin From Net: NetName=GND Pin=U6-89
Removed Pin From Net: NetName=GND Pin=U6-90
Removed Pin From Net: NetName=GND Pin=U6-91
Removed Pin From Net: NetName=GND Pin=U6-92
Removed Pin From Net: NetName=GND Pin=U6-93
Removed Pin From Net: NetName=GND Pin=U6-94
Removed Pin From Net: NetName=GND Pin=U7-1
Removed Pin From Net: NetName=VCC33 Pin=U8-8
Removed Pin From Net: NetName=VCC33 Pin=U9-5
Change Component Comment : Designator=R3 Old Comment=103 New Comment=12K
Added Component: Designator=P?(HDR1X8)
Add component (AddParameter): Name = "LatestRevisionDate"; Value = "17-Jul-2002"; VariantName = "[No Variations]"
Add component (AddParameter): Name = "LatestRevisionNote"; Value = "Re-released for DXP Platform."; VariantName = "[No Variations]"
Add component (AddParameter): Name = "Publisher"; Value = "Altium Limited"; VariantName = "[No Variations]"
Added Component: Designator=P?(HDR1X2)
Add component (AddParameter): Name = "LatestRevisionDate"; Value = "17-Jul-2002"; VariantName = "[No Variations]"
Add component (AddParameter): Name = "LatestRevisionNote"; Value = "Re-released for DXP Platform."; VariantName = "[No Variations]"
Add component (AddParameter): Name = "Publisher"; Value = "Altium Limited"; VariantName = "[No Variations]"
Added Component: Designator=P?(HDR1X2)
Add component (AddParameter): Name = "LatestRevisionDate"; Value = "17-Jul-2002"; VariantName = "[No Variations]"
Add component (AddParameter): Name = "LatestRevisionNote"; Value = "Re-released for DXP Platform."; VariantName = "[No Variations]"
Add component (AddParameter): Name = "Publisher"; Value = "Altium Limited"; VariantName = "[No Variations]"
Added Pin To Net: NetName=4G_MCU_TXD Pin=P?-1
Added Pin To Net: NetName=VCC12 Pin=P?-1
Added Pin To Net: NetName=4G_MCU_RXD Pin=P?-2
Added Pin To Net: NetName=GND Pin=P?-2
Added Pin To Net: NetName=4G_Reset Pin=P?-3
Added Pin To Net: NetName=4G_MCU_TXD Pin=P?-4
Added Pin To Net: NetName=4G_MCU_RXD Pin=P?-5
Added Pin To Net: NetName=Lora_MCU_RXD Pin=P?-2
Added Pin To Net: NetName=Lora_MCU_RXD Pin=P?-8
Added Net: Name=Lora_MCU_RXD
Added Pin To Net: NetName=Lora_MCU_TXD Pin=P?-1
Added Pin To Net: NetName=Lora_MCU_TXD Pin=P?-7
Added Net: Name=Lora_MCU_TXD
Added Pin To Net: NetName=Lora_Reset Pin=P?-6
Added Net: Name=Lora_Reset
Added Member To Class: ClassName=连接 Member=Component P? Header 8
Added Member To Class: ClassName=连接 Member=Component P? Header 2
Added Member To Class: ClassName=连接 Member=Component P? Header 2
Added Member To Class: ClassName=计量 Member=Component RV1 7S561K
