Removed Pin From Net: NetName=VCC12 Pin=P2-1
Removed Pin From Net: NetName=GND Pin=P2-2
Removed Pin From Net: NetName=4G_Reset Pin=P2-3
Removed Pin From Net: NetName=4G_MCU_TXD Pin=P2-4
Removed Pin From Net: NetName=4G_MCU_RXD Pin=P2-5
Removed Pin From Net: NetName=BLE_Control Pin=P2-6
Removed Member From Class: ClassName=连接 Member=P2
Added Component: Designator=C18(0603R)
Added Component: Designator=C19(0603R)
Add Component: Footprint Not Found ANT-F-1-2.4G-1.6mmFR4-WCH
Added Component: Designator=LED1(0603LED)
Added Component: Designator=LED2(0603LED)
Added Component: Designator=Q1(SOT-23)
Added Component: Designator=R1(0603R)
Add component (AddParameter): Name = "LatestRevisionDate"; Value = "17-Jul-2002"; VariantName = "[No Variations]"
Add component (AddParameter): Name = "LatestRevisionNote"; Value = "Re-released for DXP Platform."; VariantName = "[No Variations]"
Add component (AddParameter): Name = "PackageDescription"; Value = "Axial Device, Thru-Hole; 2 Leads; 0.4 in Pin Spacing"; VariantName = "[No Variations]"
Add component (AddParameter): Name = "PackageReference"; Value = "AXIAL-0.4"; VariantName = "[No Variations]"
Add component (AddParameter): Name = "Published"; Value = "8-Jun-2000"; VariantName = "[No Variations]"
Add component (AddParameter): Name = "Publisher"; Value = "Altium Limited"; VariantName = "[No Variations]"
Added Component: Designator=R8(0603R)
Add component (AddParameter): Name = "LatestRevisionDate"; Value = "17-Jul-2002"; VariantName = "[No Variations]"
Add component (AddParameter): Name = "LatestRevisionNote"; Value = "Re-released for DXP Platform."; VariantName = "[No Variations]"
Add component (AddParameter): Name = "PackageDescription"; Value = "Axial Device, Thru-Hole; 2 Leads; 0.4 in Pin Spacing"; VariantName = "[No Variations]"
Add component (AddParameter): Name = "PackageReference"; Value = "AXIAL-0.4"; VariantName = "[No Variations]"
Add component (AddParameter): Name = "Published"; Value = "8-Jun-2000"; VariantName = "[No Variations]"
Add component (AddParameter): Name = "Publisher"; Value = "Altium Limited"; VariantName = "[No Variations]"
Added Component: Designator=R9(0603R)
Add component (AddParameter): Name = "LatestRevisionDate"; Value = "17-Jul-2002"; VariantName = "[No Variations]"
Add component (AddParameter): Name = "LatestRevisionNote"; Value = "Re-released for DXP Platform."; VariantName = "[No Variations]"
Add component (AddParameter): Name = "PackageDescription"; Value = "Axial Device, Thru-Hole; 2 Leads; 0.4 in Pin Spacing"; VariantName = "[No Variations]"
Add component (AddParameter): Name = "PackageReference"; Value = "AXIAL-0.4"; VariantName = "[No Variations]"
Add component (AddParameter): Name = "Published"; Value = "8-Jun-2000"; VariantName = "[No Variations]"
Add component (AddParameter): Name = "Publisher"; Value = "Altium Limited"; VariantName = "[No Variations]"
Added Component: Designator=R12(0603R)
Add component (AddParameter): Name = "LatestRevisionDate"; Value = "17-Jul-2002"; VariantName = "[No Variations]"
Add component (AddParameter): Name = "LatestRevisionNote"; Value = "Re-released for DXP Platform."; VariantName = "[No Variations]"
Add component (AddParameter): Name = "PackageDescription"; Value = "Axial Device, Thru-Hole; 2 Leads; 0.4 in Pin Spacing"; VariantName = "[No Variations]"
Add component (AddParameter): Name = "PackageReference"; Value = "AXIAL-0.4"; VariantName = "[No Variations]"
Add component (AddParameter): Name = "Published"; Value = "8-Jun-2000"; VariantName = "[No Variations]"
Add component (AddParameter): Name = "Publisher"; Value = "Altium Limited"; VariantName = "[No Variations]"
Added Component: Designator=R21(0603R)
Added Component: Designator=R22(0603R)
Added Component: Designator=R23(0603R)
Added Component: Designator=R24(0603R)
Added Component: Designator=R25(0603R)
Add component (AddParameter): Name = "LatestRevisionDate"; Value = "17-Jul-2002"; VariantName = "[No Variations]"
Add component (AddParameter): Name = "LatestRevisionNote"; Value = "Re-released for DXP Platform."; VariantName = "[No Variations]"
Add component (AddParameter): Name = "PackageDescription"; Value = "Axial Device, Thru-Hole; 2 Leads; 0.4 in Pin Spacing"; VariantName = "[No Variations]"
Add component (AddParameter): Name = "PackageReference"; Value = "AXIAL-0.4"; VariantName = "[No Variations]"
Add component (AddParameter): Name = "Published"; Value = "8-Jun-2000"; VariantName = "[No Variations]"
Add component (AddParameter): Name = "Publisher"; Value = "Altium Limited"; VariantName = "[No Variations]"
Added Component: Designator=U6(ESP12E)
Add component (AddParameter): Name = "Symbol"; Value = "ESP-12E"; VariantName = "[No Variations]"
Added Component: Designator=U7(CH9141K)
Add component (AddParameter): Name = "Symbol"; Value = "CH9141K"; VariantName = "[No Variations]"
Added Component: Designator=Y1(3225)
Added Pin To Net: NetName=GND Pin=C18-1
Added Pin To Net: NetName=VCC33 Pin=C18-2
Added Pin To Net: NetName=GND Pin=C19-1
Added Pin To Net: NetName=VCC33 Pin=Q1-2
Added Pin To Net: NetName=VCC33 Pin=R1-2
Added Pin To Net: NetName=VCC33 Pin=R9-2
Added Pin To Net: NetName=GND Pin=R12-2
Added Pin To Net: NetName=VCC33 Pin=R21-1
Added Pin To Net: NetName=VCC33 Pin=R22-1
Added Pin To Net: NetName=VCC33 Pin=R23-2
Added Pin To Net: NetName=BLE_Control Pin=R24-2
Added Pin To Net: NetName=VCC33 Pin=R25-2
Added Pin To Net: NetName=VCC33 Pin=U6-8
Added Pin To Net: NetName=GND Pin=U6-15
Added Pin To Net: NetName=GND Pin=U7-3
Added Pin To Net: NetName=GND Pin=U7-11
Added Pin To Net: NetName=GND Pin=Y1-2
Added Pin To Net: NetName=GND Pin=Y1-4
Added Pin To Net: NetName=BLE_MCU_RXD Pin=U7-9
Added Net: Name=BLE_MCU_RXD
Added Pin To Net: NetName=BLE_MCU_TXD Pin=U7-8
Added Net: Name=BLE_MCU_TXD
Added Pin To Net: NetName=NetC19_2 Pin=C19-2
Added Pin To Net: NetName=NetC19_2 Pin=U7-7
Added Net: Name=NetC19_2
Added Pin To Net: NetName=NetE1_1 Pin=U7-6
Added Net: Name=NetE1_1
Added Pin To Net: NetName=NetLED1_1 Pin=LED1-1
Added Pin To Net: NetName=NetLED1_1 Pin=R21-2
Added Net: Name=NetLED1_1
Added Pin To Net: NetName=NetLED2_1 Pin=LED2-1
Added Pin To Net: NetName=NetLED2_1 Pin=R22-2
Added Net: Name=NetLED2_1
Added Pin To Net: NetName=NetQ1_1 Pin=Q1-1
Added Pin To Net: NetName=NetQ1_1 Pin=R23-1
Added Pin To Net: NetName=NetQ1_1 Pin=R24-1
Added Net: Name=NetQ1_1
Added Pin To Net: NetName=NetQ1_3 Pin=Q1-3
Added Pin To Net: NetName=NetQ1_3 Pin=U7-2
Added Net: Name=NetQ1_3
Added Pin To Net: NetName=NetR1_1 Pin=R1-1
Added Pin To Net: NetName=NetR1_1 Pin=U7-10
Added Net: Name=NetR1_1
Added Pin To Net: NetName=NetR8_2 Pin=R8-2
Added Pin To Net: NetName=NetR8_2 Pin=U6-3
Added Net: Name=NetR8_2
Added Pin To Net: NetName=NetR9_1 Pin=R9-1
Added Pin To Net: NetName=NetR9_1 Pin=U6-18
Added Net: Name=NetR9_1
Added Pin To Net: NetName=NetR12_1 Pin=R12-1
Added Pin To Net: NetName=NetR12_1 Pin=U6-16
Added Net: Name=NetR12_1
Added Pin To Net: NetName=VCC3.3 Pin=R8-1
Added Net: Name=VCC3.3
Added Pin To Net: NetName=WIFI_MCU_RXD Pin=LED2-2
Added Pin To Net: NetName=WIFI_MCU_RXD Pin=P1-2
Added Pin To Net: NetName=WIFI_MCU_RXD Pin=U6-22
Added Net: Name=WIFI_MCU_RXD
Added Pin To Net: NetName=WIFI_MCU_TXD Pin=LED1-2
Added Pin To Net: NetName=WIFI_MCU_TXD Pin=P1-1
Added Pin To Net: NetName=WIFI_MCU_TXD Pin=U6-21
Added Net: Name=WIFI_MCU_TXD
Added Pin To Net: NetName=WIFI_Reset Pin=R25-1
Added Pin To Net: NetName=WIFI_Reset Pin=U6-1
Added Net: Name=WIFI_Reset
Added Pin To Net: NetName=X32MI Pin=U7-4
Added Pin To Net: NetName=X32MI Pin=Y1-1
Added Net: Name=X32MI
Added Pin To Net: NetName=X32MO Pin=U7-5
Added Pin To Net: NetName=X32MO Pin=Y1-3
Added Net: Name=X32MO
Added Member To Class: ClassName=连接 Member=Component C18 2.2uF
Added Member To Class: ClassName=连接 Member=Component C19 2.2uF
Add Class Member: Failed to add class member : Component E1 Antenna
Added Member To Class: ClassName=连接 Member=Component LED1 LED
Added Member To Class: ClassName=连接 Member=Component LED2 LED
Added Member To Class: ClassName=连接 Member=Component Q1 AO3401
Added Member To Class: ClassName=连接 Member=Component R1 10K
Added Member To Class: ClassName=连接 Member=Component R8 10K
Added Member To Class: ClassName=连接 Member=Component R9 10K
Added Member To Class: ClassName=连接 Member=Component R12 10K
Added Member To Class: ClassName=连接 Member=Component R21 1K/5%/0603
Added Member To Class: ClassName=连接 Member=Component R22 1K/5%/0603
Added Member To Class: ClassName=连接 Member=Component R23 47K/5%/0603
Added Member To Class: ClassName=连接 Member=Component R24 4.7K/5%/0603
Added Member To Class: ClassName=连接 Member=Component R25 10K
Added Member To Class: ClassName=连接 Member=Component U6 ESP8266
Added Member To Class: ClassName=连接 Member=Component U7 CH9141K
Added Member To Class: ClassName=连接 Member=Component Y1 32MHZ/8PF
