<html>
<body>
<pre>
<h1>礦ision Build Log</h1>
<h2>Tool Versions:</h2>
IDE-Version: μVision V5.38.0.0
Copyright (C) 2022 ARM Ltd and ARM Germany GmbH. All rights reserved.
License Information: 1 sangjian, 1, LIC=EXJT4-FG152-UH18H-WTNZH-TR57V-EUX1Y
 
Tool Versions:
Toolchain:       MDK-ARM Plus  Version: 5.14.0.0
Toolchain Path:  C:\Keil_v5\ARM\ARMCC\Bin
C Compiler:      Armcc.exe V5.05 update 1 (build 106)
Assembler:       Armasm.exe V5.05 update 1 (build 106)
Linker/Locator:  ArmLink.exe V5.05 update 1 (build 106)
Library Manager: ArmAr.exe V5.05 update 1 (build 106)
Hex Converter:   FromElf.exe V5.05 update 1 (build 106)
CPU DLL:         SARMCM3.DLL V5.14.0.0
Dialog DLL:      DCM.DLL V1.13.1.0
Target DLL:      Segger\JL2CM3.dll V2.99.13.0
Dialog DLL:      TCM.DLL V1.14.4.0
 
<h2>Project:</h2>
F:\上海科安迅光电\智能电表\软件代码\单相4P带屏\4G\新协议\20260512\N32G457REL7\MDK-ARM\bmHttpServer.uvprojx
Project File Date:  05/08/2026

<h2>Output:</h2>
*** Using Compiler 'V5.05 update 1 (build 106)', folder: 'C:\Keil_v5\ARM\ARMCC\Bin'
Rebuild target 'N32G45x'
assembling startup_n32g45x.s...
compiling n32g45x_bkp.c...
compiling misc.c...
compiling system_n32g45x.c...
compiling n32g45x_flash.c...
compiling n32g45x_pwr.c...
compiling n32g45x_rcc.c...
compiling n32g45x_gpio.c...
compiling n32g45x_rtc.c...
compiling n32g45x_usart.c...
compiling n32g45x_adc.c...
compiling n32g45x_tim.c...
compiling log.c...
compiling n32g45x_exti.c...
compiling main.c...
compiling V_Timer.c...
compiling n32g45x_it.c...
compiling typechange.c...
compiling RTC.c...
compiling bsp.c...
compiling usart.c...
compiling TFT.c...
compiling protection.c...
compiling delay.c...
compiling BL0942.c...
compiling Relay.c...
compiling RS485.c...
compiling CircularQueue.c...
compiling MQTT.c...
..\USR\MQTT.c(159): warning:  #167-D: argument of type "uint8_t *" is incompatible with parameter of type "const char *"
  		    if(strcmp(MqttRecBuf,"[{\"k\":\"On\",\"v\":\"0\"}]")==0)
..\USR\MQTT.c(167): warning:  #167-D: argument of type "uint8_t *" is incompatible with parameter of type "const char *"
  				if(strcmp(MqttRecBuf,"[{\"k\":\"On\",\"v\":\"1\"}]")==0)
..\USR\MQTT.c(175): warning:  #167-D: argument of type "uint8_t *" is incompatible with parameter of type "const char *"
  				if(strcmp(MqttRecBuf,"[{\"k\":\"Local\",\"v\":\"0\"}]")==0)
..\USR\MQTT.c(182): warning:  #167-D: argument of type "uint8_t *" is incompatible with parameter of type "const char *"
  				if(strcmp(MqttRecBuf,"[{\"k\":\"Local\",\"v\":\"1\"}]")==0)
..\USR\MQTT.c: 4 warnings, 0 errors
compiling Key.c...
compiling LCD_Display.c...
compiling EPROM.c...
compiling Nbiot.c...
..\USR\Nbiot.c(849): warning:  #167-D: argument of type "u8 *" is incompatible with parameter of type "const char *restrict"
  								strcat(topic,rec);
..\USR\Nbiot.c(973): warning:  #1182-D: a declaration cannot have a label
            char sendbuf[500];
..\USR\Nbiot.c(976): warning:  #167-D: argument of type "u8 *" is incompatible with parameter of type "const char *restrict"
  				  strcat(sendbuf, m_TopicTxBuf);
..\USR\Nbiot.c(978): warning:  #167-D: argument of type "u8 *" is incompatible with parameter of type "const char *restrict"
  					strcat(sendbuf, m_DataTxBuf);
..\USR\Nbiot.c(988): warning:  #167-D: argument of type "char *" is incompatible with parameter of type "u8 *"
  					Uart4Send(sendbuf, strlen(sendbuf));
..\USR\Nbiot.c(796): warning:  #177-D: variable "stringlen" was declared but never referenced
      char stringlen[40];
..\USR\Nbiot.c: 6 warnings, 0 errors
linking...
Program Size: Code=34560 RO-data=11076 RW-data=132 ZI-data=26164  
FromELF: creating hex file...
After Build - User command #1: fromelf --bin --output=.\bin\bmHttpServer.bin .\Objects\bmHttpServer.axf
".\Objects\bmHttpServer.axf" - 0 Error(s), 10 Warning(s).

<h2>Software Packages used:</h2>

Package Vendor: Nationstech
                http://www.keil.com/pack/Nationstech.N32G45x_DFP.1.0.1.pack
                Nationstech.N32G45x_DFP.1.0.1
                Nationstech N32G45x Series Device Support, Drivers and Examples

<h2>Collection of Component include folders:</h2>
  C:/Keil_v5/ARM/Pack/Nationstech/N32G45x_DFP/1.0.1/firmware/CMSIS/device

<h2>Collection of Component Files used:</h2>
Build Time Elapsed:  00:00:06
</pre>
</body>
</html>
