Component: ARM Compiler 5.05 update 1 (build 106) Tool: armlink [4d0efa]

==============================================================================

Section Cross References

    startup_n32wb03x.o(RESET) refers to startup_n32wb03x.o(STACK) for __initial_sp
    startup_n32wb03x.o(RESET) refers to startup_n32wb03x.o(.text) for Reset_Handler
    startup_n32wb03x.o(RESET) refers to n32wb03x_it.o(.text) for NMI_Handler
    startup_n32wb03x.o(RESET) refers to bsp.o(.text) for EXTI0_1_IRQHandler
    startup_n32wb03x.o(RESET) refers to timer.o(.text) for TIM3_IRQHandler
    startup_n32wb03x.o(RESET) refers to usart.o(.text) for USART1_IRQHandler
    startup_n32wb03x.o(.text) refers to system_n32wb03x.o(.text) for SystemInit
    startup_n32wb03x.o(.text) refers to entry.o(.ARM.Collect$$$$00000000) for __main
    system_n32wb03x.o(.text) refers to memcpya.o(.text) for __aeabi_memcpy
    system_n32wb03x.o(.text) refers to system_n32wb03x.o(.emb_text) for system_delay_cycles
    system_n32wb03x.o(.text) refers to system_n32wb03x.o(.constdata) for TRIM_READ_CMD_CODE
    system_n32wb03x.o(.text) refers to system_n32wb03x.o(.bss) for trim_stored
    system_n32wb03x.o(.text) refers to system_n32wb03x.o(.data) for SystemCoreClock
    n32wb03x_usart.o(.text) refers to n32wb03x_rcc.o(.text) for RCC_EnableAPB2PeriphReset
    n32wb03x_usart.o(.text) refers to uidiv.o(.text) for __aeabi_uidivmod
    n32wb03x_gpio.o(.text) refers to n32wb03x_rcc.o(.text) for RCC_EnableAPB2PeriphReset
    n32wb03x_gpio.o(.text) refers to n32wb03x_gpio.o(i.__ARM_common_switch8) for __ARM_common_switch8
    n32wb03x_rcc.o(.text) refers to n32wb03x_rcc.o(.constdata) for s_AhbPresTable
    n32wb03x_tim.o(.text) refers to n32wb03x_rcc.o(.text) for RCC_EnableAPB2PeriphReset
    n32wb03x_lpuart.o(.text) refers to n32wb03x_rcc.o(.text) for RCC_GetLpuartClkSrc
    n32wb03x_lpuart.o(.text) refers to uidiv.o(.text) for __aeabi_uidivmod
    n32wb03x_qflash.o(.text) refers to memcpya.o(.text) for __aeabi_memcpy
    n32wb03x_qflash.o(.text) refers to n32wb03x_qflash.o(.bss) for ram_qflash_cmd
    n32wb03x_qflash.o(.text) refers to n32wb03x_qflash.o(.data) for CMD_FLASH_SE
    n32wb03x_qflash.o(.text) refers to n32wb03x_qflash.o(.constdata) for const_qflash_cmd
    n32wb03x_qflash.o(.text) refers to system_n32wb03x.o(.constdata) for TRIM_READ_CMD_CODE
    main.o(.text) refers to bsp.o(.text) for BSPInit
    main.o(.text) refers to flash.o(.text) for Flash_paraInit
    main.o(.text) refers to mqtt.o(.text) for HeartInfoBegin
    main.o(.text) refers to bl0942.o(.text) for BL0942Task
    main.o(.text) refers to nbiot.o(.text) for LTE_process
    main.o(.text) refers to display.o(.text) for OLEDDisplay
    bsp.o(.text) refers to n32wb03x_rcc.o(.text) for RCC_ConfigHse
    bsp.o(.text) refers to misc.o(.text) for NVIC_Init
    bsp.o(.text) refers to mqtt.o(.text) for get_mqttlink
    bsp.o(.text) refers to v_timer.o(.text) for Vtimer_SetTimer
    bsp.o(.text) refers to n32wb03x_gpio.o(.text) for GPIO_ResetBits
    bsp.o(.text) refers to n32wb03x_exti.o(.text) for EXTI_InitPeripheral
    bsp.o(.text) refers to modbus.o(.text) for Modbus_ReadDI
    bsp.o(.text) refers to relay.o(.text) for RelayControl
    bsp.o(.text) refers to flash.o(.text) for Flash_WirteModbusDI
    bsp.o(.text) refers to timer.o(.text) for TIM3Init
    bsp.o(.text) refers to circularqueue.o(.text) for QueueInit
    bsp.o(.text) refers to usart.o(.text) for Usart1Init
    bsp.o(.text) refers to nbiot.o(.text) for LTE_ResetGpioInit
    bsp.o(.text) refers to bl0942.o(.text) for BL0942_PWRGpioInit
    bsp.o(.text) refers to rtc.o(.text) for Rtc_Init
    bsp.o(.text) refers to oled.o(.text) for OLED_Init
    bsp.o(.text) refers to system_n32wb03x.o(.text) for system_delay_n_10us
    bsp.o(.text) refers to bsp.o(.data) for ledflag
    timer.o(.text) refers to n32wb03x_tim.o(.text) for TIM_InitTimBaseStruct
    timer.o(.text) refers to n32wb03x_rcc.o(.text) for RCC_EnableAPB1PeriphClk
    timer.o(.text) refers to v_timer.o(.text) for Vtimer_UpdateHandler
    usart.o(.text) refers to n32wb03x_usart.o(.text) for USART_SendData
    usart.o(.text) refers to n32wb03x_gpio.o(.text) for GPIO_InitPeripheral
    usart.o(.text) refers to v_timer.o(.text) for Vtimer_KillTimer
    usart.o(.text) refers to bl0942.o(.text) for BL0942GetEleData
    usart.o(.text) refers to n32wb03x_lpuart.o(.text) for LPUART_Init
    usart.o(.text) refers to circularqueue.o(.text) for In_Queue
    usart.o(.text) refers to usart.o(.bss) for Uart2
    usart.o(.text) refers to circularqueue.o(.data) for MyQueue
    v_timer.o(.text) refers to v_timer.o(.bss) for sVtimer
    relay.o(.text) refers to n32wb03x_gpio.o(.text) for GPIO_InitPeripheral
    relay.o(.text) refers to bsp.o(.text) for Delay_MS
    relay.o(.text) refers to modbus.o(.text) for Modbus_ReadDI
    bl0942.o(.text) refers to v_timer.o(.text) for Vtimer_SetTimer
    bl0942.o(.text) refers to printf5.o(i.__0printf$5) for __2printf
[...]
    .ARM.Collect$$$$00000008                 0x010000c8   Section        0  entry7b.o(.ARM.Collect$$$$00000008)
    .ARM.Collect$$$$0000000A                 0x010000c8   Section        0  entry8b.o(.ARM.Collect$$$$0000000A)
    .ARM.Collect$$$$0000000B                 0x010000c8   Section        8  entry9a.o(.ARM.Collect$$$$0000000B)
    .ARM.Collect$$$$0000000D                 0x010000d0   Section        0  entry10a.o(.ARM.Collect$$$$0000000D)
    .ARM.Collect$$$$0000000F                 0x010000d0   Section        0  entry11a.o(.ARM.Collect$$$$0000000F)
    .ARM.Collect$$$$00002712                 0x010000d0   Section        4  entry2.o(.ARM.Collect$$$$00002712)
    __lit__00000000                          0x010000d0   Data           4  entry2.o(.ARM.Collect$$$$00002712)
    .emb_text                                0x010000d4   Section       14  system_n32wb03x.o(.emb_text)
    .text                                    0x010000e4   Section       28  startup_n32wb03x.o(.text)
    .text                                    0x01000100   Section        0  system_n32wb03x.o(.text)
    RCC_HsiCalib                             0x010001e3   Thumb Code   242  system_n32wb03x.o(.text)
    .text                                    0x010003c4   Section        0  n32wb03x_usart.o(.text)
    .text                                    0x01000748   Section        0  n32wb03x_it.o(.text)
    .text                                    0x01000758   Section        0  n32wb03x_gpio.o(.text)
    .text                                    0x01000c50   Section        0  n32wb03x_rcc.o(.text)
    .text                                    0x01001190   Section        0  n32wb03x_tim.o(.text)
    ConfigTI4                                0x0100149f   Thumb Code   102  n32wb03x_tim.o(.text)
    ConfigTI3                                0x01001517   Thumb Code   134  n32wb03x_tim.o(.text)
    ConfigTI2                                0x010015b1   Thumb Code    94  n32wb03x_tim.o(.text)
    ConfigTI1                                0x0100161f   Thumb Code    82  n32wb03x_tim.o(.text)
    .text                                    0x01001e20   Section        0  misc.o(.text)
    NVIC_SetPriority                         0x01001e81   Thumb Code   110  misc.o(.text)
    .text                                    0x01001efc   Section        0  n32wb03x_exti.o(.text)
    .text                                    0x01001ffc   Section        0  n32wb03x_lpuart.o(.text)
    .text                                    0x0100224c   Section        0  n32wb03x_rtc.o(.text)
    RTC_ByteToBcd2                           0x01002463   Thumb Code    28  n32wb03x_rtc.o(.text)
    RTC_Bcd2ToByte                           0x0100247f   Thumb Code    26  n32wb03x_rtc.o(.text)
    .text                                    0x01002ba0   Section        0  n32wb03x_qflash.o(.text)
    __get_PRIMASK                            0x01002e81   Thumb Code     6  n32wb03x_qflash.o(.text)
    __set_PRIMASK                            0x01002e87   Thumb Code     6  n32wb03x_qflash.o(.text)
    .text                                    0x01002eb0   Section        0  main.o(.text)
    .text                                    0x01002edc   Section        0  bsp.o(.text)
    .text                                    0x01003258   Section        0  timer.o(.text)
    .text                                    0x010032bc   Section        0  usart.o(.text)
    .text                                    0x010035e0   Section        0  v_timer.o(.text)
    .text                                    0x01003678   Section        0  relay.o(.text)
    .text                                    0x01003774   Section        0  bl0942.o(.text)
    .text                                    0x01003ba0   Section        0  nbiot.o(.text)
    .text                                    0x01004d70   Section        0  circularqueue.o(.text)
    .text                                    0x01004e94   Section        0  typechange.o(.text)
    .text                                    0x01004f90   Section        0  modbus.o(.text)
    .text                                    0x01005690   Section        0  rtc.o(.text)
    RTC_PrescalerConfig                      0x01005785   Thumb Code    28  rtc.o(.text)
    .text                                    0x010058c4   Section        0  flash.o(.text)
    .text                                    0x010060c8   Section        0  mqtt.o(.text)
    .text                                    0x01006310   Section        0  oled.o(.text)
    .text                                    0x01006900   Section        0  display.o(.text)
    .text                                    0x010069ec   Section        0  uidiv.o(.text)
    .text                                    0x01006a18   Section        0  idiv.o(.text)
    .text                                    0x01006a40   Section        0  memcpya.o(.text)
    .text                                    0x01006a64   Section        0  memseta.o(.text)
    .text                                    0x01006a88   Section        0  strstr.o(.text)
    .text                                    0x01006ab0   Section        0  strchr.o(.text)
    .text                                    0x01006ac4   Section        0  strlen.o(.text)
    .text                                    0x01006ad2   Section        0  atoi.o(.text)
    .text                                    0x01006aec   Section        0  fmul.o(.text)
    .text                                    0x01006b66   Section        0  fdiv.o(.text)
    .text                                    0x01006be4   Section        0  dmul.o(.text)
    .text                                    0x01006cb4   Section        0  ffltui.o(.text)
    .text                                    0x01006cc4   Section        0  dflti.o(.text)
    .text                                    0x01006cec   Section        0  dfltui.o(.text)
    .text                                    0x01006d08   Section        0  ffixui.o(.text)
    .text                                    0x01006d30   Section        0  dfixui.o(.text)
    .text                                    0x01006d6c   Section        0  uldiv.o(.text)
    .text                                    0x01006dcc   Section        0  llushr.o(.text)
    .text                                    0x01006df0   Section        0  strtol.o(.text)
    .text                                    0x01006e60   Section        0  iusefp.o(.text)
    .text                                    0x01006e60   Section        0  fepilogue.o(.text)
    .text                                    0x01006ee2   Section        0  depilogue.o(.text)
    .text                                    0x01006fa0   Section       36  init.o(.text)
    .text                                    0x01006fc4   Section        0  llshl.o(.text)
    .text                                    0x01006fe4   Section        0  ctype_o.o(.text)
    .text                                    0x01006fec   Section        0  _strtoul.o(.text)
    .text                                    0x01007092   Section        0  _chval.o(.text)
    .text                                    0x010070b0   Section        0  __dczerorl2.o(.text)
    i.__0printf$5                            0x01007108   Section        0  printf5.o(i.__0printf$5)
    i.__0sprintf$5                           0x01007128   Section        0  printf5.o(i.__0sprintf$5)
    i.__ARM_clz                              0x01007150   Section        0  depilogue.o(i.__ARM_clz)
    i.__ARM_common_switch8                   0x0100717e   Section        0  n32wb03x_gpio.o(i.__ARM_common_switch8)
    i.__aeabi_errno_addr                     0x0100719c   Section        0  errno.o(i.__aeabi_errno_addr)
    i.__scatterload_copy                     0x010071a4   Section       14  handlers.o(i.__scatterload_copy)
    i.__scatterload_null                     0x010071b2   Section        2  handlers.o(i.__scatterload_null)
    i.__scatterload_zeroinit                 0x010071b4   Section       14  handlers.o(i.__scatterload_zeroinit)
    i._printf_core                           0x010071c4   Section        0  printf5.o(i._printf_core)
    _printf_core                             0x010071c5   Thumb Code   688  printf5.o(i._printf_core)
    i._sputc                                 0x010074a0   Section        0  printf5.o(i._sputc)
    _sputc                                   0x010074a1   Thumb Code    10  printf5.o(i._sputc)
    i.free                                   0x010074ac   Section        0  malloc.o(i.free)
    i.malloc                                 0x01007500   Section        0  malloc.o(i.malloc)
    .constdata                               0x0100756c   Section      320  system_n32wb03x.o(.constdata)
    .constdata                               0x010076ac   Section       12  n32wb03x_rcc.o(.constdata)
    s_ApbPresTable                           0x010076ac   Data           8  n32wb03x_rcc.o(.constdata)
    s_AhbPresTable                           0x010076b4   Data           4  n32wb03x_rcc.o(.constdata)
    .constdata                               0x010076b8   Section     2020  n32wb03x_qflash.o(.constdata)
    .constdata                               0x01007e9c   Section       16  typechange.o(.constdata)
    .constdata                               0x01007eac   Section      129  ctype_o.o(.constdata)
    .constdata                               0x01007f30   Section        4  ctype_o.o(.constdata)
    table                                    0x01007f30   Data           4  ctype_o.o(.constdata)
    .data                                    0x20000000   Section        4  system_n32wb03x.o(.data)
    .data                                    0x20000004   Section       12  n32wb03x_qflash.o(.data)
    .data                                    0x20000010   Section       24  bsp.o(.data)
    state                                    0x20000023   Data           1  bsp.o(.data)
    timecnt                                  0x20000024   Data           2  bsp.o(.data)
    en_feed                                  0x20000026   Data           1  bsp.o(.data)
    status                                   0x20000027   Data           1  bsp.o(.data)
    .data                                    0x20000028   Section       16  bl0942.o(.data)
    energytemp                               0x2000002c   Data           4  bl0942.o(.data)
    fir_energry                              0x20000030   Data           4  bl0942.o(.data)
    mid_energy                               0x20000034   Data           4  bl0942.o(.data)
    .data                                    0x20000038   Section       26  nbiot.o(.data)
    state                                    0x20000048   Data           1  nbiot.o(.data)
    state                                    0x20000049   Data           1  nbiot.o(.data)
    state                                    0x2000004a   Data           1  nbiot.o(.data)
    state                                    0x2000004b   Data           1  nbiot.o(.data)
    state                                    0x2000004c   Data           1  nbiot.o(.data)
    state                                    0x2000004d   Data           1  nbiot.o(.data)
    state                                    0x2000004e   Data           1  nbiot.o(.data)
    state                                    0x2000004f   Data           1  nbiot.o(.data)
    state                                    0x20000050   Data           1  nbiot.o(.data)
    process_state                            0x20000051   Data           1  nbiot.o(.data)
    .data                                    0x20000054   Section        4  circularqueue.o(.data)
    .data                                    0x20000058   Section      619  modbus.o(.data)
    auchCRCHi                                0x200000c3   Data         256  modbus.o(.data)
    auchCRCLo                                0x200001c3   Data         256  modbus.o(.data)
    .data                                    0x200002c4   Section       26  rtc.o(.data)
    .data                                    0x200002de   Section        6  mqtt.o(.data)
    .data                                    0x200002e4   Section     2296  oled.o(.data)
    .data                                    0x20000bdc   Section        1  display.o(.data)
    .data                                    0x20000be0   Section        4  stdout.o(.data)
    .data                                    0x20000be4   Section        4  mvars.o(.data)
    .data                                    0x20000be8   Section        4  mvars.o(.data)
    .data                                    0x20000bec   Section        4  errno.o(.data)
    _errno                                   0x20000bec   Data           4  errno.o(.data)
    .bss                                     0x20000bf0   Section       52  system_n32wb03x.o(.bss)
    .bss                                     0x20000c24   Section      808  n32wb03x_qflash.o(.bss)
    ram_qflash_cmd                           0x20000c24   Data         808  n32wb03x_qflash.o(.bss)
    .bss                                     0x20000f4c   Section     4012  usart.o(.bss)
    .bss                                     0x20001ef8   Section      144  v_timer.o(.bss)
    sVtimer                                  0x20001ef8   Data         144  v_timer.o(.bss)
    .bss                                     0x20001f88   Section       44  bl0942.o(.bss)
    .bss                                     0x20001fb4   Section     2743  nbiot.o(.bss)
    .bss                                     0x20002a6c   Section       78  modbus.o(.bss)
    .bss                                     0x20002abc   Section       28  rtc.o(.bss)
    .bss                                     0x20002ad8   Section       52  flash.o(.bss)
    m_buffer                                 0x20002ad8   Data          52  flash.o(.bss)
    .bss                                     0x20002b0c   Section      500  mqtt.o(.bss)
    HEAP                                     0x20002d00   Section     4096  startup_n32wb03x.o(HEAP)
    STACK                                    0x20003d00   Section     4096  startup_n32wb03x.o(STACK)

    Global Symbols

    Symbol Name                              Value     Ov Type        Size  Object(Section)

    BuildAttributes$$THM_ISAv3M$S$PE$A:L22$X:L11$S22$IEEE1$IW$USESV6$~STKCKD$USESV7$~SHL$OTIME$ROPI$EBA8$MICROLIB$REQ8$PRES8$EABIv2 0x00000000   Number         0  anon$$obj.o ABSOLUTE
    __ARM_use_no_argv                        0x00000000   Number         0  main.o ABSOLUTE
    _printf_a                                0x00000000   Number         0  stubs.o ABSOLUTE
    _printf_c                                0x00000000   Number         0  stubs.o ABSOLUTE
    _printf_charcount                        0x00000000   Number         0  stubs.o ABSOLUTE
    _printf_d                                0x00000000   Number         0  stubs.o ABSOLUTE
    _printf_e                                0x00000000   Number         0  stubs.o ABSOLUTE
    _printf_f                                0x00000000   Number         0  stubs.o ABSOLUTE
    _printf_flags                            0x00000000   Number         0  stubs.o ABSOLUTE
    _printf_fp_dec                           0x00000000   Number         0  stubs.o ABSOLUTE
    _printf_fp_hex                           0x00000000   Number         0  stubs.o ABSOLUTE
    _printf_g                                0x00000000   Number         0  stubs.o ABSOLUTE
    _printf_i                                0x00000000   Number         0  stubs.o ABSOLUTE
    _printf_int_dec                          0x00000000   Number         0  stubs.o ABSOLUTE
    _printf_l                                0x00000000   Number         0  stubs.o ABSOLUTE
    _printf_lc                               0x00000000   Number         0  stubs.o ABSOLUTE
    _printf_ll                               0x00000000   Number         0  stubs.o ABSOLUTE
    _printf_lld                              0x00000000   Number         0  stubs.o ABSOLUTE
    _printf_lli                              0x00000000   Number         0  stubs.o ABSOLUTE
    _printf_llo                              0x00000000   Number         0  stubs.o ABSOLUTE
    _printf_llu                              0x00000000   Number         0  stubs.o ABSOLUTE
    _printf_llx                              0x00000000   Number         0  stubs.o ABSOLUTE
    _printf_longlong_dec                     0x00000000   Number         0  stubs.o ABSOLUTE
    _printf_longlong_hex                     0x00000000   Number         0  stubs.o ABSOLUTE
    _printf_longlong_oct                     0x00000000   Number         0  stubs.o ABSOLUTE
    _printf_ls                               0x00000000   Number         0  stubs.o ABSOLUTE
    _printf_mbtowc                           0x00000000   Number         0  stubs.o ABSOLUTE
    _printf_n                                0x00000000   Number         0  stubs.o ABSOLUTE
    _printf_o                                0x00000000   Number         0  stubs.o ABSOLUTE
    _printf_p                                0x00000000   Number         0  stubs.o ABSOLUTE
    _printf_percent                          0x00000000   Number         0  stubs.o ABSOLUTE
    _printf_pre_padding                      0x00000000   Number         0  stubs.o ABSOLUTE
    _printf_return_value                     0x00000000   Number         0  stubs.o ABSOLUTE
    _printf_s                                0x00000000   Number         0  stubs.o ABSOLUTE
    _printf_sizespec                         0x00000000   Number         0  stubs.o ABSOLUTE
    _printf_str                              0x00000000   Number         0  stubs.o ABSOLUTE
    _printf_truncate_signed                  0x00000000   Number         0  stubs.o ABSOLUTE
    _printf_truncate_unsigned                0x00000000   Number         0  stubs.o ABSOLUTE
    _printf_u                                0x00000000   Number         0  stubs.o ABSOLUTE
    _printf_wc                               0x00000000   Number         0  stubs.o ABSOLUTE
    _printf_wctomb                           0x00000000   Number         0  stubs.o ABSOLUTE
    _printf_widthprec                        0x00000000   Number         0  stubs.o ABSOLUTE
    _printf_x                                0x00000000   Number         0  stubs.o ABSOLUTE
    __cpp_initialize__aeabi_                  - Undefined Weak Reference
    __cxa_finalize                            - Undefined Weak Reference
    _clock_init                               - Undefined Weak Reference
    _microlib_exit                            - Undefined Weak Reference
    __Vectors_Size                           0x000000c0   Number         0  startup_n32wb03x.o ABSOLUTE
    __Vectors                                0x01000000   Data           4  startup_n32wb03x.o(RESET)
    __Vectors_End                            0x010000c0   Data           0  startup_n32wb03x.o(RESET)
    __main                                   0x010000c1   Thumb Code     0  entry.o(.ARM.Collect$$$$00000000)
    _main_stk                                0x010000c1   Thumb Code     0  entry2.o(.ARM.Collect$$$$00000001)
    _main_scatterload                        0x010000c5   Thumb Code     0  entry5.o(.ARM.Collect$$$$00000004)
    __main_after_scatterload                 0x010000c9   Thumb Code     0  entry5.o(.ARM.Collect$$$$00000004)
    _main_clock                              0x010000c9   Thumb Code     0  entry7b.o(.ARM.Collect$$$$00000008)
    _main_cpp_init                           0x010000c9   Thumb Code     0  entry8b.o(.ARM.Collect$$$$0000000A)
    _main_init                               0x010000c9   Thumb Code     0  entry9a.o(.ARM.Collect$$$$0000000B)
    __rt_final_cpp                           0x010000d1   Thumb Code     0  entry10a.o(.ARM.Collect$$$$0000000D)
    __rt_final_exit                          0x010000d1   Thumb Code     0  entry11a.o(.ARM.Collect$$$$0000000F)
    __asm___17_system_n32wb03x_c_f233b82c____REV16 0x010000d5   Thumb Code     4  system_n32wb03x.o(.emb_text)
    __asm___17_system_n32wb03x_c_f233b82c____REVSH 0x010000d9   Thumb Code     4  system_n32wb03x.o(.emb_text)
    system_delay_cycles                      0x010000dd   Thumb Code     6  system_n32wb03x.o(.emb_text)
    Reset_Handler                            0x010000e5   Thumb Code     8  startup_n32wb03x.o(.text)
    ADC_IRQHandler                           0x010000f7   Thumb Code     0  startup_n32wb03x.o(.text)
    BLE_CRYPT_IRQHandler                     0x010000f7   Thumb Code     0  startup_n32wb03x.o(.text)
    BLE_ERROR_IRQHandler                     0x010000f7   Thumb Code     0  startup_n32wb03x.o(.text)
    BLE_FIFO_IRQHandler                      0x010000f7   Thumb Code     0  startup_n32wb03x.o(.text)
    BLE_FINETGT_IRQHandler                   0x010000f7   Thumb Code     0  startup_n32wb03x.o(.text)
    BLE_HSLOT_IRQHandler                     0x010000f7   Thumb Code     0  startup_n32wb03x.o(.text)
    BLE_SLP_IRQHandler                       0x010000f7   Thumb Code     0  startup_n32wb03x.o(.text)
    BLE_SW_IRQHandler                        0x010000f7   Thumb Code     0  startup_n32wb03x.o(.text)
    BLE_TIMESTAMP_TGT1_IRQHandler            0x010000f7   Thumb Code     0  startup_n32wb03x.o(.text)
    BLE_TIMESTAMP_TGT2_IRQHandler            0x010000f7   Thumb Code     0  startup_n32wb03x.o(.text)
    DMA_Channel1_2_3_4_IRQHandler            0x010000f7   Thumb Code     0  startup_n32wb03x.o(.text)
    DMA_Channel5_IRQHandler                  0x010000f7   Thumb Code     0  startup_n32wb03x.o(.text)
    EXTI2_3_IRQHandler                       0x010000f7   Thumb Code     0  startup_n32wb03x.o(.text)
    EXTI4_12_IRQHandler                      0x010000f7   Thumb Code     0  startup_n32wb03x.o(.text)
    FLASH_IRQHandler                         0x010000f7   Thumb Code     0  startup_n32wb03x.o(.text)
    I2C1_IRQHandler                          0x010000f7   Thumb Code     0  startup_n32wb03x.o(.text)
    IRC_IRQHandler                           0x010000f7   Thumb Code     0  startup_n32wb03x.o(.text)
    KEYSCAN_IRQHandler                       0x010000f7   Thumb Code     0  startup_n32wb03x.o(.text)
    RCC_IRQHandler                           0x010000f7   Thumb Code     0  startup_n32wb03x.o(.text)
    RESERVED_IRQHandler                      0x010000f7   Thumb Code     0  startup_n32wb03x.o(.text)
    RTC_IRQHandler                           0x010000f7   Thumb Code     0  startup_n32wb03x.o(.text)
    SPI1_IRQHandler                          0x010000f7   Thumb Code     0  startup_n32wb03x.o(.text)
    SPI2_IRQHandler                          0x010000f7   Thumb Code     0  startup_n32wb03x.o(.text)
    TIM1_BRK_UP_TRG_COM_IRQHandler           0x010000f7   Thumb Code     0  startup_n32wb03x.o(.text)
    TIM1_CC_IRQHandler                       0x010000f7   Thumb Code     0  startup_n32wb03x.o(.text)
    TIM6_IRQHandler                          0x010000f7   Thumb Code     0  startup_n32wb03x.o(.text)
    WWDG_IRQHandler                          0x010000f7   Thumb Code     0  startup_n32wb03x.o(.text)
    SystemTrimValueRead                      0x01000101   Thumb Code    60  system_n32wb03x.o(.text)
    SystemTrimValueGet                       0x0100013d   Thumb Code    54  system_n32wb03x.o(.text)
    SystemGetUUID                            0x01000173   Thumb Code    56  system_n32wb03x.o(.text)
    SystemGetMacAddr                         0x010001ab   Thumb Code    56  system_n32wb03x.o(.text)
    SystemInit                               0x010002d5   Thumb Code   172  system_n32wb03x.o(.text)
    SystemCoreClockUpdate                    0x01000381   Thumb Code     8  system_n32wb03x.o(.text)
    system_delay_n_10us                      0x01000389   Thumb Code    16  system_n32wb03x.o(.text)
    USART_DeInit                             0x010003c5   Thumb Code    50  n32wb03x_usart.o(.text)
    USART_Init                               0x010003f7   Thumb Code   162  n32wb03x_usart.o(.text)
    USART_StructInit                         0x01000499   Thumb Code    24  n32wb03x_usart.o(.text)
    USART_ClockInit                          0x010004b1   Thumb Code    32  n32wb03x_usart.o(.text)
    USART_ClockStructInit                    0x010004d1   Thumb Code    12  n32wb03x_usart.o(.text)
    USART_Enable                             0x010004dd   Thumb Code    26  n32wb03x_usart.o(.text)
    USART_ConfigInt                          0x010004f7   Thumb Code    80  n32wb03x_usart.o(.text)
    USART_EnableDMA                          0x01000547   Thumb Code    20  n32wb03x_usart.o(.text)
    USART_SetAddr                            0x0100055b   Thumb Code    16  n32wb03x_usart.o(.text)
    USART_ConfigWakeUpMode                   0x0100056b   Thumb Code    16  n32wb03x_usart.o(.text)
    USART_EnableRcvWakeUp                    0x0100057b   Thumb Code    26  n32wb03x_usart.o(.text)
    USART_ConfigLINBreakDetectLength         0x01000595   Thumb Code    18  n32wb03x_usart.o(.text)
    USART_EnableLIN                          0x010005a7   Thumb Code    26  n32wb03x_usart.o(.text)
    USART_SendData                           0x010005c1   Thumb Code     8  n32wb03x_usart.o(.text)
    USART_ReceiveData                        0x010005c9   Thumb Code    10  n32wb03x_usart.o(.text)
    USART_SendBreak                          0x010005d3   Thumb Code    10  n32wb03x_usart.o(.text)
    USART_SetGuardTime                       0x010005dd   Thumb Code    16  n32wb03x_usart.o(.text)
    USART_SetPrescaler                       0x010005ed   Thumb Code    18  n32wb03x_usart.o(.text)
    USART_EnableSmartCard                    0x010005ff   Thumb Code    26  n32wb03x_usart.o(.text)
    USART_SetSmartCardNACK                   0x01000619   Thumb Code    26  n32wb03x_usart.o(.text)
    USART_EnableHalfDuplex                   0x01000633   Thumb Code    26  n32wb03x_usart.o(.text)
    USART_ConfigIrDAMode                     0x0100064d   Thumb Code    18  n32wb03x_usart.o(.text)
    USART_EnableIrDA                         0x0100065f   Thumb Code    26  n32wb03x_usart.o(.text)
    USART_GetFlagStatus                      0x01000679   Thumb Code    30  n32wb03x_usart.o(.text)
    USART_ClrFlag                            0x01000697   Thumb Code    22  n32wb03x_usart.o(.text)
    USART_GetIntStatus                       0x010006ad   Thumb Code    86  n32wb03x_usart.o(.text)
    USART_ClrIntPendingBit                   0x01000703   Thumb Code    28  n32wb03x_usart.o(.text)
    NMI_Handler                              0x01000749   Thumb Code     2  n32wb03x_it.o(.text)
    HardFault_Handler                        0x0100074b   Thumb Code     4  n32wb03x_it.o(.text)
    SVC_Handler                              0x0100074f   Thumb Code     2  n32wb03x_it.o(.text)
    PendSV_Handler                           0x01000751   Thumb Code     2  n32wb03x_it.o(.text)
    SysTick_Handler                          0x01000753   Thumb Code     2  n32wb03x_it.o(.text)
    DMA_IRQ_HANDLER                          0x01000755   Thumb Code     2  n32wb03x_it.o(.text)
    GPIO_DeInit                              0x01000759   Thumb Code    58  n32wb03x_gpio.o(.text)
    GPIO_DeInitPin                           0x01000793   Thumb Code   126  n32wb03x_gpio.o(.text)
    GPIO_AFIOInitDefault                     0x01000811   Thumb Code    20  n32wb03x_gpio.o(.text)
    GPIO_InitPeripheral                      0x01000825   Thumb Code   262  n32wb03x_gpio.o(.text)
    GPIO_InitStruct                          0x0100092b   Thumb Code    24  n32wb03x_gpio.o(.text)
    GPIO_ReadInputDataBit                    0x01000943   Thumb Code    20  n32wb03x_gpio.o(.text)
    GPIO_ReadInputData                       0x01000957   Thumb Code     8  n32wb03x_gpio.o(.text)
    GPIO_ReadOutputDataBit                   0x0100095f   Thumb Code    20  n32wb03x_gpio.o(.text)
    GPIO_ReadOutputData                      0x01000973   Thumb Code     8  n32wb03x_gpio.o(.text)
    GPIO_SetBits                             0x0100097b   Thumb Code     4  n32wb03x_gpio.o(.text)
    GPIO_ResetBits                           0x0100097f   Thumb Code     4  n32wb03x_gpio.o(.text)
    GPIO_WriteBit                            0x01000983   Thumb Code    12  n32wb03x_gpio.o(.text)
    GPIO_Write                               0x0100098f   Thumb Code     4  n32wb03x_gpio.o(.text)
    GPIO_TogglePin                           0x01000993   Thumb Code     8  n32wb03x_gpio.o(.text)
    GPIO_ConfigPinLock                       0x0100099b   Thumb Code    22  n32wb03x_gpio.o(.text)
    GPIO_ConfigEXTILine                      0x010009b1   Thumb Code   540  n32wb03x_gpio.o(.text)
    GPIO_ConfigPinRemap                      0x01000bcd   Thumb Code    86  n32wb03x_gpio.o(.text)
    AFIO_ConfigSPINSSMode                    0x01000c23   Thumb Code    32  n32wb03x_gpio.o(.text)
    RCC_DeInit                               0x01000c51   Thumb Code    76  n32wb03x_rcc.o(.text)
    RCC_ConfigHse                            0x01000c9d   Thumb Code    44  n32wb03x_rcc.o(.text)
    RCC_GetFlagStatus                        0x01000cc9   Thumb Code    58  n32wb03x_rcc.o(.text)
    RCC_WaitHseStable                        0x01000d03   Thumb Code    60  n32wb03x_rcc.o(.text)
    RCC_ConfigHsi                            0x01000d3f   Thumb Code    36  n32wb03x_rcc.o(.text)
    RCC_WaitHsiStable                        0x01000d63   Thumb Code    60  n32wb03x_rcc.o(.text)
    RCC_EnableHsi                            0x01000d9f   Thumb Code    32  n32wb03x_rcc.o(.text)
    RCC_ConfigSysclk                         0x01000dbf   Thumb Code    24  n32wb03x_rcc.o(.text)
    RCC_GetSysclkSrc                         0x01000dd7   Thumb Code    10  n32wb03x_rcc.o(.text)
    RCC_ConfigHclk                           0x01000de1   Thumb Code    28  n32wb03x_rcc.o(.text)
    RCC_ConfigPclk1                          0x01000dfd   Thumb Code    30  n32wb03x_rcc.o(.text)
    RCC_ConfigPclk2                          0x01000e1b   Thumb Code    28  n32wb03x_rcc.o(.text)
    RCC_ConfigInt                            0x01000e37   Thumb Code    32  n32wb03x_rcc.o(.text)
    RCC_ConfigTim1Clk                        0x01000e57   Thumb Code    24  n32wb03x_rcc.o(.text)
    RCC_ConfigAdcClk                         0x01000e6f   Thumb Code    28  n32wb03x_rcc.o(.text)
    RCC_ConfigLpuartClk                      0x01000e8b   Thumb Code    28  n32wb03x_rcc.o(.text)
    RCC_GetLpuartClkSrc                      0x01000ea7   Thumb Code    12  n32wb03x_rcc.o(.text)
    RCC_EnableLpuartClk                      0x01000eb3   Thumb Code    34  n32wb03x_rcc.o(.text)
    RCC_ConfigLse                            0x01000ed5   Thumb Code    56  n32wb03x_rcc.o(.text)
    RCC_EnableLsi                            0x01000f0d   Thumb Code    32  n32wb03x_rcc.o(.text)
    RCC_ConfigLSXSEL                         0x01000f2d   Thumb Code    22  n32wb03x_rcc.o(.text)
    RCC_GetRTCClkSrc                         0x01000f43   Thumb Code    10  n32wb03x_rcc.o(.text)
    RCC_EnableRtcClk                         0x01000f4d   Thumb Code    34  n32wb03x_rcc.o(.text)
    RCC_EnableRTCReset                       0x01000f6f   Thumb Code    36  n32wb03x_rcc.o(.text)
    RCC_GetClocksFreqValue                   0x01000f93   Thumb Code   140  n32wb03x_rcc.o(.text)
    RCC_EnableAHBPeriphClk                   0x0100101f   Thumb Code    70  n32wb03x_rcc.o(.text)
    RCC_EnableAPB2PeriphClk                  0x01001065   Thumb Code    28  n32wb03x_rcc.o(.text)
    RCC_EnableAPB1PeriphClk                  0x01001081   Thumb Code    28  n32wb03x_rcc.o(.text)
    RCC_EnableAHBPeriphReset                 0x0100109d   Thumb Code    28  n32wb03x_rcc.o(.text)
    RCC_EnableAPB2PeriphReset                0x010010b9   Thumb Code    28  n32wb03x_rcc.o(.text)
    RCC_EnableAPB1PeriphReset                0x010010d5   Thumb Code    28  n32wb03x_rcc.o(.text)
    RCC_ConfigMco                            0x010010f1   Thumb Code    28  n32wb03x_rcc.o(.text)
    RCC_ClrFlag                              0x0100110d   Thumb Code    24  n32wb03x_rcc.o(.text)
    RCC_GetIntStatus                         0x01001125   Thumb Code    22  n32wb03x_rcc.o(.text)
    RCC_ClrIntPendingBit                     0x0100113b   Thumb Code    12  n32wb03x_rcc.o(.text)
    RCC_Enable_ADC_CLK_SRC_AUDIOPLL          0x01001147   Thumb Code    34  n32wb03x_rcc.o(.text)
    DBG_ConfigPeriph                         0x01001169   Thumb Code    36  n32wb03x_rcc.o(.text)
    TIM_DeInit                               0x01001191   Thumb Code    76  n32wb03x_tim.o(.text)
    TIM_InitTimeBase                         0x010011dd   Thumb Code   210  n32wb03x_tim.o(.text)
    TIM_InitOc1                              0x010012af   Thumb Code   118  n32wb03x_tim.o(.text)
    TIM_InitOc2                              0x01001325   Thumb Code   132  n32wb03x_tim.o(.text)
    TIM_InitOc3                              0x010013a9   Thumb Code   132  n32wb03x_tim.o(.text)
    TIM_InitOc4                              0x0100142d   Thumb Code    94  n32wb03x_tim.o(.text)
    TIM_SetInCap4Prescaler                   0x0100148b   Thumb Code    20  n32wb03x_tim.o(.text)
    TIM_SetInCap3Prescaler                   0x01001505   Thumb Code    18  n32wb03x_tim.o(.text)
    TIM_SetInCap2Prescaler                   0x0100159d   Thumb Code    20  n32wb03x_tim.o(.text)
    TIM_SetInCap1Prescaler                   0x0100160f   Thumb Code    16  n32wb03x_tim.o(.text)
    TIM_ICInit                               0x01001671   Thumb Code   128  n32wb03x_tim.o(.text)
    TIM_ConfigPwmIc                          0x010016f1   Thumb Code   124  n32wb03x_tim.o(.text)
    TIM_ConfigBkdt                           0x0100176d   Thumb Code   112  n32wb03x_tim.o(.text)
    TIM_InitTimBaseStruct                    0x010017dd   Thumb Code    28  n32wb03x_tim.o(.text)
    TIM_InitOcStruct                         0x010017f9   Thumb Code    20  n32wb03x_tim.o(.text)
    TIM_InitIcStruct                         0x0100180d   Thumb Code    18  n32wb03x_tim.o(.text)
    TIM_InitBkdtStruct                       0x0100181f   Thumb Code    18  n32wb03x_tim.o(.text)
    TIM_Enable                               0x01001831   Thumb Code    24  n32wb03x_tim.o(.text)
    TIM_EnableCtrlPwmOutputs                 0x01001849   Thumb Code    34  n32wb03x_tim.o(.text)
    TIM_ConfigInt                            0x0100186b   Thumb Code    20  n32wb03x_tim.o(.text)
    TIM_GenerateEvent                        0x0100187f   Thumb Code     4  n32wb03x_tim.o(.text)
    TIM_ConfigDma                            0x01001883   Thumb Code    12  n32wb03x_tim.o(.text)
    TIM_EnableDma                            0x0100188f   Thumb Code    20  n32wb03x_tim.o(.text)
    TIM_ConfigInternalClk                    0x010018a3   Thumb Code    12  n32wb03x_tim.o(.text)
    TIM_SelectInputTrig                      0x010018af   Thumb Code    22  n32wb03x_tim.o(.text)
    TIM_ConfigInternalTrigToExt              0x010018c5   Thumb Code    24  n32wb03x_tim.o(.text)
    TIM_ConfigExtTrigAsClk                   0x010018dd   Thumb Code    58  n32wb03x_tim.o(.text)
    TIM_ConfigExtTrig                        0x01001917   Thumb Code    24  n32wb03x_tim.o(.text)
    TIM_ConfigExtClkMode1                    0x0100192f   Thumb Code    48  n32wb03x_tim.o(.text)
    TIM_ConfigExtClkMode2                    0x0100195f   Thumb Code    54  n32wb03x_tim.o(.text)
    TIM_ConfigPrescaler                      0x01001995   Thumb Code     6  n32wb03x_tim.o(.text)
    TIM_ConfigCntMode                        0x0100199b   Thumb Code    26  n32wb03x_tim.o(.text)
    TIM_ConfigEncoderInterface               0x010019b5   Thumb Code    64  n32wb03x_tim.o(.text)
    TIM_ConfigForcedOc1                      0x010019f5   Thumb Code    22  n32wb03x_tim.o(.text)
    TIM_ConfigForcedOc2                      0x01001a0b   Thumb Code    20  n32wb03x_tim.o(.text)
    TIM_ConfigForcedOc3                      0x01001a1f   Thumb Code    22  n32wb03x_tim.o(.text)
    TIM_ConfigForcedOc4                      0x01001a35   Thumb Code    20  n32wb03x_tim.o(.text)
    TIM_ConfigArPreload                      0x01001a49   Thumb Code    24  n32wb03x_tim.o(.text)
    TIM_SelectComEvt                         0x01001a61   Thumb Code    24  n32wb03x_tim.o(.text)
    TIM_SelectCapCmpDmaSrc                   0x01001a79   Thumb Code    24  n32wb03x_tim.o(.text)
    TIM_EnableCapCmpPreloadControl           0x01001a91   Thumb Code    24  n32wb03x_tim.o(.text)
    TIM_EnableOc1Preload                     0x01001aa9   Thumb Code    22  n32wb03x_tim.o(.text)
    TIM_ConfigOc2Preload                     0x01001abf   Thumb Code    20  n32wb03x_tim.o(.text)
    TIM_ConfigOc3Preload                     0x01001ad3   Thumb Code    22  n32wb03x_tim.o(.text)
    TIM_ConfigOc4Preload                     0x01001ae9   Thumb Code    20  n32wb03x_tim.o(.text)
    TIM_ConfigOc1Fast                        0x01001afd   Thumb Code    22  n32wb03x_tim.o(.text)
    TIM_ConfigOc2Fast                        0x01001b13   Thumb Code    22  n32wb03x_tim.o(.text)
    TIM_ConfigOc3Fast                        0x01001b29   Thumb Code    22  n32wb03x_tim.o(.text)
    TIM_ConfigOc4Fast                        0x01001b3f   Thumb Code    22  n32wb03x_tim.o(.text)
    TIM_ClrOc1Ref                            0x01001b55   Thumb Code    22  n32wb03x_tim.o(.text)
    TIM_ClrOc2Ref                            0x01001b6b   Thumb Code    20  n32wb03x_tim.o(.text)
    TIM_ClrOc3Ref                            0x01001b7f   Thumb Code    22  n32wb03x_tim.o(.text)
    TIM_ClrOc4Ref                            0x01001b95   Thumb Code    20  n32wb03x_tim.o(.text)
    TIM_ConfigOc1Polarity                    0x01001ba9   Thumb Code    26  n32wb03x_tim.o(.text)
    TIM_ConfigOc1NPolarity                   0x01001bc3   Thumb Code    26  n32wb03x_tim.o(.text)
    TIM_ConfigOc2Polarity                    0x01001bdd   Thumb Code    24  n32wb03x_tim.o(.text)
    TIM_ConfigOc2NPolarity                   0x01001bf5   Thumb Code    24  n32wb03x_tim.o(.text)
    TIM_ConfigOc3Polarity                    0x01001c0d   Thumb Code    26  n32wb03x_tim.o(.text)
    TIM_ConfigOc3NPolarity                   0x01001c27   Thumb Code    26  n32wb03x_tim.o(.text)
    TIM_ConfigOc4Polarity                    0x01001c41   Thumb Code    26  n32wb03x_tim.o(.text)
    TIM_EnableCapCmpCh                       0x01001c5b   Thumb Code    28  n32wb03x_tim.o(.text)
    TIM_EnableCapCmpChN                      0x01001c77   Thumb Code    28  n32wb03x_tim.o(.text)
    TIM_SelectOcMode                         0x01001c93   Thumb Code    86  n32wb03x_tim.o(.text)
    TIM_EnableUpdateEvt                      0x01001ce9   Thumb Code    24  n32wb03x_tim.o(.text)
    TIM_ConfigUpdateRequestIntSrc            0x01001d01   Thumb Code    24  n32wb03x_tim.o(.text)
    TIM_SelectHallSensor                     0x01001d19   Thumb Code    24  n32wb03x_tim.o(.text)
    TIM_SelectOnePulseMode                   0x01001d31   Thumb Code    16  n32wb03x_tim.o(.text)
    TIM_SelectOutputTrig                     0x01001d41   Thumb Code    16  n32wb03x_tim.o(.text)
    TIM_SelectSlaveMode                      0x01001d51   Thumb Code    16  n32wb03x_tim.o(.text)
    TIM_SelectMasterSlaveMode                0x01001d61   Thumb Code    18  n32wb03x_tim.o(.text)
    TIM_SetCnt                               0x01001d73   Thumb Code     4  n32wb03x_tim.o(.text)
    TIM_SetAutoReload                        0x01001d77   Thumb Code     4  n32wb03x_tim.o(.text)
    TIM_SetCmp1                              0x01001d7b   Thumb Code     4  n32wb03x_tim.o(.text)
    TIM_SetCmp2                              0x01001d7f   Thumb Code     4  n32wb03x_tim.o(.text)
    TIM_SetCmp3                              0x01001d83   Thumb Code     4  n32wb03x_tim.o(.text)
    TIM_SetCmp4                              0x01001d87   Thumb Code     6  n32wb03x_tim.o(.text)
    TIM_SetClkDiv                            0x01001d8d   Thumb Code    18  n32wb03x_tim.o(.text)
    TIM_GetCap1                              0x01001d9f   Thumb Code    22  n32wb03x_tim.o(.text)
    TIM_GetCap2                              0x01001db5   Thumb Code     6  n32wb03x_tim.o(.text)
    TIM_GetCap3                              0x01001dbb   Thumb Code     6  n32wb03x_tim.o(.text)
    TIM_GetCap4                              0x01001dc1   Thumb Code     8  n32wb03x_tim.o(.text)
    TIM_GetCnt                               0x01001dc9   Thumb Code     6  n32wb03x_tim.o(.text)
    TIM_GetPrescaler                         0x01001dcf   Thumb Code     6  n32wb03x_tim.o(.text)
    TIM_GetFlagStatus                        0x01001dd5   Thumb Code    20  n32wb03x_tim.o(.text)
    TIM_ClearFlag                            0x01001de9   Thumb Code     8  n32wb03x_tim.o(.text)
    TIM_GetIntStatus                         0x01001df1   Thumb Code    38  n32wb03x_tim.o(.text)
    TIM_ClrIntPendingBit                     0x01001e17   Thumb Code     8  n32wb03x_tim.o(.text)
    NVIC_Init                                0x01001e21   Thumb Code    64  misc.o(.text)
    SysTick_CLKSourceConfig                  0x01001e61   Thumb Code    32  misc.o(.text)
    EXTI_DeInit                              0x01001efd   Thumb Code    18  n32wb03x_exti.o(.text)
    EXTI_InitPeripheral                      0x01001f0f   Thumb Code   132  n32wb03x_exti.o(.text)
    EXTI_InitStruct                          0x01001f93   Thumb Code    16  n32wb03x_exti.o(.text)
    EXTI_TriggerSWInt                        0x01001fa3   Thumb Code    12  n32wb03x_exti.o(.text)
    EXTI_GetStatusFlag                       0x01001faf   Thumb Code    22  n32wb03x_exti.o(.text)
    EXTI_ClrStatusFlag                       0x01001fc5   Thumb Code     6  n32wb03x_exti.o(.text)
    EXTI_GetITStatus                         0x01001fcb   Thumb Code    36  n32wb03x_exti.o(.text)
    EXTI_ClrITPendBit                        0x01001fef   Thumb Code     6  n32wb03x_exti.o(.text)
    LPUART_DeInit                            0x01001ffd   Thumb Code    34  n32wb03x_lpuart.o(.text)
    LPUART_ConfigSamplingMethod              0x0100201f   Thumb Code    16  n32wb03x_lpuart.o(.text)
    LPUART_Init                              0x0100202f   Thumb Code   248  n32wb03x_lpuart.o(.text)
    LPUART_StructInit                        0x01002127   Thumb Code    24  n32wb03x_lpuart.o(.text)
    LPUART_GetFlagStatus                     0x0100213f   Thumb Code    20  n32wb03x_lpuart.o(.text)
    LPUART_FlushRxFifo                       0x01002153   Thumb Code    36  n32wb03x_lpuart.o(.text)
    LPUART_ConfigInt                         0x01002177   Thumb Code    24  n32wb03x_lpuart.o(.text)
    LPUART_EnableDMA                         0x0100218f   Thumb Code    20  n32wb03x_lpuart.o(.text)
    LPUART_ConfigWakeUpMethod                0x010021a3   Thumb Code    16  n32wb03x_lpuart.o(.text)
    LPUART_EnableWakeUpStop                  0x010021b3   Thumb Code    26  n32wb03x_lpuart.o(.text)
    LPUART_EnableLoopBack                    0x010021cd   Thumb Code    24  n32wb03x_lpuart.o(.text)
    LPUART_SendData                          0x010021e5   Thumb Code     4  n32wb03x_lpuart.o(.text)
    LPUART_ReceiveData                       0x010021e9   Thumb Code     6  n32wb03x_lpuart.o(.text)
    LPUART_ConfigWakeUpData                  0x010021ef   Thumb Code     4  n32wb03x_lpuart.o(.text)
    LPUART_ClrFlag                           0x010021f3   Thumb Code     4  n32wb03x_lpuart.o(.text)
    LPUART_GetIntStatus                      0x010021f7   Thumb Code    46  n32wb03x_lpuart.o(.text)
    LPUART_ClrIntPendingBit                  0x01002225   Thumb Code     8  n32wb03x_lpuart.o(.text)
    RTC_EnableWriteProtection                0x0100224d   Thumb Code    42  n32wb03x_rtc.o(.text)
    RTC_WaitForSynchro                       0x01002277   Thumb Code    84  n32wb03x_rtc.o(.text)
    RTC_ExitInitMode                         0x010022cb   Thumb Code    14  n32wb03x_rtc.o(.text)
    RTC_EnterInitMode                        0x010022d9   Thumb Code    88  n32wb03x_rtc.o(.text)
    RTC_DeInit                               0x01002331   Thumb Code   164  n32wb03x_rtc.o(.text)
    RTC_Init                                 0x010023d5   Thumb Code    80  n32wb03x_rtc.o(.text)
    RTC_StructInit                           0x01002425   Thumb Code    14  n32wb03x_rtc.o(.text)
    RTC_EnableBypassShadow                   0x01002433   Thumb Code    48  n32wb03x_rtc.o(.text)
    RTC_ConfigTime                           0x01002499   Thumb Code   204  n32wb03x_rtc.o(.text)
    RTC_TimeStructInit                       0x01002565   Thumb Code    12  n32wb03x_rtc.o(.text)
    RTC_GetTime                              0x01002571   Thumb Code    84  n32wb03x_rtc.o(.text)
    RTC_GetSubSecond                         0x010025c5   Thumb Code    10  n32wb03x_rtc.o(.text)
    RTC_SetDate                              0x010025cf   Thumb Code   218  n32wb03x_rtc.o(.text)
    RTC_DateStructInit                       0x010026a9   Thumb Code    14  n32wb03x_rtc.o(.text)
    RTC_GetDate                              0x010026b7   Thumb Code    84  n32wb03x_rtc.o(.text)
    RTC_SetAlarm                             0x0100270b   Thumb Code   222  n32wb03x_rtc.o(.text)
    RTC_AlarmStructInit                      0x010027e9   Thumb Code    22  n32wb03x_rtc.o(.text)
    RTC_GetAlarm                             0x010027ff   Thumb Code   120  n32wb03x_rtc.o(.text)
    RTC_EnableAlarm                          0x01002877   Thumb Code   106  n32wb03x_rtc.o(.text)
    RTC_ConfigAlarmSubSecond                 0x010028e1   Thumb Code    44  n32wb03x_rtc.o(.text)
    RTC_GetAlarmSubSecond                    0x0100290d   Thumb Code    24  n32wb03x_rtc.o(.text)
    RTC_ConfigWakeUpClock                    0x01002925   Thumb Code    38  n32wb03x_rtc.o(.text)
    RTC_SetWakeUpCounter                     0x0100294b   Thumb Code    22  n32wb03x_rtc.o(.text)
    RTC_GetWakeUpCounter                     0x01002961   Thumb Code     8  n32wb03x_rtc.o(.text)
    RTC_EnableWakeUp                         0x01002969   Thumb Code   110  n32wb03x_rtc.o(.text)
    RTC_ConfigDayLightSaving                 0x010029d7   Thumb Code    48  n32wb03x_rtc.o(.text)
    RTC_GetStoreOperation                    0x01002a07   Thumb Code    12  n32wb03x_rtc.o(.text)
    RTC_ConfigSmoothCalib                    0x01002a13   Thumb Code   110  n32wb03x_rtc.o(.text)
    RTC_ConfigSynchroShift                   0x01002a81   Thumb Code    98  n32wb03x_rtc.o(.text)
    RTC_ConfigInt                            0x01002ae3   Thumb Code    46  n32wb03x_rtc.o(.text)
    RTC_GetFlagStatus                        0x01002b11   Thumb Code    34  n32wb03x_rtc.o(.text)
    RTC_ClrFlag                              0x01002b33   Thumb Code    26  n32wb03x_rtc.o(.text)
    RTC_GetITStatus                          0x01002b4d   Thumb Code    46  n32wb03x_rtc.o(.text)
    RTC_ClrIntPendingBit                     0x01002b7b   Thumb Code    30  n32wb03x_rtc.o(.text)
    Qflash_Init                              0x01002ba1   Thumb Code    36  n32wb03x_qflash.o(.text)
    Qflash_Erase_Sector                      0x01002bc5   Thumb Code    52  n32wb03x_qflash.o(.text)
    Qflash_Write                             0x01002bf9   Thumb Code    60  n32wb03x_qflash.o(.text)
    Qflash_Read                              0x01002c35   Thumb Code    60  n32wb03x_qflash.o(.text)
    OTPTrim_Read                             0x01002c71   Thumb Code   126  n32wb03x_qflash.o(.text)
    OTPTrim_Write                            0x01002cef   Thumb Code   174  n32wb03x_qflash.o(.text)
    OTPTrim_Erase                            0x01002d9d   Thumb Code   114  n32wb03x_qflash.o(.text)
    OTPTrim_Lock                             0x01002e0f   Thumb Code   114  n32wb03x_qflash.o(.text)
    main                                     0x01002eb1   Thumb Code    44  main.o(.text)
    RCC_Configuration                        0x01002edd   Thumb Code    58  bsp.o(.text)
    NVIC_Configuration                       0x01002f17   Thumb Code    74  bsp.o(.text)
    LedFlag                                  0x01002f61   Thumb Code    36  bsp.o(.text)
    LedTask                                  0x01002f85   Thumb Code    66  bsp.o(.text)
    LedInit                                  0x01002fc7   Thumb Code    66  bsp.o(.text)
    Dog_Feed                                 0x01003009   Thumb Code   124  bsp.o(.text)
    EnableDog                                0x01003085   Thumb Code    34  bsp.o(.text)
    Dog                                      0x010030a7   Thumb Code     8  bsp.o(.text)
    Key_gpioInit                             0x010030af   Thumb Code    66  bsp.o(.text)
    ModeInput_gpioInit                       0x010030f1   Thumb Code     2  bsp.o(.text)
    EXTI0_1_IRQHandler                       0x010030f3   Thumb Code   102  bsp.o(.text)
    ModeInput_Check                          0x01003159   Thumb Code    40  bsp.o(.text)
    BSPInit                                  0x01003181   Thumb Code    68  bsp.o(.text)
    BSPTask                                  0x010031c5   Thumb Code    24  bsp.o(.text)
    Delay_ms                                 0x010031dd   Thumb Code    26  bsp.o(.text)
    Delay_MS                                 0x010031f7   Thumb Code    24  bsp.o(.text)
    Delay_100uS                              0x0100320f   Thumb Code    24  bsp.o(.text)
    TIM3Init                                 0x01003259   Thumb Code    66  timer.o(.text)
    TIM3_IRQHandler                          0x0100329b   Thumb Code    28  timer.o(.text)
    fputc                                    0x010032bd   Thumb Code    40  usart.o(.text)
    Usart2gpioInit                           0x010032e5   Thumb Code    44  usart.o(.text)
    Usart2Init                               0x01003311   Thumb Code    56  usart.o(.text)
    Usart2_RxOverTime                        0x01003349   Thumb Code    16  usart.o(.text)
    Uart2ClearRxBuf                          0x01003359   Thumb Code    32  usart.o(.text)
    Uart2_UartStaus                          0x01003379   Thumb Code    14  usart.o(.text)
    Uart2_SendData                           0x01003387   Thumb Code    44  usart.o(.text)
    USART2_IRQHandler                        0x010033b3   Thumb Code    76  usart.o(.text)
    Uart2Task                                0x010033ff   Thumb Code    82  usart.o(.text)
    LPUartgpioInit                           0x01003451   Thumb Code    50  usart.o(.text)
    LPUartInit                               0x01003483   Thumb Code    50  usart.o(.text)
    Usart1gpioInit                           0x010034b5   Thumb Code    48  usart.o(.text)
    Usart1Init                               0x010034e5   Thumb Code    56  usart.o(.text)
    Usart1_RxOverTime                        0x0100351d   Thumb Code    16  usart.o(.text)
    Uart1ClearRxBuf                          0x0100352d   Thumb Code    32  usart.o(.text)
    Uart1_UartStaus                          0x0100354d   Thumb Code    14  usart.o(.text)
    LPUart_SendData                          0x0100355b   Thumb Code    52  usart.o(.text)
    USART1_IRQHandler                        0x0100358f   Thumb Code     2  usart.o(.text)
    LPUART1_IRQHandler                       0x01003591   Thumb Code    36  usart.o(.text)
    Vtimer_Init                              0x010035e1   Thumb Code    28  v_timer.o(.text)
    Vtimer_SetTimer                          0x010035fd   Thumb Code    16  v_timer.o(.text)
    Vtimer_KillTimer                         0x0100360d   Thumb Code    16  v_timer.o(.text)
    Vtimer_TimerElapsed                      0x0100361d   Thumb Code    20  v_timer.o(.text)
    Vtimer_UpdateHandler                     0x01003631   Thumb Code    66  v_timer.o(.text)
    Delay                                    0x01003679   Thumb Code    14  relay.o(.text)
    RelayLedInit                             0x01003687   Thumb Code    32  relay.o(.text)
    RelayInit                                0x010036a7   Thumb Code    44  relay.o(.text)
    RelayControl                             0x010036d3   Thumb Code   132  relay.o(.text)
    GateStatus                               0x01003757   Thumb Code    20  relay.o(.text)
    ReadBL0942EleFlag                        0x01003775   Thumb Code    22  bl0942.o(.text)
    BL0942_RegInit                           0x0100378b   Thumb Code    10  bl0942.o(.text)
    BL0942_HardReset                         0x01003795   Thumb Code    28  bl0942.o(.text)
    BL0942_PWRGpioInit                       0x010037b1   Thumb Code    50  bl0942.o(.text)
    BL0942WriteData                          0x010037e3   Thumb Code    76  bl0942.o(.text)
    BL0942ReadData                           0x0100382f   Thumb Code    24  bl0942.o(.text)
    BL0942ReadEleData                        0x01003847   Thumb Code    32  bl0942.o(.text)
    BL0942GetEleData                         0x01003867   Thumb Code   558  bl0942.o(.text)
    BL0942Task                               0x01003a95   Thumb Code    12  bl0942.o(.text)
    QueryLteState                            0x01003ba1   Thumb Code     6  nbiot.o(.text)
    GetLTESendstatus                         0x01003ba7   Thumb Code    16  nbiot.o(.text)
    Set_LTE_SendData                         0x01003bb7   Thumb Code    70  nbiot.o(.text)
    NB_Set_TimeOut                           0x01003bfd   Thumb Code     8  nbiot.o(.text)
    NB_Check_TimeOutTimer                    0x01003c05   Thumb Code    22  nbiot.o(.text)
    NB_Start_TimeOutTimer                    0x01003c1b   Thumb Code    22  nbiot.o(.text)
    NB_ReSet_TimeOutTimer                    0x01003c31   Thumb Code    16  nbiot.o(.text)
    NB_ClearRxBuf                            0x01003c41   Thumb Code    30  nbiot.o(.text)
    LTE_REBOOT                               0x01003c5f   Thumb Code    14  nbiot.o(.text)
    LTE_ResetGpioInit                        0x01003c6d   Thumb Code    36  nbiot.o(.text)
    LTE_Reset                                0x01003c91   Thumb Code   140  nbiot.o(.text)
    Query_Sim                                0x01003d1d   Thumb Code   516  nbiot.o(.text)
    Query_Network_Reg_Status                 0x01003f21   Thumb Code   340  nbiot.o(.text)
    Query_Network_Attach_Status              0x01004075   Thumb Code   152  nbiot.o(.text)
    SetPDP_Context                           0x0100410d   Thumb Code   148  nbiot.o(.text)
    Activate_PDP_Context                     0x010041a1   Thumb Code   148  nbiot.o(.text)
    LTE_CCLK                                 0x01004235   Thumb Code   332  nbiot.o(.text)
    MQTT_Creat                               0x01004381   Thumb Code   934  nbiot.o(.text)
    LTE_ReceiveSendData                      0x01004727   Thumb Code  1128  nbiot.o(.text)
    LTE_process                              0x01004b8f   Thumb Code   390  nbiot.o(.text)
    CreatQueue                               0x01004d71   Thumb Code    42  circularqueue.o(.text)
    Free_Queue                               0x01004d9b   Thumb Code    24  circularqueue.o(.text)
    In_Queue                                 0x01004db3   Thumb Code    42  circularqueue.o(.text)
    Out_Queue                                0x01004ddd   Thumb Code    40  circularqueue.o(.text)
    Queue_len                                0x01004e05   Thumb Code    24  circularqueue.o(.text)
    Queue_len_Left                           0x01004e1d   Thumb Code    30  circularqueue.o(.text)
    Queue_len_Total                          0x01004e3b   Thumb Code     8  circularqueue.o(.text)
    Fiforead                                 0x01004e43   Thumb Code    30  circularqueue.o(.text)
    Fifowrite                                0x01004e61   Thumb Code    30  circularqueue.o(.text)
    QueueInit                                0x01004e7f   Thumb Code    14  circularqueue.o(.text)
    hexstring_from_data                      0x01004e95   Thumb Code    78  typechange.o(.text)
    Hex2Ascii                                0x01004ee3   Thumb Code    52  typechange.o(.text)
    Ascii2Hex                                0x01004f17   Thumb Code    88  typechange.o(.text)
    Ascii2Dec                                0x01004f6f   Thumb Code    30  typechange.o(.text)
    crc16                                    0x01004f91   Thumb Code    48  modbus.o(.text)
    Modbus_WirteDI                           0x01004fc1   Thumb Code    42  modbus.o(.text)
    Modbus_ReadDI                            0x01004feb   Thumb Code    30  modbus.o(.text)
    Modbus_Readremain                        0x01005009   Thumb Code    10  modbus.o(.text)
    Modbus_Wrietemain                        0x01005013   Thumb Code     8  modbus.o(.text)
    Modbus_WrieteInput                       0x0100501b   Thumb Code     8  modbus.o(.text)
    Modbus_Readinput                         0x01005023   Thumb Code    10  modbus.o(.text)
    ModbusSendAll                            0x0100502d   Thumb Code   296  modbus.o(.text)
    ModbusClearRxbuffer                      0x01005155   Thumb Code    32  modbus.o(.text)
    ModbusDataHandle                         0x01005175   Thumb Code  1286  modbus.o(.text)
    RTC_DateShow                             0x01005691   Thumb Code    12  rtc.o(.text)
    RTC_TimeShow                             0x0100569d   Thumb Code    16  rtc.o(.text)
    RTC_DateAndTimeDefaultVale               0x010056ad   Thumb Code    38  rtc.o(.text)
    RTC_DateRegulate                         0x010056d3   Thumb Code    94  rtc.o(.text)
    RTC_TimeRegulate                         0x01005731   Thumb Code    84  rtc.o(.text)
    RTC_CLKSourceConfig                      0x010057a1   Thumb Code   126  rtc.o(.text)
    rtc_flag                                 0x0100581f   Thumb Code    22  rtc.o(.text)
    Rtc_Init                                 0x01005835   Thumb Code    42  rtc.o(.text)
    Rtc_Timeset                              0x0100585f   Thumb Code    22  rtc.o(.text)
    Rtc_Task                                 0x01005875   Thumb Code    22  rtc.o(.text)
    Rtc_Set                                  0x0100588b   Thumb Code     8  rtc.o(.text)
    Rtc_SetStatus                            0x01005893   Thumb Code     6  rtc.o(.text)
    Flash_WirteResetData                     0x010058c5   Thumb Code   172  flash.o(.text)
    Flash_ReadModbusRemain                   0x01005971   Thumb Code   608  flash.o(.text)
    Flash_ReadModbusDI                       0x01005bd1   Thumb Code    86  flash.o(.text)
    Flash_paraInit                           0x01005c27   Thumb Code    92  flash.o(.text)
    Flash_WirteModbusDI                      0x01005c83   Thumb Code   494  flash.o(.text)
    Flash_WirteModbusRemain                  0x01005e71   Thumb Code   294  flash.o(.text)
    Flash_write_resetEnergy                  0x01005f97   Thumb Code   288  flash.o(.text)
    sysparainit                              0x010060b7   Thumb Code     8  flash.o(.text)
    get_mqttlink                             0x010060c9   Thumb Code     6  mqtt.o(.text)
    HeartInfoBeatflag                        0x010060cf   Thumb Code    20  mqtt.o(.text)
    HeartInfoBegin                           0x010060e3   Thumb Code    14  mqtt.o(.text)
    HeartInfo                                0x010060f1   Thumb Code   124  mqtt.o(.text)
    HeartInfoLimit                           0x0100616d   Thumb Code    66  mqtt.o(.text)
    HeartStatusflag                          0x010061af   Thumb Code    20  mqtt.o(.text)
    HeartStausBegin                          0x010061c3   Thumb Code    14  mqtt.o(.text)
    HeartStatus                              0x010061d1   Thumb Code    30  mqtt.o(.text)
    MqttrecedataHandle                       0x010061ef   Thumb Code   204  mqtt.o(.text)
    IIC_delay                                0x01006311   Thumb Code    16  oled.o(.text)
    I2C_Stop                                 0x01006321   Thumb Code    36  oled.o(.text)
    I2C_WaitAck                              0x01006345   Thumb Code    42  oled.o(.text)
    Send_Byte                                0x0100636f   Thumb Code    76  oled.o(.text)
    I2C_Start                                0x010063bb   Thumb Code    52  oled.o(.text)
    OLED_WR_Byte                             0x010063ef   Thumb Code    58  oled.o(.text)
    OLED_ColorTurn                           0x01006429   Thumb Code    30  oled.o(.text)
    OLED_DisplayTurn                         0x01006447   Thumb Code    46  oled.o(.text)
    OLED_Set_Pos                             0x01006475   Thumb Code    46  oled.o(.text)
    OLED_DisPlay_On                          0x010064a3   Thumb Code    28  oled.o(.text)
    OLED_DisPlay_Off                         0x010064bf   Thumb Code    28  oled.o(.text)
    OLED_Clear                               0x010064db   Thumb Code    64  oled.o(.text)
    OLED_ShowChar                            0x0100651b   Thumb Code   192  oled.o(.text)
    oled_pow                                 0x010065db   Thumb Code    26  oled.o(.text)
    OLED_ShowNum                             0x010065f5   Thumb Code   164  oled.o(.text)
    OLED_ShowString                          0x01006699   Thumb Code    64  oled.o(.text)
    OLED_ShowChinese                         0x010066d9   Thumb Code   130  oled.o(.text)
    OLED_DrawBMP                             0x0100675b   Thumb Code   114  oled.o(.text)
    OLED_Init                                0x010067cd   Thumb Code   292  oled.o(.text)
    disflag                                  0x01006901   Thumb Code    20  display.o(.text)
    OLEDDisplay                              0x01006915   Thumb Code   160  display.o(.text)
    __aeabi_uidiv                            0x010069ed   Thumb Code     0  uidiv.o(.text)
    __aeabi_uidivmod                         0x010069ed   Thumb Code    44  uidiv.o(.text)
    __aeabi_idiv                             0x01006a19   Thumb Code     0  idiv.o(.text)
    __aeabi_idivmod                          0x01006a19   Thumb Code    40  idiv.o(.text)
    __aeabi_memcpy                           0x01006a41   Thumb Code    36  memcpya.o(.text)
    __aeabi_memcpy4                          0x01006a41   Thumb Code     0  memcpya.o(.text)
    __aeabi_memcpy8                          0x01006a41   Thumb Code     0  memcpya.o(.text)
    __aeabi_memset                           0x01006a65   Thumb Code    14  memseta.o(.text)
    __aeabi_memset4                          0x01006a65   Thumb Code     0  memseta.o(.text)
    __aeabi_memset8                          0x01006a65   Thumb Code     0  memseta.o(.text)
    __aeabi_memclr                           0x01006a73   Thumb Code     4  memseta.o(.text)
    __aeabi_memclr4                          0x01006a73   Thumb Code     0  memseta.o(.text)
    __aeabi_memclr8                          0x01006a73   Thumb Code     0  memseta.o(.text)
    _memset$wrapper                          0x01006a77   Thumb Code    18  memseta.o(.text)
    strstr                                   0x01006a89   Thumb Code    40  strstr.o(.text)
    strchr                                   0x01006ab1   Thumb Code    20  strchr.o(.text)
    strlen                                   0x01006ac5   Thumb Code    14  strlen.o(.text)
    atoi                                     0x01006ad3   Thumb Code    26  atoi.o(.text)
    __aeabi_fmul                             0x01006aed   Thumb Code   122  fmul.o(.text)
    __aeabi_fdiv                             0x01006b67   Thumb Code   124  fdiv.o(.text)
    __aeabi_dmul                             0x01006be5   Thumb Code   202  dmul.o(.text)
    __aeabi_ui2f                             0x01006cb5   Thumb Code    14  ffltui.o(.text)
    __aeabi_i2d                              0x01006cc5   Thumb Code    34  dflti.o(.text)
    __aeabi_ui2d                             0x01006ced   Thumb Code    24  dfltui.o(.text)
    __aeabi_f2uiz                            0x01006d09   Thumb Code    40  ffixui.o(.text)
    __aeabi_d2uiz                            0x01006d31   Thumb Code    50  dfixui.o(.text)
    __aeabi_uldivmod                         0x01006d6d   Thumb Code    96  uldiv.o(.text)
    __aeabi_llsr                             0x01006dcd   Thumb Code    34  llushr.o(.text)
    _ll_ushift_r                             0x01006dcd   Thumb Code     0  llushr.o(.text)
    strtol                                   0x01006df1   Thumb Code   108  strtol.o(.text)
    __I$use$fp                               0x01006e61   Thumb Code     0  iusefp.o(.text)
    _float_round                             0x01006e61   Thumb Code    16  fepilogue.o(.text)
    _float_epilogue                          0x01006e71   Thumb Code   114  fepilogue.o(.text)
    _double_round                            0x01006ee3   Thumb Code    26  depilogue.o(.text)
    _double_epilogue                         0x01006efd   Thumb Code   164  depilogue.o(.text)
    __scatterload                            0x01006fa1   Thumb Code    28  init.o(.text)
    __scatterload_rt2                        0x01006fa1   Thumb Code     0  init.o(.text)
    __aeabi_llsl                             0x01006fc5   Thumb Code    32  llshl.o(.text)
    _ll_shift_l                              0x01006fc5   Thumb Code     0  llshl.o(.text)
    __rt_ctype_table                         0x01006fe5   Thumb Code     4  ctype_o.o(.text)
    _strtoul                                 0x01006fed   Thumb Code   166  _strtoul.o(.text)
    _chval                                   0x01007093   Thumb Code    30  _chval.o(.text)
    __decompress                             0x010070b1   Thumb Code     0  __dczerorl2.o(.text)
    __decompress1                            0x010070b1   Thumb Code    86  __dczerorl2.o(.text)
    __0printf$5                              0x01007109   Thumb Code    24  printf5.o(i.__0printf$5)
    __1printf$5                              0x01007109   Thumb Code     0  printf5.o(i.__0printf$5)
    __2printf                                0x01007109   Thumb Code     0  printf5.o(i.__0printf$5)
    __0sprintf$5                             0x01007129   Thumb Code    36  printf5.o(i.__0sprintf$5)
    __1sprintf$5                             0x01007129   Thumb Code     0  printf5.o(i.__0sprintf$5)
    __2sprintf                               0x01007129   Thumb Code     0  printf5.o(i.__0sprintf$5)
    __ARM_clz                                0x01007151   Thumb Code    46  depilogue.o(i.__ARM_clz)
    __ARM_common_switch8                     0x0100717f   Thumb Code    28  n32wb03x_gpio.o(i.__ARM_common_switch8)
    __aeabi_errno_addr                       0x0100719d   Thumb Code     4  errno.o(i.__aeabi_errno_addr)
    __rt_errno_addr                          0x0100719d   Thumb Code     0  errno.o(i.__aeabi_errno_addr)
    __scatterload_copy                       0x010071a5   Thumb Code    14  handlers.o(i.__scatterload_copy)
    __scatterload_null                       0x010071b3   Thumb Code     2  handlers.o(i.__scatterload_null)
    __scatterload_zeroinit                   0x010071b5   Thumb Code    14  handlers.o(i.__scatterload_zeroinit)
    free                                     0x010074ad   Thumb Code    80  malloc.o(i.free)
    malloc                                   0x01007501   Thumb Code    92  malloc.o(i.malloc)
    TRIM_READ_CMD_CODE                       0x0100756c   Data         320  system_n32wb03x.o(.constdata)
    const_qflash_cmd                         0x010076b8   Data         804  n32wb03x_qflash.o(.constdata)
    TRIM_WRITE_CMD_CODE                      0x010079dc   Data         512  n32wb03x_qflash.o(.constdata)
    TRIM_ERASE_CMD_CODE                      0x01007bdc   Data         384  n32wb03x_qflash.o(.constdata)
    OTP_LOCK                                 0x01007d5c   Data         320  n32wb03x_qflash.o(.constdata)
    AsciiTab                                 0x01007e9c   Data          16  typechange.o(.constdata)
    __ctype_table                            0x01007eac   Data         129  ctype_o.o(.constdata)
    Region$$Table$$Base                      0x01007f34   Number         0  anon$$obj.o(Region$$Table)
    Region$$Table$$Limit                     0x01007f54   Number         0  anon$$obj.o(Region$$Table)
    SystemCoreClock                          0x20000000   Data           4  system_n32wb03x.o(.data)
    CMD_FLASH_SE                             0x20000004   Data           4  n32wb03x_qflash.o(.data)
    CMD_FLASH_WRITE                          0x20000008   Data           4  n32wb03x_qflash.o(.data)
    CMD_FLASH_READ                           0x2000000c   Data           4  n32wb03x_qflash.o(.data)
    g_Equipment_number                       0x20000010   Data          17  bsp.o(.data)
    ledflag                                  0x20000021   Data           1  bsp.o(.data)
    feeddog                                  0x20000022   Data           1  bsp.o(.data)
    bl0942_flag                              0x20000028   Data           1  bl0942.o(.data)
    g_NBRxCnt                                0x20000038   Data           2  nbiot.o(.data)
    m_NeedReboot                             0x2000003a   Data           1  nbiot.o(.data)
    m_TopicTxCnt                             0x2000003c   Data           2  nbiot.o(.data)
    m_DataTxCnt                              0x2000003e   Data           2  nbiot.o(.data)
    m_NBTxReslt                              0x20000040   Data           1  nbiot.o(.data)
    m_TimeOut                                0x20000041   Data           1  nbiot.o(.data)
    m_Delay                                  0x20000042   Data           1  nbiot.o(.data)
    m_mqttlinkstate                          0x20000043   Data           1  nbiot.o(.data)
    m_senddataflag                           0x20000044   Data           1  nbiot.o(.data)
    querynum                                 0x20000045   Data           1  nbiot.o(.data)
    getcclknum                               0x20000046   Data           1  nbiot.o(.data)
    senddatanum                              0x20000047   Data           1  nbiot.o(.data)
    MyQueue                                  0x20000054   Data           4  circularqueue.o(.data)
    m_DiState                                0x20000058   Data           2  modbus.o(.data)
    m_remain_table                           0x2000005a   Data         102  modbus.o(.data)
    g_modbus_addr                            0x200000c0   Data           1  modbus.o(.data)
    CRCL                                     0x200000c1   Data           1  modbus.o(.data)
    CRCH                                     0x200000c2   Data           1  modbus.o(.data)
    RTC_DateStructure                        0x200002c4   Data           4  rtc.o(.data)
    RTC_DateDefault                          0x200002c8   Data           4  rtc.o(.data)
    RTC_TimeStructure                        0x200002cc   Data           4  rtc.o(.data)
    RTC_TimeDefault                          0x200002d0   Data           4  rtc.o(.data)
    SynchPrediv                              0x200002d4   Data           4  rtc.o(.data)
    AsynchPrediv                             0x200002d8   Data           4  rtc.o(.data)
    rtcflag                                  0x200002dc   Data           1  rtc.o(.data)
    m_rtcsetflag                             0x200002dd   Data           1  rtc.o(.data)
    MqttReclen                               0x200002de   Data           2  mqtt.o(.data)
    g_mqtt_errnum                            0x200002e0   Data           1  mqtt.o(.data)
    m_mqttlinkflag                           0x200002e1   Data           1  mqtt.o(.data)
    Heartinfoflag                            0x200002e2   Data           1  mqtt.o(.data)
    Heartstatusflag                          0x200002e3   Data           1  mqtt.o(.data)
    asc2_0806                                0x200002e4   Data         552  oled.o(.data)
    asc2_1608                                0x2000050c   Data        1520  oled.o(.data)
    Hzk                                      0x20000afc   Data         224  oled.o(.data)
    displayflag                              0x20000bdc   Data           1  display.o(.data)
    __stdout                                 0x20000be0   Data           4  stdout.o(.data)
    __microlib_freelist                      0x20000be4   Data           4  mvars.o(.data)
    __microlib_freelist_initialised          0x20000be8   Data           4  mvars.o(.data)
    trim_stored                              0x20000bf0   Data          52  system_n32wb03x.o(.bss)
    Uart2                                    0x20000f4c   Data        2006  usart.o(.bss)
    Uart1                                    0x20001722   Data        2006  usart.o(.bss)
    BL0942_EleData_Reg                       0x20001f88   Data          28  bl0942.o(.bss)
    BL0942_EleData                           0x20001fa4   Data          16  bl0942.o(.bss)
    g_NBbuf                                  0x20001fb4   Data        1500  nbiot.o(.bss)
    LTE                                      0x20002590   Data          43  nbiot.o(.bss)
    m_TopicTxBuf                             0x200025bb   Data         200  nbiot.o(.bss)
    m_DataTxBuf                              0x20002683   Data        1000  nbiot.o(.bss)
    m_input_table                            0x20002a6c   Data          78  modbus.o(.bss)
    RTC_InitStructure                        0x20002abc   Data          12  rtc.o(.bss)
    RTC_AlarmStructure                       0x20002ac8   Data          16  rtc.o(.bss)
    MqttRecBuf                               0x20002b0c   Data         500  mqtt.o(.bss)
    __heap_base                              0x20002d00   Data           0  startup_n32wb03x.o(HEAP)
    __heap_limit                             0x20003d00   Data           0  startup_n32wb03x.o(HEAP)
    __initial_sp                             0x20004d00   Data           0  startup_n32wb03x.o(STACK)



==============================================================================

Memory Map of the image

  Image Entry point : 0x010000c1

  Load Region LR_IROM1 (Base: 0x01000000, Size: 0x00008b44, Max: 0x0001ffff, ABSOLUTE, COMPRESSED[0x00008668])

    Execution Region ER_IROM1 (Exec base: 0x01000000, Load base: 0x01000000, Size: 0x00007f54, Max: 0x0001ffff, ABSOLUTE)

    Exec Addr    Load Addr    Size         Type   Attr      Idx    E Section Name        Object

    0x01000000   0x01000000   0x000000c0   Data   RO            3    RESET               startup_n32wb03x.o
    0x010000c0   0x010000c0   0x00000000   Code   RO          779  * .ARM.Collect$$$$00000000  mc_p.l(entry.o)
    0x010000c0   0x010000c0   0x00000004   Code   RO         1105    .ARM.Collect$$$$00000001  mc_p.l(entry2.o)
    0x010000c4   0x010000c4   0x00000004   Code   RO         1108    .ARM.Collect$$$$00000004  mc_p.l(entry5.o)
    0x010000c8   0x010000c8   0x00000000   Code   RO         1110    .ARM.Collect$$$$00000008  mc_p.l(entry7b.o)
    0x010000c8   0x010000c8   0x00000000   Code   RO         1112    .ARM.Collect$$$$0000000A  mc_p.l(entry8b.o)
    0x010000c8   0x010000c8   0x00000008   Code   RO         1113    .ARM.Collect$$$$0000000B  mc_p.l(entry9a.o)
    0x010000d0   0x010000d0   0x00000000   Code   RO         1115    .ARM.Collect$$$$0000000D  mc_p.l(entry10a.o)
    0x010000d0   0x010000d0   0x00000000   Code   RO         1117    .ARM.Collect$$$$0000000F  mc_p.l(entry11a.o)
    0x010000d0   0x010000d0   0x00000004   Code   RO         1106    .ARM.Collect$$$$00002712  mc_p.l(entry2.o)
    0x010000d4   0x010000d4   0x0000000e   Code   RO           10    .emb_text           system_n32wb03x.o
    0x010000e2   0x010000e2   0x00000002   PAD
    0x010000e4   0x010000e4   0x0000001c   Code   RO            4    .text               startup_n32wb03x.o
    0x01000100   0x01000100   0x000002c4   Code   RO           11    .text               system_n32wb03x.o
    0x010003c4   0x010003c4   0x00000384   Code   RO          117    .text               n32wb03x_usart.o
    0x01000748   0x01000748   0x0000000e   Code   RO          140    .text               n32wb03x_it.o
    0x01000756   0x01000756   0x00000002   PAD
    0x01000758   0x01000758   0x000004f8   Code   RO          225    .text               n32wb03x_gpio.o
    0x01000c50   0x01000c50   0x00000540   Code   RO          243    .text               n32wb03x_rcc.o
    0x01001190   0x01001190   0x00000c8e   Code   RO          261    .text               n32wb03x_tim.o
    0x01001e1e   0x01001e1e   0x00000002   PAD
    0x01001e20   0x01001e20   0x000000dc   Code   RO          277    .text               misc.o
    0x01001efc   0x01001efc   0x00000100   Code   RO          296    .text               n32wb03x_exti.o
    0x01001ffc   0x01001ffc   0x00000250   Code   RO          312    .text               n32wb03x_lpuart.o
    0x0100224c   0x0100224c   0x00000954   Code   RO          328    .text               n32wb03x_rtc.o
    0x01002ba0   0x01002ba0   0x00000310   Code   RO          344    .text               n32wb03x_qflash.o
    0x01002eb0   0x01002eb0   0x0000002c   Code   RO          366    .text               main.o
    0x01002edc   0x01002edc   0x0000037c   Code   RO          382    .text               bsp.o
    0x01003258   0x01003258   0x00000064   Code   RO          442    .text               timer.o
    0x010032bc   0x010032bc   0x00000324   Code   RO          485    .text               usart.o
    0x010035e0   0x010035e0   0x00000098   Code   RO          507    .text               v_timer.o
    0x01003678   0x01003678   0x000000fc   Code   RO          525    .text               relay.o
    0x01003774   0x01003774   0x0000042c   Code   RO          541    .text               bl0942.o
    0x01003ba0   0x01003ba0   0x000011d0   Code   RO          564    .text               nbiot.o
    0x01004d70   0x01004d70   0x00000124   Code   RO          588    .text               circularqueue.o
    0x01004e94   0x01004e94   0x000000fc   Code   RO          610    .text               typechange.o
    0x01004f90   0x01004f90   0x00000700   Code   RO          629    .text               modbus.o
    0x01005690   0x01005690   0x00000234   Code   RO          656    .text               rtc.o
    0x010058c4   0x010058c4   0x00000804   Code   RO          679    .text               flash.o
    0x010060c8   0x010060c8   0x00000248   Code   RO          697    .text               mqtt.o
    0x01006310   0x01006310   0x000005f0   Code   RO          739    .text               oled.o
    0x01006900   0x01006900   0x000000ec   Code   RO          761    .text               display.o
    0x010069ec   0x010069ec   0x0000002c   Code   RO          782    .text               mc_p.l(uidiv.o)
    0x01006a18   0x01006a18   0x00000028   Code   RO          784    .text               mc_p.l(idiv.o)
    0x01006a40   0x01006a40   0x00000024   Code   RO          786    .text               mc_p.l(memcpya.o)
    0x01006a64   0x01006a64   0x00000024   Code   RO          788    .text               mc_p.l(memseta.o)
    0x01006a88   0x01006a88   0x00000028   Code   RO          790    .text               mc_p.l(strstr.o)
    0x01006ab0   0x01006ab0   0x00000014   Code   RO          792    .text               mc_p.l(strchr.o)
    0x01006ac4   0x01006ac4   0x0000000e   Code   RO          794    .text               mc_p.l(strlen.o)
    0x01006ad2   0x01006ad2   0x0000001a   Code   RO         1087    .text               mc_p.l(atoi.o)
    0x01006aec   0x01006aec   0x0000007a   Code   RO         1089    .text               mf_p.l(fmul.o)
    0x01006b66   0x01006b66   0x0000007c   Code   RO         1091    .text               mf_p.l(fdiv.o)
    0x01006be2   0x01006be2   0x00000002   PAD
    0x01006be4   0x01006be4   0x000000d0   Code   RO         1093    .text               mf_p.l(dmul.o)
    0x01006cb4   0x01006cb4   0x0000000e   Code   RO         1095    .text               mf_p.l(ffltui.o)
    0x01006cc2   0x01006cc2   0x00000002   PAD
    0x01006cc4   0x01006cc4   0x00000028   Code   RO         1097    .text               mf_p.l(dflti.o)
    0x01006cec   0x01006cec   0x0000001c   Code   RO         1099    .text               mf_p.l(dfltui.o)
    0x01006d08   0x01006d08   0x00000028   Code   RO         1101    .text               mf_p.l(ffixui.o)
    0x01006d30   0x01006d30   0x0000003c   Code   RO         1103    .text               mf_p.l(dfixui.o)
    0x01006d6c   0x01006d6c   0x00000060   Code   RO         1120    .text               mc_p.l(uldiv.o)
    0x01006dcc   0x01006dcc   0x00000022   Code   RO         1122    .text               mc_p.l(llushr.o)
    0x01006dee   0x01006dee   0x00000002   PAD
    0x01006df0   0x01006df0   0x00000070   Code   RO         1133    .text               mc_p.l(strtol.o)
    0x01006e60   0x01006e60   0x00000000   Code   RO         1135    .text               mc_p.l(iusefp.o)
    0x01006e60   0x01006e60   0x00000082   Code   RO         1136    .text               mf_p.l(fepilogue.o)
    0x01006ee2   0x01006ee2   0x000000be   Code   RO         1138    .text               mf_p.l(depilogue.o)
    0x01006fa0   0x01006fa0   0x00000024   Code   RO         1150    .text               mc_p.l(init.o)
    0x01006fc4   0x01006fc4   0x00000020   Code   RO         1152    .text               mc_p.l(llshl.o)
    0x01006fe4   0x01006fe4   0x00000008   Code   RO         1156    .text               mc_p.l(ctype_o.o)
    0x01006fec   0x01006fec   0x000000a6   Code   RO         1184    .text               mc_p.l(_strtoul.o)
    0x01007092   0x01007092   0x0000001e   Code   RO         1186    .text               mc_p.l(_chval.o)
    0x010070b0   0x010070b0   0x00000056   Code   RO         1196    .text               mc_p.l(__dczerorl2.o)
    0x01007106   0x01007106   0x00000002   PAD
    0x01007108   0x01007108   0x00000020   Code   RO          931    i.__0printf$5       mc_p.l(printf5.o)
    0x01007128   0x01007128   0x00000028   Code   RO          933    i.__0sprintf$5      mc_p.l(printf5.o)
    0x01007150   0x01007150   0x0000002e   Code   RO         1140    i.__ARM_clz         mf_p.l(depilogue.o)
    0x0100717e   0x0100717e   0x0000001c   Code   RO          237    i.__ARM_common_switch8  n32wb03x_gpio.o
    0x0100719a   0x0100719a   0x00000002   PAD
    0x0100719c   0x0100719c   0x00000008   Code   RO         1126    i.__aeabi_errno_addr  mc_p.l(errno.o)
    0x010071a4   0x010071a4   0x0000000e   Code   RO         1190    i.__scatterload_copy  mc_p.l(handlers.o)
    0x010071b2   0x010071b2   0x00000002   Code   RO         1191    i.__scatterload_null  mc_p.l(handlers.o)
    0x010071b4   0x010071b4   0x0000000e   Code   RO         1192    i.__scatterload_zeroinit  mc_p.l(handlers.o)
    0x010071c2   0x010071c2   0x00000002   PAD
    0x010071c4   0x010071c4   0x000002dc   Code   RO          938    i._printf_core      mc_p.l(printf5.o)
    0x010074a0   0x010074a0   0x0000000a   Code   RO          940    i._sputc            mc_p.l(printf5.o)
    0x010074aa   0x010074aa   0x00000002   PAD
    0x010074ac   0x010074ac   0x00000054   Code   RO         1059    i.free              mc_p.l(malloc.o)
    0x01007500   0x01007500   0x0000006c   Code   RO         1060    i.malloc            mc_p.l(malloc.o)
    0x0100756c   0x0100756c   0x00000140   Data   RO           13    .constdata          system_n32wb03x.o
    0x010076ac   0x010076ac   0x0000000c   Data   RO          244    .constdata          n32wb03x_rcc.o
    0x010076b8   0x010076b8   0x000007e4   Data   RO          346    .constdata          n32wb03x_qflash.o
    0x01007e9c   0x01007e9c   0x00000010   Data   RO          611    .constdata          typechange.o
    0x01007eac   0x01007eac   0x00000081   Data   RO         1157    .constdata          mc_p.l(ctype_o.o)
    0x01007f2d   0x01007f2d   0x00000003   PAD
    0x01007f30   0x01007f30   0x00000004   Data   RO         1158    .constdata          mc_p.l(ctype_o.o)
    0x01007f34   0x01007f34   0x00000020   Data   RO         1188    Region$$Table       anon$$obj.o


    Execution Region RW_IRAM1 (Exec base: 0x20000000, Load base: 0x01007f54, Size: 0x00004d00, Max: 0x0000c000, ABSOLUTE, COMPRESSED[0x00000714])

    Exec Addr    Load Addr    Size         Type   Attr      Idx    E Section Name        Object

    0x20000000   COMPRESSED   0x00000004   Data   RW           14    .data               system_n32wb03x.o
    0x20000004   COMPRESSED   0x0000000c   Data   RW          347    .data               n32wb03x_qflash.o
    0x20000010   COMPRESSED   0x00000018   Data   RW          383    .data               bsp.o
    0x20000028   COMPRESSED   0x00000010   Data   RW          543    .data               bl0942.o
    0x20000038   COMPRESSED   0x0000001a   Data   RW          566    .data               nbiot.o
    0x20000052   COMPRESSED   0x00000002   PAD
    0x20000054   COMPRESSED   0x00000004   Data   RW          589    .data               circularqueue.o
    0x20000058   COMPRESSED   0x0000026b   Data   RW          631    .data               modbus.o
    0x200002c3   COMPRESSED   0x00000001   PAD
    0x200002c4   COMPRESSED   0x0000001a   Data   RW          658    .data               rtc.o
    0x200002de   COMPRESSED   0x00000006   Data   RW          699    .data               mqtt.o
    0x200002e4   COMPRESSED   0x000008f8   Data   RW          740    .data               oled.o
    0x20000bdc   COMPRESSED   0x00000001   Data   RW          762    .data               display.o
    0x20000bdd   COMPRESSED   0x00000003   PAD
    0x20000be0   COMPRESSED   0x00000004   Data   RW         1119    .data               mc_p.l(stdout.o)
    0x20000be4   COMPRESSED   0x00000004   Data   RW         1124    .data               mc_p.l(mvars.o)
    0x20000be8   COMPRESSED   0x00000004   Data   RW         1125    .data               mc_p.l(mvars.o)
    0x20000bec   COMPRESSED   0x00000004   Data   RW         1129    .data               mc_p.l(errno.o)
    0x20000bf0        -       0x00000034   Zero   RW           12    .bss                system_n32wb03x.o
    0x20000c24        -       0x00000328   Zero   RW          345    .bss                n32wb03x_qflash.o
    0x20000f4c        -       0x00000fac   Zero   RW          486    .bss                usart.o
    0x20001ef8        -       0x00000090   Zero   RW          508    .bss                v_timer.o
    0x20001f88        -       0x0000002c   Zero   RW          542    .bss                bl0942.o
    0x20001fb4        -       0x00000ab7   Zero   RW          565    .bss                nbiot.o
    0x20002a6b   COMPRESSED   0x00000001   PAD
    0x20002a6c        -       0x0000004e   Zero   RW          630    .bss                modbus.o
    0x20002aba   COMPRESSED   0x00000002   PAD
    0x20002abc        -       0x0000001c   Zero   RW          657    .bss                rtc.o
    0x20002ad8        -       0x00000034   Zero   RW          680    .bss                flash.o
    0x20002b0c        -       0x000001f4   Zero   RW          698    .bss                mqtt.o
    0x20002d00        -       0x00001000   Zero   RW            2    HEAP                startup_n32wb03x.o
    0x20003d00        -       0x00001000   Zero   RW            1    STACK               startup_n32wb03x.o


==============================================================================

Image component sizes


      Code (inc. data)   RO Data    RW Data    ZI Data      Debug   Object Name

      1068        256          0         16         44       4304   bl0942.o
       892         50          0         24          0      92424   bsp.o
       292          8          0          4          0       3743   circularqueue.o
       236         56          0          1          0       1020   display.o
      2052        448          0          0         52       3016   flash.o
        44          0          0          0          0        551   main.o
       220         14          0          0          0       7620   misc.o
      1792        106          0        619         78      10769   modbus.o
       584         86          0          6        500       3287   mqtt.o
       256          8          0          0          0       2577   n32wb03x_exti.o
      1300         58          0          0          0       5735   n32wb03x_gpio.o
        14          0          0          0          0       2207   n32wb03x_it.o
       592         32          0          0          0       5614   n32wb03x_lpuart.o
       784         36       2020         12        808       6022   n32wb03x_qflash.o
      1344         46         12          0          0       8365   n32wb03x_rcc.o
      2388         44          0          0          0      10633   n32wb03x_rtc.o
      3214         68          0          0          0      22409   n32wb03x_tim.o
       900         42          0          0          0       8247   n32wb03x_usart.o
      4560        818          0         26       2743       9340   nbiot.o
      1520         34          0       2296          0       6117   oled.o
       252         10          0          0          0       1375   relay.o
       564         44          0         26         28       3687   rtc.o
        28          8        192          0       8192        804   startup_n32wb03x.o
       722         44        320          4         52     156290   system_n32wb03x.o
       100          6          0          0          0       2760   timer.o
       252          4         16          0          0       2423   typechange.o
       804         44          0          0       4012       5164   usart.o
       152          6          0          0        144       2072   v_timer.o

    ----------------------------------------------------------------------
     26934       2376       2592       3040      16656     388575   Object Totals
         0          0         32          0          0          0   (incl. Generated)
         8          0          0          6          3          0   (incl. Padding)

    ----------------------------------------------------------------------

      Code (inc. data)   RO Data    RW Data    ZI Data      Debug   Library Member Name

        86          0          0          0          0          0   __dczerorl2.o
        30          0          0          0          0         60   _chval.o
       166          0          0          0          0         84   _strtoul.o
        26          0          0          0          0         72   atoi.o
         8          4        133          0          0         60   ctype_o.o
         0          0          0          0          0          0   entry.o
         0          0          0          0          0          0   entry10a.o
         0          0          0          0          0          0   entry11a.o
         8          4          0          0          0          0   entry2.o
         4          0          0          0          0          0   entry5.o
         0          0          0          0          0          0   entry7b.o
         0          0          0          0          0          0   entry8b.o
         8          4          0          0          0          0   entry9a.o
         8          4          0          4          0         60   errno.o
        30          0          0          0          0          0   handlers.o
        40          0          0          0          0         72   idiv.o
        36          8          0          0          0         68   init.o
         0          0          0          0          0          0   iusefp.o
        32          0          0          0          0         68   llshl.o
        34          0          0          0          0         68   llushr.o
       192         20          0          0          0        144   malloc.o
        36          0          0          0          0         60   memcpya.o
        36          0          0          0          0        100   memseta.o
         0          0          0          8          0          0   mvars.o
       814         56          0          0          0        312   printf5.o
         0          0          0          4          0          0   stdout.o
        20          0          0          0          0         60   strchr.o
        14          0          0          0          0         60   strlen.o
        40          0          0          0          0         72   strstr.o
       112          4          0          0          0         76   strtol.o
        44          0          0          0          0         72   uidiv.o
        96          0          0          0          0         84   uldiv.o
       236          0          0          0          0        216   depilogue.o
        60         10          0          0          0         68   dfixui.o
        40          6          0          0          0         68   dflti.o
        28          4          0          0          0         68   dfltui.o
       208          6          0          0          0         88   dmul.o
       124          0          0          0          0         72   fdiv.o
       130          0          0          0          0        144   fepilogue.o
        40          0          0          0          0         60   ffixui.o
        14          0          0          0          0         68   ffltui.o
       122          0          0          0          0         72   fmul.o

    ----------------------------------------------------------------------
      2934        130        136         16          0       2576   Library Totals
        12          0          3          0          0          0   (incl. Padding)

    ----------------------------------------------------------------------

      Code (inc. data)   RO Data    RW Data    ZI Data      Debug   Library Name

      1920        104        133         16          0       1652   mc_p.l
      1002         26          0          0          0        924   mf_p.l

    ----------------------------------------------------------------------
      2934        130        136         16          0       2576   Library Totals

    ----------------------------------------------------------------------

==============================================================================


      Code (inc. data)   RO Data    RW Data    ZI Data      Debug   

     29868       2506       2728       3056      16656     387495   Grand Totals
     29868       2506       2728       1812      16656     387495   ELF Image Totals (compressed)
     29868       2506       2728       1812          0          0   ROM Totals

==============================================================================

    Total RO  Size (Code + RO Data)                32596 (  31.83kB)
    Total RW  Size (RW Data + ZI Data)             19712 (  19.25kB)
    Total ROM Size (Code + RO Data + RW Data)      34408 (  33.60kB)

==============================================================================

