Component: ARM Compiler 5.05 update 1 (build 106) Tool: armlink [4d0efa]

==============================================================================

Section Cross References

    startup_n32g45x.o(RESET) refers to startup_n32g45x.o(STACK) for __initial_sp
    startup_n32g45x.o(RESET) refers to startup_n32g45x.o(.text) for Reset_Handler
    startup_n32g45x.o(RESET) refers to n32g45x_it.o(i.NMI_Handler) for NMI_Handler
    startup_n32g45x.o(RESET) refers to n32g45x_it.o(i.HardFault_Handler) for HardFault_Handler
    startup_n32g45x.o(RESET) refers to n32g45x_it.o(i.MemManage_Handler) for MemManage_Handler
    startup_n32g45x.o(RESET) refers to n32g45x_it.o(i.BusFault_Handler) for BusFault_Handler
    startup_n32g45x.o(RESET) refers to n32g45x_it.o(i.UsageFault_Handler) for UsageFault_Handler
    startup_n32g45x.o(RESET) refers to n32g45x_it.o(i.DebugMon_Handler) for DebugMon_Handler
    startup_n32g45x.o(RESET) refers to n32g45x_it.o(i.SysTick_Handler) for SysTick_Handler
    startup_n32g45x.o(RESET) refers to usart.o(i.USART2_IRQHandler) for USART2_IRQHandler
    startup_n32g45x.o(RESET) refers to usart.o(i.USART3_IRQHandler) for USART3_IRQHandler
    startup_n32g45x.o(RESET) refers to usart.o(i.UART4_IRQHandler) for UART4_IRQHandler
    startup_n32g45x.o(RESET) refers to bsp.o(i.TIM6_IRQHandler) for TIM6_IRQHandler
    startup_n32g45x.o(.text) refers to system_n32g45x.o(i.SystemInit) for SystemInit
    startup_n32g45x.o(.text) refers to entry.o(.ARM.Collect$$$$00000000) for __main
    system_n32g45x.o(i.SystemCoreClockUpdate) refers to system_n32g45x.o(.data) for .data
    system_n32g45x.o(i.SystemCoreClockUpdate) refers to system_n32g45x.o(.constdata) for .constdata
    system_n32g45x.o(i.SystemInit) refers to system_n32g45x.o(i.SetSysClock) for SetSysClock
    misc.o(i.NVIC_Init) refers to log.o(i.assert_failed) for assert_failed
    misc.o(i.NVIC_Init) refers to misc.o(.conststring) for .conststring
    misc.o(i.NVIC_PriorityGroupConfig) refers to log.o(i.assert_failed) for assert_failed
    misc.o(i.NVIC_SetVectorTable) refers to log.o(i.assert_failed) for assert_failed
    misc.o(i.NVIC_SystemLPConfig) refers to log.o(i.assert_failed) for assert_failed
    misc.o(i.SysTick_CLKSourceConfig) refers to log.o(i.assert_failed) for assert_failed
    n32g45x_gpio.o(i.GPIO_AFIOInitDefault) refers to n32g45x_rcc.o(i.RCC_EnableAPB2PeriphReset) for RCC_EnableAPB2PeriphReset
    n32g45x_gpio.o(i.GPIO_ConfigEXTILine) refers to log.o(i.assert_failed) for assert_failed
    n32g45x_gpio.o(i.GPIO_ConfigEventOutput) refers to log.o(i.assert_failed) for assert_failed
    n32g45x_gpio.o(i.GPIO_ConfigPinLock) refers to log.o(i.assert_failed) for assert_failed
    n32g45x_gpio.o(i.GPIO_ConfigPinRemap) refers to log.o(i.assert_failed) for assert_failed
    n32g45x_gpio.o(i.GPIO_CtrlEventOutput) refers to log.o(i.assert_failed) for assert_failed
    n32g45x_gpio.o(i.GPIO_DeInit) refers to log.o(i.assert_failed) for assert_failed
    n32g45x_gpio.o(i.GPIO_DeInit) refers to n32g45x_rcc.o(i.RCC_EnableAPB2PeriphReset) for RCC_EnableAPB2PeriphReset
    n32g45x_gpio.o(i.GPIO_ETH_ConfigMediaInterface) refers to log.o(i.assert_failed) for assert_failed
    n32g45x_gpio.o(i.GPIO_InitPeripheral) refers to log.o(i.assert_failed) for assert_failed
    n32g45x_gpio.o(i.GPIO_ReadInputData) refers to log.o(i.assert_failed) for assert_failed
    n32g45x_gpio.o(i.GPIO_ReadInputDataBit) refers to log.o(i.assert_failed) for assert_failed
    n32g45x_gpio.o(i.GPIO_ReadOutputData) refers to log.o(i.assert_failed) for assert_failed
    n32g45x_gpio.o(i.GPIO_ReadOutputDataBit) refers to log.o(i.assert_failed) for assert_failed
    n32g45x_gpio.o(i.GPIO_ResetBits) refers to log.o(i.assert_failed) for assert_failed
    n32g45x_gpio.o(i.GPIO_SetBits) refers to log.o(i.assert_failed) for assert_failed
    n32g45x_gpio.o(i.GPIO_SetBitsHigh16) refers to log.o(i.assert_failed) for assert_failed
    n32g45x_gpio.o(i.GPIO_Write) refers to log.o(i.assert_failed) for assert_failed
    n32g45x_gpio.o(i.GPIO_WriteBit) refers to log.o(i.assert_failed) for assert_failed
    n32g45x_flash.o(i.FLASH_ClearFlag) refers to log.o(i.assert_failed) for assert_failed
    n32g45x_flash.o(i.FLASH_ConfigUserOB) refers to log.o(i.assert_failed) for assert_failed
    n32g45x_flash.o(i.FLASH_ConfigUserOB) refers to n32g45x_flash.o(i.FLASH_GetReadOutProtectionL2STS) for FLASH_GetReadOutProtectionL2STS
    n32g45x_flash.o(i.FLASH_ConfigUserOB) refers to n32g45x_flash.o(i.FLASH_GetReadOutProtectionSTS) for FLASH_GetReadOutProtectionSTS
    n32g45x_flash.o(i.FLASH_ConfigUserOB) refers to n32g45x_flash.o(i.FLASH_ClearFlag) for FLASH_ClearFlag
    n32g45x_flash.o(i.FLASH_ConfigUserOB) refers to n32g45x_flash.o(i.FLASH_WaitForLastOpt) for FLASH_WaitForLastOpt
    n32g45x_flash.o(i.FLASH_EnWriteProtection) refers to log.o(i.assert_failed) for assert_failed
[...]
    0x08000676   0x00000056   Code   RO        13725    .text               mc_w.l(__dczerorl2.o)
    0x080006cc   0x00000004   Code   RO         3058    i.AT24CXX_Init      eprom.o
    0x080006d0   0x0000008c   Code   RO         3246    i.Activate_PDP_Context  nbiot.o
    0x0800075c   0x0000001c   Code   RO         2661    i.Ascii2Dec         typechange.o
    0x08000778   0x00000164   Code   RO         2951    i.BL0942GetEleData  bl0942.o
    0x080008dc   0x00000028   Code   RO         2953    i.BL0942ReadEleData  bl0942.o
    0x08000904   0x0000000e   Code   RO         2954    i.BL0942Task        bl0942.o
    0x08000912   0x00000002   PAD
    0x08000914   0x00000024   Code   RO         2956    i.BL0942_HardReset  bl0942.o
    0x08000938   0x00000048   Code   RO         2957    i.BL0942_PWRGpioInit  bl0942.o
    0x08000980   0x00000030   Code   RO         2311    i.BeepgpioInit      bsp.o
    0x080009b0   0x00000046   Code   RO         2312    i.BspInit           bsp.o
    0x080009f6   0x00000002   PAD
    0x080009f8   0x0000001c   Code   RO         2313    i.BspTask           bsp.o
    0x08000a14   0x00000002   Code   RO         2247    i.BusFault_Handler  n32g45x_it.o
    0x08000a16   0x00000026   Code   RO         3164    i.CreatQueue        circularqueue.o
    0x08000a3c   0x00000002   Code   RO         2248    i.DebugMon_Handler  n32g45x_it.o
    0x08000a3e   0x0000001c   Code   RO         3165    i.Fiforead          circularqueue.o
    0x08000a5a   0x00000002   PAD
    0x08000a5c   0x00000574   Code   RO          225    i.GPIO_ConfigPinRemap  n32g45x_gpio.o
    0x08000fd0   0x00000224   Code   RO          229    i.GPIO_InitPeripheral  n32g45x_gpio.o
    0x080011f4   0x000000d8   Code   RO          235    i.GPIO_ResetBits    n32g45x_gpio.o
    0x080012cc   0x000000d8   Code   RO          236    i.GPIO_SetBits      n32g45x_gpio.o
    0x080013a4   0x00000028   Code   RO         2249    i.HardFault_Handler  n32g45x_it.o
    0x080013cc   0x00000054   Code   RO         3064    i.IIC_Init          eprom.o
    0x08001420   0x0000002c   Code   RO         3168    i.In_Queue          circularqueue.o
    0x0800144c   0x0000001c   Code   RO         2317    i.InputgpioInit     bsp.o
    0x08001468   0x00000118   Code   RO         3248    i.LTE_CCLK          nbiot.o
    0x08001580   0x00000010   Code   RO         3249    i.LTE_REBOOT        nbiot.o
    0x08001590   0x000002e8   Code   RO         3250    i.LTE_ReceiveSendData  nbiot.o
    0x08001878   0x00000088   Code   RO         3251    i.LTE_Reset         nbiot.o
    0x08001900   0x00000030   Code   RO         3252    i.LTE_ResetGpioInit  nbiot.o
    0x08001930   0x000000c0   Code   RO         3253    i.LTE_process       nbiot.o
    0x080019f0   0x00000034   Code   RO         2320    i.LedRun            bsp.o
    0x08001a24   0x00000018   Code   RO         2322    i.LedTime           bsp.o
    0x08001a3c   0x0000031c   Code   RO         3254    i.MQTT_Creat        nbiot.o
    0x08001d58   0x00000002   Code   RO         2250    i.MemManage_Handler  n32g45x_it.o
    0x08001d5a   0x00000002   PAD
    0x08001d5c   0x00000014   Code   RO         3255    i.NB_Check_TimeOutTimer  nbiot.o
    0x08001d70   0x00000024   Code   RO         3256    i.NB_ClearRxBuf     nbiot.o
    0x08001d94   0x0000000c   Code   RO         3258    i.NB_Set_TimeOut    nbiot.o
    0x08001da0   0x00000018   Code   RO         3259    i.NB_Start_TimeOutTimer  nbiot.o
    0x08001db8   0x00000002   Code   RO         2251    i.NMI_Handler       n32g45x_it.o
    0x08001dba   0x0000006a   Code   RO         2508    i.NVIC_Configuration  usart.o
    0x08001e24   0x00000110   Code   RO          168    i.NVIC_Init         misc.o
    0x08001f34   0x000000a0   Code   RO          169    i.NVIC_PriorityGroupConfig  misc.o
    0x08001fd4   0x00000024   Code   RO         3169    i.Out_Queue         circularqueue.o
    0x08001ff8   0x00000094   Code   RO         3261    i.Query_Network_Attach_Status  nbiot.o
    0x0800208c   0x00000094   Code   RO         3262    i.Query_Network_Reg_Status  nbiot.o
    0x08002120   0x000001e0   Code   RO         3263    i.Query_Sim         nbiot.o
    0x08002300   0x00000014   Code   RO         3170    i.QueueInit         circularqueue.o
    0x08002314   0x00000010   Code   RO         3171    i.Queue_len         circularqueue.o
    0x08002324   0x00000090   Code   RO          547    i.RCC_ConfigPclk1   n32g45x_rcc.o
    0x080023b4   0x000000bc   Code   RO          559    i.RCC_EnableAPB1PeriphClk  n32g45x_rcc.o
    0x08002470   0x000000bc   Code   RO          561    i.RCC_EnableAPB2PeriphClk  n32g45x_rcc.o
    0x0800252c   0x000000bc   Code   RO          571    i.RCC_GetClocksFreqValue  n32g45x_rcc.o
    0x080025e8   0x00000034   Code   RO         3028    i.RS485Init         rs485.o
    0x0800261c   0x00000004   Code   RO         3029    i.RS485Task         rs485.o
    0x08002620   0x00000018   Code   RO         2959    i.ReadBL0942EleFlag  bl0942.o
    0x08002638   0x0000004c   Code   RO         2922    i.RelaygpioInit     relay.o
    0x08002684   0x0000009c   Code   RO         3264    i.SetPDP_Context    nbiot.o
    0x08002720   0x0000007c   Code   RO           13    i.SetSysClock       system_n32g45x.o
    0x0800279c   0x00000080   Code   RO          172    i.SysTick_CLKSourceConfig  misc.o
    0x0800281c   0x00000002   Code   RO         2252    i.SysTick_Handler   n32g45x_it.o
    0x0800281e   0x00000002   PAD
    0x08002820   0x00000094   Code   RO           15    i.SystemInit        system_n32g45x.o
    0x080028b4   0x0000003a   Code   RO         2743    i.TFTLCD_Address_Set  tft.o
    0x080028ee   0x0000005c   Code   RO         2749    i.TFTLCD_Image      tft.o
    0x0800294a   0x00000002   PAD
    0x0800294c   0x000001f4   Code   RO         2750    i.TFTLCD_Init       tft.o
    0x08002b40   0x00000014   Code   RO         2756    i.TFTLCD_WR_DATA    tft.o
    0x08002b54   0x00000028   Code   RO         2758    i.TFTLCD_WR_REG     tft.o
    0x08002b7c   0x00000050   Code   RO         2759    i.TFTLCD_Writ_Bus   tft.o
    0x08002bcc   0x00000038   Code   RO         2760    i.TFT_IO_init       tft.o
    0x08002c04   0x0000002c   Code   RO         2325    i.TIM6_IRQHandler   bsp.o
    0x08002c30   0x000000e0   Code   RO          805    i.TIM_ClrIntPendingBit  n32g45x_tim.o
    0x08002d10   0x00000114   Code   RO          827    i.TIM_ConfigInt     n32g45x_tim.o
    0x08002e24   0x000000f0   Code   RO          851    i.TIM_ConfigPrescaler  n32g45x_tim.o
    0x08002f14   0x00000078   Code   RO         2326    i.TIM_Configuration  bsp.o
    0x08002f8c   0x000000f0   Code   RO          855    i.TIM_Enable        n32g45x_tim.o
    0x0800307c   0x00000104   Code   RO          873    i.TIM_GetIntStatus  n32g45x_tim.o
    0x08003180   0x0000024c   Code   RO          886    i.TIM_InitTimeBase  n32g45x_tim.o
    0x080033cc   0x00000020   Code   RO         2509    i.UART4_IRQHandler  usart.o
    0x080033ec   0x00000054   Code   RO         2510    i.USART2_IRQHandler  usart.o
    0x08003440   0x00000054   Code   RO         2511    i.USART3_IRQHandler  usart.o
    0x08003494   0x000001b0   Code   RO         1470    i.USART_ConfigInt   n32g45x_usart.o
    0x08003644   0x000000f0   Code   RO         1475    i.USART_Enable      n32g45x_usart.o
    0x08003734   0x0000014c   Code   RO         1482    i.USART_GetFlagStatus  n32g45x_usart.o
    0x08003880   0x00000194   Code   RO         1483    i.USART_GetIntStatus  n32g45x_usart.o
    0x08003a14   0x000002fc   Code   RO         1484    i.USART_Init        n32g45x_usart.o
    0x08003d10   0x000000b8   Code   RO         1485    i.USART_ReceiveData  n32g45x_usart.o
    0x08003dc8   0x000000e0   Code   RO         1487    i.USART_SendData    n32g45x_usart.o
    0x08003ea8   0x00000020   Code   RO         2512    i.Uart2ClearRxBuf   usart.o
    0x08003ec8   0x00000034   Code   RO         2514    i.Uart2Send         usart.o
    0x08003efc   0x0000004c   Code   RO         2515    i.Uart2Task         usart.o
    0x08003f48   0x00000010   Code   RO         2516    i.Uart2_UartStaus   usart.o
    0x08003f58   0x00000020   Code   RO         2517    i.Uart3ClearRxBuf   usart.o
    0x08003f78   0x00000034   Code   RO         2519    i.Uart3Send         usart.o
    0x08003fac   0x00000044   Code   RO         2520    i.Uart3Task         usart.o
    0x08003ff0   0x00000010   Code   RO         2521    i.Uart3_UartStaus   usart.o
    0x08004000   0x00000034   Code   RO         2522    i.Uart4Send         usart.o
    0x08004034   0x00000002   Code   RO         2253    i.UsageFault_Handler  n32g45x_it.o
    0x08004036   0x00000002   PAD
    0x08004038   0x00000010   Code   RO         2523    i.Usart2_RxOverTime  usart.o
    0x08004048   0x00000010   Code   RO         2524    i.Usart3_RxOverTime  usart.o
    0x08004058   0x00000024   Code   RO         2458    i.Vtimer_Init       v_timer.o
    0x0800407c   0x00000014   Code   RO         2459    i.Vtimer_KillTimer  v_timer.o
    0x08004090   0x00000014   Code   RO         2460    i.Vtimer_SetTimer   v_timer.o
    0x080040a4   0x00000030   Code   RO         2462    i.Vtimer_UpdateHandler  v_timer.o
    0x080040d4   0x00000020   Code   RO        13426    i.__0printf$3       mc_w.l(printf3.o)
    0x080040f4   0x00000028   Code   RO        13428    i.__0sprintf$3      mc_w.l(printf3.o)
    0x0800411c   0x00000020   Code   RO         2327    i.__NVIC_SetPriority  bsp.o
    0x0800413c   0x00000008   Code   RO        13659    i.__aeabi_errno_addr  mc_w.l(errno.o)
    0x08004144   0x0000000e   Code   RO        13719    i.__scatterload_copy  mc_w.l(handlers.o)
    0x08004152   0x00000002   Code   RO        13720    i.__scatterload_null  mc_w.l(handlers.o)
    0x08004154   0x0000000e   Code   RO        13721    i.__scatterload_zeroinit  mc_w.l(handlers.o)
    0x08004162   0x00000002   PAD
    0x08004164   0x000001b8   Code   RO        13433    i._printf_core      mc_w.l(printf3.o)
    0x0800431c   0x0000000a   Code   RO        13435    i._sputc            mc_w.l(printf3.o)
    0x08004326   0x00000002   PAD
    0x08004328   0x00000080   Code   RO         7531    i.allocate_btn_areas_and_controls  lv_btnm.o
    0x080043a8   0x00000078   Code   RO         6334    i.anim_ready_handler  lv_anim.o
    0x08004420   0x00000098   Code   RO         6335    i.anim_task         lv_anim.o
    0x080044b8   0x0000003c   Code   RO         5227    i.antialias_get_opa_circ  lv_draw_rect.o
    0x080044f4   0x00000064   Code   RO        12267    i.arc_init          lv_theme_night.o
    0x08004558   0x00000030   Code   RO         2706    i.assert_failed     log.o
    0x08004588   0x00000094   Code   RO        12268    i.bar_init          lv_theme_night.o
    0x0800461c   0x00000178   Code   RO        12269    i.basic_init        lv_theme_night.o
    0x08004794   0x00000200   Code   RO        12270    i.btn_init          lv_theme_night.o
    0x08004994   0x000000cc   Code   RO        12271    i.btnm_init         lv_theme_night.o
    0x08004a60   0x00000196   Code   RO         7730    i.calculate_touched_day  lv_calendar.o
    0x08004bf6   0x00000002   PAD
    0x08004bf8   0x000001c8   Code   RO        12272    i.calendar_init     lv_theme_night.o
    0x08004dc0   0x00000194   Code   RO        12273    i.cb_init           lv_theme_night.o
    0x08004f54   0x00000060   Code   RO        10618    i.char_is_accepted  lv_ta.o
    0x08004fb4   0x00000500   Code   RO        12715    i.create_tab1       lv_test_theme_1.o
    0x080054b4   0x00000198   Code   RO        12716    i.create_tab2       lv_test_theme_1.o
    0x0800564c   0x00000228   Code   RO        12717    i.create_tab3       lv_test_theme_1.o
    0x08005874   0x0000007e   Code   RO        10619    i.cursor_blink_anim  lv_ta.o
    0x080058f2   0x00000002   PAD
    0x080058f4   0x00000074   Code   RO        12274    i.ddlist_init       lv_theme_night.o
    0x08005968   0x00000010   Code   RO         4920    i.deg_test_inv      lv_draw_arc.o
    0x08005978   0x00000010   Code   RO         4921    i.deg_test_norm     lv_draw_arc.o
    0x08005988   0x00000016   Code   RO         2761    i.delay_ms          tft.o
    0x0800599e   0x000000b4   Code   RO         4009    i.delete_children   lv_obj.o
    0x08005a52   0x0000001e   Code   RO        12625    i.disp_flush        lv_port_disp.o
    0x08005a70   0x0000013e   Code   RO        10228    i.draw_bg           lv_roller.o
    0x08005bae   0x00000002   PAD
    0x08005bb0   0x000000c8   Code   RO         7731    i.draw_day_names    lv_calendar.o
    0x08005c78   0x00000320   Code   RO         7732    i.draw_days         lv_calendar.o
    0x08005f98   0x00000138   Code   RO         7733    i.draw_header       lv_calendar.o
    0x080060d0   0x00000016   Code   RO         9867    i.edge_flash_anim   lv_page.o
    0x080060e6   0x0000001e   Code   RO         9868    i.edge_flash_anim_end  lv_page.o
    0x08006104   0x00000024   Code   RO         6810    i.ent_get_next      lv_mem.o
    0x08006128   0x00000042   Code   RO         6811    i.ent_trunc         lv_mem.o
    0x0800616a   0x00000092   Code   RO         4922    i.fast_atan2        lv_draw_arc.o
    0x080061fc   0x000000ca   Code   RO         3535    i.focus_next_core   lv_group.o
    0x080062c6   0x00000002   PAD
    0x080062c8   0x00000024   Code   RO         2707    i.fputc             log.o
    0x080062ec   0x00000068   Code   RO        12275    i.gauge_init        lv_theme_night.o
    0x08006354   0x0000007c   Code   RO         7532    i.get_button_from_point  lv_btnm.o
    0x080063d0   0x0000000a   Code   RO         7533    i.get_button_width  lv_btnm.o
    0x080063da   0x00000056   Code   RO        10620    i.get_cursor_style  lv_ta.o
    0x08006430   0x00000048   Code   RO         7734    i.get_day_of_week   lv_calendar.o
    0x08006478   0x00000118   Code   RO         5573    i.get_glyph_dsc_id  lv_font_fmt_txt.o
    0x08006590   0x00000018   Code   RO         7735    i.get_header_height  lv_calendar.o
    0x080065a8   0x00000090   Code   RO         5574    i.get_kern_value    lv_font_fmt_txt.o
    0x08006638   0x00000058   Code   RO         7736    i.get_month_length  lv_calendar.o
    0x08006690   0x0000010e   Code   RO        10944    i.get_row_height    lv_table.o
    0x0800679e   0x00000040   Code   RO         5143    i.hex_char_to_num   lv_draw_label.o
    0x080067de   0x00000026   Code   RO         4923    i.hor_line          lv_draw_arc.o
    0x08006804   0x00000078   Code   RO        10229    i.inf_normalize     lv_roller.o
    0x0800687c   0x00000062   Code   RO         2328    i.init_system       bsp.o
    0x080068de   0x00000002   PAD
    0x080068e0   0x00000080   Code   RO         2525    i.init_usart2       usart.o
    0x08006960   0x00000084   Code   RO         2526    i.init_usart3       usart.o
    0x080069e4   0x00000084   Code   RO         2527    i.init_usart4       usart.o
    0x08006a68   0x00000090   Code   RO         2528    i.init_usart5       usart.o
    0x08006af8   0x0000006c   Code   RO         7534    i.invalidate_button_area  lv_btnm.o
    0x08006b64   0x00000050   Code   RO         7737    i.is_highlighted    lv_calendar.o
    0x08006bb4   0x00000014   Code   RO         5575    i.kern_pair_16_compare  lv_font_fmt_txt.o
    0x08006bc8   0x00000014   Code   RO         5576    i.kern_pair_8_compare  lv_font_fmt_txt.o
    0x08006bdc   0x00000070   Code   RO         3392    i.keygpioInit       key.o
    0x08006c4c   0x00000080   Code   RO        12276    i.label_init        lv_theme_night.o
    0x08006ccc   0x00000084   Code   RO        12277    i.led_init          lv_theme_night.o
    0x08006d50   0x000000a0   Code   RO         2329    i.ledgpioInit       bsp.o
    0x08006df0   0x0000007a   Code   RO         5178    i.line_draw_hor     lv_draw_line.o
    0x08006e6a   0x00000002   PAD
    0x08006e6c   0x00000900   Code   RO         5179    i.line_draw_skew    lv_draw_line.o
    0x0800776c   0x00000072   Code   RO         5180    i.line_draw_ver     lv_draw_line.o
    0x080077de   0x00000076   Code   RO         5181    i.line_init         lv_draw_line.o
    0x08007854   0x00000054   Code   RO         5182    i.line_next         lv_draw_line.o
    0x080078a8   0x0000018c   Code   RO        12278    i.list_init         lv_theme_night.o
    0x08007a34   0x00000088   Code   RO        12279    i.lmeter_init       lv_theme_night.o
    0x08007abc   0x00000030   Code   RO         6336    i.lv_anim_core_init  lv_anim.o
    0x08007aec   0x0000004c   Code   RO         6338    i.lv_anim_create    lv_anim.o
    0x08007b38   0x00000060   Code   RO         6339    i.lv_anim_del       lv_anim.o
    0x08007b98   0x0000003a   Code   RO         6343    i.lv_anim_path_ease_in_out  lv_anim.o
    0x08007bd2   0x00000026   Code   RO         6345    i.lv_anim_path_linear  lv_anim.o
    0x08007bf8   0x00000014   Code   RO         6347    i.lv_anim_path_step  lv_anim.o
    0x08007c0c   0x00000026   Code   RO         6348    i.lv_anim_speed_to_time  lv_anim.o
    0x08007c32   0x00000002   PAD
    0x08007c34   0x00000094   Code   RO         7088    i.lv_arc_create     lv_arc.o
    0x08007cc8   0x00000158   Code   RO         7089    i.lv_arc_design     lv_arc.o
    0x08007e20   0x00000010   Code   RO         7092    i.lv_arc_get_style  lv_arc.o
    0x08007e30   0x0000002a   Code   RO         7093    i.lv_arc_set_angles  lv_arc.o
    0x08007e5a   0x0000000c   Code   RO         7094    i.lv_arc_set_style  lv_arc.o
    0x08007e66   0x00000002   PAD
    0x08007e68   0x00000040   Code   RO         7095    i.lv_arc_signal     lv_arc.o
    0x08007ea8   0x0000000c   Code   RO         9869    i.lv_area_get_height  lv_page.o
    0x08007eb4   0x0000001c   Code   RO         6490    i.lv_area_get_size  lv_area.o
    0x08007ed0   0x0000000c   Code   RO         5144    i.lv_area_get_width  lv_draw_label.o
    0x08007edc   0x0000000c   Code   RO         9870    i.lv_area_get_width  lv_page.o
    0x08007ee8   0x00000050   Code   RO         6491    i.lv_area_intersect  lv_area.o
    0x08007f38   0x0000003a   Code   RO         6492    i.lv_area_is_in     lv_area.o
    0x08007f72   0x00000038   Code   RO         6493    i.lv_area_is_on     lv_area.o
    0x08007faa   0x00000032   Code   RO         6494    i.lv_area_is_point_on  lv_area.o
    0x08007fdc   0x00000044   Code   RO         6495    i.lv_area_join      lv_area.o
    0x08008020   0x0000000e   Code   RO         6496    i.lv_area_set       lv_area.o
    0x0800802e   0x0000000a   Code   RO         6497    i.lv_area_set_height  lv_area.o
    0x08008038   0x00000030   Code   RO         6498    i.lv_area_set_pos   lv_area.o
    0x08008068   0x0000000a   Code   RO         6499    i.lv_area_set_width  lv_area.o
    0x08008072   0x00000016   Code   RO         7267    i.lv_bar_anim       lv_bar.o
    0x08008088   0x00000020   Code   RO         7268    i.lv_bar_anim_ready  lv_bar.o
    0x080080a8   0x000000f4   Code   RO         7269    i.lv_bar_create     lv_bar.o
    0x0800819c   0x00000250   Code   RO         7270    i.lv_bar_design     lv_bar.o
    0x080083ec   0x0000000c   Code   RO         7272    i.lv_bar_get_max_value  lv_bar.o
    0x080083f8   0x0000000c   Code   RO         7273    i.lv_bar_get_min_value  lv_bar.o
    0x08008404   0x00000024   Code   RO         7274    i.lv_bar_get_style  lv_bar.o
    0x08008428   0x0000001a   Code   RO         7276    i.lv_bar_get_value  lv_bar.o
    0x08008442   0x0000005a   Code   RO         7278    i.lv_bar_set_range  lv_bar.o
    0x0800849c   0x0000002c   Code   RO         7279    i.lv_bar_set_style  lv_bar.o
    0x080084c8   0x0000009c   Code   RO         7281    i.lv_bar_set_value  lv_bar.o
    0x08008564   0x00000064   Code   RO         7282    i.lv_bar_signal     lv_bar.o
    0x080085c8   0x0000004e   Code   RO         6787    i.lv_bezier3        lv_math.o
    0x08008616   0x00000002   PAD
    0x08008618   0x00000114   Code   RO         7416    i.lv_btn_create     lv_btn.o
    0x0800872c   0x00000020   Code   RO         7417    i.lv_btn_design     lv_btn.o
    0x0800874c   0x0000000e   Code   RO         7421    i.lv_btn_get_state  lv_btn.o
    0x0800875a   0x0000000e   Code   RO         7423    i.lv_btn_get_toggle  lv_btn.o
    0x08008768   0x0000002c   Code   RO         7427    i.lv_btn_set_state  lv_btn.o
    0x08008794   0x00000042   Code   RO         7428    i.lv_btn_set_style  lv_btn.o
    0x080087d6   0x00000012   Code   RO         7429    i.lv_btn_set_toggle  lv_btn.o
    0x080087e8   0x0000016c   Code   RO         7430    i.lv_btn_signal     lv_btn.o
    0x08008954   0x00000036   Code   RO         7431    i.lv_btn_toggle     lv_btn.o
    0x0800898a   0x0000002c   Code   RO         7535    i.lv_btnm_clear_btn_ctrl  lv_btnm.o
    0x080089b6   0x0000002a   Code   RO         7536    i.lv_btnm_clear_btn_ctrl_all  lv_btnm.o
    0x080089e0   0x00000134   Code   RO         7537    i.lv_btnm_create    lv_btnm.o
    0x08008b14   0x00000268   Code   RO         7538    i.lv_btnm_design    lv_btnm.o
    0x08008d7c   0x0000000a   Code   RO         7539    i.lv_btnm_get_active_btn  lv_btnm.o
    0x08008d86   0x00000020   Code   RO         7540    i.lv_btnm_get_active_btn_text  lv_btnm.o
    0x08008da6   0x00000022   Code   RO         7541    i.lv_btnm_get_btn_ctrl  lv_btnm.o
    0x08008dc8   0x00000050   Code   RO         7542    i.lv_btnm_get_btn_text  lv_btnm.o
    0x08008e18   0x0000000a   Code   RO         7543    i.lv_btnm_get_map_array  lv_btnm.o
    0x08008e22   0x0000003a   Code   RO         7547    i.lv_btnm_get_style  lv_btnm.o
    0x08008e5c   0x0000002c   Code   RO         7548    i.lv_btnm_set_btn_ctrl  lv_btnm.o
    0x08008e88   0x0000002a   Code   RO         7549    i.lv_btnm_set_btn_ctrl_all  lv_btnm.o
    0x08008eb2   0x0000003a   Code   RO         7550    i.lv_btnm_set_btn_width  lv_btnm.o
    0x08008eec   0x00000024   Code   RO         7551    i.lv_btnm_set_ctrl_map  lv_btnm.o
    0x08008f10   0x00000214   Code   RO         7552    i.lv_btnm_set_map   lv_btnm.o
    0x08009124   0x00000020   Code   RO         7553    i.lv_btnm_set_one_toggle  lv_btnm.o
    0x08009144   0x00000044   Code   RO         7556    i.lv_btnm_set_style  lv_btnm.o
    0x08009188   0x00000370   Code   RO         7557    i.lv_btnm_signal    lv_btnm.o
    0x080094f8   0x00000070   Code   RO         8096    i.lv_bullet_design  lv_cb.o
    0x08009568   0x000001ac   Code   RO         7738    i.lv_calendar_create  lv_calendar.o
    0x08009714   0x00000054   Code   RO         7739    i.lv_calendar_design  lv_calendar.o
    0x08009768   0x00000044   Code   RO         7746    i.lv_calendar_get_style  lv_calendar.o
    0x080097ac   0x0000001a   Code   RO         7749    i.lv_calendar_set_highlighted_dates  lv_calendar.o
    0x080097c6   0x00000020   Code   RO         7751    i.lv_calendar_set_showed_date  lv_calendar.o
    0x080097e6   0x0000004a   Code   RO         7752    i.lv_calendar_set_style  lv_calendar.o
    0x08009830   0x00000020   Code   RO         7753    i.lv_calendar_set_today_date  lv_calendar.o
    0x08009850   0x000001c8   Code   RO         7754    i.lv_calendar_signal  lv_calendar.o
    0x08009a18   0x00000150   Code   RO         8097    i.lv_cb_create      lv_cb.o
    0x08009b68   0x0000004c   Code   RO         8098    i.lv_cb_design      lv_cb.o
    0x08009bb4   0x0000007a   Code   RO         8102    i.lv_cb_set_style   lv_cb.o
    0x08009c2e   0x00000014   Code   RO         8103    i.lv_cb_set_text    lv_cb.o
    0x08009c42   0x00000002   PAD
    0x08009c44   0x00000098   Code   RO         8104    i.lv_cb_signal      lv_cb.o
    0x08009cdc   0x00000050   Code   RO         8182    i.lv_chart_add_series  lv_chart.o
    0x08009d2c   0x0000010c   Code   RO         8184    i.lv_chart_create   lv_chart.o
    0x08009e38   0x000000a0   Code   RO         8185    i.lv_chart_design   lv_chart.o
    0x08009ed8   0x00000164   Code   RO         8186    i.lv_chart_draw_areas  lv_chart.o
    0x0800a03c   0x00000158   Code   RO         8187    i.lv_chart_draw_cols  lv_chart.o
    0x0800a194   0x000000ea   Code   RO         8188    i.lv_chart_draw_div  lv_chart.o
    0x0800a27e   0x00000002   PAD
    0x0800a280   0x0000013c   Code   RO         8189    i.lv_chart_draw_lines  lv_chart.o
    0x0800a3bc   0x00000124   Code   RO         8190    i.lv_chart_draw_points  lv_chart.o
    0x0800a4e0   0x00000150   Code   RO         8191    i.lv_chart_draw_vertical_lines  lv_chart.o
    0x0800a630   0x000001ec   Code   RO         8192    i.lv_chart_draw_x_ticks  lv_chart.o
    0x0800a81c   0x000001d6   Code   RO         8193    i.lv_chart_draw_y_ticks  lv_chart.o
    0x0800a9f2   0x00000098   Code   RO         8201    i.lv_chart_inv_lines  lv_chart.o
    0x0800aa8a   0x00000128   Code   RO         8205    i.lv_chart_set_next  lv_chart.o
    0x0800abb2   0x0000001e   Code   RO         8212    i.lv_chart_set_type  lv_chart.o
    0x0800abd0   0x00000088   Code   RO         8218    i.lv_chart_signal   lv_chart.o
    0x0800ac58   0x00000014   Code   RO         6581    i.lv_circ_cont      lv_circ.o
    0x0800ac6c   0x0000000e   Code   RO         6582    i.lv_circ_init      lv_circ.o
    0x0800ac7a   0x00000030   Code   RO         6583    i.lv_circ_next      lv_circ.o
    0x0800acaa   0x00000044   Code   RO        12280    i.lv_color_hex3     lv_theme_night.o
    0x0800acee   0x000000b2   Code   RO         6608    i.lv_color_hsv_to_rgb  lv_color.o
    0x0800ada0   0x00000020   Code   RO         4714    i.lv_color_make     lv_style.o
    0x0800adc0   0x00000020   Code   RO         6609    i.lv_color_make     lv_color.o
    0x0800ade0   0x00000054   Code   RO         3536    i.lv_color_mix      lv_group.o
    0x0800ae34   0x00000054   Code   RO         4957    i.lv_color_mix      lv_draw_basic.o
    0x0800ae88   0x00000054   Code   RO         5228    i.lv_color_mix      lv_draw_rect.o
    0x0800aedc   0x00000054   Code   RO         8219    i.lv_color_mix      lv_chart.o
    0x0800af30   0x00000054   Code   RO         9303    i.lv_color_mix      lv_led.o
    0x0800af84   0x000000bc   Code   RO         8433    i.lv_cont_create    lv_cont.o
    0x0800b040   0x0000000e   Code   RO         8434    i.lv_cont_get_fit_bottom  lv_cont.o
    0x0800b04e   0x0000000e   Code   RO         8435    i.lv_cont_get_fit_left  lv_cont.o
    0x0800b05c   0x0000000e   Code   RO         8437    i.lv_cont_get_fit_top  lv_cont.o
    0x0800b06a   0x0000000e   Code   RO         8438    i.lv_cont_get_layout  lv_cont.o
    0x0800b078   0x000000c6   Code   RO         8439    i.lv_cont_layout_center  lv_cont.o
    0x0800b13e   0x0000009a   Code   RO         8440    i.lv_cont_layout_col  lv_cont.o
    0x0800b1d8   0x000000f8   Code   RO         8441    i.lv_cont_layout_grid  lv_cont.o
    0x0800b2d0   0x00000210   Code   RO         8442    i.lv_cont_layout_pretty  lv_cont.o
    0x0800b4e0   0x00000098   Code   RO         8443    i.lv_cont_layout_row  lv_cont.o
    0x0800b578   0x000002a4   Code   RO         8444    i.lv_cont_refr_autofit  lv_cont.o
    0x0800b81c   0x00000072   Code   RO         8445    i.lv_cont_refr_layout  lv_cont.o
    0x0800b88e   0x0000000e   Code   RO        12718    i.lv_cont_set_fit   lv_test_theme_1.o
    0x0800b89c   0x0000000e   Code   RO         8550    i.lv_cont_set_fit2  lv_ddlist.o
    0x0800b8aa   0x0000000e   Code   RO         9435    i.lv_cont_set_fit2  lv_list.o
    0x0800b8b8   0x0000000e   Code   RO        11107    i.lv_cont_set_fit2  lv_tabview.o
    0x0800b8c6   0x00000064   Code   RO         8446    i.lv_cont_set_fit4  lv_cont.o
    0x0800b92a   0x0000002a   Code   RO         8447    i.lv_cont_set_layout  lv_cont.o
    0x0800b954   0x00000090   Code   RO         8448    i.lv_cont_signal    lv_cont.o
    0x0800b9e4   0x00000012   Code   RO         8551    i.lv_ddlist_adjust_height  lv_ddlist.o
    0x0800b9f6   0x0000002c   Code   RO         8552    i.lv_ddlist_anim_finish  lv_ddlist.o
    0x0800ba22   0x00000006   Code   RO         8553    i.lv_ddlist_anim_ready_cb  lv_ddlist.o
    0x0800ba28   0x000001b4   Code   RO         8555    i.lv_ddlist_create  lv_ddlist.o
    0x0800bbdc   0x00000234   Code   RO         8556    i.lv_ddlist_design  lv_ddlist.o
    0x0800be10   0x0000000a   Code   RO         8561    i.lv_ddlist_get_selected  lv_ddlist.o
    0x0800be1a   0x0000002c   Code   RO         8564    i.lv_ddlist_get_style  lv_ddlist.o
    0x0800be46   0x0000002c   Code   RO         8565    i.lv_ddlist_open    lv_ddlist.o
    0x0800be72   0x00000060   Code   RO         8566    i.lv_ddlist_pos_current_option  lv_ddlist.o
    0x0800bed2   0x00000002   PAD
    0x0800bed4   0x000000f4   Code   RO         8567    i.lv_ddlist_refr_size  lv_ddlist.o
    0x0800bfc8   0x00000026   Code   RO         8568    i.lv_ddlist_refr_width  lv_ddlist.o
    0x0800bfee   0x00000002   PAD
    0x0800bff0   0x0000006c   Code   RO         8569    i.lv_ddlist_scrl_signal  lv_ddlist.o
    0x0800c05c   0x00000014   Code   RO         8571    i.lv_ddlist_set_draw_arrow  lv_ddlist.o
    0x0800c070   0x00000024   Code   RO         8572    i.lv_ddlist_set_fix_height  lv_ddlist.o
    0x0800c094   0x0000003a   Code   RO         8573    i.lv_ddlist_set_fix_width  lv_ddlist.o
    0x0800c0ce   0x00000080   Code   RO         8574    i.lv_ddlist_set_options  lv_ddlist.o
    0x0800c14e   0x00000038   Code   RO         8575    i.lv_ddlist_set_selected  lv_ddlist.o
    0x0800c186   0x00000014   Code   RO         8576    i.lv_ddlist_set_stay_open  lv_ddlist.o
    0x0800c19a   0x0000004a   Code   RO         8577    i.lv_ddlist_set_style  lv_ddlist.o
    0x0800c1e4   0x0000016c   Code   RO         8578    i.lv_ddlist_signal  lv_ddlist.o
    0x0800c350   0x0000001e   Code   RO         6025    i.lv_disp_buf_init  lv_hal_disp.o
    0x0800c36e   0x00000002   PAD
    0x0800c370   0x00000038   Code   RO         6026    i.lv_disp_drv_init  lv_hal_disp.o
    0x0800c3a8   0x000000ac   Code   RO         6027    i.lv_disp_drv_register  lv_hal_disp.o
    0x0800c454   0x0000000c   Code   RO         6029    i.lv_disp_flush_ready  lv_hal_disp.o
    0x0800c460   0x00000018   Code   RO         6030    i.lv_disp_get_antialiasing  lv_hal_disp.o
    0x0800c478   0x00000004   Code   RO         6031    i.lv_disp_get_buf   lv_hal_disp.o
    0x0800c47c   0x0000000c   Code   RO         6032    i.lv_disp_get_default  lv_hal_disp.o
    0x0800c488   0x00000024   Code   RO         6033    i.lv_disp_get_hor_res  lv_hal_disp.o
    0x0800c4ac   0x00000010   Code   RO         3415    i.lv_disp_get_layer_sys  lv_disp.o
    0x0800c4bc   0x00000010   Code   RO         3416    i.lv_disp_get_layer_top  lv_disp.o
    0x0800c4cc   0x00000014   Code   RO         6035    i.lv_disp_get_next  lv_hal_disp.o
    0x0800c4e0   0x00000010   Code   RO         3418    i.lv_disp_get_scr_act  lv_disp.o
    0x0800c4f0   0x00000024   Code   RO         6036    i.lv_disp_get_ver_res  lv_hal_disp.o
    0x0800c514   0x00000012   Code   RO         6037    i.lv_disp_is_double_buf  lv_hal_disp.o
    0x0800c526   0x00000024   Code   RO         6038    i.lv_disp_is_true_double_buf  lv_hal_disp.o
    0x0800c54a   0x00000014   Code   RO         3419    i.lv_disp_load_scr  lv_disp.o
    0x0800c55e   0x00000002   PAD
    0x0800c560   0x0000010c   Code   RO         4617    i.lv_disp_refr_task  lv_refr.o
    0x0800c66c   0x00000034   Code   RO         4789    i.lv_draw_aa_get_opa  lv_draw.o
    0x0800c6a0   0x0000004e   Code   RO         4790    i.lv_draw_aa_hor_seg  lv_draw.o
    0x0800c6ee   0x0000004e   Code   RO         4791    i.lv_draw_aa_ver_seg  lv_draw.o
    0x0800c73c   0x00000368   Code   RO         4924    i.lv_draw_arc       lv_draw_arc.o
    0x0800caa4   0x0000003a   Code   RO         5229    i.lv_draw_cont_radius_corr  lv_draw_rect.o
    0x0800cade   0x00000074   Code   RO         4958    i.lv_draw_fill      lv_draw_basic.o
    0x0800cb52   0x00000002   PAD
    0x0800cb54   0x00000020   Code   RO         4792    i.lv_draw_free_buf  lv_draw.o
    0x0800cb74   0x0000003c   Code   RO         4793    i.lv_draw_get_buf   lv_draw.o
    0x0800cbb0   0x0000005c   Code   RO         5057    i.lv_draw_img       lv_draw_img.o
    0x0800cc0c   0x0000042c   Code   RO         5145    i.lv_draw_label     lv_draw_label.o
    0x0800d038   0x000002c4   Code   RO         4959    i.lv_draw_letter    lv_draw_basic.o
    0x0800d2fc   0x000001f4   Code   RO         5183    i.lv_draw_line      lv_draw_line.o
    0x0800d4f0   0x0000029e   Code   RO         4960    i.lv_draw_map       lv_draw_basic.o
    0x0800d78e   0x00000098   Code   RO         4961    i.lv_draw_px        lv_draw_basic.o
    0x0800d826   0x0000009a   Code   RO         5230    i.lv_draw_rect      lv_draw_rect.o
    0x0800d8c0   0x00000a6e   Code   RO         5231    i.lv_draw_rect_border_corner  lv_draw_rect.o
    0x0800e32e   0x000003ae   Code   RO         5232    i.lv_draw_rect_border_straight  lv_draw_rect.o
    0x0800e6dc   0x00000826   Code   RO         5233    i.lv_draw_rect_main_corner  lv_draw_rect.o
    0x0800ef02   0x00000002   PAD
    0x0800ef04   0x0000012c   Code   RO         5234    i.lv_draw_rect_main_mid  lv_draw_rect.o
    0x0800f030   0x000000a2   Code   RO         5235    i.lv_draw_shadow    lv_draw_rect.o
    0x0800f0d2   0x00000002   PAD
    0x0800f0d4   0x00000214   Code   RO         5236    i.lv_draw_shadow_bottom  lv_draw_rect.o
    0x0800f2e8   0x00000328   Code   RO         5237    i.lv_draw_shadow_full  lv_draw_rect.o
    0x0800f610   0x0000015a   Code   RO         5238    i.lv_draw_shadow_full_straight  lv_draw_rect.o
    0x0800f76a   0x00000106   Code   RO         5321    i.lv_draw_triangle  lv_draw_triangle.o
    0x0800f870   0x0000000c   Code   RO         4010    i.lv_event_get_data  lv_obj.o
    0x0800f87c   0x0000001c   Code   RO         4011    i.lv_event_mark_deleted  lv_obj.o
    0x0800f898   0x0000001a   Code   RO         4012    i.lv_event_send     lv_obj.o
    0x0800f8b2   0x00000002   PAD
    0x0800f8b4   0x00000074   Code   RO         4013    i.lv_event_send_func  lv_obj.o
    0x0800f928   0x00000020   Code   RO         5577    i.lv_font_get_bitmap_fmt_txt  lv_font_fmt_txt.o
    0x0800f948   0x00000004   Code   RO         5530    i.lv_font_get_glyph_bitmap  lv_font.o
    0x0800f94c   0x0000000a   Code   RO         5531    i.lv_font_get_glyph_dsc  lv_font.o
    0x0800f956   0x00000068   Code   RO         5578    i.lv_font_get_glyph_dsc_fmt_txt  lv_font_fmt_txt.o
    0x0800f9be   0x00000016   Code   RO         5532    i.lv_font_get_glyph_width  lv_font.o
    0x0800f9d4   0x000000e0   Code   RO         8771    i.lv_gauge_create   lv_gauge.o
    0x0800fab4   0x0000009c   Code   RO         8772    i.lv_gauge_design   lv_gauge.o
    0x0800fb50   0x00000220   Code   RO         8773    i.lv_gauge_draw_needle  lv_gauge.o
    0x0800fd70   0x0000016a   Code   RO         8774    i.lv_gauge_draw_scale  lv_gauge.o
    0x0800feda   0x00000004   Code   RO         8776    i.lv_gauge_get_min_value  lv_gauge.o
    0x0800fede   0x00000056   Code   RO         8779    i.lv_gauge_set_needle_count  lv_gauge.o
    0x0800ff34   0x0000001c   Code   RO         8780    i.lv_gauge_set_scale  lv_gauge.o
    0x0800ff50   0x00000050   Code   RO         8781    i.lv_gauge_set_value  lv_gauge.o
    0x0800ffa0   0x00000060   Code   RO         8782    i.lv_gauge_signal   lv_gauge.o
    0x08010000   0x00000056   Code   RO         3537    i.lv_group_add_obj  lv_group.o
    0x08010056   0x00000002   PAD
    0x08010058   0x00000010   Code   RO         3541    i.lv_group_focus_next  lv_group.o
    0x08010068   0x00000010   Code   RO         3543    i.lv_group_focus_prev  lv_group.o
    0x08010078   0x0000000e   Code   RO         3545    i.lv_group_get_editing  lv_group.o
    0x08010086   0x0000000e   Code   RO         3547    i.lv_group_get_focused  lv_group.o
    0x08010094   0x0000000c   Code   RO         3551    i.lv_group_init     lv_group.o
    0x080100a0   0x00000026   Code   RO         3552    i.lv_group_mod_style  lv_group.o
    0x080100c6   0x00000030   Code   RO         3553    i.lv_group_refocus  lv_group.o
    0x080100f6   0x0000007c   Code   RO         3555    i.lv_group_remove_obj  lv_group.o
    0x08010172   0x00000002   PAD
    0x08010174   0x00000038   Code   RO         3556    i.lv_group_report_style_mod  lv_group.o
    0x080101ac   0x00000046   Code   RO         3559    i.lv_group_set_editing  lv_group.o
    0x080101f2   0x00000002   PAD
    0x080101f4   0x00000054   Code   RO         5355    i.lv_img_cache_invalidate_src  lv_img_cache.o
    0x08010248   0x000000fc   Code   RO         5356    i.lv_img_cache_open  lv_img_cache.o
    0x08010344   0x00000064   Code   RO         5357    i.lv_img_cache_set_size  lv_img_cache.o
    0x080103a8   0x00000034   Code   RO         5063    i.lv_img_color_format_get_px_size  lv_draw_img.o
    0x080103dc   0x00000024   Code   RO         5064    i.lv_img_color_format_has_alpha  lv_draw_img.o
    0x08010400   0x0000001a   Code   RO         5065    i.lv_img_color_format_is_chroma_keyed  lv_draw_img.o
    0x0801041a   0x00000002   PAD
    0x0801041c   0x000000d0   Code   RO         8865    i.lv_img_create     lv_img.o
    0x080104ec   0x0000001e   Code   RO         5394    i.lv_img_decoder_built_in_close  lv_img_decoder.o
    0x0801050a   0x0000005e   Code   RO         5395    i.lv_img_decoder_built_in_info  lv_img_decoder.o
    0x08010568   0x00000168   Code   RO         5396    i.lv_img_decoder_built_in_line_alpha  lv_img_decoder.o
    0x080106d0   0x0000010e   Code   RO         5397    i.lv_img_decoder_built_in_line_indexed  lv_img_decoder.o
    0x080107de   0x00000002   PAD
    0x080107e0   0x000000d8   Code   RO         5398    i.lv_img_decoder_built_in_open  lv_img_decoder.o
    0x080108b8   0x0000005e   Code   RO         5399    i.lv_img_decoder_built_in_read_line  lv_img_decoder.o
    0x08010916   0x00000012   Code   RO         5400    i.lv_img_decoder_close  lv_img_decoder.o
    0x08010928   0x0000001c   Code   RO         5401    i.lv_img_decoder_create  lv_img_decoder.o
    0x08010944   0x00000044   Code   RO         5403    i.lv_img_decoder_get_info  lv_img_decoder.o
    0x08010988   0x00000038   Code   RO         5404    i.lv_img_decoder_init  lv_img_decoder.o
    0x080109c0   0x00000070   Code   RO         5405    i.lv_img_decoder_open  lv_img_decoder.o
    0x08010a30   0x00000026   Code   RO         5406    i.lv_img_decoder_read_line  lv_img_decoder.o
    0x08010a56   0x00000002   PAD
    0x08010a58   0x00000156   Code   RO         8866    i.lv_img_design     lv_img.o
    0x08010bae   0x00000002   PAD
    0x08010bb0   0x00000158   Code   RO         5066    i.lv_img_draw_core  lv_draw_img.o
    0x08010d08   0x0000000e   Code   RO         8867    i.lv_img_get_auto_size  lv_img.o
    0x08010d16   0x0000000a   Code   RO         8871    i.lv_img_get_src    lv_img.o
    0x08010d20   0x00000118   Code   RO         8875    i.lv_img_set_src    lv_img.o
    0x08010e38   0x0000008c   Code   RO         8876    i.lv_img_signal     lv_img.o
    0x08010ec4   0x00000022   Code   RO         5067    i.lv_img_src_get_type  lv_draw_img.o
    0x08010ee6   0x00000002   PAD
    0x08010ee8   0x0000000c   Code   RO         3836    i.lv_indev_get_act  lv_indev.o
    0x08010ef4   0x00000014   Code   RO         6207    i.lv_indev_get_next  lv_hal_indev.o
    0x08010f08   0x0000000c   Code   RO         3838    i.lv_indev_get_obj_act  lv_indev.o
    0x08010f14   0x0000001c   Code   RO         3839    i.lv_indev_get_point  lv_indev.o
    0x08010f30   0x00000008   Code   RO         3841    i.lv_indev_get_type  lv_indev.o
    0x08010f38   0x0000001e   Code   RO         3842    i.lv_indev_get_vect  lv_indev.o
    0x08010f56   0x00000006   Code   RO         3843    i.lv_indev_init     lv_indev.o
    0x08010f5c   0x0000001c   Code   RO         3844    i.lv_indev_is_dragging  lv_indev.o
    0x08010f78   0x00000026   Code   RO         3846    i.lv_indev_reset    lv_indev.o
    0x08010f9e   0x0000001e   Code   RO         3847    i.lv_indev_reset_long_press  lv_indev.o
    0x08010fbc   0x00000054   Code   RO         4014    i.lv_init           lv_obj.o
    0x08011010   0x000000b4   Code   RO         4618    i.lv_inv_area       lv_refr.o
    0x080110c4   0x0000010c   Code   RO         9015    i.lv_kb_create      lv_kb.o
    0x080111d0   0x00000218   Code   RO         9016    i.lv_kb_def_event_cb  lv_kb.o
    0x080113e8   0x0000002a   Code   RO         9023    i.lv_kb_set_style   lv_kb.o
    0x08011412   0x00000046   Code   RO         9024    i.lv_kb_set_ta      lv_kb.o
    0x08011458   0x00000094   Code   RO         9025    i.lv_kb_signal      lv_kb.o
    0x080114ec   0x00000174   Code   RO         9102    i.lv_label_create   lv_label.o
    0x08011660   0x000001fa   Code   RO         9104    i.lv_label_design   lv_label.o
    0x0801185a   0x00000024   Code   RO         9105    i.lv_label_dot_tmp_free  lv_label.o
    0x0801187e   0x0000000e   Code   RO         9106    i.lv_label_get_align  lv_label.o
    0x0801188c   0x0000000e   Code   RO         9108    i.lv_label_get_body_draw  lv_label.o
    0x0801189a   0x00000002   PAD
    0x0801189c   0x00000158   Code   RO         9109    i.lv_label_get_letter_on  lv_label.o
    0x080119f4   0x0000016c   Code   RO         9110    i.lv_label_get_letter_pos  lv_label.o
    0x08011b60   0x0000000e   Code   RO         9111    i.lv_label_get_long_mode  lv_label.o
    0x08011b6e   0x0000000e   Code   RO         9112    i.lv_label_get_recolor  lv_label.o
    0x08011b7c   0x0000000a   Code   RO         9113    i.lv_label_get_text  lv_label.o
    0x08011b86   0x00000002   PAD
    0x08011b88   0x00000068   Code   RO         9116    i.lv_label_ins_text  lv_label.o
    0x08011bf0   0x00000348   Code   RO         9118    i.lv_label_refr_text  lv_label.o
    0x08011f38   0x0000006c   Code   RO         9119    i.lv_label_revert_dots  lv_label.o
    0x08011fa4   0x00000026   Code   RO         9120    i.lv_label_set_align  lv_label.o
    0x08011fca   0x0000002c   Code   RO         9123    i.lv_label_set_body_draw  lv_label.o
    0x08011ff6   0x00000056   Code   RO         9124    i.lv_label_set_dot_tmp  lv_label.o
    0x0801204c   0x0000008c   Code   RO         9125    i.lv_label_set_long_mode  lv_label.o
    0x080120d8   0x00000016   Code   RO         9126    i.lv_label_set_offset_x  lv_label.o
    0x080120ee   0x00000016   Code   RO         9127    i.lv_label_set_offset_y  lv_label.o
    0x08012104   0x00000026   Code   RO         9128    i.lv_label_set_recolor  lv_label.o
    0x0801212a   0x00000034   Code   RO         9129    i.lv_label_set_static_text  lv_label.o
    0x0801215e   0x0000006c   Code   RO         9130    i.lv_label_set_text  lv_label.o
    0x080121ca   0x00000002   PAD
    0x080121cc   0x000000f8   Code   RO         9133    i.lv_label_signal   lv_label.o
    0x080122c4   0x00000094   Code   RO         9304    i.lv_led_create     lv_led.o
    0x08012358   0x000000c0   Code   RO         9305    i.lv_led_design     lv_led.o
    0x08012418   0x00000006   Code   RO         9307    i.lv_led_off        lv_led.o
    0x0801241e   0x00000006   Code   RO         9308    i.lv_led_on         lv_led.o
    0x08012424   0x0000001e   Code   RO         9309    i.lv_led_set_bright  lv_led.o
    0x08012442   0x00000002   PAD
    0x08012444   0x0000003c   Code   RO         9310    i.lv_led_signal     lv_led.o
    0x08012480   0x000000c0   Code   RO         9377    i.lv_line_create    lv_line.o
    0x08012540   0x000001b2   Code   RO         9378    i.lv_line_design    lv_line.o
    0x080126f2   0x0000000e   Code   RO         9379    i.lv_line_get_auto_size  lv_line.o
    0x08012700   0x0000000e   Code   RO         9380    i.lv_line_get_y_invert  lv_line.o
    0x0801270e   0x0000002e   Code   RO         9381    i.lv_line_set_auto_size  lv_line.o
    0x0801273c   0x00000068   Code   RO         9382    i.lv_line_set_points  lv_line.o
    0x080127a4   0x00000026   Code   RO         9383    i.lv_line_set_y_invert  lv_line.o
    0x080127ca   0x00000002   PAD
    0x080127cc   0x00000060   Code   RO         9384    i.lv_line_signal    lv_line.o
    0x0801282c   0x00000134   Code   RO         9436    i.lv_list_add_btn   lv_list.o
    0x08012960   0x00000124   Code   RO         9437    i.lv_list_btn_signal  lv_list.o
    0x08012a84   0x0000019c   Code   RO         9439    i.lv_list_create    lv_list.o
    0x08012c20   0x00000004   Code   RO         9442    i.lv_list_get_anim_time  lv_list.o
    0x08012c24   0x0000004c   Code   RO         9443    i.lv_list_get_btn_img  lv_list.o
    0x08012c70   0x00000050   Code   RO         9445    i.lv_list_get_btn_label  lv_list.o
    0x08012cc0   0x0000000a   Code   RO         9446    i.lv_list_get_btn_selected  lv_list.o
    0x08012cca   0x00000002   PAD
    0x08012ccc   0x00000018   Code   RO         9447    i.lv_list_get_btn_text  lv_list.o
    0x08012ce4   0x0000002e   Code   RO         9448    i.lv_list_get_next_btn  lv_list.o
    0x08012d12   0x0000002e   Code   RO         9449    i.lv_list_get_prev_btn  lv_list.o
    0x08012d40   0x00000038   Code   RO         9453    i.lv_list_is_list_btn  lv_list.o
    0x08012d78   0x00000064   Code   RO         9455    i.lv_list_set_btn_selected  lv_list.o
    0x08012ddc   0x0000009e   Code   RO         9457    i.lv_list_set_style  lv_list.o
    0x08012e7a   0x00000002   PAD
    0x08012e7c   0x000001c4   Code   RO         9458    i.lv_list_signal    lv_list.o
    0x08013040   0x00000068   Code   RO         6678    i.lv_ll_chg_list    lv_ll.o
    0x080130a8   0x0000002c   Code   RO         6679    i.lv_ll_clear       lv_ll.o
    0x080130d4   0x0000000a   Code   RO         6680    i.lv_ll_get_head    lv_ll.o
    0x080130de   0x00000010   Code   RO         6682    i.lv_ll_get_next    lv_ll.o
    0x080130ee   0x0000000e   Code   RO         6683    i.lv_ll_get_prev    lv_ll.o
    0x080130fc   0x0000000a   Code   RO         6684    i.lv_ll_get_tail    lv_ll.o
    0x08013106   0x00000014   Code   RO         6685    i.lv_ll_init        lv_ll.o
    0x0801311a   0x0000003c   Code   RO         6686    i.lv_ll_ins_head    lv_ll.o
    0x08013156   0x00000066   Code   RO         6687    i.lv_ll_ins_prev    lv_ll.o
    0x080131bc   0x00000042   Code   RO         6688    i.lv_ll_ins_tail    lv_ll.o
    0x080131fe   0x00000012   Code   RO         6689    i.lv_ll_is_empty    lv_ll.o
    0x08013210   0x00000060   Code   RO         6690    i.lv_ll_move_before  lv_ll.o
    0x08013270   0x00000076   Code   RO         6691    i.lv_ll_rem         lv_ll.o
    0x080132e6   0x0000001a   Code   RO         9602    i.lv_lmeter_coord_round  lv_lmeter.o
    0x08013300   0x000000a4   Code   RO         9603    i.lv_lmeter_create  lv_lmeter.o
    0x080133a4   0x00000212   Code   RO         9604    i.lv_lmeter_design  lv_lmeter.o
    0x080135b6   0x0000000c   Code   RO         9606    i.lv_lmeter_get_max_value  lv_lmeter.o
    0x080135c2   0x0000000c   Code   RO         9607    i.lv_lmeter_get_min_value  lv_lmeter.o
    0x080135ce   0x0000000a   Code   RO         9608    i.lv_lmeter_get_scale_angle  lv_lmeter.o
    0x080135d8   0x00000028   Code   RO         9611    i.lv_lmeter_set_scale  lv_lmeter.o
    0x08013600   0x00000036   Code   RO         9612    i.lv_lmeter_set_value  lv_lmeter.o
    0x08013636   0x00000002   PAD
    0x08013638   0x00000074   Code   RO         9613    i.lv_lmeter_signal  lv_lmeter.o
    0x080136ac   0x0000007c   Code   RO         9707    i.lv_mbox_add_btns  lv_mbox.o
    0x08013728   0x00000040   Code   RO         9708    i.lv_mbox_btnm_event_cb  lv_mbox.o
    0x08013768   0x00000006   Code   RO         9709    i.lv_mbox_close_ready_cb  lv_mbox.o
    0x0801376e   0x00000002   PAD
    0x08013770   0x000000ec   Code   RO         9710    i.lv_mbox_create    lv_mbox.o
    0x0801385c   0x00000022   Code   RO         9711    i.lv_mbox_default_event_cb  lv_mbox.o
    0x0801387e   0x00000018   Code   RO         9712    i.lv_mbox_get_active_btn  lv_mbox.o
    0x08013896   0x0000000a   Code   RO         9714    i.lv_mbox_get_anim_time  lv_mbox.o
    0x080138a0   0x0000000a   Code   RO         9715    i.lv_mbox_get_btnm  lv_mbox.o
    0x080138aa   0x00000052   Code   RO         9717    i.lv_mbox_get_style  lv_mbox.o
    0x080138fc   0x00000062   Code   RO         9721    i.lv_mbox_set_style  lv_mbox.o
    0x0801395e   0x0000001c   Code   RO         9722    i.lv_mbox_set_text  lv_mbox.o
    0x0801397a   0x00000002   PAD
    0x0801397c   0x0000010c   Code   RO         9723    i.lv_mbox_signal    lv_mbox.o
    0x08013a88   0x000000c8   Code   RO         9724    i.lv_mbox_start_auto_close  lv_mbox.o
    0x08013b50   0x0000005c   Code   RO         6812    i.lv_mem_alloc      lv_mem.o
    0x08013bac   0x0000004c   Code   RO         6814    i.lv_mem_free       lv_mem.o
    0x08013bf8   0x0000001c   Code   RO         6815    i.lv_mem_get_size   lv_mem.o
    0x08013c14   0x00000020   Code   RO         6816    i.lv_mem_init       lv_mem.o
    0x08013c34   0x00000054   Code   RO         6818    i.lv_mem_realloc    lv_mem.o
    0x08013c88   0x0000020c   Code   RO         4015    i.lv_obj_align      lv_obj.o
    0x08013e94   0x00000118   Code   RO         4016    i.lv_obj_align_origo  lv_obj.o
    0x08013fac   0x0000000e   Code   RO         4017    i.lv_obj_allocate_ext_attr  lv_obj.o
    0x08013fba   0x0000000a   Code   RO         4019    i.lv_obj_clear_protect  lv_obj.o
    0x08013fc4   0x00000228   Code   RO         4022    i.lv_obj_create     lv_obj.o
    0x080141ec   0x000000d8   Code   RO         4023    i.lv_obj_del        lv_obj.o
    0x080142c4   0x000000a8   Code   RO         4026    i.lv_obj_design     lv_obj.o
    0x0801436c   0x0000000a   Code   RO         4027    i.lv_obj_get_auto_realign  lv_obj.o
    0x08014376   0x0000000e   Code   RO         4028    i.lv_obj_get_child  lv_obj.o
    0x08014384   0x0000000e   Code   RO         4029    i.lv_obj_get_child_back  lv_obj.o
    0x08014392   0x0000000a   Code   RO         4031    i.lv_obj_get_coords  lv_obj.o
    0x0801439c   0x00000004   Code   RO         4032    i.lv_obj_get_design_cb  lv_obj.o
    0x080143a0   0x00000044   Code   RO         4033    i.lv_obj_get_disp   lv_obj.o
    0x080143e4   0x00000004   Code   RO         4039    i.lv_obj_get_ext_attr  lv_obj.o
    0x080143e8   0x00000004   Code   RO         4045    i.lv_obj_get_group  lv_obj.o
    0x080143ec   0x0000000c   Code   RO         4046    i.lv_obj_get_height  lv_obj.o
    0x080143f8   0x0000001c   Code   RO         4047    i.lv_obj_get_height_fit  lv_obj.o
    0x08014414   0x0000000a   Code   RO         4048    i.lv_obj_get_hidden  lv_obj.o
    0x0801441e   0x00000042   Code   RO         4049    i.lv_obj_get_inner_coords  lv_obj.o
    0x08014460   0x0000001c   Code   RO         4050    i.lv_obj_get_opa_scale  lv_obj.o
    0x0801447c   0x00000004   Code   RO         4052    i.lv_obj_get_parent  lv_obj.o
    0x08014480   0x0000000c   Code   RO         4055    i.lv_obj_get_screen  lv_obj.o
    0x0801448c   0x00000004   Code   RO         4056    i.lv_obj_get_signal_cb  lv_obj.o
    0x08014490   0x0000005c   Code   RO         4057    i.lv_obj_get_style  lv_obj.o
    0x080144ec   0x00000054   Code   RO         4059    i.lv_obj_get_type   lv_obj.o
    0x08014540   0x0000000c   Code   RO         4060    i.lv_obj_get_width  lv_obj.o
    0x0801454c   0x0000001c   Code   RO         4061    i.lv_obj_get_width_fit  lv_obj.o
    0x08014568   0x0000000c   Code   RO         4062    i.lv_obj_get_x      lv_obj.o
    0x08014574   0x0000000c   Code   RO         4063    i.lv_obj_get_y      lv_obj.o
    0x08014580   0x000000a4   Code   RO         4064    i.lv_obj_invalidate  lv_obj.o
    0x08014624   0x00000018   Code   RO         4065    i.lv_obj_is_focused  lv_obj.o
    0x0801463c   0x0000000c   Code   RO         4066    i.lv_obj_is_protected  lv_obj.o
    0x08014648   0x00000038   Code   RO         4068    i.lv_obj_move_foreground  lv_obj.o
    0x08014680   0x00000026   Code   RO         4069    i.lv_obj_realign    lv_obj.o
    0x080146a6   0x0000001c   Code   RO         4070    i.lv_obj_refresh_ext_draw_pad  lv_obj.o
    0x080146c2   0x0000001c   Code   RO         4071    i.lv_obj_refresh_style  lv_obj.o
    0x080146de   0x00000002   PAD
    0x080146e0   0x00000048   Code   RO         4072    i.lv_obj_report_style_mod  lv_obj.o
    0x08014728   0x0000000c   Code   RO         4074    i.lv_obj_set_click  lv_obj.o
    0x08014734   0x00000004   Code   RO         4075    i.lv_obj_set_design_cb  lv_obj.o
    0x08014738   0x0000001a   Code   RO         4076    i.lv_obj_set_drag   lv_obj.o
    0x08014752   0x0000000c   Code   RO         4078    i.lv_obj_set_drag_parent  lv_obj.o
    0x0801475e   0x0000000c   Code   RO         4079    i.lv_obj_set_drag_throw  lv_obj.o
    0x0801476a   0x00000004   Code   RO         4080    i.lv_obj_set_event_cb  lv_obj.o
    0x0801476e   0x00000016   Code   RO         4082    i.lv_obj_set_height  lv_obj.o
    0x08014784   0x00000038   Code   RO         4083    i.lv_obj_set_hidden  lv_obj.o
    0x080147bc   0x00000064   Code   RO         4086    i.lv_obj_set_parent  lv_obj.o
    0x08014820   0x00000074   Code   RO         4088    i.lv_obj_set_pos    lv_obj.o
    0x08014894   0x0000000a   Code   RO         4089    i.lv_obj_set_protect  lv_obj.o
    0x0801489e   0x00000004   Code   RO         4090    i.lv_obj_set_signal_cb  lv_obj.o
    0x080148a2   0x00000080   Code   RO         4091    i.lv_obj_set_size   lv_obj.o
    0x08014922   0x00000014   Code   RO         4092    i.lv_obj_set_style  lv_obj.o
    0x08014936   0x0000000c   Code   RO         4093    i.lv_obj_set_top    lv_obj.o
    0x08014942   0x00000018   Code   RO         4094    i.lv_obj_set_width  lv_obj.o
    0x0801495a   0x00000018   Code   RO         4095    i.lv_obj_set_x      lv_obj.o
    0x08014972   0x00000016   Code   RO         4096    i.lv_obj_set_y      lv_obj.o
    0x08014988   0x0000005c   Code   RO         4097    i.lv_obj_signal     lv_obj.o
    0x080149e4   0x000001d0   Code   RO         9872    i.lv_page_create    lv_page.o
    0x08014bb4   0x00000214   Code   RO         9873    i.lv_page_design    lv_page.o
    0x08014dc8   0x000001b8   Code   RO         9874    i.lv_page_focus     lv_page.o
    0x08014f80   0x0000000a   Code   RO         9875    i.lv_page_get_anim_time  lv_page.o
    0x08014f8a   0x00000010   Code   RO         9876    i.lv_page_get_edge_flash  lv_page.o
    0x08014f9a   0x00000030   Code   RO         9878    i.lv_page_get_fit_width  lv_page.o
    0x08014fca   0x0000000a   Code   RO         9880    i.lv_page_get_scrl  lv_page.o
    0x08014fd4   0x0000000e   Code   RO         8579    i.lv_page_get_scrl_fit_bottom  lv_ddlist.o
    0x08014fe2   0x0000000e   Code   RO         9881    i.lv_page_get_scrl_width  lv_page.o
    0x08014ff0   0x00000034   Code   RO         9883    i.lv_page_get_style  lv_page.o
    0x08015024   0x00000016   Code   RO         9884    i.lv_page_glue_obj  lv_page.o
    0x0801503a   0x00000082   Code   RO         9885    i.lv_page_on_edge   lv_page.o
    0x080150bc   0x0000035e   Code   RO         9886    i.lv_page_sb_refresh  lv_page.o
    0x0801541a   0x00000002   PAD
    0x0801541c   0x00000054   Code   RO         9887    i.lv_page_scroll_hor  lv_page.o
    0x08015470   0x00000054   Code   RO         9888    i.lv_page_scroll_ver  lv_page.o
    0x080154c4   0x00000412   Code   RO         9889    i.lv_page_scrollable_signal  lv_page.o
    0x080158d6   0x0000000c   Code   RO         9890    i.lv_page_set_anim_time  lv_page.o
    0x080158e2   0x00000014   Code   RO         9891    i.lv_page_set_edge_flash  lv_page.o
    0x080158f6   0x0000004c   Code   RO         9892    i.lv_page_set_sb_mode  lv_page.o
    0x08015942   0x00000016   Code   RO         8580    i.lv_page_set_scrl_fit2  lv_ddlist.o
    0x08015958   0x00000018   Code   RO        10621    i.lv_page_set_scrl_fit2  lv_ta.o
    0x08015970   0x00000068   Code   RO         9894    i.lv_page_set_style  lv_page.o
    0x080159d8   0x00000230   Code   RO         9895    i.lv_page_signal    lv_page.o
    0x08015c08   0x00000064   Code   RO         9896    i.lv_page_start_edge_flash  lv_page.o
    0x08015c6c   0x00000044   Code   RO        12626    i.lv_port_disp_init  lv_port_disp.o
    0x08015cb0   0x000000c4   Code   RO        10132    i.lv_preload_create  lv_preload.o
    0x08015d74   0x000000f0   Code   RO        10133    i.lv_preload_design  lv_preload.o
    0x08015e64   0x0000000c   Code   RO        10139    i.lv_preload_set_arc_length  lv_preload.o
    0x08015e70   0x0000000a   Code   RO        10142    i.lv_preload_set_style  lv_preload.o
    0x08015e7a   0x00000002   PAD
    0x08015e7c   0x00000114   Code   RO        10143    i.lv_preload_set_type  lv_preload.o
    0x08015f90   0x00000044   Code   RO        10144    i.lv_preload_signal  lv_preload.o
    0x08015fd4   0x00000040   Code   RO        10145    i.lv_preload_spinner_anim  lv_preload.o
    0x08016014   0x00000128   Code   RO         4619    i.lv_refr_area      lv_refr.o
    0x0801613c   0x00000068   Code   RO         4620    i.lv_refr_area_part  lv_refr.o
    0x080161a4   0x0000004c   Code   RO         4621    i.lv_refr_areas     lv_refr.o
    0x080161f0   0x0000000c   Code   RO         4622    i.lv_refr_get_disp_refreshing  lv_refr.o
    0x080161fc   0x00000064   Code   RO         4623    i.lv_refr_get_top_obj  lv_refr.o
    0x08016260   0x00000002   Code   RO         4624    i.lv_refr_init      lv_refr.o
    0x08016262   0x00000002   PAD
    0x08016264   0x000000c4   Code   RO         4625    i.lv_refr_join_area  lv_refr.o
    0x08016328   0x000000d4   Code   RO         4627    i.lv_refr_obj       lv_refr.o
    0x080163fc   0x0000004c   Code   RO         4628    i.lv_refr_obj_and_children  lv_refr.o
    0x08016448   0x00000050   Code   RO         4630    i.lv_refr_vdb_flush  lv_refr.o
    0x08016498   0x0000011c   Code   RO        10230    i.lv_roller_create  lv_roller.o
    0x080165b4   0x0000019c   Code   RO        10231    i.lv_roller_design  lv_roller.o
    0x08016750   0x00000032   Code   RO        10234    i.lv_roller_get_selected  lv_roller.o
    0x08016782   0x00000014   Code   RO        10235    i.lv_roller_get_style  lv_roller.o
    0x08016796   0x00000002   PAD
    0x08016798   0x000000f4   Code   RO        10236    i.lv_roller_scrl_signal  lv_roller.o
    0x0801688c   0x000000a2   Code   RO        10238    i.lv_roller_set_options  lv_roller.o
    0x0801692e   0x00000026   Code   RO        10239    i.lv_roller_set_selected  lv_roller.o
    0x08016954   0x00000012   Code   RO        10240    i.lv_roller_set_style  lv_roller.o
    0x08016966   0x00000036   Code   RO        10241    i.lv_roller_set_visible_row_count  lv_roller.o
    0x0801699c   0x00000134   Code   RO        10242    i.lv_roller_signal  lv_roller.o
    0x08016ad0   0x00000090   Code   RO         9897    i.lv_scrl_design    lv_page.o
    0x08016b60   0x000000c0   Code   RO        10367    i.lv_slider_create  lv_slider.o
    0x08016c20   0x0000044c   Code   RO        10368    i.lv_slider_design  lv_slider.o
    0x0801706c   0x0000002e   Code   RO        10370    i.lv_slider_get_style  lv_slider.o
    0x0801709a   0x0000001e   Code   RO        10371    i.lv_slider_get_value  lv_slider.o
    0x080170b8   0x00000022   Code   RO        10373    i.lv_slider_set_knob_in  lv_slider.o
    0x080170da   0x00000038   Code   RO        10374    i.lv_slider_set_style  lv_slider.o
    0x08017112   0x00000004   Code   RO        10542    i.lv_slider_set_value  lv_sw.o
    0x08017116   0x00000002   PAD
    0x08017118   0x00000284   Code   RO        10375    i.lv_slider_signal  lv_slider.o
    0x0801739c   0x00000006   Code   RO         4718    i.lv_style_copy     lv_style.o
    0x080173a2   0x00000002   PAD
    0x080173a4   0x0000051e   Code   RO         4719    i.lv_style_init     lv_style.o
    0x080178c2   0x00000002   PAD
    0x080178c4   0x000000d8   Code   RO        10543    i.lv_sw_create      lv_sw.o
    0x0801799c   0x00000012   Code   RO        10545    i.lv_sw_get_state   lv_sw.o
    0x080179ae   0x00000024   Code   RO        10547    i.lv_sw_off         lv_sw.o
    0x080179d2   0x00000024   Code   RO        10548    i.lv_sw_on          lv_sw.o
    0x080179f6   0x0000000c   Code   RO        10549    i.lv_sw_set_anim_time  lv_sw.o
    0x08017a02   0x00000056   Code   RO        10550    i.lv_sw_set_style   lv_sw.o
    0x08017a58   0x000001c8   Code   RO        10551    i.lv_sw_signal      lv_sw.o
    0x08017c20   0x00000134   Code   RO        10622    i.lv_ta_add_char    lv_ta.o
    0x08017d54   0x00000160   Code   RO        10623    i.lv_ta_add_text    lv_ta.o
    0x08017eb4   0x00000230   Code   RO        10625    i.lv_ta_create      lv_ta.o
    0x080180e4   0x00000062   Code   RO        10626    i.lv_ta_cursor_down  lv_ta.o
    0x08018146   0x0000001c   Code   RO        10627    i.lv_ta_cursor_left  lv_ta.o
    0x08018162   0x00000016   Code   RO        10628    i.lv_ta_cursor_right  lv_ta.o
    0x08018178   0x00000052   Code   RO        10629    i.lv_ta_cursor_up   lv_ta.o
    0x080181ca   0x00000002   PAD
    0x080181cc   0x000000e8   Code   RO        10630    i.lv_ta_del_char    lv_ta.o
    0x080182b4   0x0000002a   Code   RO        10631    i.lv_ta_del_char_forward  lv_ta.o
    0x080182de   0x00000002   PAD
    0x080182e0   0x00000024   Code   RO        10632    i.lv_ta_design      lv_ta.o
    0x08018304   0x0000000a   Code   RO        10633    i.lv_ta_get_accepted_chars  lv_ta.o
    0x0801830e   0x0000000c   Code   RO        10636    i.lv_ta_get_cursor_pos  lv_ta.o
    0x0801831a   0x00000010   Code   RO        10637    i.lv_ta_get_cursor_type  lv_ta.o
    0x0801832a   0x0000000c   Code   RO        10639    i.lv_ta_get_max_length  lv_ta.o
    0x08018336   0x0000003e   Code   RO        10644    i.lv_ta_get_style   lv_ta.o
    0x08018374   0x0000001c   Code   RO        10645    i.lv_ta_get_text    lv_ta.o
    0x08018390   0x00000154   Code   RO        10647    i.lv_ta_scrollable_design  lv_ta.o
    0x080184e4   0x000000d4   Code   RO        10648    i.lv_ta_scrollable_signal  lv_ta.o
    0x080185b8   0x00000180   Code   RO        10652    i.lv_ta_set_cursor_pos  lv_ta.o
    0x08018738   0x0000002a   Code   RO        10653    i.lv_ta_set_cursor_type  lv_ta.o
    0x08018762   0x00000004   Code   RO        10654    i.lv_ta_set_edge_flash  lv_ta.o
    0x08018766   0x000000dc   Code   RO        10657    i.lv_ta_set_one_line  lv_ta.o
    0x08018842   0x0000005c   Code   RO        10661    i.lv_ta_set_style   lv_ta.o
    0x0801889e   0x00000002   PAD
    0x080188a0   0x000002a8   Code   RO        10665    i.lv_ta_signal      lv_ta.o
    0x08018b48   0x00000100   Code   RO        10945    i.lv_table_create   lv_table.o
    0x08018c48   0x000002c0   Code   RO        10946    i.lv_table_design   lv_table.o
    0x08018f08   0x00000052   Code   RO        10956    i.lv_table_set_cell_align  lv_table.o
    0x08018f5a   0x0000005e   Code   RO        10958    i.lv_table_set_cell_merge_right  lv_table.o
    0x08018fb8   0x00000068   Code   RO        10960    i.lv_table_set_cell_value  lv_table.o
    0x08019020   0x0000005e   Code   RO        10961    i.lv_table_set_col_cnt  lv_table.o
    0x0801907e   0x00000022   Code   RO        10962    i.lv_table_set_col_width  lv_table.o
    0x080190a0   0x0000005c   Code   RO        10963    i.lv_table_set_row_cnt  lv_table.o
    0x080190fc   0x0000003e   Code   RO        10964    i.lv_table_set_style  lv_table.o
    0x0801913a   0x00000002   PAD
    0x0801913c   0x0000007c   Code   RO        10965    i.lv_table_signal   lv_table.o
    0x080191b8   0x0000022c   Code   RO        11108    i.lv_tabview_add_tab  lv_tabview.o
    0x080193e4   0x00000264   Code   RO        11110    i.lv_tabview_create  lv_tabview.o
    0x08019648   0x0000000a   Code   RO        11111    i.lv_tabview_get_anim_time  lv_tabview.o
    0x08019652   0x0000000e   Code   RO        11114    i.lv_tabview_get_sliding  lv_tabview.o
    0x08019660   0x0000004c   Code   RO        11115    i.lv_tabview_get_style  lv_tabview.o
    0x080196ac   0x0000002e   Code   RO        11116    i.lv_tabview_get_tab  lv_tabview.o
    0x080196da   0x0000000a   Code   RO        11117    i.lv_tabview_get_tab_act  lv_tabview.o
    0x080196e4   0x000000a0   Code   RO        11123    i.lv_tabview_set_style  lv_tabview.o
    0x08019784   0x000001f8   Code   RO        11124    i.lv_tabview_set_tab_act  lv_tabview.o
    0x0801997c   0x00000144   Code   RO        11125    i.lv_tabview_signal  lv_tabview.o
    0x08019ac0   0x0000001c   Code   RO         6871    i.lv_task_core_init  lv_task.o
    0x08019adc   0x00000028   Code   RO         6872    i.lv_task_create    lv_task.o
    0x08019b04   0x0000007c   Code   RO         6873    i.lv_task_create_basic  lv_task.o
    0x08019b80   0x00000030   Code   RO         6874    i.lv_task_del       lv_task.o
    0x08019bb0   0x00000044   Code   RO         6876    i.lv_task_exec      lv_task.o
    0x08019bf4   0x000000d0   Code   RO         6878    i.lv_task_handler   lv_task.o
    0x08019cc4   0x00000012   Code   RO         6880    i.lv_task_ready     lv_task.o
    0x08019cd6   0x00000002   PAD
    0x08019cd8   0x00000058   Code   RO         6884    i.lv_task_set_prio  lv_task.o
    0x08019d30   0x00000088   Code   RO        12719    i.lv_test_theme_1   lv_test_theme_1.o
    0x08019db8   0x00000014   Code   RO        11576    i.lv_theme_get_current  lv_theme.o
    0x08019dcc   0x00000160   Code   RO        12282    i.lv_theme_night_init  lv_theme_night.o
    0x08019f2c   0x00000078   Code   RO        11577    i.lv_theme_set_current  lv_theme.o
    0x08019fa4   0x0000000c   Code   RO         6302    i.lv_tick_elaps     lv_hal_tick.o
    0x08019fb0   0x00000014   Code   RO         6303    i.lv_tick_get       lv_hal_tick.o
    0x08019fc4   0x00000014   Code   RO         6304    i.lv_tick_inc       lv_hal_tick.o
    0x08019fd8   0x00000054   Code   RO         6788    i.lv_trigo_sin      lv_math.o
    0x0801a02c   0x00000040   Code   RO         6968    i.lv_txt_cut        lv_txt.o
    0x0801a06c   0x000000f8   Code   RO         6969    i.lv_txt_get_next_line  lv_txt.o
    0x0801a164   0x000000b0   Code   RO         6970    i.lv_txt_get_size   lv_txt.o
    0x0801a214   0x00000088   Code   RO         6971    i.lv_txt_get_width  lv_txt.o
    0x0801a29c   0x00000048   Code   RO         6972    i.lv_txt_ins        lv_txt.o
    0x0801a2e4   0x00000036   Code   RO         6973    i.lv_txt_is_cmd     lv_txt.o
    0x0801a31a   0x0000007e   Code   RO         6974    i.lv_txt_unicode_to_utf8  lv_txt.o
    0x0801a398   0x0000002c   Code   RO         6976    i.lv_txt_utf8_get_byte_id  lv_txt.o
    0x0801a3c4   0x00000028   Code   RO         6977    i.lv_txt_utf8_get_char_id  lv_txt.o
    0x0801a3ec   0x00000028   Code   RO         6978    i.lv_txt_utf8_get_length  lv_txt.o
    0x0801a414   0x0000008a   Code   RO         6979    i.lv_txt_utf8_next  lv_txt.o
    0x0801a49e   0x00000002   PAD
    0x0801a4a0   0x00000048   Code   RO         6980    i.lv_txt_utf8_prev  lv_txt.o
    0x0801a4e8   0x0000002e   Code   RO         6981    i.lv_txt_utf8_size  lv_txt.o
    0x0801a516   0x00000002   PAD
    0x0801a518   0x0000004c   Code   RO         7067    i.lv_utils_bsearch  lv_utils.o
    0x0801a564   0x00000070   Code   RO         7068    i.lv_utils_num_to_str  lv_utils.o
    0x0801a5d4   0x0000005a   Code   RO        11406    i.lv_win_add_btn    lv_win.o
    0x0801a62e   0x00000014   Code   RO        11408    i.lv_win_close_event_cb  lv_win.o
    0x0801a642   0x00000002   PAD
    0x0801a644   0x000001cc   Code   RO        11409    i.lv_win_create     lv_win.o
    0x0801a810   0x0000000e   Code   RO        11414    i.lv_win_get_from_btn  lv_win.o
    0x0801a81e   0x00000044   Code   RO        11417    i.lv_win_get_style  lv_win.o
    0x0801a862   0x00000100   Code   RO        11420    i.lv_win_realign    lv_win.o
    0x0801a962   0x00000002   PAD
    0x0801a964   0x0000008c   Code   RO        11426    i.lv_win_set_style  lv_win.o
    0x0801a9f0   0x000000e0   Code   RO        11428    i.lv_win_signal     lv_win.o
    0x0801aad0   0x00000044   Code   RO         1905    i.main              main.o
    0x0801ab14   0x0000002a   Code   RO         7558    i.make_one_button_toggled  lv_btnm.o
    0x0801ab3e   0x00000002   PAD
    0x0801ab40   0x0000006c   Code   RO        13599    i.malloc            mc_w.l(malloc.o)
    0x0801abac   0x00000090   Code   RO        12283    i.mbox_init         lv_theme_night.o
    0x0801ac3c   0x0000006e   Code   RO         9726    i.mbox_realign      lv_mbox.o
    0x0801acaa   0x00000026   Code   RO         6693    i.node_set_next     lv_ll.o
    0x0801acd0   0x00000024   Code   RO         6694    i.node_set_prev     lv_ll.o
    0x0801acf4   0x0000002a   Code   RO         3565    i.obj_to_foreground  lv_group.o
    0x0801ad1e   0x00000002   PAD
    0x0801ad20   0x00000070   Code   RO        12284    i.page_init         lv_theme_night.o
    0x0801ad90   0x00000064   Code   RO        10667    i.placeholder_update  lv_ta.o
    0x0801adf4   0x00000014   Code   RO         5322    i.point_swap        lv_draw_triangle.o
    0x0801ae08   0x00000050   Code   RO        10668    i.pwd_char_hider    lv_ta.o
    0x0801ae58   0x00000002   Code   RO        10669    i.pwd_char_hider_anim  lv_ta.o
    0x0801ae5a   0x00000006   Code   RO        10670    i.pwd_char_hider_anim_ready  lv_ta.o
    0x0801ae60   0x000002a8   Code   RO        10671    i.refr_cursor_area  lv_ta.o
    0x0801b108   0x00000070   Code   RO        10243    i.refr_height       lv_roller.o
    0x0801b178   0x000000d0   Code   RO        10244    i.refr_position     lv_roller.o
    0x0801b248   0x00000072   Code   RO        10966    i.refr_size         lv_table.o
    0x0801b2ba   0x00000044   Code   RO         4099    i.refresh_children_position  lv_obj.o
    0x0801b2fe   0x00000034   Code   RO         4100    i.refresh_children_style  lv_obj.o
    0x0801b332   0x00000002   PAD
    0x0801b334   0x00000028   Code   RO         3566    i.refresh_theme     lv_group.o
    0x0801b35c   0x00000110   Code   RO         8581    i.release_handler   lv_ddlist.o
    0x0801b46c   0x00000038   Code   RO         4101    i.report_style_mod_core  lv_obj.o
    0x0801b4a4   0x00000070   Code   RO        12285    i.roller_init       lv_theme_night.o
    0x0801b514   0x0000003c   Code   RO         9898    i.scrl_def_event_cb  lv_page.o
    0x0801b550   0x00000006   Code   RO        10245    i.scroll_anim_ready_cb  lv_roller.o
    0x0801b556   0x00000002   PAD
    0x0801b558   0x00000030   Code   RO        12286    i.style_mod         lv_theme_night.o
    0x0801b588   0x0000008c   Code   RO         3567    i.style_mod_def     lv_group.o
    0x0801b614   0x00000028   Code   RO        12287    i.style_mod_edit    lv_theme_night.o
    0x0801b63c   0x0000008c   Code   RO         3568    i.style_mod_edit_def  lv_group.o
    0x0801b6c8   0x0000013a   Code   RO         4962    i.sw_color_fill     lv_draw_basic.o
    0x0801b802   0x00000058   Code   RO        11126    i.tab_btnm_event_cb  lv_tabview.o
    0x0801b85a   0x000000c0   Code   RO        11127    i.tabpage_press_lost_handler  lv_tabview.o
    0x0801b91a   0x00000018   Code   RO        11128    i.tabpage_pressed_handler  lv_tabview.o
    0x0801b932   0x00000154   Code   RO        11129    i.tabpage_pressing_handler  lv_tabview.o
    0x0801ba86   0x00000002   PAD
    0x0801ba88   0x00000064   Code   RO        11130    i.tabpage_scrl_signal  lv_tabview.o
    0x0801baec   0x00000060   Code   RO        11131    i.tabpage_signal    lv_tabview.o
    0x0801bb4c   0x00000368   Code   RO        11132    i.tabview_realign   lv_tabview.o
    0x0801beb4   0x000002d8   Code   RO         5323    i.tri_draw_flat     lv_draw_triangle.o
    0x0801c18c   0x0000024e   Code   RO         5324    i.tri_draw_tall     lv_draw_triangle.o
    0x0801c3da   0x00000008   Code   RO         5579    i.unicode_list_compare  lv_font_fmt_txt.o
    0x0801c3e2   0x000000a2   Code   RO        10672    i.update_cursor_position_on_click  lv_ta.o
    0x0801c484   0x00000028   Code   RO         4925    i.ver_line          lv_draw_arc.o
    0x0801c4ac   0x000000f8   Code   RO        12288    i.win_init          lv_theme_night.o
    0x0801c5a4   0x00000040   Data   RO          577    .constdata          n32g45x_rcc.o
    0x0801c5e4   0x00000010   Data   RO         2665    .constdata          typechange.o
    0x0801c5f4   0x0000002e   Data   RO         3569    .constdata          lv_group.o
    0x0801c622   0x00000002   PAD
    0x0801c624   0x00000016   Data   RO         4724    .constdata          lv_style.o
    0x0801c63a   0x00000001   Data   RO         4794    .constdata          lv_draw.o
    0x0801c63b   0x00000002   Data   RO         4795    .constdata          lv_draw.o
    0x0801c63d   0x00000003   Data   RO         4796    .constdata          lv_draw.o
    0x0801c640   0x00000004   Data   RO         4797    .constdata          lv_draw.o
    0x0801c644   0x00000005   Data   RO         4798    .constdata          lv_draw.o
    0x0801c649   0x00000006   Data   RO         4799    .constdata          lv_draw.o
    0x0801c64f   0x00000007   Data   RO         4800    .constdata          lv_draw.o
    0x0801c656   0x00000008   Data   RO         4801    .constdata          lv_draw.o
    0x0801c65e   0x00000011   Data   RO         5239    .constdata          lv_draw_rect.o
    0x0801c66f   0x00002392   Data   RO         5871    .constdata          lv_font_roboto_16.o
    0x0801ea01   0x00000003   PAD
    0x0801ea04   0x00000028   Data   RO         5872    .constdata          lv_font_roboto_16.o
    0x0801ea2c   0x00000002   Data   RO         6042    .constdata          lv_hal_disp.o
    0x0801ea2e   0x00000002   PAD
    0x0801ea30   0x00000002   Data   RO         8783    .constdata          lv_gauge.o
    0x0801ea32   0x00000112   Data   RO         9026    .constdata          lv_kb.o
    0x0801eb44   0x00000002   Data   RO        12290    .constdata          lv_theme_night.o
    0x0801eb46   0x00000002   PAD
    0x0801eb48   0x00000002   Data   RO        12721    .constdata          lv_test_theme_1.o
    0x0801eb4a   0x00000081   Data   RO        13686    .constdata          mc_w.l(ctype_o.o)
    0x0801ebcb   0x00000001   PAD
    0x0801ebcc   0x00000004   Data   RO        13687    .constdata          mc_w.l(ctype_o.o)
    0x0801ebd0   0x00000094   Data   RO          173    .conststring        misc.o
    0x0801ec64   0x00000046   Data   RO         1493    .conststring        n32g45x_usart.o
    0x0801ecaa   0x00000002   PAD
    0x0801ecac   0x0000002d   Data   RO         7559    .conststring        lv_btnm.o
    0x0801ecd9   0x00000003   PAD
    0x0801ecdc   0x00000085   Data   RO         7755    .conststring        lv_calendar.o
    0x0801ed61   0x00000003   PAD
    0x0801ed64   0x0000018c   Data   RO         9027    .conststring        lv_kb.o
    0x0801eef0   0x00000215   Data   RO        12722    .conststring        lv_test_theme_1.o
    0x0801f105   0x00000003   PAD
    0x0801f108   0x00000020   Data   RO        13717    Region$$Table       anon$$obj.o


    Execution Region RW_IRAM1 (Base: 0x20000000, Size: 0x0001cfa8, Max: 0x00024000, ABSOLUTE, COMPRESSED[0x000008dc])

    Base Addr    Size         Type   Attr      Idx    E Section Name        Object

    0x20000000   0x00000011   Data   RW         2332    .data               bsp.o
    0x20000011   0x00000001   PAD
    0x20000012   0x0000000a   Data   RW         2333    .data               bsp.o
    0x2000001c   0x00000010   Data   RW         2961    .data               bl0942.o
    0x2000002c   0x00000004   Data   RW         3174    .data               circularqueue.o
    0x20000030   0x00000016   Data   RW         3267    .data               nbiot.o
    0x20000046   0x00000002   PAD
    0x20000048   0x00000008   Data   RW         3852    .data               lv_indev.o
    0x20000050   0x0000000c   Data   RW         4102    .data               lv_obj.o
    0x2000005c   0x00000008   Data   RW         4631    .data               lv_refr.o
    0x20000064   0x00000024   Data   RW         4802    .data               lv_draw.o
    0x20000088   0x00000002   Data   RW         5358    .data               lv_img_cache.o
    0x2000008a   0x00000002   PAD
    0x2000008c   0x00000490   Data   RW         5873    .data               lv_font_roboto_16.o
    0x2000051c   0x00000064   Data   RW         5874    .data               lv_font_roboto_16.o
    0x20000580   0x00000092   Data   RW         5875    .data               lv_font_roboto_16.o
    0x20000612   0x00000092   Data   RW         5876    .data               lv_font_roboto_16.o
    0x200006a4   0x00000578   Data   RW         5877    .data               lv_font_roboto_16.o
    0x20000c1c   0x00000010   Data   RW         5878    .data               lv_font_roboto_16.o
    0x20000c2c   0x0000001c   Data   RW         5879    .data               lv_font_roboto_16.o
    0x20000c48   0x00000010   Data   RW         5880    .data               lv_font_roboto_16.o
    0x20000c58   0x00000004   Data   RW         6043    .data               lv_hal_disp.o
    0x20000c5c   0x00000008   Data   RW         6305    .data               lv_hal_tick.o
    0x20000c64   0x00000008   Data   RW         6349    .data               lv_anim.o
    0x20000c6c   0x00000004   Data   RW         6651    .data               lv_gc.o
    0x20000c70   0x00000004   Data   RW         6652    .data               lv_gc.o
    0x20000c74   0x00000004   Data   RW         6653    .data               lv_gc.o
    0x20000c78   0x000000b6   Data   RW         6789    .data               lv_math.o
    0x20000d2e   0x00000002   PAD
    0x20000d30   0x00000008   Data   RW         6820    .data               lv_mem.o
    0x20000d38   0x00000014   Data   RW         6885    .data               lv_task.o
    0x20000d4c   0x00000010   Data   RW         6982    .data               lv_txt.o
    0x20000d5c   0x00000004   Data   RW         6983    .data               lv_txt.o
    0x20000d60   0x00000004   Data   RW         6985    .data               lv_txt.o
    0x20000d64   0x00000004   Data   RW         6986    .data               lv_txt.o
    0x20000d68   0x00000008   Data   RW         7096    .data               lv_arc.o
    0x20000d70   0x00000008   Data   RW         7283    .data               lv_bar.o
    0x20000d78   0x00000008   Data   RW         7432    .data               lv_btn.o
    0x20000d80   0x00000024   Data   RW         7560    .data               lv_btnm.o
    0x20000da4   0x00000054   Data   RW         7756    .data               lv_calendar.o
    0x20000df8   0x0000000c   Data   RW         8105    .data               lv_cb.o
    0x20000e04   0x00000008   Data   RW         8220    .data               lv_chart.o
    0x20000e0c   0x00000004   Data   RW         8449    .data               lv_cont.o
    0x20000e10   0x0000000c   Data   RW         8582    .data               lv_ddlist.o
    0x20000e1c   0x00000008   Data   RW         8784    .data               lv_gauge.o
    0x20000e24   0x00000004   Data   RW         8877    .data               lv_img.o
    0x20000e28   0x00000268   Data   RW         9028    .data               lv_kb.o
    0x20001090   0x00000004   Data   RW         9134    .data               lv_label.o
    0x20001094   0x00000008   Data   RW         9312    .data               lv_led.o
    0x2000109c   0x00000004   Data   RW         9385    .data               lv_line.o
    0x200010a0   0x00000014   Data   RW         9460    .data               lv_list.o
    0x200010b4   0x00000004   Data   RW         9614    .data               lv_lmeter.o
    0x200010b8   0x00000004   Data   RW         9727    .data               lv_mbox.o
    0x200010bc   0x00000008   Data   RW         9899    .data               lv_page.o
    0x200010c4   0x00000008   Data   RW        10146    .data               lv_preload.o
    0x200010cc   0x00000008   Data   RW        10246    .data               lv_roller.o
    0x200010d4   0x00000008   Data   RW        10376    .data               lv_slider.o
    0x200010dc   0x00000004   Data   RW        10553    .data               lv_sw.o
    0x200010e0   0x00000014   Data   RW        10673    .data               lv_ta.o
    0x200010f4   0x00000008   Data   RW        10967    .data               lv_table.o
    0x200010fc   0x00000010   Data   RW        11134    .data               lv_tabview.o
    0x2000110c   0x00000004   Data   RW        11429    .data               lv_win.o
    0x20001110   0x00000001   Data   RW        11579    .data               lv_theme.o
    0x20001111   0x00000003   PAD
    0x20001114   0x00000008   Data   RW        12291    .data               lv_theme_night.o
    0x2000111c   0x00000038   Data   RW        12723    .data               lv_test_theme_1.o
    0x20001154   0x00000004   Data   RW        13650    .data               mc_w.l(stdout.o)
    0x20001158   0x00000004   Data   RW        13657    .data               mc_w.l(mvars.o)
    0x2000115c   0x00000004   Data   RW        13658    .data               mc_w.l(mvars.o)
    0x20001160   0x00000004   Data   RW        13662    .data               mc_w.l(errno.o)
    0x20001164   0x00000010   Zero   RW         2330    .bss                bsp.o
    0x20001174   0x00000050   Zero   RW         2463    .bss                v_timer.o
    0x200011c4   0x000008a4   Zero   RW         2529    .bss                usart.o
    0x20001a68   0x0000002c   Zero   RW         2960    .bss                bl0942.o
    0x20001a94   0x00000ab7   Zero   RW         3266    .bss                nbiot.o
    0x2000254b   0x00000001   PAD
    0x2000254c   0x0000030c   Zero   RW         4723    .bss                lv_style.o
    0x20002858   0x0000000c   Zero   RW         6643    .bss                lv_gc.o
    0x20002864   0x0000000c   Zero   RW         6644    .bss                lv_gc.o
    0x20002870   0x0000000c   Zero   RW         6645    .bss                lv_gc.o
    0x2000287c   0x0000000c   Zero   RW         6648    .bss                lv_gc.o
    0x20002888   0x0000000c   Zero   RW         6649    .bss                lv_gc.o
    0x20002894   0x0000000c   Zero   RW         6650    .bss                lv_gc.o
    0x200028a0   0x00004000   Zero   RW         6819    .bss                lv_mem.o
    0x200068a0   0x00001a88   Zero   RW        11578    .bss                lv_theme.o
    0x20008328   0x00000da4   Zero   RW        12289    .bss                lv_theme_night.o
    0x200090cc   0x00003e9c   Zero   RW        12627    .bss                lv_port_disp.o
    0x2000cf68   0x0000003c   Zero   RW        12720    .bss                lv_test_theme_1.o
    0x2000cfa4   0x00000004   PAD
    0x2000cfa8   0x00001000   Zero   RW            2    HEAP                startup_n32g45x.o
    0x2000dfa8   0x0000f000   Zero   RW            1    STACK               startup_n32g45x.o


==============================================================================

Image component sizes


      Code (inc. data)   RO Data    RW Data    ZI Data      Debug   Object Name

       542         70          0         16         44       5329   bl0942.o
       704         64          0         27         16      37802   bsp.o
       182          4          0          4          0       4545   circularqueue.o
        88          6          0          0          0       1066   eprom.o
       112         12          0          0          0        594   key.o
        84         40          0          0          0       1708   log.o
       646         52          0          8          0      18056   lv_anim.o
       626         34          0          8          0      33246   lv_arc.o
       422          0          0          0          0       7443   lv_area.o
      1366         52          0          8          0      23698   lv_bar.o
       882         58          0          8          0      15625   lv_btn.o
      3338         90         45         36          0      33032   lv_btnm.o
      3182         84        133         84          0      30918   lv_calendar.o
         0          0          0          0          0       5630   lv_canvas.o
       818         66          0         12          0      20966   lv_cb.o
      4046         80          0          8          0      29303   lv_chart.o
        82          0          0          0          0       2109   lv_circ.o
       210          6          0          0          0       3954   lv_color.o
      2600         28          0          4          0      25552   lv_cont.o
      2730        108          0         12          0      31775   lv_ddlist.o
        68          0          0          0          0      21723   lv_disp.o
       300         24         36         36          0      21161   lv_draw.o
      1128         12          0          0          0       5350   lv_draw_arc.o
      2044         26          0          0          0      23421   lv_draw_basic.o
       584         42          0          0          0      14112   lv_draw_img.o
      1144         18          0          0          0      12234   lv_draw_label.o
      3242          0          0          0          0       7415   lv_draw_line.o
      8202          4         17          0          0      22041   lv_draw_rect.o
      1600          0          0          0          0       4935   lv_draw_triangle.o
        36          0          0          0          0       3437   lv_font.o
       608         16          0          0          0       7889   lv_font_fmt_txt.o
         0          0          0          0          0       1776   lv_font_roboto_12.o
         0          0       9146       3020          0       2104   lv_font_roboto_16.o
      1580         46          2          8          0      10820   lv_gauge.o
         0          0          0         12         72       8102   lv_gc.o
      1142         40         46          0          0      34093   lv_group.o
       456         46          2          4          0      29074   lv_hal_disp.o
        20          4          0          0          0      21378   lv_hal_indev.o
        52         10          0          8          0       2460   lv_hal_tick.o
       994         32          0          4          0       6517   lv_img.o
       436         32          0          2          0       3518   lv_img_cache.o
      1384         60          0          0          0      11190   lv_img_decoder.o
       192         12          0          8          0      19085   lv_indev.o
      1064         98        670        616          0      10741   lv_kb.o
      3538        116          0          4          0      29480   lv_label.o
       526         36          0          8          0      16883   lv_led.o
       938         30          0          4          0       7616   lv_line.o
      2078        106          0         20          0      19142   lv_list.o
       752          0          0          0          0      10250   lv_ll.o
       964         34          0          4          0      24369   lv_lmeter.o
       162          6          0        182          0       2100   lv_math.o
      1294         78          0          4          0      25372   lv_mbox.o
       414         28          0          8      16384       5666   lv_mem.o
      4040        106          0         12          0      55468   lv_obj.o
      4962        118          0          8          0      51086   lv_page.o
        98          8          0          0      16028       1692   lv_port_disp.o
       866         58          0          8          0       6875   lv_preload.o
      1602         50          0          8          0       9583   lv_refr.o
      2354         70          0          8          0      30931   lv_roller.o
      2102         38          0          8          0      15349   lv_slider.o
      1348         12         22          0        780       8162   lv_style.o
       864         24          0          4          0       8144   lv_sw.o
      5236        198          0         20          0      33996   lv_ta.o
      2030         50          0          8          0      23962   lv_table.o
      4038        120          0         16          0      29846   lv_tabview.o
       622         56          0         20          0       6488   lv_task.o
      2390        412        535         56         60      39724   lv_test_theme_1.o
       140         26          0          1       6792      26908   lv_theme.o
      4336        266          2          8       3492      31220   lv_theme_night.o
      1256         52          0         28          0      13121   lv_txt.o
       188          0          0          0          0       1585   lv_utils.o
      1272         74          0          4          0      13728   lv_win.o
        68         18          0          0          0      21129   main.o
       560        326        148          0          0       2429   misc.o
      2376        862          0          0          0       5124   n32g45x_gpio.o
        52         32          0          0          0       3435   n32g45x_it.o
       708        366         64          0          0       6495   n32g45x_rcc.o
      1828        902          0          0          0       5500   n32g45x_tim.o
      2580       1330         70          0          0       7098   n32g45x_usart.o
      3376        784          0         22       2743      13490   nbiot.o
        76          4          0          0          0        592   relay.o
        56          6          0          0          0       1024   rs485.o
        36          8        408          0      65536        924   startup_n32g45x.o
       272         44          0          0          0     359641   system_n32g45x.o
       868         22          0          0          0       7481   tft.o
        28          4         16          0          0       1151   typechange.o
      1270        126          0          0       2212      12118   usart.o
       124         22          0          0         80       2706   v_timer.o

    ----------------------------------------------------------------------
    113756       8404      11414       4436     114244    1636010   Object Totals
         0          0         32          0          0          0   (incl. Generated)
       132          0         20         10          5          0   (incl. Padding)

    ----------------------------------------------------------------------

      Code (inc. data)   RO Data    RW Data    ZI Data      Debug   Library Member Name

        86          0          0          0          0          0   __dczerorl2.o
        28          0          0          0          0         68   _chval.o
       158          0          0          0          0         92   _strtoul.o
        26          0          0          0          0         80   atoi.o
         8          4        133          0          0         68   ctype_o.o
         0          0          0          0          0          0   entry.o
         0          0          0          0          0          0   entry10a.o
         0          0          0          0          0          0   entry11a.o
         8          4          0          0          0          0   entry2.o
         4          0          0          0          0          0   entry5.o
         0          0          0          0          0          0   entry7b.o
         0          0          0          0          0          0   entry8b.o
         8          4          0          0          0          0   entry9a.o
         8          4          0          4          0         68   errno.o
        30          0          0          0          0          0   handlers.o
        36          8          0          0          0         68   init.o
         0          0          0          0          0          0   iusefp.o
        30          0          0          0          0         68   llshl.o
        32          0          0          0          0         68   llushr.o
       108         16          0          0          0         84   malloc.o
        36          0          0          0          0         68   memcpya.o
        36          0          0          0          0        108   memseta.o
         0          0          0          8          0          0   mvars.o
       522         20          0          0          0        336   printf3.o
         0          0          0          4          0          0   stdout.o
        20          0          0          0          0         68   strchr.o
        28          0          0          0          0         76   strcmp.o
        18          0          0          0          0         68   strcpy.o
        14          0          0          0          0         68   strlen.o
        36          0          0          0          0         80   strstr.o
       112          0          0          0          0         88   strtol.o
        44          0          0          0          0         80   uidiv.o
       186          0          0          0          0        176   depilogue.o
        50          0          0          0          0         76   dfixui.o
        34          0          0          0          0         76   dflti.o
        26          0          0          0          0         76   dfltui.o
       228          0          0          0          0         96   dmul.o

    ----------------------------------------------------------------------
      1968         60        134         16          0       2204   Library Totals
         8          0          1          0          0          0   (incl. Padding)

    ----------------------------------------------------------------------

      Code (inc. data)   RO Data    RW Data    ZI Data      Debug   Library Name

      1436         60        133         16          0       1704   mc_w.l
       524          0          0          0          0        500   mf_w.l

    ----------------------------------------------------------------------
      1968         60        134         16          0       2204   Library Totals

    ----------------------------------------------------------------------

==============================================================================


      Code (inc. data)   RO Data    RW Data    ZI Data      Debug   

    115724       8464      11548       4452     114244    1560802   Grand Totals
    115724       8464      11548       2268     114244    1560802   ELF Image Totals (compressed)
    115724       8464      11548       2268          0          0   ROM Totals

==============================================================================

    Total RO  Size (Code + RO Data)               127272 ( 124.29kB)
    Total RW  Size (RW Data + ZI Data)            118696 ( 115.91kB)
    Total ROM Size (Code + RO Data + RW Data)     129540 ( 126.50kB)

==============================================================================

